Microchip MPLAB XC8 Compiler V2.05 ()

Linker command line:

-W-3 --edf=D:\Microchip\xc8\v2.05\pic\dat\en_msgs.txt -cs \
  -h+dist/default/production\Controle.production.sym \
  --cmf=dist/default/production\Controle.production.cmf -z -Q16F886 \
  -oC:\Users\Sanches\AppData\Local\Temp\s26s.2 --defsym=__MPLAB_BUILD=1 \
  -Mdist/default/production/Controle.production.map -E1 -ver=XC8 \
  --acfsm=1493 -ASTACK=0110h-016Fh -pstack=STACK -ACODE=00h-07FFhx4 \
  -ASTRCODE=00h-01FFFh -ASTRING=00h-0FFhx32 -ACONST=00h-0FFhx32 \
  -AENTRY=00h-0FFhx32 -ACOMMON=070h-07Fh -ABANK0=020h-06Fh \
  -ABANK1=0A0h-0EFh -ABANK2=0110h-016Fh -ABANK3=0190h-01EFh \
  -ARAM=020h-06Fh,0A0h-0EFh,0110h-016Fh,0190h-01EFh \
  -AABS1=020h-07Fh,0A0h-0EFh,0110h-016Fh,0190h-01EFh -ASFR0=00h-01Fh \
  -ASFR1=080h-09Fh -ASFR2=0100h-010Fh -ASFR3=0180h-018Fh \
  -preset_vec=00h,intentry=04h,init,end_init -ppowerup=CODE -pcinit=CODE \
  -pfunctab=ENTRY -ACONFIG=02007h-02008h -pconfig=CONFIG -DCONFIG=2 \
  -AIDLOC=02000h-02003h -pidloc=IDLOC -DIDLOC=2 -AEEDATA=00h-0FFh/02100h \
  -peeprom_data=EEDATA -DEEDATA=2 -DCODE=2 -DSTRCODE=2 -DSTRING=2 -DCONST=2 \
  -DENTRY=2 -k C:\Users\Sanches\AppData\Local\Temp\s26s.o \
  dist/default/production\Controle.production.o 

Object code version is 3.11

Machine type is 16F886



                Name                               Link     Load   Length Selector   Space Scale
C:\Users\Sanches\AppData\Local\Temp\s26s.o
                end_init                             12       12        3        8       0
                reset_vec                             0        0        3        0       0
                config                             2007     2007        2     400E       0
dist/default/production\Controle.production.o
                cinit                                15       15       1C        8       0
                intentry                              4        4        E        8       0
                text28                              64E      64E       59        8       0
                text27                              7D9      7D9       21      F3E       0
                text26                              79F      79F       3A      F3E       0
                text25                              4B9      4B9       8F        8       0
                text24                              6E8      6E8       3F        8       0
                text23                              5CD      5CD       81        8       0
                text22                               31       31      17F        8       0
                text21                              1B0      1B0       FD        8       0
                text20                              E73      E73        8     1CE6       0
                text19                              EE8      EE8       1C     1DD0       0
                text18                              E97      E97       12     1D2E       0
                text17                              42A      42A       8F        8       0
                text16                              6A7      6A7       41        8       0
                text15                              548      548       85        8       0
                text14                              EA9      EA9       13     1D52       0
                text13                              F2E      F2E       34     1E5C       0
                text12                              F62      F62       34     1EC4       0
                text11                              FCA      FCA       36     1F94       0
                text10                              F04      F04       2A     1E08       0
                text9                               ED0      ED0       18     1DA0       0
                text8                               E8B      E8B        C     1D16       0
                text7                               EBC      EBC       14     1D78       0
                text6                               7FA      7FA        5      F3E       0
                text5                               E6C      E6C        7     1CD8       0
                text4                               E7B      E7B        8     1CF6       0
                text3                               727      727       3E        8       0
                text2                               F96      F96       34     1F2C       0
                text1                               2AD      2AD       D2        8       0
                maintext                            37F      37F       AB        8       0
                cstackBANK0                          20       20       33       20       1
                cstackCOMMON                         70       70        E       70       1
                cstackBANK1                          A0       A0       42       A0       1
                clrtext                             E83      E83        8     1D06       0
                bssBANK3                            190      190       5C      190       1
                bssBANK1                             E2       E2        B       A0       1
                bssBANK0                             53       53       1D       20       1
                strings                             765      765       3A      ECA       0

TOTAL           Name                               Link     Load   Length     Space
        CLASS   STACK          

        CLASS   CODE           
                end_init                             12       12        3         0
                cinit                                15       15       1C         0
                intentry                              4        4        E         0
                reset_vec                             0        0        3         0
                text28                              64E      64E       59         0
                text27                              7D9      7D9       21         0
                text26                              79F      79F       3A         0
                text25                              4B9      4B9       8F         0
                text24                              6E8      6E8       3F         0
                text23                              5CD      5CD       81         0
                text22                               31       31      17F         0
                text21                              1B0      1B0       FD         0
                text20                              E73      E73        8         0
                text19                              EE8      EE8       1C         0
                text18                              E97      E97       12         0
                text17                              42A      42A       8F         0
                text16                              6A7      6A7       41         0
                text15                              548      548       85         0
                text14                              EA9      EA9       13         0
                text13                              F2E      F2E       34         0
                text12                              F62      F62       34         0
                text11                              FCA      FCA       36         0
                text10                              F04      F04       2A         0
                text9                               ED0      ED0       18         0
                text8                               E8B      E8B        C         0
                text7                               EBC      EBC       14         0
                text6                               7FA      7FA        5         0
                text5                               E6C      E6C        7         0
                text4                               E7B      E7B        8         0
                text3                               727      727       3E         0
                text2                               F96      F96       34         0
                text1                               2AD      2AD       D2         0
                maintext                            37F      37F       AB         0
                clrtext                             E83      E83        8         0

        CLASS   STRCODE        

        CLASS   STRING         
                strings                             765      765       3A         0

        CLASS   CONST          

        CLASS   ENTRY          

        CLASS   COMMON         
                cstackCOMMON                         70       70        E         1

        CLASS   BANK0          
                cstackBANK0                          20       20       33         1
                bssBANK0                             53       53       1D         1

        CLASS   BANK1          
                cstackBANK1                          A0       A0       42         1
                bssBANK1                             E2       E2        B         1

        CLASS   BANK2          

        CLASS   BANK3          
                bssBANK3                            190      190       5C         1

        CLASS   RAM            

        CLASS   ABS1           
                abs_s1                               7E       7E        2         1

        CLASS   SFR0           

        CLASS   SFR1           

        CLASS   SFR2           

        CLASS   SFR3           

        CLASS   CONFIG         
                config                             2007     2007        2         0

        CLASS   IDLOC          

        CLASS   EEDATA         



SEGMENTS        Name                           Load    Length   Top    Selector   Space  Class     Delta

                reset_vec                      000000  000003  000003         0       0  CODE        2
                intentry                       000004  000761  000765         8       0  CODE        2
                cstackBANK0                    000020  000050  000070        20       1  BANK0       1
                cstackCOMMON                   000070  00000E  00007E        70       1  COMMON      1
                cstackBANK1                    0000A0  00004D  0000ED        A0       1  BANK1       1
                bssBANK3                       000190  00005C  0001EC       190       1  BANK3       1
                strings                        000765  00003A  00079F       ECA       0  STRING      2
                text26                         00079F  000060  0007FF       F3E       0  CODE        2
                text5                          000E6C  000007  000E73      1CD8       0  CODE        2
                text20                         000E73  000008  000E7B      1CE6       0  CODE        2
                text4                          000E7B  000008  000E83      1CF6       0  CODE        2
                clrtext                        000E83  000008  000E8B      1D06       0  CODE        2
                text8                          000E8B  00000C  000E97      1D16       0  CODE        2
                text18                         000E97  000012  000EA9      1D2E       0  CODE        2
                text14                         000EA9  000013  000EBC      1D52       0  CODE        2
                text7                          000EBC  000014  000ED0      1D78       0  CODE        2
                text9                          000ED0  000018  000EE8      1DA0       0  CODE        2
                text19                         000EE8  00001C  000F04      1DD0       0  CODE        2
                text10                         000F04  00002A  000F2E      1E08       0  CODE        2
                text13                         000F2E  000034  000F62      1E5C       0  CODE        2
                text12                         000F62  000034  000F96      1EC4       0  CODE        2
                text2                          000F96  000034  000FCA      1F2C       0  CODE        2
                text11                         000FCA  000036  001000      1F94       0  CODE        2
                config                         002007  000002  002009      400E       0  CONFIG      2


UNUSED ADDRESS RANGES

        Name                Unused          Largest block    Delta
        BANK1            00ED-00EF              3           1
        BANK2            0110-016F             60           1
        BANK3            01EC-01EF              4           1
        CODE             0003-0003              1           2
                         07FF-0E6B              1
                         1000-1FFF            800
        CONST            0003-0003              1           2
                         07FF-0E6B            100
                         1000-1FFF            100
        EEDATA           2100-21FF            100           2
        ENTRY            0003-0003              1           2
                         07FF-0E6B            100
                         1000-1FFF            100
        IDLOC            2000-2003              4           2
        RAM              00ED-00EF              3           1
                         0110-016F             60
                         01EC-01EF              4
        SFR0             0000-001F             20           1
        SFR1             0080-009F             20           1
        SFR2             0100-010F             10           1
        SFR3             0180-018F             10           1
        STACK            0110-016F             60           1
        STRCODE          0003-0003              1           2
                         07FF-0E6B            66D
                         1000-1FFF           1000
        STRING           0003-0003              1           2
                         07FF-0E6B            100
                         1000-1FFF            100

                                  Symbol Table

?___aldiv                cstackBANK1  00AD
?___awdiv                cstackCOMMON 0070
?___lmul                 cstackBANK1  00A0
?___lwdiv                cstackBANK1  00A0
?___lwmod                cstackBANK1  00A8
?___wmul                 cstackCOMMON 0070
?_constrain              cstackCOMMON 0070
?_spiDataReady           cstackBANK1  00A0
?_sprintf                cstackBANK1  00AE
?i1___aldiv              cstackBANK0  0020
?i1___lmul               cstackCOMMON 0070
SetMotor@D_Response      cstackBANK0  0042
SetMotor@I_Response      cstackBANK0  0044
SetMotor@P_Response      cstackBANK0  0040
SetMotor@derivative      bssBANK0     006E
SetMotor@err             cstackBANK0  004A
SetMotor@integral        bssBANK1     00E9
SetMotor@last_err        bssBANK0     0063
SetMotor@resp            cstackBANK0  0046
SetPoint@new_val         cstackBANK1  00A0
_ANS10                   (abs)        0C4A
_ANS11                   (abs)        0C4B
_ANS13                   (abs)        0C4D
_ANS4                    (abs)        0C44
_ANS8                    (abs)        0C48
_ANS9                    (abs)        0C49
_BRGH                    (abs)        04C2
_CCP1CONbits             (abs)        0017
_CCP2CONbits             (abs)        001D
_CCPR1L                  (abs)        0015
_CCPR2L                  (abs)        001B
_CREN                    (abs)        00C4
_FERR                    (abs)        00C2
_GIE                     (abs)        005F
_IOCB                    (abs)        0096
_OERR                    (abs)        00C1
_OPTION_REGbits          (abs)        0081
_PEIE                    (abs)        005E
_PIR1bits                (abs)        000C
_PORTB                   (abs)        0006
_PR2                     (abs)        0092
_RA5                     (abs)        002D
_RA6                     (abs)        002E
_RB5                     (abs)        0035
_RBIE                    (abs)        005B
_RBIF                    (abs)        0058
_RCIE                    (abs)        0465
_RCIF                    (abs)        0065
_RCREG                   (abs)        001A
_RX9                     (abs)        00C6
_SPBRG                   (abs)        0099
_SPEN                    (abs)        00C7
_SPIData                 bssBANK1     00E8
_SREN                    (abs)        00C5
_SSPBUF                  (abs)        0013
_SSPCON                  (abs)        0014
_SSPSTAT                 (abs)        0094
_SSPSTATbits             (abs)        0094
_SYNC                    (abs)        04C4
_SetMotor                text22       0031
_SetPoint                text18       0E97
_T0IE                    (abs)        005D
_T0IF                    (abs)        005A
_T2CONbits               (abs)        0012
_TMR0                    (abs)        0001
_TMR1IE                  (abs)        0460
_TRISA5                  (abs)        042D
_TRISA6                  (abs)        042E
_TRISB1                  (abs)        0431
_TRISB2                  (abs)        0432
_TRISB3                  (abs)        0433
_TRISB4                  (abs)        0434
_TRISB5                  (abs)        0435
_TRISB7                  (abs)        0437
_TRISC1                  (abs)        0439
_TRISC2                  (abs)        043A
_TRISC3                  (abs)        043B
_TRISC5                  (abs)        043D
_TX9                     (abs)        04C6
_TXEN                    (abs)        04C5
_TXIE                    (abs)        0464
_TXIF                    (abs)        0064
_TXREG                   (abs)        0019
__CFG_BOR4V$BOR21V       (abs)        0000
__CFG_BOREN$OFF          (abs)        0000
__CFG_CP$OFF             (abs)        0000
__CFG_CPD$OFF            (abs)        0000
__CFG_FCMEN$ON           (abs)        0000
__CFG_FOSC$EC            (abs)        0000
__CFG_IESO$ON            (abs)        0000
__CFG_LVP$OFF            (abs)        0000
__CFG_MCLRE$ON           (abs)        0000
__CFG_PWRTE$OFF          (abs)        0000
__CFG_WDTE$OFF           (abs)        0000
__CFG_WRT$OFF            (abs)        0000
__Habs1                  abs1         0000
__Hbank0                 bank0        0000
__Hbank1                 bank1        0000
__Hbank2                 bank2        0000
__Hbank3                 bank3        0000
__HbssBANK0              bssBANK0     0000
__HbssBANK1              bssBANK1     0000
__HbssBANK3              bssBANK3     0000
__Hcinit                 cinit        0031
__Hclrtext               clrtext      0000
__Hcode                  code         0000
__Hcommon                common       0000
__Hconfig                config       2009
__HcstackBANK0           cstackBANK0  0000
__HcstackBANK1           cstackBANK1  0000
__HcstackCOMMON          cstackCOMMON 0000
__Heeprom_data           eeprom_data  0000
__Hend_init              end_init     0015
__Hfunctab               functab      0000
__Hidloc                 idloc        0000
__Hinit                  init         0012
__Hintentry              intentry     0012
__Hmaintext              maintext     0000
__Hpowerup               powerup      0000
__Hram                   ram          0000
__Hreset_vec             reset_vec    0003
__Hsfr0                  sfr0         0000
__Hsfr1                  sfr1         0000
__Hsfr2                  sfr2         0000
__Hsfr3                  sfr3         0000
__Hspace_0               (abs)        2009
__Hspace_1               (abs)        01EC
__Hspace_2               (abs)        0000
__Hspace_3               (abs)        0000
__Hstack                 stack        0000
__Hstrings               strings      0000
__Htext                  text         0000
__Labs1                  abs1         0000
__Lbank0                 bank0        0000
__Lbank1                 bank1        0000
__Lbank2                 bank2        0000
__Lbank3                 bank3        0000
__LbssBANK0              bssBANK0     0000
__LbssBANK1              bssBANK1     0000
__LbssBANK3              bssBANK3     0000
__Lcinit                 cinit        0015
__Lclrtext               clrtext      0000
__Lcode                  code         0000
__Lcommon                common       0000
__Lconfig                config       2007
__LcstackBANK0           cstackBANK0  0000
__LcstackBANK1           cstackBANK1  0000
__LcstackCOMMON          cstackCOMMON 0000
__Leeprom_data           eeprom_data  0000
__Lend_init              end_init     0012
__Lfunctab               functab      0000
__Lidloc                 idloc        0000
__Linit                  init         0012
__Lintentry              intentry     0004
__Lmaintext              maintext     0000
__Lpowerup               powerup      0000
__Lram                   ram          0000
__Lreset_vec             reset_vec    0000
__Lsfr0                  sfr0         0000
__Lsfr1                  sfr1         0000
__Lsfr2                  sfr2         0000
__Lsfr3                  sfr3         0000
__Lspace_0               (abs)        0000
__Lspace_1               (abs)        0000
__Lspace_2               (abs)        0000
__Lspace_3               (abs)        0000
__Lstack                 stack        0000
__Lstrings               strings      0000
__Ltext                  text         0000
__S0                     (abs)        2009
__S1                     (abs)        01EC
__S2                     (abs)        0000
__S3                     (abs)        0000
___aldiv                 text17       042A
___aldiv@counter         cstackBANK1  00B6
___aldiv@dividend        cstackBANK1  00B1
___aldiv@divisor         cstackBANK1  00AD
___aldiv@quotient        cstackBANK1  00B8
___aldiv@sign            cstackBANK1  00B7
___awdiv                 text28       064E
___awdiv@counter         cstackCOMMON 0075
___awdiv@dividend        cstackCOMMON 0072
___awdiv@divisor         cstackCOMMON 0070
___awdiv@quotient        cstackCOMMON 0077
___awdiv@sign            cstackCOMMON 0076
___int_sp                stack        0000
___latbits               (abs)        0002
___lmul                  text16       06A7
___lmul@multiplicand     cstackBANK1  00A4
___lmul@multiplier       cstackBANK1  00A0
___lmul@product          cstackBANK1  00A9
___lwdiv                 text3        0727
___lwdiv@counter         cstackBANK1  00A7
___lwdiv@dividend        cstackBANK1  00A2
___lwdiv@divisor         cstackBANK1  00A0
___lwdiv@quotient        cstackBANK1  00A5
___lwmod                 text2        0F96
___lwmod@counter         cstackBANK1  00AD
___lwmod@dividend        cstackBANK1  00AA
___lwmod@divisor         cstackBANK1  00A8
___sp                    stack        0000
___stackhi               (abs)        0000
___stacklo               (abs)        0000
___wmul                  text27       07D9
___wmul@multiplicand     cstackCOMMON 0072
___wmul@multiplier       cstackCOMMON 0070
___wmul@product          cstackCOMMON 0074
__end_of_SetMotor        text22       01B0
__end_of_SetPoint        text18       0EA9
__end_of___aldiv         text17       04B9
__end_of___awdiv         text28       06A7
__end_of___lmul          text16       06E8
__end_of___lwdiv         text3        0765
__end_of___lwmod         text2        0FCA
__end_of___wmul          text27       07FA
__end_of__initialization cinit        002D
__end_of__stringtab      strings      076B
__end_of_chkchr          text20       0E7B
__end_of_constrain       text26       07D9
__end_of_dpowers         strings      0775
__end_of_encoders_init   text19       0F04
__end_of_isr             text21       02AD
__end_of_main            maintext     042A
__end_of_motor_reset     text13       0F62
__end_of_putch           text12       0F96
__end_of_putst           text11       1000
__end_of_pwm_init        text10       0F2E
__end_of_pwm_set         text15       05CD
__end_of_resetCounter    text14       0EBC
__end_of_serial_init     text9        0EE8
__end_of_spiDataReady    text8        0E97
__end_of_spiInit         text7        0ED0
__end_of_spiRead         text5        0E73
__end_of_spiReceiveWait  text6        07FF
__end_of_spiWrite        text4        0E83
__end_of_sprintf         text1        037F
__end_ofi1___aldiv       text25       0548
__end_ofi1___lmul        text24       0727
__end_ofi1_pwm_set       text23       064E
__initialization         cinit        0015
__pbssBANK0              bssBANK0     0053
__pbssBANK1              bssBANK1     00E2
__pbssBANK3              bssBANK3     0190
__pcstackBANK0           cstackBANK0  0020
__pcstackBANK1           cstackBANK1  00A0
__pcstackCOMMON          cstackCOMMON 0070
__pintentry              intentry     0004
__pmaintext              maintext     037F
__pstrings               strings      0765
__ptext1                 text1        02AD
__ptext10                text10       0F04
__ptext11                text11       0FCA
__ptext12                text12       0F62
__ptext13                text13       0F2E
__ptext14                text14       0EA9
__ptext15                text15       0548
__ptext16                text16       06A7
__ptext17                text17       042A
__ptext18                text18       0E97
__ptext19                text19       0EE8
__ptext2                 text2        0F96
__ptext20                text20       0E73
__ptext21                text21       01B0
__ptext22                text22       0031
__ptext23                text23       05CD
__ptext24                text24       06E8
__ptext25                text25       04B9
__ptext26                text26       079F
__ptext27                text27       07D9
__ptext28                text28       064E
__ptext3                 text3        0727
__ptext4                 text4        0E7B
__ptext5                 text5        0E6C
__ptext6                 text6        07FA
__ptext7                 text7        0EBC
__ptext8                 text8        0E8B
__ptext9                 text9        0ED0
__size_of_SetMotor       (abs)        0000
__size_of_SetPoint       (abs)        0000
__size_of___aldiv        (abs)        0000
__size_of___awdiv        (abs)        0000
__size_of___lmul         (abs)        0000
__size_of___lwdiv        (abs)        0000
__size_of___lwmod        (abs)        0000
__size_of___wmul         (abs)        0000
__size_of_chkchr         (abs)        0000
__size_of_constrain      (abs)        0000
__size_of_encoders_init  (abs)        0000
__size_of_isr            (abs)        0000
__size_of_main           (abs)        0000
__size_of_motor_reset    (abs)        0000
__size_of_putch          (abs)        0000
__size_of_putst          (abs)        0000
__size_of_pwm_init       (abs)        0000
__size_of_pwm_set        (abs)        0000
__size_of_resetCounter   (abs)        0000
__size_of_serial_init    (abs)        0000
__size_of_spiDataReady   (abs)        0000
__size_of_spiInit        (abs)        0000
__size_of_spiRead        (abs)        0000
__size_of_spiReceiveWait (abs)        0000
__size_of_spiWrite       (abs)        0000
__size_of_sprintf        (abs)        0000
__size_ofi1___aldiv      (abs)        0000
__size_ofi1___lmul       (abs)        0000
__size_ofi1_pwm_set      (abs)        0000
__stringbase             strings      076A
__stringtab              strings      0765
_ab1                     bssBANK0     006A
_chkchr                  text20       0E73
_com_time                bssBANK1     00E6
_constrain               text26       079F
_delayus_variable        bssBANK0     006D
_dpowers                 strings      076B
_dummy                   bssBANK0     006C
_encoder1_counter        bssBANK0     005F
_encoders_init           text19       0EE8
_isr                     text21       01B0
_last_pos                bssBANK0     0053
_main                    maintext     037F
_motor_pos               bssBANK0     005B
_motor_reset             text13       0F2E
_nSPIData                bssBANK1     00E4
_onlyK                   bssBANK0     0065
_pos_log1                bssBANK3     01BE
_pos_log2                bssBANK3     0190
_putch                   text12       0F62
_putst                   text11       0FCA
_pwm_init                text10       0F04
_pwm_set                 text15       0548
_resetCounter            text14       0EA9
_samples                 bssBANK0     0067
_sampling                bssBANK0     0069
_serial_init             text9        0ED0
_set_point               bssBANK0     0057
_spiDataReady            text8        0E8B
_spiInit                 text7        0EBC
_spiRead                 text5        0E6C
_spiReceiveWait          text6        07FA
_spiWrite                text4        0E7B
_sprintf                 text1        02AD
_state1                  bssBANK0     006B
btemp                    (abs)        007E
clear_ram0               clrtext      0E83
constrain@lLimit         cstackCOMMON 0074
constrain@uLimit         cstackCOMMON 0078
constrain@value          cstackCOMMON 0070
end_of_initialization    cinit        002D
i1___aldiv               text25       04B9
i1___aldiv@counter       cstackBANK0  0028
i1___aldiv@dividend      cstackBANK0  0024
i1___aldiv@divisor       cstackBANK0  0020
i1___aldiv@quotient      cstackBANK0  002A
i1___aldiv@sign          cstackBANK0  0029
i1___lmul                text24       06E8
i1___lmul@multiplicand   cstackCOMMON 0074
i1___lmul@multiplier     cstackCOMMON 0070
i1___lmul@product        cstackCOMMON 0079
i1_pwm_set               text23       05CD
i1pwm_set@channel        cstackBANK0  002E
i1pwm_set@duty_cycle     cstackBANK0  0030
interrupt_function       intentry     0004
intlevel0                functab      0000
intlevel1                functab      0000
intlevel2                functab      0000
intlevel3                functab      0000
intlevel4                functab      0000
intlevel5                functab      0000
isr@portB                cstackBANK0  0052
main@sVar                cstackBANK1  00CD
main@sVar_387            cstackBANK1  00D8
putch@c                  cstackBANK1  00A1
putst@str                cstackBANK1  00A3
pwm_set@channel          cstackBANK1  00BC
pwm_set@duty_cycle       cstackBANK1  00BE
reset_vec                reset_vec    0000
saved_w                  (abs)        007E
spiInit@sClockIdle       cstackBANK1  00A1
spiInit@sDataSample      cstackBANK1  00A0
spiInit@sTransmitEdge    cstackBANK1  00A2
spiInit@sType            cstackBANK1  00A3
spiWrite@dat             cstackBANK1  00A0
sprintf@ap               cstackBANK1  00B4
sprintf@c                cstackBANK1  00BA
sprintf@f                cstackBANK1  00AE
sprintf@flag             cstackBANK1  00B5
sprintf@prec             cstackBANK1  00B6
sprintf@sp               cstackBANK1  00B9
sprintf@val              cstackBANK1  00B7
start                    init         0012
start_initialization     cinit        0015
wtemp0                   (abs)        007E


FUNCTION INFORMATION:

 *************** function _main *****************
 Defined at:
		line 291 in file "main.c"
 Parameters:    Size  Location     Type
		None
 Auto vars:     Size  Location     Type
  sVar           10   56[BANK1 ] unsigned char [10]
  sVar           10   45[BANK1 ] unsigned char [10]
  serialIn        1    0        unsigned char 
  i               2    0        int 
  enc1            2    0        int 
  serialIn        1    0        unsigned char 
 Return value:  Size  Location     Type
                  1    wreg      void 
 Registers used:
		wreg, fsr0l, fsr0h, status,2, status,0, btemp+1, pclath, cstack
 Tracked objects:
		On entry : 
		On exit  : 
		Unchanged: 
 Data sizes:     COMMON   BANK0   BANK1   BANK3   BANK2
      Params:         0       0       0       0       0
      Locals:         0       0      26       0       0
      Temps:          0       0       3       0       0
      Totals:         0       0      29       0       0
Total ram usage:       29 bytes
 Hardware stack levels required when called:    7
 This function calls:
		_SetPoint
		_chkchr
		_encoders_init
		_motor_reset
		_putst
		_pwm_init
		_pwm_set
		_resetCounter
		_serial_init
		_spiDataReady
		_spiInit
		_spiRead
		_spiWrite
		_sprintf
 This function is called by:
		Startup code after reset
 This function uses a non-reentrant model


 *************** function _sprintf *****************
 Defined at:
		line 500 in file "D:\Microchip\xc8\v2.05\pic\sources\c90\common\doprnt.c"
 Parameters:    Size  Location     Type
  sp              1    wreg     PTR unsigned char 
		 -> main@sVar_387(10), main@sVar(10), 
  f               1   14[BANK1 ] PTR const unsigned char 
		 -> STR_5(14), STR_4(4), STR_3(4), STR_2(11), 
		 -> STR_1(13), 
 Auto vars:     Size  Location     Type
  sp              1   25[BANK1 ] PTR unsigned char 
		 -> main@sVar_387(10), main@sVar(10), 
  tmpval          4    0        struct .
  val             2   23[BANK1 ] unsigned int 
  cp              2    0        PTR const unsigned char 
  len             2    0        unsigned int 
  c               1   26[BANK1 ] unsigned char 
  prec            1   22[BANK1 ] char 
  flag            1   21[BANK1 ] unsigned char 
  ap              1   20[BANK1 ] PTR void [1]
		 -> ?_sprintf(2), 
 Return value:  Size  Location     Type
                  2   14[BANK1 ] int 
 Registers used:
		wreg, fsr0l, fsr0h, status,2, status,0, btemp+1, pclath, cstack
 Tracked objects:
		On entry : 
		On exit  : 
		Unchanged: 
 Data sizes:     COMMON   BANK0   BANK1   BANK3   BANK2
      Params:         0       0       3       0       0
      Locals:         0       0       7       0       0
      Temps:          0       0       3       0       0
      Totals:         0       0      13       0       0
Total ram usage:       13 bytes
 Hardware stack levels used:    1
 Hardware stack levels required when called:    5
 This function calls:
		___lwdiv
		___lwmod
 This function is called by:
		_main
 This function uses a non-reentrant model


 *************** function ___lwmod *****************
 Defined at:
		line 5 in file "D:\Microchip\xc8\v2.05\pic\sources\c90\common\lwmod.c"
 Parameters:    Size  Location     Type
  divisor         2    8[BANK1 ] unsigned int 
  dividend        2   10[BANK1 ] unsigned int 
 Auto vars:     Size  Location     Type
  counter         1   13[BANK1 ] unsigned char 
 Return value:  Size  Location     Type
                  2    8[BANK1 ] unsigned int 
 Registers used:
		wreg, status,2, status,0
 Tracked objects:
		On entry : 
		On exit  : 
		Unchanged: 
 Data sizes:     COMMON   BANK0   BANK1   BANK3   BANK2
      Params:         0       0       4       0       0
      Locals:         0       0       1       0       0
      Temps:          0       0       1       0       0
      Totals:         0       0       6       0       0
Total ram usage:        6 bytes
 Hardware stack levels used:    1
 Hardware stack levels required when called:    4
 This function calls:
		Nothing
 This function is called by:
		_sprintf
 This function uses a non-reentrant model


 *************** function ___lwdiv *****************
 Defined at:
		line 5 in file "D:\Microchip\xc8\v2.05\pic\sources\c90\common\lwdiv.c"
 Parameters:    Size  Location     Type
  divisor         2    0[BANK1 ] unsigned int 
  dividend        2    2[BANK1 ] unsigned int 
 Auto vars:     Size  Location     Type
  quotient        2    5[BANK1 ] unsigned int 
  counter         1    7[BANK1 ] unsigned char 
 Return value:  Size  Location     Type
                  2    0[BANK1 ] unsigned int 
 Registers used:
		wreg, status,2, status,0
 Tracked objects:
		On entry : 
		On exit  : 
		Unchanged: 
 Data sizes:     COMMON   BANK0   BANK1   BANK3   BANK2
      Params:         0       0       4       0       0
      Locals:         0       0       3       0       0
      Temps:          0       0       1       0       0
      Totals:         0       0       8       0       0
Total ram usage:        8 bytes
 Hardware stack levels used:    1
 Hardware stack levels required when called:    4
 This function calls:
		Nothing
 This function is called by:
		_sprintf
 This function uses a non-reentrant model


 *************** function _spiWrite *****************
 Defined at:
		line 34 in file "spi.c"
 Parameters:    Size  Location     Type
  dat             1    wreg     unsigned char 
 Auto vars:     Size  Location     Type
  dat             1    0[BANK1 ] unsigned char 
 Return value:  Size  Location     Type
                  1    wreg      void 
 Registers used:
		wreg
 Tracked objects:
		On entry : 
		On exit  : 
		Unchanged: 
 Data sizes:     COMMON   BANK0   BANK1   BANK3   BANK2
      Params:         0       0       0       0       0
      Locals:         0       0       1       0       0
      Temps:          0       0       0       0       0
      Totals:         0       0       1       0       0
Total ram usage:        1 bytes
 Hardware stack levels used:    1
 Hardware stack levels required when called:    4
 This function calls:
		Nothing
 This function is called by:
		_main
 This function uses a non-reentrant model


 *************** function _spiRead *****************
 Defined at:
		line 47 in file "spi.c"
 Parameters:    Size  Location     Type
		None
 Auto vars:     Size  Location     Type
		None
 Return value:  Size  Location     Type
                  1    wreg      unsigned char 
 Registers used:
		wreg, status,2, status,0, pclath, cstack
 Tracked objects:
		On entry : 
		On exit  : 
		Unchanged: 
 Data sizes:     COMMON   BANK0   BANK1   BANK3   BANK2
      Params:         0       0       0       0       0
      Locals:         0       0       0       0       0
      Temps:          0       0       0       0       0
      Totals:         0       0       0       0       0
Total ram usage:        0 bytes
 Hardware stack levels used:    1
 Hardware stack levels required when called:    5
 This function calls:
		_spiReceiveWait
 This function is called by:
		_main
 This function uses a non-reentrant model


 *************** function _spiReceiveWait *****************
 Defined at:
		line 29 in file "spi.c"
 Parameters:    Size  Location     Type
		None
 Auto vars:     Size  Location     Type
		None
 Return value:  Size  Location     Type
                  1    wreg      void 
 Registers used:
		None
 Tracked objects:
		On entry : 
		On exit  : 
		Unchanged: 
 Data sizes:     COMMON   BANK0   BANK1   BANK3   BANK2
      Params:         0       0       0       0       0
      Locals:         0       0       0       0       0
      Temps:          0       0       0       0       0
      Totals:         0       0       0       0       0
Total ram usage:        0 bytes
 Hardware stack levels used:    1
 Hardware stack levels required when called:    4
 This function calls:
		Nothing
 This function is called by:
		_spiRead
 This function uses a non-reentrant model


 *************** function _spiInit *****************
 Defined at:
		line 12 in file "spi.c"
 Parameters:    Size  Location     Type
  sType           1    wreg     enum E1233
  sDataSample     1    0[BANK1 ] enum E1241
  sClockIdle      1    1[BANK1 ] enum E1245
  sTransmitEdg    1    2[BANK1 ] enum E1249
 Auto vars:     Size  Location     Type
  sType           1    3[BANK1 ] enum E1233
 Return value:  Size  Location     Type
                  1    wreg      void 
 Registers used:
		wreg, status,2, status,0
 Tracked objects:
		On entry : 
		On exit  : 
		Unchanged: 
 Data sizes:     COMMON   BANK0   BANK1   BANK3   BANK2
      Params:         0       0       3       0       0
      Locals:         0       0       1       0       0
      Temps:          0       0       0       0       0
      Totals:         0       0       4       0       0
Total ram usage:        4 bytes
 Hardware stack levels used:    1
 Hardware stack levels required when called:    4
 This function calls:
		Nothing
 This function is called by:
		_main
 This function uses a non-reentrant model


 *************** function _spiDataReady *****************
 Defined at:
		line 39 in file "spi.c"
 Parameters:    Size  Location     Type
		None
 Auto vars:     Size  Location     Type
		None
 Return value:  Size  Location     Type
                  2    0[BANK1 ] unsigned int 
 Registers used:
		wreg, status,2
 Tracked objects:
		On entry : 
		On exit  : 
		Unchanged: 
 Data sizes:     COMMON   BANK0   BANK1   BANK3   BANK2
      Params:         0       0       2       0       0
      Locals:         0       0       0       0       0
      Temps:          0       0       0       0       0
      Totals:         0       0       2       0       0
Total ram usage:        2 bytes
 Hardware stack levels used:    1
 Hardware stack levels required when called:    4
 This function calls:
		Nothing
 This function is called by:
		_main
 This function uses a non-reentrant model


 *************** function _serial_init *****************
 Defined at:
		line 29 in file "serial.c"
 Parameters:    Size  Location     Type
		None
 Auto vars:     Size  Location     Type
		None
 Return value:  Size  Location     Type
                  1    wreg      void 
 Registers used:
		wreg
 Tracked objects:
		On entry : 
		On exit  : 
		Unchanged: 
 Data sizes:     COMMON   BANK0   BANK1   BANK3   BANK2
      Params:         0       0       0       0       0
      Locals:         0       0       0       0       0
      Temps:          0       0       0       0       0
      Totals:         0       0       0       0       0
Total ram usage:        0 bytes
 Hardware stack levels used:    1
 Hardware stack levels required when called:    4
 This function calls:
		Nothing
 This function is called by:
		_main
 This function uses a non-reentrant model


 *************** function _pwm_init *****************
 Defined at:
		line 25 in file "pwm.c"
 Parameters:    Size  Location     Type
		None
 Auto vars:     Size  Location     Type
		None
 Return value:  Size  Location     Type
                  1    wreg      void 
 Registers used:
		wreg, status,2, status,0
 Tracked objects:
		On entry : 
		On exit  : 
		Unchanged: 
 Data sizes:     COMMON   BANK0   BANK1   BANK3   BANK2
      Params:         0       0       0       0       0
      Locals:         0       0       0       0       0
      Temps:          0       0       0       0       0
      Totals:         0       0       0       0       0
Total ram usage:        0 bytes
 Hardware stack levels used:    1
 Hardware stack levels required when called:    4
 This function calls:
		Nothing
 This function is called by:
		_main
 This function uses a non-reentrant model


 *************** function _putst *****************
 Defined at:
		line 211 in file "serial.c"
 Parameters:    Size  Location     Type
  str             1    wreg     PTR const unsigned char 
		 -> main@sVar_387(10), main@sVar(10), 
 Auto vars:     Size  Location     Type
  str             1    3[BANK1 ] PTR const unsigned char 
		 -> main@sVar_387(10), main@sVar(10), 
 Return value:  Size  Location     Type
                  1    wreg      void 
 Registers used:
		wreg, fsr0l, fsr0h, status,2, status,0, pclath, cstack
 Tracked objects:
		On entry : 
		On exit  : 
		Unchanged: 
 Data sizes:     COMMON   BANK0   BANK1   BANK3   BANK2
      Params:         0       0       0       0       0
      Locals:         0       0       1       0       0
      Temps:          0       0       1       0       0
      Totals:         0       0       2       0       0
Total ram usage:        2 bytes
 Hardware stack levels used:    1
 Hardware stack levels required when called:    5
 This function calls:
		_putch
 This function is called by:
		_main
 This function uses a non-reentrant model


 *************** function _putch *****************
 Defined at:
		line 95 in file "serial.c"
 Parameters:    Size  Location     Type
  c               1    wreg     unsigned char 
 Auto vars:     Size  Location     Type
  c               1    1[BANK1 ] unsigned char 
 Return value:  Size  Location     Type
                  1    wreg      void 
 Registers used:
		wreg
 Tracked objects:
		On entry : 
		On exit  : 
		Unchanged: 
 Data sizes:     COMMON   BANK0   BANK1   BANK3   BANK2
      Params:         0       0       0       0       0
      Locals:         0       0       1       0       0
      Temps:          0       0       1       0       0
      Totals:         0       0       2       0       0
Total ram usage:        2 bytes
 Hardware stack levels used:    1
 Hardware stack levels required when called:    4
 This function calls:
		Nothing
 This function is called by:
		_putst
		_putchhex
		_putchdec
 This function uses a non-reentrant model


 *************** function _motor_reset *****************
 Defined at:
		line 157 in file "main.c"
 Parameters:    Size  Location     Type
		None
 Auto vars:     Size  Location     Type
		None
 Return value:  Size  Location     Type
                  1    wreg      void 
 Registers used:
		wreg, fsr0l, fsr0h, status,2, status,0, pclath, cstack
 Tracked objects:
		On entry : 
		On exit  : 
		Unchanged: 
 Data sizes:     COMMON   BANK0   BANK1   BANK3   BANK2
      Params:         0       0       0       0       0
      Locals:         0       0       0       0       0
      Temps:          0       0       0       0       0
      Totals:         0       0       0       0       0
Total ram usage:        0 bytes
 Hardware stack levels used:    1
 Hardware stack levels required when called:    6
 This function calls:
		_SetPoint
		_pwm_set
		_resetCounter
 This function is called by:
		_main
 This function uses a non-reentrant model


 *************** function _resetCounter *****************
 Defined at:
		line 152 in file "main.c"
 Parameters:    Size  Location     Type
		None
 Auto vars:     Size  Location     Type
		None
 Return value:  Size  Location     Type
                  1    wreg      void 
 Registers used:
		wreg
 Tracked objects:
		On entry : 
		On exit  : 
		Unchanged: 
 Data sizes:     COMMON   BANK0   BANK1   BANK3   BANK2
      Params:         0       0       0       0       0
      Locals:         0       0       0       0       0
      Temps:          0       0       0       0       0
      Totals:         0       0       0       0       0
Total ram usage:        0 bytes
 Hardware stack levels used:    1
 Hardware stack levels required when called:    4
 This function calls:
		Nothing
 This function is called by:
		_motor_reset
		_main
 This function uses a non-reentrant model


 *************** function _pwm_set *****************
 Defined at:
		line 72 in file "pwm.c"
 Parameters:    Size  Location     Type
  channel         2   28[BANK1 ] int 
  duty_cycle      4   30[BANK1 ] long 
 Auto vars:     Size  Location     Type
		None
 Return value:  Size  Location     Type
                  1    wreg      void 
 Registers used:
		wreg, fsr0l, fsr0h, status,2, status,0, pclath, cstack
 Tracked objects:
		On entry : 
		On exit  : 
		Unchanged: 
 Data sizes:     COMMON   BANK0   BANK1   BANK3   BANK2
      Params:         0       0       6       0       0
      Locals:         0       0       0       0       0
      Temps:          0       0       4       0       0
      Totals:         0       0      10       0       0
Total ram usage:       10 bytes
 Hardware stack levels used:    1
 Hardware stack levels required when called:    5
 This function calls:
		___aldiv
		___lmul
 This function is called by:
		_motor_reset
		_main
 This function uses a non-reentrant model


 *************** function ___lmul *****************
 Defined at:
		line 15 in file "D:\Microchip\xc8\v2.05\pic\sources\c90\common\Umul32.c"
 Parameters:    Size  Location     Type
  multiplier      4    0[BANK1 ] unsigned long 
  multiplicand    4    4[BANK1 ] unsigned long 
 Auto vars:     Size  Location     Type
  product         4    9[BANK1 ] unsigned long 
 Return value:  Size  Location     Type
                  4    0[BANK1 ] unsigned long 
 Registers used:
		wreg, status,2, status,0
 Tracked objects:
		On entry : 
		On exit  : 
		Unchanged: 
 Data sizes:     COMMON   BANK0   BANK1   BANK3   BANK2
      Params:         0       0       8       0       0
      Locals:         0       0       4       0       0
      Temps:          0       0       1       0       0
      Totals:         0       0      13       0       0
Total ram usage:       13 bytes
 Hardware stack levels used:    1
 Hardware stack levels required when called:    4
 This function calls:
		Nothing
 This function is called by:
		_pwm_set
 This function uses a non-reentrant model


 *************** function ___aldiv *****************
 Defined at:
		line 5 in file "D:\Microchip\xc8\v2.05\pic\sources\c90\common\aldiv.c"
 Parameters:    Size  Location     Type
  divisor         4   13[BANK1 ] long 
  dividend        4   17[BANK1 ] long 
 Auto vars:     Size  Location     Type
  quotient        4   24[BANK1 ] long 
  sign            1   23[BANK1 ] unsigned char 
  counter         1   22[BANK1 ] unsigned char 
 Return value:  Size  Location     Type
                  4   13[BANK1 ] long 
 Registers used:
		wreg, status,2, status,0
 Tracked objects:
		On entry : 
		On exit  : 
		Unchanged: 
 Data sizes:     COMMON   BANK0   BANK1   BANK3   BANK2
      Params:         0       0       8       0       0
      Locals:         0       0       6       0       0
      Temps:          0       0       1       0       0
      Totals:         0       0      15       0       0
Total ram usage:       15 bytes
 Hardware stack levels used:    1
 Hardware stack levels required when called:    4
 This function calls:
		Nothing
 This function is called by:
		_pwm_set
 This function uses a non-reentrant model


 *************** function _SetPoint *****************
 Defined at:
		line 148 in file "main.c"
 Parameters:    Size  Location     Type
  new_val         2    0[BANK1 ] int 
 Auto vars:     Size  Location     Type
		None
 Return value:  Size  Location     Type
                  1    wreg      void 
 Registers used:
		wreg
 Tracked objects:
		On entry : 
		On exit  : 
		Unchanged: 
 Data sizes:     COMMON   BANK0   BANK1   BANK3   BANK2
      Params:         0       0       2       0       0
      Locals:         0       0       0       0       0
      Temps:          0       0       0       0       0
      Totals:         0       0       2       0       0
Total ram usage:        2 bytes
 Hardware stack levels used:    1
 Hardware stack levels required when called:    4
 This function calls:
		Nothing
 This function is called by:
		_motor_reset
		_main
 This function uses a non-reentrant model


 *************** function _encoders_init *****************
 Defined at:
		line 247 in file "main.c"
 Parameters:    Size  Location     Type
		None
 Auto vars:     Size  Location     Type
		None
 Return value:  Size  Location     Type
                  1    wreg      void 
 Registers used:
		wreg, status,2, status,0
 Tracked objects:
		On entry : 
		On exit  : 
		Unchanged: 
 Data sizes:     COMMON   BANK0   BANK1   BANK3   BANK2
      Params:         0       0       0       0       0
      Locals:         0       0       0       0       0
      Temps:          0       0       2       0       0
      Totals:         0       0       2       0       0
Total ram usage:        2 bytes
 Hardware stack levels used:    1
 Hardware stack levels required when called:    4
 This function calls:
		Nothing
 This function is called by:
		_main
 This function uses a non-reentrant model


 *************** function _chkchr *****************
 Defined at:
		line 142 in file "serial.c"
 Parameters:    Size  Location     Type
		None
 Auto vars:     Size  Location     Type
		None
 Return value:  Size  Location     Type
                  1    wreg      unsigned char 
 Registers used:
		wreg
 Tracked objects:
		On entry : 
		On exit  : 
		Unchanged: 
 Data sizes:     COMMON   BANK0   BANK1   BANK3   BANK2
      Params:         0       0       0       0       0
      Locals:         0       0       0       0       0
      Temps:          0       0       0       0       0
      Totals:         0       0       0       0       0
Total ram usage:        0 bytes
 Hardware stack levels used:    1
 Hardware stack levels required when called:    4
 This function calls:
		Nothing
 This function is called by:
		_main
 This function uses a non-reentrant model


 *************** function _isr *****************
 Defined at:
		line 167 in file "main.c"
 Parameters:    Size  Location     Type
		None
 Auto vars:     Size  Location     Type
  portB           1   50[BANK0 ] unsigned char 
 Return value:  Size  Location     Type
                  1    wreg      void 
 Registers used:
		wreg, fsr0l, fsr0h, status,2, status,0, btemp+1, pclath, cstack
 Tracked objects:
		On entry : 
		On exit  : 
		Unchanged: 
 Data sizes:     COMMON   BANK0   BANK1   BANK3   BANK2
      Params:         0       0       0       0       0
      Locals:         0       1       0       0       0
      Temps:          0       6       0       0       0
      Totals:         0       7       0       0       0
Total ram usage:        7 bytes
 Hardware stack levels used:    1
 Hardware stack levels required when called:    3
 This function calls:
		_SetMotor
 This function is called by:
		Interrupt level 1
 This function uses a non-reentrant model


 *************** function _SetMotor *****************
 Defined at:
		line 109 in file "main.c"
 Parameters:    Size  Location     Type
		None
 Auto vars:     Size  Location     Type
  I_Response      2   36[BANK0 ] int 
  D_Response      2   34[BANK0 ] int 
  P_Response      2   32[BANK0 ] int 
  resp            4   38[BANK0 ] long 
  err             2   42[BANK0 ] int 
 Return value:  Size  Location     Type
                  1    wreg      void 
 Registers used:
		wreg, fsr0l, fsr0h, status,2, status,0, btemp+1, pclath, cstack
 Tracked objects:
		On entry : 
		On exit  : 
		Unchanged: 
 Data sizes:     COMMON   BANK0   BANK1   BANK3   BANK2
      Params:         0       0       0       0       0
      Locals:         0      12       0       0       0
      Temps:          0       8       0       0       0
      Totals:         0      20       0       0       0
Total ram usage:       20 bytes
 Hardware stack levels used:    1
 Hardware stack levels required when called:    2
 This function calls:
		___awdiv
		___wmul
		_constrain
		i1_pwm_set
 This function is called by:
		_isr
 This function uses a non-reentrant model


 *************** function i1_pwm_set *****************
 Defined at:
		line 72 in file "pwm.c"
 Parameters:    Size  Location     Type
  channel         2   14[BANK0 ] int 
  duty_cycle      4   16[BANK0 ] long 
 Auto vars:     Size  Location     Type
		None
 Return value:  Size  Location     Type
                  1    wreg      void 
 Registers used:
		wreg, fsr0l, fsr0h, status,2, status,0, pclath, cstack
 Tracked objects:
		On entry : 
		On exit  : 
		Unchanged: 
 Data sizes:     COMMON   BANK0   BANK1   BANK3   BANK2
      Params:         0       6       0       0       0
      Locals:         0       0       0       0       0
      Temps:          0       4       0       0       0
      Totals:         0      10       0       0       0
Total ram usage:       10 bytes
 Hardware stack levels used:    1
 Hardware stack levels required when called:    1
 This function calls:
		i1___aldiv
		i1___lmul
 This function is called by:
		_SetMotor
 This function uses a non-reentrant model


 *************** function i1___lmul *****************
 Defined at:
		line 15 in file "D:\Microchip\xc8\v2.05\pic\sources\c90\common\Umul32.c"
 Parameters:    Size  Location     Type
  multiplier      4    0[COMMON] unsigned long 
  multiplicand    4    4[COMMON] unsigned long 
 Auto vars:     Size  Location     Type
  __lmul          4    9[COMMON] unsigned long 
 Return value:  Size  Location     Type
                  4    0[COMMON] unsigned long 
 Registers used:
		wreg, status,2, status,0
 Tracked objects:
		On entry : 
		On exit  : 
		Unchanged: 
 Data sizes:     COMMON   BANK0   BANK1   BANK3   BANK2
      Params:         8       0       0       0       0
      Locals:         4       0       0       0       0
      Temps:          1       0       0       0       0
      Totals:        13       0       0       0       0
Total ram usage:       13 bytes
 Hardware stack levels used:    1
 This function calls:
		Nothing
 This function is called by:
		i1_pwm_set
 This function uses a non-reentrant model


 *************** function i1___aldiv *****************
 Defined at:
		line 5 in file "D:\Microchip\xc8\v2.05\pic\sources\c90\common\aldiv.c"
 Parameters:    Size  Location     Type
  divisor         4    0[BANK0 ] long 
  dividend        4    4[BANK0 ] long 
 Auto vars:     Size  Location     Type
  __aldiv         4   10[BANK0 ] long 
  __aldiv         1    9[BANK0 ] unsigned char 
  __aldiv         1    8[BANK0 ] unsigned char 
 Return value:  Size  Location     Type
                  4    0[BANK0 ] long 
 Registers used:
		wreg, status,2, status,0
 Tracked objects:
		On entry : 
		On exit  : 
		Unchanged: 
 Data sizes:     COMMON   BANK0   BANK1   BANK3   BANK2
      Params:         0       8       0       0       0
      Locals:         0       6       0       0       0
      Temps:          1       0       0       0       0
      Totals:         1      14       0       0       0
Total ram usage:       15 bytes
 Hardware stack levels used:    1
 This function calls:
		Nothing
 This function is called by:
		i1_pwm_set
 This function uses a non-reentrant model


 *************** function _constrain *****************
 Defined at:
		line 97 in file "main.c"
 Parameters:    Size  Location     Type
  value           4    0[COMMON] long 
  lLimit          4    4[COMMON] long 
  uLimit          4    8[COMMON] long 
 Auto vars:     Size  Location     Type
		None
 Return value:  Size  Location     Type
                  4    0[COMMON] long 
 Registers used:
		wreg, btemp+1
 Tracked objects:
		On entry : 
		On exit  : 
		Unchanged: 
 Data sizes:     COMMON   BANK0   BANK1   BANK3   BANK2
      Params:        12       0       0       0       0
      Locals:         0       0       0       0       0
      Temps:          0       0       0       0       0
      Totals:        12       0       0       0       0
Total ram usage:       12 bytes
 Hardware stack levels used:    1
 This function calls:
		Nothing
 This function is called by:
		_SetMotor
 This function uses a non-reentrant model


 *************** function ___wmul *****************
 Defined at:
		line 15 in file "D:\Microchip\xc8\v2.05\pic\sources\c90\common\Umul16.c"
 Parameters:    Size  Location     Type
  multiplier      2    0[COMMON] unsigned int 
  multiplicand    2    2[COMMON] unsigned int 
 Auto vars:     Size  Location     Type
  product         2    4[COMMON] unsigned int 
 Return value:  Size  Location     Type
                  2    0[COMMON] unsigned int 
 Registers used:
		wreg, status,2, status,0
 Tracked objects:
		On entry : 
		On exit  : 
		Unchanged: 
 Data sizes:     COMMON   BANK0   BANK1   BANK3   BANK2
      Params:         4       0       0       0       0
      Locals:         2       0       0       0       0
      Temps:          0       0       0       0       0
      Totals:         6       0       0       0       0
Total ram usage:        6 bytes
 Hardware stack levels used:    1
 This function calls:
		Nothing
 This function is called by:
		_SetMotor
 This function uses a non-reentrant model


 *************** function ___awdiv *****************
 Defined at:
		line 5 in file "D:\Microchip\xc8\v2.05\pic\sources\c90\common\awdiv.c"
 Parameters:    Size  Location     Type
  divisor         2    0[COMMON] int 
  dividend        2    2[COMMON] int 
 Auto vars:     Size  Location     Type
  quotient        2    7[COMMON] int 
  sign            1    6[COMMON] unsigned char 
  counter         1    5[COMMON] unsigned char 
 Return value:  Size  Location     Type
                  2    0[COMMON] int 
 Registers used:
		wreg, status,2, status,0
 Tracked objects:
		On entry : 
		On exit  : 
		Unchanged: 
 Data sizes:     COMMON   BANK0   BANK1   BANK3   BANK2
      Params:         4       0       0       0       0
      Locals:         4       0       0       0       0
      Temps:          1       0       0       0       0
      Totals:         9       0       0       0       0
Total ram usage:        9 bytes
 Hardware stack levels used:    1
 This function calls:
		Nothing
 This function is called by:
		_SetMotor
		_putchdec
 This function uses a non-reentrant model



MODULE INFORMATION

Module		Function		Class		Link	Load	Size
serial.c
		_putch         		CODE           	0F62	0000	53
		_chkchr        		CODE           	0E73	0000	9
		_putst         		CODE           	0FCA	0000	55
		_serial_init   		CODE           	0ED0	0000	25

serial.c estimated size: 142

D:\Microchip\xc8\v2.05\pic\sources\c90\common\doprnt.c
		_sprintf       		CODE           	02AD	0000	211

D:\Microchip\xc8\v2.05\pic\sources\c90\common\doprnt.c estimated size: 211

D:\Microchip\xc8\v2.05\pic\sources\c90\common\Umul16.c
		___wmul        		CODE           	07D9	0000	34

D:\Microchip\xc8\v2.05\pic\sources\c90\common\Umul16.c estimated size: 34

pwm.c
		_pwm_set       		CODE           	0548	0000	134
		_pwm_init      		CODE           	0F04	0000	43

pwm.c estimated size: 177

D:\Microchip\xc8\v2.05\pic\sources\c90\common\lwmod.c
		___lwmod       		CODE           	0F96	0000	53

D:\Microchip\xc8\v2.05\pic\sources\c90\common\lwmod.c estimated size: 53

D:\Microchip\xc8\v2.05\pic\sources\c90\common\Umul32.c
		___lmul        		CODE           	06A7	0000	66

D:\Microchip\xc8\v2.05\pic\sources\c90\common\Umul32.c estimated size: 66

spi.c
		_spiWrite      		CODE           	0E7B	0000	9
		_spiInit       		CODE           	0EBC	0000	21
		_spiDataReady  		CODE           	0E8B	0000	13
		_spiReceiveWait		CODE           	07FA	0000	6
		_spiRead       		CODE           	0E6C	0000	8

spi.c estimated size: 57

shared
		__stringtab    		STRING         	0765	0000	7
		_dpowers       		STRING         	076B	0000	11
		i1_pwm_set     		CODE           	05CD	0000	130
		__initialization		CODE           	0015	0000	25
		i1___lmul      		CODE           	06E8	0000	64
		i1___aldiv     		CODE           	04B9	0000	144

shared estimated size: 381

D:\Microchip\xc8\v2.05\pic\sources\c90\common\lwdiv.c
		___lwdiv       		CODE           	0727	0000	63

D:\Microchip\xc8\v2.05\pic\sources\c90\common\lwdiv.c estimated size: 63

D:\Microchip\xc8\v2.05\pic\sources\c90\common\awdiv.c
		___awdiv       		CODE           	064E	0000	90

D:\Microchip\xc8\v2.05\pic\sources\c90\common\awdiv.c estimated size: 90

D:\Microchip\xc8\v2.05\pic\sources\c90\common\aldiv.c
		___aldiv       		CODE           	042A	0000	144

D:\Microchip\xc8\v2.05\pic\sources\c90\common\aldiv.c estimated size: 144

main.c
		_constrain     		CODE           	079F	0000	59
		_SetMotor      		CODE           	0031	0000	384
		_main          		CODE           	037F	0000	172
		_resetCounter  		CODE           	0EA9	0000	20
		_isr           		CODE           	01B0	0000	254
		_encoders_init 		CODE           	0EE8	0000	29
		_SetPoint      		CODE           	0E97	0000	19
		_motor_reset   		CODE           	0F2E	0000	53

main.c estimated size: 990

