Microchip MPLAB XC8 Compiler V2.05 ()

Linker command line:

-W-3 --edf=D:\Microchip\xc8\v2.05\pic\dat\en_msgs.txt -cs \
  -h+dist/default/production\Controle.production.sym \
  --cmf=dist/default/production\Controle.production.cmf -z -Q16F886 \
  -oC:\Users\Sanches\AppData\Local\Temp\s8m4.3 --defsym=__MPLAB_BUILD=1 \
  -Mdist/default/production/Controle.production.map -E1 -ver=XC8 \
  --acfsm=1493 -ASTACK=0110h-016Fh -pstack=STACK -ACODE=00h-07FFhx4 \
  -ASTRCODE=00h-01FFFh -ASTRING=00h-0FFhx32 -ACONST=00h-0FFhx32 \
  -AENTRY=00h-0FFhx32 -ACOMMON=070h-07Fh -ABANK0=020h-06Fh \
  -ABANK1=0A0h-0EFh -ABANK2=0110h-016Fh -ABANK3=0190h-01EFh \
  -ARAM=020h-06Fh,0A0h-0EFh,0110h-016Fh,0190h-01EFh \
  -AABS1=020h-07Fh,0A0h-0EFh,0110h-016Fh,0190h-01EFh -ASFR0=00h-01Fh \
  -ASFR1=080h-09Fh -ASFR2=0100h-010Fh -ASFR3=0180h-018Fh \
  -preset_vec=00h,intentry=04h,init,end_init -ppowerup=CODE -pcinit=CODE \
  -pfunctab=ENTRY -ACONFIG=02007h-02008h -pconfig=CONFIG -DCONFIG=2 \
  -AIDLOC=02000h-02003h -pidloc=IDLOC -DIDLOC=2 -AEEDATA=00h-0FFh/02100h \
  -peeprom_data=EEDATA -DEEDATA=2 -DCODE=2 -DSTRCODE=2 -DSTRING=2 -DCONST=2 \
  -DENTRY=2 -k C:\Users\Sanches\AppData\Local\Temp\s8m4.o \
  dist/default/production\Controle.production.o 

Object code version is 3.11

Machine type is 16F886



                Name                               Link     Load   Length Selector   Space Scale
C:\Users\Sanches\AppData\Local\Temp\s8m4.o
                end_init                             12       12        3        8       0
                reset_vec                             0        0        3        0       0
                config                             2007     2007        2     400E       0
dist/default/production\Controle.production.o
                cinit                                15       15       23        8       0
                intentry                              4        4        E        8       0
                text22                              30B      30B      104        8       0
                text21                              7DD      7DD       23      D5A       0
                text20                              6AD      6AD       3C      D5A       0
                text19                              4E1      4E1       8F        8       0
                text18                              5F1      5F1       41        8       0
                text17                              570      570       81        8       0
                text16                              206      206      105        8       0
                text15                              F35      F35        8     1E6A       0
                text14                              F67      F67       18     1ECE       0
                text13                              787      787       2C      D5A       0
                text12                              F45      F45        F     1E8A       0
                text11                              FB0      FB0       28     1F60       0
                text10                              6E9      6E9       36      D5A       0
                text9                               632      632       3E        8       0
                text8                               753      753       34      D5A       0
                text7                               40F      40F       D2        8       0
                text6                               F97      F97       19     1F2E       0
                text5                               FD8      FD8       28     1FB0       0
                text4                               F54      F54       13     1EA8       0
                text3                               71F      71F       34      D5A       0
                text2                               7B3      7B3       2A      D5A       0
                text1                               F7F      F7F       18     1EFE       0
                maintext                             38       38      1CE        8       0
                cstackBANK0                          20       20       39       20       1
                cstackCOMMON                         77       77        7       70       1
                cstackBANK1                          A0       A0       1A       A0       1
                clrtext                             F3D      F3D        8     1E7A       0
                bssBANK3                            190      190       5C      190       1
                bssBANK1                             BA       BA        9       A0       1
                bssBANK0                             59       59       16       20       1
                bssCOMMON                            70       70        7       70       1
                strings                             670      670       3D      CE0       0

TOTAL           Name                               Link     Load   Length     Space
        CLASS   STACK          

        CLASS   CODE           
                end_init                             12       12        3         0
                cinit                                15       15       23         0
                intentry                              4        4        E         0
                reset_vec                             0        0        3         0
                text22                              30B      30B      104         0
                text21                              7DD      7DD       23         0
                text20                              6AD      6AD       3C         0
                text19                              4E1      4E1       8F         0
                text18                              5F1      5F1       41         0
                text17                              570      570       81         0
                text16                              206      206      105         0
                text15                              F35      F35        8         0
                text14                              F67      F67       18         0
                text13                              787      787       2C         0
                text12                              F45      F45        F         0
                text11                              FB0      FB0       28         0
                text10                              6E9      6E9       36         0
                text9                               632      632       3E         0
                text8                               753      753       34         0
                text7                               40F      40F       D2         0
                text6                               F97      F97       19         0
                text5                               FD8      FD8       28         0
                text4                               F54      F54       13         0
                text3                               71F      71F       34         0
                text2                               7B3      7B3       2A         0
                text1                               F7F      F7F       18         0
                maintext                             38       38      1CE         0
                clrtext                             F3D      F3D        8         0

        CLASS   STRCODE        

        CLASS   STRING         
                strings                             670      670       3D         0

        CLASS   CONST          

        CLASS   ENTRY          

        CLASS   COMMON         
                cstackCOMMON                         77       77        7         1
                bssCOMMON                            70       70        7         1

        CLASS   BANK0          
                cstackBANK0                          20       20       39         1
                bssBANK0                             59       59       16         1

        CLASS   BANK1          
                cstackBANK1                          A0       A0       1A         1
                bssBANK1                             BA       BA        9         1

        CLASS   BANK2          

        CLASS   BANK3          
                bssBANK3                            190      190       5C         1

        CLASS   RAM            

        CLASS   ABS1           
                abs_s1                               7E       7E        2         1

        CLASS   SFR0           

        CLASS   SFR1           

        CLASS   SFR2           

        CLASS   SFR3           

        CLASS   CONFIG         
                config                             2007     2007        2         0

        CLASS   IDLOC          

        CLASS   EEDATA         



SEGMENTS        Name                           Load    Length   Top    Selector   Space  Class     Delta

                reset_vec                      000000  000003  000003         0       0  CODE        2
                intentry                       000004  00066C  000670         8       0  CODE        2
                cstackBANK0                    000020  00004F  00006F        20       1  BANK0       1
                bssCOMMON                      000070  00000E  00007E        70       1  COMMON      1
                cstackBANK1                    0000A0  000023  0000C3        A0       1  BANK1       1
                bssBANK3                       000190  00005C  0001EC       190       1  BANK3       1
                strings                        000670  00003D  0006AD       CE0       0  STRING      2
                text20                         0006AD  000153  000800       D5A       0  CODE        2
                text15                         000F35  000008  000F3D      1E6A       0  CODE        2
                clrtext                        000F3D  000008  000F45      1E7A       0  CODE        2
                text12                         000F45  00000F  000F54      1E8A       0  CODE        2
                text4                          000F54  000013  000F67      1EA8       0  CODE        2
                text14                         000F67  000018  000F7F      1ECE       0  CODE        2
                text1                          000F7F  000018  000F97      1EFE       0  CODE        2
                text6                          000F97  000019  000FB0      1F2E       0  CODE        2
                text11                         000FB0  000028  000FD8      1F60       0  CODE        2
                text5                          000FD8  000028  001000      1FB0       0  CODE        2
                config                         002007  000002  002009      400E       0  CONFIG      2


UNUSED ADDRESS RANGES

        Name                Unused          Largest block    Delta
        BANK0            006F-006F              1           1
        BANK1            00C3-00EF             2D           1
        BANK2            0110-016F             60           1
        BANK3            01EC-01EF              4           1
        CODE             0003-0003              1           2
                         0800-0F34            735
                         1000-1FFF            800
        CONST            0003-0003              1           2
                         0800-0F34            100
                         1000-1FFF            100
        EEDATA           2100-21FF            100           2
        ENTRY            0003-0003              1           2
                         0800-0F34            100
                         1000-1FFF            100
        IDLOC            2000-2003              4           2
        RAM              006F-006F              1           1
                         00C3-00EF             2D
                         0110-016F             60
                         01EC-01EF              4
        SFR0             0000-001F             20           1
        SFR1             0080-009F             20           1
        SFR2             0100-010F             10           1
        SFR3             0180-018F             10           1
        STACK            0110-016F             60           1
        STRCODE          0003-0003              1           2
                         0800-0F34            735
                         1000-1FFF           1000
        STRING           0003-0003              1           2
                         0800-0F34            100
                         1000-1FFF            100

                                  Symbol Table

?___aldiv                 cstackBANK0  002D
?___lmul                  cstackBANK0  0020
?___lwdiv                 cstackBANK0  0020
?___lwmod                 cstackBANK0  0028
?___wmul                  cstackBANK0  0020
?_constrain               cstackBANK0  0020
?_getServoCommand         cstackBANK0  0020
?_getServoState           cstackBANK0  0020
?_sprintf                 cstackBANK0  002E
PrintSetpoint@sVar        cstackBANK0  003E
SetMotor@D_Response       cstackBANK0  004A
SetMotor@P_Response       cstackBANK0  0048
SetMotor@derivative       bssBANK0     006D
SetMotor@err              cstackBANK0  004C
SetMotor@last_err         bssBANK0     0065
SetMotor@resp             cstackBANK0  004E
SetPoint@new_val          cstackBANK0  0052
_ANS10                    (abs)        0C4A
_ANS11                    (abs)        0C4B
_ANS13                    (abs)        0C4D
_ANS4                     (abs)        0C44
_ANS8                     (abs)        0C48
_ANS9                     (abs)        0C49
_BRGH                     (abs)        04C2
_CCP1CONbits              (abs)        0017
_CCP2CONbits              (abs)        001D
_CCPR1L                   (abs)        0015
_CCPR2L                   (abs)        001B
_CREN                     (abs)        00C4
_FERR                     (abs)        00C2
_GIE                      (abs)        005F
_IOCB                     (abs)        0096
_OERR                     (abs)        00C1
_OPTION_REGbits           (abs)        0081
_PEIE                     (abs)        005E
_PIR1bits                 (abs)        000C
_PORTB                    (abs)        0006
_PR2                      (abs)        0092
_PrintSetpoint            text6        0F97
_RA5                      (abs)        002D
_RA6                      (abs)        002E
_RB5                      (abs)        0035
_RBIE                     (abs)        005B
_RBIF                     (abs)        0058
_RC3                      (abs)        003B
_RC4                      (abs)        003C
_RC5                      (abs)        003D
_RCIE                     (abs)        0465
_RCIF                     (abs)        0065
_RCREG                    (abs)        001A
_RX9                      (abs)        00C6
_SPBRG                    (abs)        0099
_SPEN                     (abs)        00C7
_SREN                     (abs)        00C5
_SYNC                     (abs)        04C4
_SetMotor                 text16       0206
_SetPoint                 text5        0FD8
_T0IE                     (abs)        005D
_T0IF                     (abs)        005A
_T2CONbits                (abs)        0012
_TMR0                     (abs)        0001
_TMR1IE                   (abs)        0460
_TRISA5                   (abs)        042D
_TRISA6                   (abs)        042E
_TRISB1                   (abs)        0431
_TRISB2                   (abs)        0432
_TRISB3                   (abs)        0433
_TRISB4                   (abs)        0434
_TRISB5                   (abs)        0435
_TRISB7                   (abs)        0437
_TRISC1                   (abs)        0439
_TRISC2                   (abs)        043A
_TRISC3                   (abs)        043B
_TRISC4                   (abs)        043C
_TRISC5                   (abs)        043D
_TX9                      (abs)        04C6
_TXEN                     (abs)        04C5
_TXIE                     (abs)        0464
_TXIF                     (abs)        0064
_TXREG                    (abs)        0019
__CFG_BOR4V$BOR21V        (abs)        0000
__CFG_BOREN$OFF           (abs)        0000
__CFG_CP$OFF              (abs)        0000
__CFG_CPD$OFF             (abs)        0000
__CFG_FCMEN$ON            (abs)        0000
__CFG_FOSC$EC             (abs)        0000
__CFG_IESO$ON             (abs)        0000
__CFG_LVP$OFF             (abs)        0000
__CFG_MCLRE$ON            (abs)        0000
__CFG_PWRTE$OFF           (abs)        0000
__CFG_WDTE$OFF            (abs)        0000
__CFG_WRT$OFF             (abs)        0000
__Habs1                   abs1         0000
__Hbank0                  bank0        0000
__Hbank1                  bank1        0000
__Hbank2                  bank2        0000
__Hbank3                  bank3        0000
__HbssBANK0               bssBANK0     0000
__HbssBANK1               bssBANK1     0000
__HbssBANK3               bssBANK3     0000
__HbssCOMMON              bssCOMMON    0000
__Hcinit                  cinit        0038
__Hclrtext                clrtext      0000
__Hcode                   code         0000
__Hcommon                 common       0000
__Hconfig                 config       2009
__HcstackBANK0            cstackBANK0  0000
__HcstackBANK1            cstackBANK1  0000
__HcstackCOMMON           cstackCOMMON 0000
__Heeprom_data            eeprom_data  0000
__Hend_init               end_init     0015
__Hfunctab                functab      0000
__Hidloc                  idloc        0000
__Hinit                   init         0012
__Hintentry               intentry     0012
__Hmaintext               maintext     0000
__Hpowerup                powerup      0000
__Hram                    ram          0000
__Hreset_vec              reset_vec    0003
__Hsfr0                   sfr0         0000
__Hsfr1                   sfr1         0000
__Hsfr2                   sfr2         0000
__Hsfr3                   sfr3         0000
__Hspace_0                (abs)        2009
__Hspace_1                (abs)        01EC
__Hspace_2                (abs)        0000
__Hspace_3                (abs)        0000
__Hstack                  stack        0000
__Hstrings                strings      0000
__Htext                   text         0000
__Labs1                   abs1         0000
__Lbank0                  bank0        0000
__Lbank1                  bank1        0000
__Lbank2                  bank2        0000
__Lbank3                  bank3        0000
__LbssBANK0               bssBANK0     0000
__LbssBANK1               bssBANK1     0000
__LbssBANK3               bssBANK3     0000
__LbssCOMMON              bssCOMMON    0000
__Lcinit                  cinit        0015
__Lclrtext                clrtext      0000
__Lcode                   code         0000
__Lcommon                 common       0000
__Lconfig                 config       2007
__LcstackBANK0            cstackBANK0  0000
__LcstackBANK1            cstackBANK1  0000
__LcstackCOMMON           cstackCOMMON 0000
__Leeprom_data            eeprom_data  0000
__Lend_init               end_init     0012
__Lfunctab                functab      0000
__Lidloc                  idloc        0000
__Linit                   init         0012
__Lintentry               intentry     0004
__Lmaintext               maintext     0000
__Lpowerup                powerup      0000
__Lram                    ram          0000
__Lreset_vec              reset_vec    0000
__Lsfr0                   sfr0         0000
__Lsfr1                   sfr1         0000
__Lsfr2                   sfr2         0000
__Lsfr3                   sfr3         0000
__Lspace_0                (abs)        0000
__Lspace_1                (abs)        0000
__Lspace_2                (abs)        0000
__Lspace_3                (abs)        0000
__Lstack                  stack        0000
__Lstrings                strings      0000
__Ltext                   text         0000
__S0                      (abs)        2009
__S1                      (abs)        01EC
__S2                      (abs)        0000
__S3                      (abs)        0000
___aldiv                  text19       04E1
___aldiv@counter          cstackBANK0  0036
___aldiv@dividend         cstackBANK0  0031
___aldiv@divisor          cstackBANK0  002D
___aldiv@quotient         cstackBANK0  0038
___aldiv@sign             cstackBANK0  0037
___int_sp                 stack        0000
___latbits                (abs)        0002
___lmul                   text18       05F1
___lmul@multiplicand      cstackBANK0  0024
___lmul@multiplier        cstackBANK0  0020
___lmul@product           cstackBANK0  0029
___lwdiv                  text9        0632
___lwdiv@counter          cstackBANK0  0027
___lwdiv@dividend         cstackBANK0  0022
___lwdiv@divisor          cstackBANK0  0020
___lwdiv@quotient         cstackBANK0  0025
___lwmod                  text8        0753
___lwmod@counter          cstackBANK0  002D
___lwmod@dividend         cstackBANK0  002A
___lwmod@divisor          cstackBANK0  0028
___sp                     stack        0000
___stackhi                (abs)        0000
___stacklo                (abs)        0000
___wmul                   text21       07DD
___wmul@multiplicand      cstackBANK0  0022
___wmul@multiplier        cstackBANK0  0020
___wmul@product           cstackBANK0  0024
__end_of_PrintSetpoint    text6        0FB0
__end_of_SetMotor         text16       030B
__end_of_SetPoint         text5        1000
__end_of___aldiv          text19       0570
__end_of___lmul           text18       0632
__end_of___lwdiv          text9        0670
__end_of___lwmod          text8        0787
__end_of___wmul           text21       0800
__end_of__initialization  cinit        0034
__end_of__stringtab       strings      0676
__end_of_chkchr           text15       0F3D
__end_of_constrain        text20       06E9
__end_of_dpowers          strings      0680
__end_of_encoders_init    text14       0F7F
__end_of_getServoCommand  text13       07B3
__end_of_getServoState    text12       0F54
__end_of_isr              text22       040F
__end_of_main             maintext     0206
__end_of_motor_reset      text3        0753
__end_of_putch            text11       0FD8
__end_of_putst            text10       071F
__end_of_pwm_init         text2        07DD
__end_of_pwm_set          text17       05F1
__end_of_resetCounter     text4        0F67
__end_of_serial_init      text1        0F97
__end_of_sprintf          text7        04E1
__initialization          cinit        0015
__pbssBANK0               bssBANK0     0059
__pbssBANK1               bssBANK1     00BA
__pbssBANK3               bssBANK3     0190
__pbssCOMMON              bssCOMMON    0070
__pcstackBANK0            cstackBANK0  0020
__pcstackBANK1            cstackBANK1  00A0
__pcstackCOMMON           cstackCOMMON 0077
__pintentry               intentry     0004
__pmaintext               maintext     0038
__pstrings                strings      0670
__ptext1                  text1        0F7F
__ptext10                 text10       06E9
__ptext11                 text11       0FB0
__ptext12                 text12       0F45
__ptext13                 text13       0787
__ptext14                 text14       0F67
__ptext15                 text15       0F35
__ptext16                 text16       0206
__ptext17                 text17       0570
__ptext18                 text18       05F1
__ptext19                 text19       04E1
__ptext2                  text2        07B3
__ptext20                 text20       06AD
__ptext21                 text21       07DD
__ptext22                 text22       030B
__ptext3                  text3        071F
__ptext4                  text4        0F54
__ptext5                  text5        0FD8
__ptext6                  text6        0F97
__ptext7                  text7        040F
__ptext8                  text8        0753
__ptext9                  text9        0632
__size_of_PrintSetpoint   (abs)        0000
__size_of_SetMotor        (abs)        0000
__size_of_SetPoint        (abs)        0000
__size_of___aldiv         (abs)        0000
__size_of___lmul          (abs)        0000
__size_of___lwdiv         (abs)        0000
__size_of___lwmod         (abs)        0000
__size_of___wmul          (abs)        0000
__size_of_chkchr          (abs)        0000
__size_of_constrain       (abs)        0000
__size_of_encoders_init   (abs)        0000
__size_of_getServoCommand (abs)        0000
__size_of_getServoState   (abs)        0000
__size_of_isr             (abs)        0000
__size_of_main            (abs)        0000
__size_of_motor_reset     (abs)        0000
__size_of_putch           (abs)        0000
__size_of_putst           (abs)        0000
__size_of_pwm_init        (abs)        0000
__size_of_pwm_set         (abs)        0000
__size_of_resetCounter    (abs)        0000
__size_of_serial_init     (abs)        0000
__size_of_sprintf         (abs)        0000
__stringbase              strings      0675
__stringtab               strings      0670
_ab1                      bssCOMMON    0073
_chkchr                   text15       0F35
_com_time                 bssBANK0     0069
_constrain                text20       06AD
_delayus_variable         bssCOMMON    0076
_dpowers                  strings      0676
_dummy                    bssCOMMON    0075
_encoder1_counter         bssBANK0     0061
_encoders_init            text14       0F67
_getServoCommand          text13       0787
_getServoState            text12       0F45
_isr                      text22       030B
_last_pos                 bssBANK1     00BA
_main                     maintext     0038
_motor_pos                bssBANK0     005D
_motor_reset              text3        071F
_onlyK                    bssBANK0     0067
_pos_log1                 bssBANK3     01BE
_pos_log2                 bssBANK3     0190
_putch                    text11       0FB0
_putst                    text10       06E9
_pwm_init                 text2        07B3
_pwm_set                  text17       0570
_resetCounter             text4        0F54
_samples                  bssCOMMON    0070
_sampling                 bssCOMMON    0072
_serial_init              text1        0F7F
_set_motor_flag           bssBANK1     00C2
_set_point                bssBANK0     0059
_sprintf                  text7        040F
_state1                   bssCOMMON    0074
btemp                     (abs)        007E
clear_ram0                clrtext      0F3D
constrain@lLimit          cstackBANK0  0024
constrain@uLimit          cstackBANK0  0028
constrain@value           cstackBANK0  0020
end_of_initialization     cinit        0034
getServoCommand@lStep     bssBANK0     006B
interrupt_function        intentry     0004
intlevel0                 functab      0000
intlevel1                 functab      0000
intlevel2                 functab      0000
intlevel3                 functab      0000
intlevel4                 functab      0000
intlevel5                 functab      0000
isr@portB                 cstackCOMMON 007D
main@sVar                 cstackBANK1  00A0
main@serialIn_363         cstackBANK1  00B9
putch@c                   cstackBANK0  0021
putst@str                 cstackBANK0  0023
pwm_set@channel           cstackBANK0  003C
pwm_set@duty_cycle        cstackBANK0  003E
reset_vec                 reset_vec    0000
saved_w                   (abs)        007E
sprintf@ap                cstackBANK0  0036
sprintf@c                 cstackBANK0  003C
sprintf@f                 cstackBANK0  002E
sprintf@flag              cstackBANK0  0037
sprintf@prec              cstackBANK0  0038
sprintf@sp                cstackBANK0  003B
sprintf@val               cstackBANK0  0039
start                     init         0012
start_initialization      cinit        0015
wtemp0                    (abs)        007E


FUNCTION INFORMATION:

 *************** function _main *****************
 Defined at:
		line 288 in file "main.c"
 Parameters:    Size  Location     Type
		None
 Auto vars:     Size  Location     Type
  sVar           20    0[BANK1 ] unsigned char [20]
  serialIn        1   25[BANK1 ] unsigned char 
  i               2    0        int 
  enc1            2    0        int 
  serialIn        1    0        unsigned char 
 Return value:  Size  Location     Type
                  1    wreg      void 
 Registers used:
		wreg, fsr0l, fsr0h, status,2, status,0, btemp+1, pclath, cstack
 Tracked objects:
		On entry : 
		On exit  : 
		Unchanged: 
 Data sizes:     COMMON   BANK0   BANK1   BANK3   BANK2
      Params:         0       0       0       0       0
      Locals:         0       0      26       0       0
      Temps:          0       1       0       0       0
      Totals:         0       1      26       0       0
Total ram usage:       27 bytes
 Hardware stack levels required when called:    6
 This function calls:
		_SetMotor
		_SetPoint
		_chkchr
		_encoders_init
		_getServoCommand
		_getServoState
		_motor_reset
		_putst
		_pwm_init
		_pwm_set
		_resetCounter
		_serial_init
		_sprintf
 This function is called by:
		Startup code after reset
 This function uses a non-reentrant model


 *************** function _serial_init *****************
 Defined at:
		line 29 in file "serial.c"
 Parameters:    Size  Location     Type
		None
 Auto vars:     Size  Location     Type
		None
 Return value:  Size  Location     Type
                  1    wreg      void 
 Registers used:
		wreg
 Tracked objects:
		On entry : 
		On exit  : 
		Unchanged: 
 Data sizes:     COMMON   BANK0   BANK1   BANK3   BANK2
      Params:         0       0       0       0       0
      Locals:         0       0       0       0       0
      Temps:          0       0       0       0       0
      Totals:         0       0       0       0       0
Total ram usage:        0 bytes
 Hardware stack levels used:    1
 Hardware stack levels required when called:    1
 This function calls:
		Nothing
 This function is called by:
		_main
 This function uses a non-reentrant model


 *************** function _pwm_init *****************
 Defined at:
		line 25 in file "pwm.c"
 Parameters:    Size  Location     Type
		None
 Auto vars:     Size  Location     Type
		None
 Return value:  Size  Location     Type
                  1    wreg      void 
 Registers used:
		wreg, status,2, status,0
 Tracked objects:
		On entry : 
		On exit  : 
		Unchanged: 
 Data sizes:     COMMON   BANK0   BANK1   BANK3   BANK2
      Params:         0       0       0       0       0
      Locals:         0       0       0       0       0
      Temps:          0       0       0       0       0
      Totals:         0       0       0       0       0
Total ram usage:        0 bytes
 Hardware stack levels used:    1
 Hardware stack levels required when called:    1
 This function calls:
		Nothing
 This function is called by:
		_main
 This function uses a non-reentrant model


 *************** function _motor_reset *****************
 Defined at:
		line 162 in file "main.c"
 Parameters:    Size  Location     Type
		None
 Auto vars:     Size  Location     Type
		None
 Return value:  Size  Location     Type
                  1    wreg      void 
 Registers used:
		wreg, fsr0l, fsr0h, status,2, status,0, btemp+1, pclath, cstack
 Tracked objects:
		On entry : 
		On exit  : 
		Unchanged: 
 Data sizes:     COMMON   BANK0   BANK1   BANK3   BANK2
      Params:         0       0       0       0       0
      Locals:         0       0       0       0       0
      Temps:          0       0       0       0       0
      Totals:         0       0       0       0       0
Total ram usage:        0 bytes
 Hardware stack levels used:    1
 Hardware stack levels required when called:    5
 This function calls:
		_SetPoint
		_pwm_set
		_resetCounter
 This function is called by:
		_main
 This function uses a non-reentrant model


 *************** function _resetCounter *****************
 Defined at:
		line 157 in file "main.c"
 Parameters:    Size  Location     Type
		None
 Auto vars:     Size  Location     Type
		None
 Return value:  Size  Location     Type
                  1    wreg      void 
 Registers used:
		wreg
 Tracked objects:
		On entry : 
		On exit  : 
		Unchanged: 
 Data sizes:     COMMON   BANK0   BANK1   BANK3   BANK2
      Params:         0       0       0       0       0
      Locals:         0       0       0       0       0
      Temps:          0       0       0       0       0
      Totals:         0       0       0       0       0
Total ram usage:        0 bytes
 Hardware stack levels used:    1
 Hardware stack levels required when called:    1
 This function calls:
		Nothing
 This function is called by:
		_motor_reset
		_main
 This function uses a non-reentrant model


 *************** function _SetPoint *****************
 Defined at:
		line 149 in file "main.c"
 Parameters:    Size  Location     Type
  new_val         2   50[BANK0 ] int 
 Auto vars:     Size  Location     Type
		None
 Return value:  Size  Location     Type
                  1    wreg      void 
 Registers used:
		wreg, fsr0l, fsr0h, status,2, status,0, btemp+1, pclath, cstack
 Tracked objects:
		On entry : 
		On exit  : 
		Unchanged: 
 Data sizes:     COMMON   BANK0   BANK1   BANK3   BANK2
      Params:         0       2       0       0       0
      Locals:         0       0       0       0       0
      Temps:          0       4       0       0       0
      Totals:         0       6       0       0       0
Total ram usage:        6 bytes
 Hardware stack levels used:    1
 Hardware stack levels required when called:    4
 This function calls:
		_PrintSetpoint
 This function is called by:
		_motor_reset
		_main
 This function uses a non-reentrant model


 *************** function _PrintSetpoint *****************
 Defined at:
		line 108 in file "main.c"
 Parameters:    Size  Location     Type
		None
 Auto vars:     Size  Location     Type
  sVar           20   30[BANK0 ] unsigned char [20]
 Return value:  Size  Location     Type
                  1    wreg      void 
 Registers used:
		wreg, fsr0l, fsr0h, status,2, status,0, btemp+1, pclath, cstack
 Tracked objects:
		On entry : 
		On exit  : 
		Unchanged: 
 Data sizes:     COMMON   BANK0   BANK1   BANK3   BANK2
      Params:         0       0       0       0       0
      Locals:         0      20       0       0       0
      Temps:          0       1       0       0       0
      Totals:         0      21       0       0       0
Total ram usage:       21 bytes
 Hardware stack levels used:    1
 Hardware stack levels required when called:    3
 This function calls:
		_putst
		_sprintf
 This function is called by:
		_SetPoint
 This function uses a non-reentrant model


 *************** function _sprintf *****************
 Defined at:
		line 500 in file "D:\Microchip\xc8\v2.05\pic\sources\c90\common\doprnt.c"
 Parameters:    Size  Location     Type
  sp              1    wreg     PTR unsigned char 
		 -> main@sVar(20), PrintSetpoint@sVar(20), 
  f               1   14[BANK0 ] PTR const unsigned char 
		 -> STR_5(14), STR_4(4), STR_3(4), STR_2(11), 
		 -> STR_1(16), 
 Auto vars:     Size  Location     Type
  sp              1   27[BANK0 ] PTR unsigned char 
		 -> main@sVar(20), PrintSetpoint@sVar(20), 
  tmpval          4    0        struct .
  val             2   25[BANK0 ] unsigned int 
  cp              2    0        PTR const unsigned char 
  len             2    0        unsigned int 
  c               1   28[BANK0 ] unsigned char 
  prec            1   24[BANK0 ] char 
  flag            1   23[BANK0 ] unsigned char 
  ap              1   22[BANK0 ] PTR void [1]
		 -> ?_sprintf(2), 
 Return value:  Size  Location     Type
                  2   14[BANK0 ] int 
 Registers used:
		wreg, fsr0l, fsr0h, status,2, status,0, btemp+1, pclath, cstack
 Tracked objects:
		On entry : 
		On exit  : 
		Unchanged: 
 Data sizes:     COMMON   BANK0   BANK1   BANK3   BANK2
      Params:         0       5       0       0       0
      Locals:         0       7       0       0       0
      Temps:          0       3       0       0       0
      Totals:         0      15       0       0       0
Total ram usage:       15 bytes
 Hardware stack levels used:    1
 Hardware stack levels required when called:    2
 This function calls:
		___lwdiv
		___lwmod
 This function is called by:
		_PrintSetpoint
		_main
 This function uses a non-reentrant model


 *************** function ___lwmod *****************
 Defined at:
		line 5 in file "D:\Microchip\xc8\v2.05\pic\sources\c90\common\lwmod.c"
 Parameters:    Size  Location     Type
  divisor         2    8[BANK0 ] unsigned int 
  dividend        2   10[BANK0 ] unsigned int 
 Auto vars:     Size  Location     Type
  counter         1   13[BANK0 ] unsigned char 
 Return value:  Size  Location     Type
                  2    8[BANK0 ] unsigned int 
 Registers used:
		wreg, status,2, status,0
 Tracked objects:
		On entry : 
		On exit  : 
		Unchanged: 
 Data sizes:     COMMON   BANK0   BANK1   BANK3   BANK2
      Params:         0       4       0       0       0
      Locals:         0       1       0       0       0
      Temps:          0       1       0       0       0
      Totals:         0       6       0       0       0
Total ram usage:        6 bytes
 Hardware stack levels used:    1
 Hardware stack levels required when called:    1
 This function calls:
		Nothing
 This function is called by:
		_sprintf
 This function uses a non-reentrant model


 *************** function ___lwdiv *****************
 Defined at:
		line 5 in file "D:\Microchip\xc8\v2.05\pic\sources\c90\common\lwdiv.c"
 Parameters:    Size  Location     Type
  divisor         2    0[BANK0 ] unsigned int 
  dividend        2    2[BANK0 ] unsigned int 
 Auto vars:     Size  Location     Type
  quotient        2    5[BANK0 ] unsigned int 
  counter         1    7[BANK0 ] unsigned char 
 Return value:  Size  Location     Type
                  2    0[BANK0 ] unsigned int 
 Registers used:
		wreg, status,2, status,0
 Tracked objects:
		On entry : 
		On exit  : 
		Unchanged: 
 Data sizes:     COMMON   BANK0   BANK1   BANK3   BANK2
      Params:         0       4       0       0       0
      Locals:         0       3       0       0       0
      Temps:          0       1       0       0       0
      Totals:         0       8       0       0       0
Total ram usage:        8 bytes
 Hardware stack levels used:    1
 Hardware stack levels required when called:    1
 This function calls:
		Nothing
 This function is called by:
		_sprintf
 This function uses a non-reentrant model


 *************** function _putst *****************
 Defined at:
		line 211 in file "serial.c"
 Parameters:    Size  Location     Type
  str             1    wreg     PTR const unsigned char 
		 -> main@sVar(20), PrintSetpoint@sVar(20), 
 Auto vars:     Size  Location     Type
  str             1    3[BANK0 ] PTR const unsigned char 
		 -> main@sVar(20), PrintSetpoint@sVar(20), 
 Return value:  Size  Location     Type
                  1    wreg      void 
 Registers used:
		wreg, fsr0l, fsr0h, status,2, status,0, pclath, cstack
 Tracked objects:
		On entry : 
		On exit  : 
		Unchanged: 
 Data sizes:     COMMON   BANK0   BANK1   BANK3   BANK2
      Params:         0       0       0       0       0
      Locals:         0       1       0       0       0
      Temps:          0       1       0       0       0
      Totals:         0       2       0       0       0
Total ram usage:        2 bytes
 Hardware stack levels used:    1
 Hardware stack levels required when called:    2
 This function calls:
		_putch
 This function is called by:
		_PrintSetpoint
		_main
 This function uses a non-reentrant model


 *************** function _putch *****************
 Defined at:
		line 95 in file "serial.c"
 Parameters:    Size  Location     Type
  c               1    wreg     unsigned char 
 Auto vars:     Size  Location     Type
  c               1    1[BANK0 ] unsigned char 
 Return value:  Size  Location     Type
                  1    wreg      void 
 Registers used:
		wreg
 Tracked objects:
		On entry : 
		On exit  : 
		Unchanged: 
 Data sizes:     COMMON   BANK0   BANK1   BANK3   BANK2
      Params:         0       0       0       0       0
      Locals:         0       1       0       0       0
      Temps:          0       1       0       0       0
      Totals:         0       2       0       0       0
Total ram usage:        2 bytes
 Hardware stack levels used:    1
 Hardware stack levels required when called:    1
 This function calls:
		Nothing
 This function is called by:
		_putst
		_putchhex
		_putchdec
 This function uses a non-reentrant model


 *************** function _getServoState *****************
 Defined at:
		line 18 in file "servoController.c"
 Parameters:    Size  Location     Type
		None
 Auto vars:     Size  Location     Type
		None
 Return value:  Size  Location     Type
                  2    0[BANK0 ] int 
 Registers used:
		wreg, status,0
 Tracked objects:
		On entry : 
		On exit  : 
		Unchanged: 
 Data sizes:     COMMON   BANK0   BANK1   BANK3   BANK2
      Params:         0       2       0       0       0
      Locals:         0       0       0       0       0
      Temps:          0       2       0       0       0
      Totals:         0       4       0       0       0
Total ram usage:        4 bytes
 Hardware stack levels used:    1
 Hardware stack levels required when called:    1
 This function calls:
		Nothing
 This function is called by:
		_main
 This function uses a non-reentrant model


 *************** function _getServoCommand *****************
 Defined at:
		line 22 in file "servoController.c"
 Parameters:    Size  Location     Type
		None
 Auto vars:     Size  Location     Type
		None
 Return value:  Size  Location     Type
                  2    0[BANK0 ] int 
 Registers used:
		wreg, status,2, status,0
 Tracked objects:
		On entry : 
		On exit  : 
		Unchanged: 
 Data sizes:     COMMON   BANK0   BANK1   BANK3   BANK2
      Params:         0       2       0       0       0
      Locals:         0       0       0       0       0
      Temps:          0       4       0       0       0
      Totals:         0       6       0       0       0
Total ram usage:        6 bytes
 Hardware stack levels used:    1
 Hardware stack levels required when called:    1
 This function calls:
		Nothing
 This function is called by:
		_main
 This function uses a non-reentrant model


 *************** function _encoders_init *****************
 Defined at:
		line 251 in file "main.c"
 Parameters:    Size  Location     Type
		None
 Auto vars:     Size  Location     Type
		None
 Return value:  Size  Location     Type
                  1    wreg      void 
 Registers used:
		wreg, status,2, status,0
 Tracked objects:
		On entry : 
		On exit  : 
		Unchanged: 
 Data sizes:     COMMON   BANK0   BANK1   BANK3   BANK2
      Params:         0       0       0       0       0
      Locals:         0       0       0       0       0
      Temps:          0       2       0       0       0
      Totals:         0       2       0       0       0
Total ram usage:        2 bytes
 Hardware stack levels used:    1
 Hardware stack levels required when called:    1
 This function calls:
		Nothing
 This function is called by:
		_main
 This function uses a non-reentrant model


 *************** function _chkchr *****************
 Defined at:
		line 142 in file "serial.c"
 Parameters:    Size  Location     Type
		None
 Auto vars:     Size  Location     Type
		None
 Return value:  Size  Location     Type
                  1    wreg      unsigned char 
 Registers used:
		wreg
 Tracked objects:
		On entry : 
		On exit  : 
		Unchanged: 
 Data sizes:     COMMON   BANK0   BANK1   BANK3   BANK2
      Params:         0       0       0       0       0
      Locals:         0       0       0       0       0
      Temps:          0       0       0       0       0
      Totals:         0       0       0       0       0
Total ram usage:        0 bytes
 Hardware stack levels used:    1
 Hardware stack levels required when called:    1
 This function calls:
		Nothing
 This function is called by:
		_main
 This function uses a non-reentrant model


 *************** function _SetMotor *****************
 Defined at:
		line 116 in file "main.c"
 Parameters:    Size  Location     Type
		None
 Auto vars:     Size  Location     Type
  D_Response      2   42[BANK0 ] int 
  P_Response      2   40[BANK0 ] int 
  resp            4   46[BANK0 ] long 
  err             2   44[BANK0 ] int 
 Return value:  Size  Location     Type
                  1    wreg      void 
 Registers used:
		wreg, fsr0l, fsr0h, status,2, status,0, btemp+1, pclath, cstack
 Tracked objects:
		On entry : 
		On exit  : 
		Unchanged: 
 Data sizes:     COMMON   BANK0   BANK1   BANK3   BANK2
      Params:         0       0       0       0       0
      Locals:         0      10       0       0       0
      Temps:          0       2       0       0       0
      Totals:         0      12       0       0       0
Total ram usage:       12 bytes
 Hardware stack levels used:    1
 Hardware stack levels required when called:    3
 This function calls:
		___wmul
		_constrain
		_pwm_set
 This function is called by:
		_main
 This function uses a non-reentrant model


 *************** function _pwm_set *****************
 Defined at:
		line 72 in file "pwm.c"
 Parameters:    Size  Location     Type
  channel         2   28[BANK0 ] int 
  duty_cycle      4   30[BANK0 ] long 
 Auto vars:     Size  Location     Type
		None
 Return value:  Size  Location     Type
                  1    wreg      void 
 Registers used:
		wreg, fsr0l, fsr0h, status,2, status,0, pclath, cstack
 Tracked objects:
		On entry : 
		On exit  : 
		Unchanged: 
 Data sizes:     COMMON   BANK0   BANK1   BANK3   BANK2
      Params:         0       6       0       0       0
      Locals:         0       0       0       0       0
      Temps:          0       4       0       0       0
      Totals:         0      10       0       0       0
Total ram usage:       10 bytes
 Hardware stack levels used:    1
 Hardware stack levels required when called:    2
 This function calls:
		___aldiv
		___lmul
 This function is called by:
		_SetMotor
		_motor_reset
		_main
 This function uses a non-reentrant model


 *************** function ___lmul *****************
 Defined at:
		line 15 in file "D:\Microchip\xc8\v2.05\pic\sources\c90\common\Umul32.c"
 Parameters:    Size  Location     Type
  multiplier      4    0[BANK0 ] unsigned long 
  multiplicand    4    4[BANK0 ] unsigned long 
 Auto vars:     Size  Location     Type
  product         4    9[BANK0 ] unsigned long 
 Return value:  Size  Location     Type
                  4    0[BANK0 ] unsigned long 
 Registers used:
		wreg, status,2, status,0
 Tracked objects:
		On entry : 
		On exit  : 
		Unchanged: 
 Data sizes:     COMMON   BANK0   BANK1   BANK3   BANK2
      Params:         0       8       0       0       0
      Locals:         0       4       0       0       0
      Temps:          0       1       0       0       0
      Totals:         0      13       0       0       0
Total ram usage:       13 bytes
 Hardware stack levels used:    1
 Hardware stack levels required when called:    1
 This function calls:
		Nothing
 This function is called by:
		_pwm_set
 This function uses a non-reentrant model


 *************** function ___aldiv *****************
 Defined at:
		line 5 in file "D:\Microchip\xc8\v2.05\pic\sources\c90\common\aldiv.c"
 Parameters:    Size  Location     Type
  divisor         4   13[BANK0 ] long 
  dividend        4   17[BANK0 ] long 
 Auto vars:     Size  Location     Type
  quotient        4   24[BANK0 ] long 
  sign            1   23[BANK0 ] unsigned char 
  counter         1   22[BANK0 ] unsigned char 
 Return value:  Size  Location     Type
                  4   13[BANK0 ] long 
 Registers used:
		wreg, status,2, status,0
 Tracked objects:
		On entry : 
		On exit  : 
		Unchanged: 
 Data sizes:     COMMON   BANK0   BANK1   BANK3   BANK2
      Params:         0       8       0       0       0
      Locals:         0       6       0       0       0
      Temps:          0       1       0       0       0
      Totals:         0      15       0       0       0
Total ram usage:       15 bytes
 Hardware stack levels used:    1
 Hardware stack levels required when called:    1
 This function calls:
		Nothing
 This function is called by:
		_pwm_set
 This function uses a non-reentrant model


 *************** function _constrain *****************
 Defined at:
		line 98 in file "main.c"
 Parameters:    Size  Location     Type
  value           4    0[BANK0 ] long 
  lLimit          4    4[BANK0 ] long 
  uLimit          4    8[BANK0 ] long 
 Auto vars:     Size  Location     Type
		None
 Return value:  Size  Location     Type
                  4    0[BANK0 ] long 
 Registers used:
		wreg, btemp+1
 Tracked objects:
		On entry : 
		On exit  : 
		Unchanged: 
 Data sizes:     COMMON   BANK0   BANK1   BANK3   BANK2
      Params:         0      12       0       0       0
      Locals:         0       0       0       0       0
      Temps:          0       0       0       0       0
      Totals:         0      12       0       0       0
Total ram usage:       12 bytes
 Hardware stack levels used:    1
 Hardware stack levels required when called:    1
 This function calls:
		Nothing
 This function is called by:
		_SetMotor
 This function uses a non-reentrant model


 *************** function ___wmul *****************
 Defined at:
		line 15 in file "D:\Microchip\xc8\v2.05\pic\sources\c90\common\Umul16.c"
 Parameters:    Size  Location     Type
  multiplier      2    0[BANK0 ] unsigned int 
  multiplicand    2    2[BANK0 ] unsigned int 
 Auto vars:     Size  Location     Type
  product         2    4[BANK0 ] unsigned int 
 Return value:  Size  Location     Type
                  2    0[BANK0 ] unsigned int 
 Registers used:
		wreg, status,2, status,0
 Tracked objects:
		On entry : 
		On exit  : 
		Unchanged: 
 Data sizes:     COMMON   BANK0   BANK1   BANK3   BANK2
      Params:         0       4       0       0       0
      Locals:         0       2       0       0       0
      Temps:          0       0       0       0       0
      Totals:         0       6       0       0       0
Total ram usage:        6 bytes
 Hardware stack levels used:    1
 Hardware stack levels required when called:    1
 This function calls:
		Nothing
 This function is called by:
		_SetMotor
 This function uses a non-reentrant model


 *************** function _isr *****************
 Defined at:
		line 172 in file "main.c"
 Parameters:    Size  Location     Type
		None
 Auto vars:     Size  Location     Type
  portB           1    6[COMMON] unsigned char 
 Return value:  Size  Location     Type
                  1    wreg      void 
 Registers used:
		wreg, fsr0l, fsr0h, status,2, status,0, btemp+1
 Tracked objects:
		On entry : 
		On exit  : 
		Unchanged: 
 Data sizes:     COMMON   BANK0   BANK1   BANK3   BANK2
      Params:         0       0       0       0       0
      Locals:         1       0       0       0       0
      Temps:          6       0       0       0       0
      Totals:         7       0       0       0       0
Total ram usage:        7 bytes
 Hardware stack levels used:    1
 This function calls:
		Nothing
 This function is called by:
		Interrupt level 1
 This function uses a non-reentrant model



MODULE INFORMATION

Module		Function		Class		Link	Load	Size
serial.c
		_putch         		CODE           	0FB0	0000	41
		_chkchr        		CODE           	0F35	0000	9
		_putst         		CODE           	06E9	0000	55
		_serial_init   		CODE           	0F7F	0000	25

serial.c estimated size: 130

D:\Microchip\xc8\v2.05\pic\sources\c90\common\doprnt.c
		_sprintf       		CODE           	040F	0000	211

D:\Microchip\xc8\v2.05\pic\sources\c90\common\doprnt.c estimated size: 211

D:\Microchip\xc8\v2.05\pic\sources\c90\common\Umul16.c
		___wmul        		CODE           	07DD	0000	36

D:\Microchip\xc8\v2.05\pic\sources\c90\common\Umul16.c estimated size: 36

pwm.c
		_pwm_set       		CODE           	0570	0000	130
		_pwm_init      		CODE           	07B3	0000	43

pwm.c estimated size: 173

D:\Microchip\xc8\v2.05\pic\sources\c90\common\lwmod.c
		___lwmod       		CODE           	0753	0000	53

D:\Microchip\xc8\v2.05\pic\sources\c90\common\lwmod.c estimated size: 53

servoController.c
		_getServoState 		CODE           	0F45	0000	16
		_getServoCommand		CODE           	0787	0000	45

servoController.c estimated size: 61

D:\Microchip\xc8\v2.05\pic\sources\c90\common\Umul32.c
		___lmul        		CODE           	05F1	0000	66

D:\Microchip\xc8\v2.05\pic\sources\c90\common\Umul32.c estimated size: 66

shared
		__stringtab    		STRING         	0670	0000	7
		_dpowers       		STRING         	0676	0000	11
		__initialization		CODE           	0015	0000	32

shared estimated size: 50

D:\Microchip\xc8\v2.05\pic\sources\c90\common\lwdiv.c
		___lwdiv       		CODE           	0632	0000	63

D:\Microchip\xc8\v2.05\pic\sources\c90\common\lwdiv.c estimated size: 63

D:\Microchip\xc8\v2.05\pic\sources\c90\common\aldiv.c
		___aldiv       		CODE           	04E1	0000	144

D:\Microchip\xc8\v2.05\pic\sources\c90\common\aldiv.c estimated size: 144

main.c
		_constrain     		CODE           	06AD	0000	61
		_SetMotor      		CODE           	0206	0000	262
		_main          		CODE           	0038	0000	463
		_PrintSetpoint 		CODE           	0F97	0000	26
		_resetCounter  		CODE           	0F54	0000	20
		_isr           		CODE           	030B	0000	261
		_encoders_init 		CODE           	0F67	0000	25
		_SetPoint      		CODE           	0FD8	0000	41
		_motor_reset   		CODE           	071F	0000	53

main.c estimated size: 1212

