Microchip MPLAB XC8 Compiler V2.05 ()

Linker command line:

-W-3 --edf=D:\Microchip\xc8\v2.05\pic\dat\en_msgs.txt -cs \
  -h+dist/default/production\Controle.production.sym \
  --cmf=dist/default/production\Controle.production.cmf -z -Q16F886 \
  -oC:\Users\Sanches\AppData\Local\Temp\s3d0.2 --defsym=__MPLAB_BUILD=1 \
  -Mdist/default/production/Controle.production.map -E1 -ver=XC8 \
  --acfsm=1493 -ASTACK=0143h-016Fh -pstack=STACK -ACODE=00h-07FFhx4 \
  -ASTRCODE=00h-01FFFh -ASTRING=00h-0FFhx32 -ACONST=00h-0FFhx32 \
  -AENTRY=00h-0FFhx32 -ACOMMON=070h-07Fh -ABANK0=020h-06Fh \
  -ABANK1=0A0h-0EFh -ABANK2=0110h-016Fh -ABANK3=0190h-01EFh \
  -ARAM=020h-06Fh,0A0h-0EFh,0110h-016Fh,0190h-01EFh \
  -AABS1=020h-07Fh,0A0h-0EFh,0110h-016Fh,0190h-01EFh -ASFR0=00h-01Fh \
  -ASFR1=080h-09Fh -ASFR2=0100h-010Fh -ASFR3=0180h-018Fh \
  -preset_vec=00h,intentry=04h,init,end_init -ppowerup=CODE -pcinit=CODE \
  -pfunctab=ENTRY -ACONFIG=02007h-02008h -pconfig=CONFIG -DCONFIG=2 \
  -AIDLOC=02000h-02003h -pidloc=IDLOC -DIDLOC=2 -AEEDATA=00h-0FFh/02100h \
  -peeprom_data=EEDATA -DEEDATA=2 -DCODE=2 -DSTRCODE=2 -DSTRING=2 -DCONST=2 \
  -DENTRY=2 -k C:\Users\Sanches\AppData\Local\Temp\s3d0.o \
  dist/default/production\Controle.production.o 

Object code version is 3.11

Machine type is 16F886



                Name                               Link     Load   Length Selector   Space Scale
C:\Users\Sanches\AppData\Local\Temp\s3d0.o
                end_init                             12       12        3        8       0
                reset_vec                             0        0        3        0       0
                config                             2007     2007        2     400E       0
dist/default/production\Controle.production.o
                cinit                                15       15       24        8       0
                intentry                              4        4        E        8       0
                text25                              A92      A92       23     1524       0
                text24                               39       39      315        8       0
                text23                              BFA      BFA       6D     17F4       0
                text22                              E8B      E8B       A3     1D16       0
                text21                              A2D      A2D       15     145A       0
                text20                              D6D      D6D       8F     1ADA       0
                text19                              BBB      BBB       3F     1776       0
                text18                              C67      C67       81     18CE       0
                text17                              34E      34E      20E        8       0
                text16                              697      697      113        8       0
                text15                              A21      A21        C     1442       0
                text14                              A11      A11        8     1422       0
                text13                              A74      A74       1E     14E8       0
                text12                              ADF      ADF       34     15BE       0
                text11                              B47      B47       36     168E       0
                text10                              AB5      AB5       2A     156A       0
                text9                               DFC      DFC       8F     1BF8       0
                text8                               7AA      7AA       41        8       0
                text7                               CE8      CE8       85     19D0       0
                text6                               7EB      7EB       15        8       0
                text5                               A42      A42       18     1484       0
                text4                               A5A      A5A       1A     14B4       0
                text3                               B7D      B7D       3E     16FA       0
                text2                               B13      B13       34     1626       0
                text1                               F2E      F2E       D2     1E5C       0
                maintext                            55C      55C      13B        8       0
                cstackBANK0                          20       20       3E       20       1
                cstackCOMMON                         70       70        E       70       1
                cstackBANK1                          A0       A0       37       A0       1
                clrtext                             A19      A19        8     1432       0
                bssBANK2                            110      110       33      110       1
                bssBANK3                            190      190       33      190       1
                bssBANK1                             D7       D7       16       A0       1
                bssBANK0                             5E       5E       11       20       1
                strings                             800      800       2D     1000       0

TOTAL           Name                               Link     Load   Length     Space
        CLASS   STACK          

        CLASS   CODE           
                end_init                             12       12        3         0
                cinit                                15       15       24         0
                intentry                              4        4        E         0
                reset_vec                             0        0        3         0
                text25                              A92      A92       23         0
                text24                               39       39      315         0
                text23                              BFA      BFA       6D         0
                text22                              E8B      E8B       A3         0
                text21                              A2D      A2D       15         0
                text20                              D6D      D6D       8F         0
                text19                              BBB      BBB       3F         0
                text18                              C67      C67       81         0
                text17                              34E      34E      20E         0
                text16                              697      697      113         0
                text15                              A21      A21        C         0
                text14                              A11      A11        8         0
                text13                              A74      A74       1E         0
                text12                              ADF      ADF       34         0
                text11                              B47      B47       36         0
                text10                              AB5      AB5       2A         0
                text9                               DFC      DFC       8F         0
                text8                               7AA      7AA       41         0
                text7                               CE8      CE8       85         0
                text6                               7EB      7EB       15         0
                text5                               A42      A42       18         0
                text4                               A5A      A5A       1A         0
                text3                               B7D      B7D       3E         0
                text2                               B13      B13       34         0
                text1                               F2E      F2E       D2         0
                maintext                            55C      55C      13B         0
                clrtext                             A19      A19        8         0

        CLASS   STRCODE        

        CLASS   STRING         
                strings                             800      800       2D         0

        CLASS   CONST          

        CLASS   ENTRY          

        CLASS   COMMON         
                cstackCOMMON                         70       70        E         1

        CLASS   BANK0          
                cstackBANK0                          20       20       3E         1
                bssBANK0                             5E       5E       11         1

        CLASS   BANK1          
                cstackBANK1                          A0       A0       37         1
                bssBANK1                             D7       D7       16         1

        CLASS   BANK2          
                bssBANK2                            110      110       33         1

        CLASS   BANK3          
                bssBANK3                            190      190       33         1

        CLASS   RAM            

        CLASS   ABS1           
                abs_s1                               7E       7E        2         1

        CLASS   SFR0           

        CLASS   SFR1           

        CLASS   SFR2           

        CLASS   SFR3           

        CLASS   CONFIG         
                config                             2007     2007        2         0

        CLASS   IDLOC          

        CLASS   EEDATA         



SEGMENTS        Name                           Load    Length   Top    Selector   Space  Class     Delta

                reset_vec                      000000  000003  000003         0       0  CODE        2
                intentry                       000004  0007FC  000800         8       0  CODE        2
                cstackBANK0                    000020  00004F  00006F        20       1  BANK0       1
                cstackCOMMON                   000070  00000E  00007E        70       1  COMMON      1
                cstackBANK1                    0000A0  00004D  0000ED        A0       1  BANK1       1
                bssBANK2                       000110  000033  000143       110       1  BANK2       1
                bssBANK3                       000190  000033  0001C3       190       1  BANK3       1
                strings                        000800  00002D  00082D      1000       0  STRING      2
                text14                         000A11  000008  000A19      1422       0  CODE        2
                clrtext                        000A19  000008  000A21      1432       0  CODE        2
                text15                         000A21  00000C  000A2D      1442       0  CODE        2
                text21                         000A2D  000015  000A42      145A       0  CODE        2
                text5                          000A42  000018  000A5A      1484       0  CODE        2
                text4                          000A5A  00001A  000A74      14B4       0  CODE        2
                text13                         000A74  00001E  000A92      14E8       0  CODE        2
                text25                         000A92  000023  000AB5      1524       0  CODE        2
                text10                         000AB5  00002A  000ADF      156A       0  CODE        2
                text12                         000ADF  000034  000B13      15BE       0  CODE        2
                text2                          000B13  000034  000B47      1626       0  CODE        2
                text11                         000B47  000036  000B7D      168E       0  CODE        2
                text3                          000B7D  00003E  000BBB      16FA       0  CODE        2
                text19                         000BBB  00003F  000BFA      1776       0  CODE        2
                text23                         000BFA  00006D  000C67      17F4       0  CODE        2
                text18                         000C67  000081  000CE8      18CE       0  CODE        2
                text7                          000CE8  000085  000D6D      19D0       0  CODE        2
                text20                         000D6D  00008F  000DFC      1ADA       0  CODE        2
                text9                          000DFC  00008F  000E8B      1BF8       0  CODE        2
                text22                         000E8B  0000A3  000F2E      1D16       0  CODE        2
                text1                          000F2E  0000D2  001000      1E5C       0  CODE        2
                config                         002007  000002  002009      400E       0  CONFIG      2


UNUSED ADDRESS RANGES

        Name                Unused          Largest block    Delta
        BANK0            006F-006F              1           1
        BANK1            00ED-00EF              3           1
        BANK2            0143-016F             2D           1
        BANK3            01C3-01EF             2D           1
        CODE             0003-0003              1           2
                         082D-0A10            1E4
                         1000-1FFF            800
        CONST            0003-0003              1           2
                         082D-0A10            100
                         1000-1FFF            100
        EEDATA           2100-21FF            100           2
        ENTRY            0003-0003              1           2
                         082D-0A10            100
                         1000-1FFF            100
        IDLOC            2000-2003              4           2
        RAM              006F-006F              1           1
                         00ED-00EF              3
                         0143-016F             2D
                         01C3-01EF             2D
        SFR0             0000-001F             20           1
        SFR1             0080-009F             20           1
        SFR2             0100-010F             10           1
        SFR3             0180-018F             10           1
        STACK            0143-016F             2D           1
        STRCODE          0003-0003              1           2
                         082D-0A10            1E4
                         1000-1FFF           1000
        STRING           0003-0003              1           2
                         082D-0A10            100
                         1000-1FFF            100

                                  Symbol Table

?__Umul8_16              cstackCOMMON 0070
?___aldiv                cstackBANK1  00AD
?___flmul                cstackBANK0  0020
?___fltol                cstackBANK0  003A
?___lmul                 cstackBANK1  00A0
?___lwdiv                cstackBANK1  00A0
?___lwmod                cstackBANK1  00A8
?___xxtofl               cstackCOMMON 0070
?_sprintf                cstackBANK1  00AE
?i1___aldiv              cstackBANK0  0020
?i1___lmul               cstackCOMMON 0070
SetMotor@D_Response      cstackBANK0  004F
SetMotor@I_Response      cstackBANK0  0051
SetMotor@P_Response      cstackBANK0  004D
SetMotor@derivative      bssBANK1     00E5
SetMotor@err             cstackBANK0  0053
SetMotor@integral        bssBANK1     00E9
SetMotor@last_err        bssBANK1     00D7
SetMotor@resp            cstackBANK0  0055
SetPoint@new_val         cstackBANK1  00A0
_ANS10                   (abs)        0C4A
_ANS11                   (abs)        0C4B
_ANS12                   (abs)        0C4C
_ANS13                   (abs)        0C4D
_ANS4                    (abs)        0C44
_ANS8                    (abs)        0C48
_ANS9                    (abs)        0C49
_BRGH                    (abs)        04C2
_CCP1CONbits             (abs)        0017
_CCP2CONbits             (abs)        001D
_CCPR1L                  (abs)        0015
_CCPR2L                  (abs)        001B
_CKE                     (abs)        04A6
_CKP                     (abs)        00A4
_CREN                    (abs)        00C4
_FERR                    (abs)        00C2
_GIE                     (abs)        005F
_IOCB                    (abs)        0096
_OERR                    (abs)        00C1
_OPTION_REGbits          (abs)        0081
_PEIE                    (abs)        005E
_PIR1bits                (abs)        000C
_PORTB                   (abs)        0006
_PR2                     (abs)        0092
_RA5                     (abs)        002D
_RA6                     (abs)        002E
_RB0                     (abs)        0030
_RB5                     (abs)        0035
_RBIE                    (abs)        005B
_RBIF                    (abs)        0058
_RC0                     (abs)        0038
_RCIE                    (abs)        0465
_RCIF                    (abs)        0065
_RCREG                   (abs)        001A
_RX9                     (abs)        00C6
_SMP                     (abs)        04A7
_SPBRG                   (abs)        0099
_SPEN                    (abs)        00C7
_SREN                    (abs)        00C5
_SSPBUF                  (abs)        0013
_SSPCONbits              (abs)        0014
_SSPEN                   (abs)        00A5
_SSPIF                   (abs)        0063
_SSPSTATbits             (abs)        0094
_SYNC                    (abs)        04C4
_SetMotor                text17       034E
_SetPoint                text15       0A21
_T0IE                    (abs)        005D
_T0IF                    (abs)        005A
_T2CONbits               (abs)        0012
_TMR0                    (abs)        0001
_TMR1IE                  (abs)        0460
_TRISA5                  (abs)        042D
_TRISA6                  (abs)        042E
_TRISB0                  (abs)        0430
_TRISB1                  (abs)        0431
_TRISB2                  (abs)        0432
_TRISB3                  (abs)        0433
_TRISB4                  (abs)        0434
_TRISB5                  (abs)        0435
_TRISB7                  (abs)        0437
_TRISC0                  (abs)        0438
_TRISC1                  (abs)        0439
_TRISC2                  (abs)        043A
_TRISC3                  (abs)        043B
_TRISC4                  (abs)        043C
_TRISC5                  (abs)        043D
_TX9                     (abs)        04C6
_TXEN                    (abs)        04C5
_TXIE                    (abs)        0464
_TXIF                    (abs)        0064
_TXREG                   (abs)        0019
_WCOL                    (abs)        00A7
__CFG_BOR4V$BOR21V       (abs)        0000
__CFG_BOREN$OFF          (abs)        0000
__CFG_CP$OFF             (abs)        0000
__CFG_CPD$OFF            (abs)        0000
__CFG_FCMEN$ON           (abs)        0000
__CFG_FOSC$EC            (abs)        0000
__CFG_IESO$ON            (abs)        0000
__CFG_LVP$OFF            (abs)        0000
__CFG_MCLRE$ON           (abs)        0000
__CFG_PWRTE$OFF          (abs)        0000
__CFG_WDTE$OFF           (abs)        0000
__CFG_WRT$OFF            (abs)        0000
__Habs1                  abs1         0000
__Hbank0                 bank0        0000
__Hbank1                 bank1        0000
__Hbank2                 bank2        0000
__Hbank3                 bank3        0000
__HbssBANK0              bssBANK0     0000
__HbssBANK1              bssBANK1     0000
__HbssBANK2              bssBANK2     0000
__HbssBANK3              bssBANK3     0000
__Hcinit                 cinit        0039
__Hclrtext               clrtext      0000
__Hcode                  code         0000
__Hcommon                common       0000
__Hconfig                config       2009
__HcstackBANK0           cstackBANK0  0000
__HcstackBANK1           cstackBANK1  0000
__HcstackCOMMON          cstackCOMMON 0000
__Heeprom_data           eeprom_data  0000
__Hend_init              end_init     0015
__Hfunctab               functab      0000
__Hidloc                 idloc        0000
__Hinit                  init         0012
__Hintentry              intentry     0012
__Hmaintext              maintext     0000
__Hpowerup               powerup      0000
__Hram                   ram          0000
__Hreset_vec             reset_vec    0003
__Hsfr0                  sfr0         0000
__Hsfr1                  sfr1         0000
__Hsfr2                  sfr2         0000
__Hsfr3                  sfr3         0000
__Hspace_0               (abs)        2009
__Hspace_1               (abs)        01C3
__Hspace_2               (abs)        0000
__Hspace_3               (abs)        0000
__Hstack                 stack        0000
__Hstrings               strings      0000
__Htext                  text         0000
__Labs1                  abs1         0000
__Lbank0                 bank0        0000
__Lbank1                 bank1        0000
__Lbank2                 bank2        0000
__Lbank3                 bank3        0000
__LbssBANK0              bssBANK0     0000
__LbssBANK1              bssBANK1     0000
__LbssBANK2              bssBANK2     0000
__LbssBANK3              bssBANK3     0000
__Lcinit                 cinit        0015
__Lclrtext               clrtext      0000
__Lcode                  code         0000
__Lcommon                common       0000
__Lconfig                config       2007
__LcstackBANK0           cstackBANK0  0000
__LcstackBANK1           cstackBANK1  0000
__LcstackCOMMON          cstackCOMMON 0000
__Leeprom_data           eeprom_data  0000
__Lend_init              end_init     0012
__Lfunctab               functab      0000
__Lidloc                 idloc        0000
__Linit                  init         0012
__Lintentry              intentry     0004
__Lmaintext              maintext     0000
__Lpowerup               powerup      0000
__Lram                   ram          0000
__Lreset_vec             reset_vec    0000
__Lsfr0                  sfr0         0000
__Lsfr1                  sfr1         0000
__Lsfr2                  sfr2         0000
__Lsfr3                  sfr3         0000
__Lspace_0               (abs)        0000
__Lspace_1               (abs)        0000
__Lspace_2               (abs)        0000
__Lspace_3               (abs)        0000
__Lstack                 stack        0000
__Lstrings               strings      0000
__Ltext                  text         0000
__S0                     (abs)        2009
__S1                     (abs)        01C3
__S2                     (abs)        0000
__S3                     (abs)        0000
__Umul8_16               text25       0A92
__Umul8_16@multiplicand  cstackCOMMON 0070
__Umul8_16@multiplier    cstackCOMMON 0078
__Umul8_16@product       cstackCOMMON 0074
__Umul8_16@word_mpld     cstackCOMMON 0076
___aldiv                 text9        0DFC
___aldiv@counter         cstackBANK1  00B6
___aldiv@dividend        cstackBANK1  00B1
___aldiv@divisor         cstackBANK1  00AD
___aldiv@quotient        cstackBANK1  00B8
___aldiv@sign            cstackBANK1  00B7
___flmul                 text24       0039
___flmul@a               cstackBANK0  0024
___flmul@aexp            cstackBANK0  0032
___flmul@b               cstackBANK0  0020
___flmul@bexp            cstackBANK0  0033
___flmul@grs             cstackBANK0  002E
___flmul@prod            cstackBANK0  0034
___flmul@sign            cstackBANK0  002D
___flmul@temp            cstackBANK0  0038
___fltol                 text23       0BFA
___fltol@exp1            cstackBANK0  0044
___fltol@f1              cstackBANK0  003A
___fltol@sign1           cstackBANK0  0043
___int_sp                stack        0000
___latbits               (abs)        0002
___lmul                  text8        07AA
___lmul@multiplicand     cstackBANK1  00A4
___lmul@multiplier       cstackBANK1  00A0
___lmul@product          cstackBANK1  00A9
___lwdiv                 text3        0B7D
___lwdiv@counter         cstackBANK1  00A7
___lwdiv@dividend        cstackBANK1  00A2
___lwdiv@divisor         cstackBANK1  00A0
___lwdiv@quotient        cstackBANK1  00A5
___lwmod                 text2        0B13
___lwmod@counter         cstackBANK1  00AD
___lwmod@dividend        cstackBANK1  00AA
___lwmod@divisor         cstackBANK1  00A8
___sp                    stack        0000
___stackhi               (abs)        0000
___stacklo               (abs)        0000
___xxtofl                text22       0E8B
___xxtofl@arg            cstackCOMMON 007A
___xxtofl@exp            cstackCOMMON 0079
___xxtofl@sign           cstackCOMMON 0078
___xxtofl@val            cstackCOMMON 0070
__end_of_SetMotor        text17       055C
__end_of_SetPoint        text15       0A2D
__end_of__Umul8_16       text25       0AB5
__end_of___aldiv         text9        0E8B
__end_of___flmul         text24       034E
__end_of___fltol         text23       0C67
__end_of___lmul          text8        07EB
__end_of___lwdiv         text3        0BBB
__end_of___lwmod         text2        0B47
__end_of___xxtofl        text22       0F2E
__end_of__initialization cinit        0035
__end_of__stringtab      strings      0806
__end_of_chkchr          text14       0A19
__end_of_constrain       text21       0A42
__end_of_dpowers         strings      0810
__end_of_encoders_init   text13       0A92
__end_of_isr             text16       07AA
__end_of_main            maintext     0697
__end_of_putch           text12       0B13
__end_of_putst           text11       0B7D
__end_of_pwm_init        text10       0ADF
__end_of_pwm_set         text7        0D6D
__end_of_resetCounter    text6        0800
__end_of_serial_init     text5        0A5A
__end_of_spi_slave_init  text4        0A74
__end_of_sprintf         text1        1000
__end_ofi1___aldiv       text20       0DFC
__end_ofi1___lmul        text19       0BFA
__end_ofi1_pwm_set       text18       0CE8
__initialization         cinit        0015
__pbssBANK0              bssBANK0     005E
__pbssBANK1              bssBANK1     00D7
__pbssBANK2              bssBANK2     0110
__pbssBANK3              bssBANK3     0190
__pcstackBANK0           cstackBANK0  0020
__pcstackBANK1           cstackBANK1  00A0
__pcstackCOMMON          cstackCOMMON 0070
__pintentry              intentry     0004
__pmaintext              maintext     055C
__pstrings               strings      0800
__ptext1                 text1        0F2E
__ptext10                text10       0AB5
__ptext11                text11       0B47
__ptext12                text12       0ADF
__ptext13                text13       0A74
__ptext14                text14       0A11
__ptext15                text15       0A21
__ptext16                text16       0697
__ptext17                text17       034E
__ptext18                text18       0C67
__ptext19                text19       0BBB
__ptext2                 text2        0B13
__ptext20                text20       0D6D
__ptext21                text21       0A2D
__ptext22                text22       0E8B
__ptext23                text23       0BFA
__ptext24                text24       0039
__ptext25                text25       0A92
__ptext3                 text3        0B7D
__ptext4                 text4        0A5A
__ptext5                 text5        0A42
__ptext6                 text6        07EB
__ptext7                 text7        0CE8
__ptext8                 text8        07AA
__ptext9                 text9        0DFC
__size_of_SetMotor       (abs)        0000
__size_of_SetPoint       (abs)        0000
__size_of__Umul8_16      (abs)        0000
__size_of___aldiv        (abs)        0000
__size_of___flmul        (abs)        0000
__size_of___fltol        (abs)        0000
__size_of___lmul         (abs)        0000
__size_of___lwdiv        (abs)        0000
__size_of___lwmod        (abs)        0000
__size_of___xxtofl       (abs)        0000
__size_of_chkchr         (abs)        0000
__size_of_constrain      (abs)        0000
__size_of_encoders_init  (abs)        0000
__size_of_isr            (abs)        0000
__size_of_main           (abs)        0000
__size_of_putch          (abs)        0000
__size_of_putst          (abs)        0000
__size_of_pwm_init       (abs)        0000
__size_of_pwm_set        (abs)        0000
__size_of_resetCounter   (abs)        0000
__size_of_serial_init    (abs)        0000
__size_of_spi_slave_init (abs)        0000
__size_of_sprintf        (abs)        0000
__size_ofi1___aldiv      (abs)        0000
__size_ofi1___lmul       (abs)        0000
__size_ofi1_pwm_set      (abs)        0000
__stringbase             strings      0805
__stringtab              strings      0800
_ab1                     bssBANK0     006B
_chkchr                  text14       0A11
_com_time                bssBANK0     0066
_constrain               text21       0A2D
_delayus_variable        bssBANK0     006E
_dpowers                 strings      0806
_dummy                   bssBANK0     006D
_encoder1_counter        bssBANK1     00DF
_encoders_init           text13       0A74
_isr                     text16       0697
_last_pos                bssBANK0     005E
_main                    maintext     055C
_motor_pos               bssBANK0     0062
_pos_log1                bssBANK3     0190
_pos_log2                bssBANK2     0110
_putch                   text12       0ADF
_putst                   text11       0B47
_pwm_init                text10       0AB5
_pwm_set                 text7        0CE8
_resetCounter            text6        07EB
_samples                 bssBANK0     0068
_sampling                bssBANK0     006A
_serial_init             text5        0A42
_set_point               bssBANK1     00DB
_spi_slave_init          text4        0A5A
_sprintf                 text1        0F2E
_state1                  bssBANK0     006C
btemp                    (abs)        007E
clear_ram0               clrtext      0A19
constrain@lLimit         cstackCOMMON 0074
constrain@uLimit         cstackCOMMON 0078
constrain@value          cstackCOMMON 0070
end_of_initialization    cinit        0035
i1___aldiv               text20       0D6D
i1___aldiv@counter       cstackBANK0  0028
i1___aldiv@dividend      cstackBANK0  0024
i1___aldiv@divisor       cstackBANK0  0020
i1___aldiv@quotient      cstackBANK0  002A
i1___aldiv@sign          cstackBANK0  0029
i1___lmul                text19       0BBB
i1___lmul@multiplicand   cstackCOMMON 0074
i1___lmul@multiplier     cstackCOMMON 0070
i1___lmul@product        cstackCOMMON 0079
i1_pwm_set               text18       0C67
i1pwm_set@channel        cstackBANK0  002E
i1pwm_set@duty_cycle     cstackBANK0  0030
interrupt_function       intentry     0004
intlevel0                functab      0000
intlevel1                functab      0000
intlevel2                functab      0000
intlevel3                functab      0000
intlevel4                functab      0000
intlevel5                functab      0000
isr@portB                cstackBANK0  005D
main@sVar                cstackBANK1  00CC
main@serialIn_346        cstackBANK1  00D6
putch@c                  cstackBANK1  00A1
putst@str                cstackBANK1  00A3
pwm_set@channel          cstackBANK1  00BC
pwm_set@duty_cycle       cstackBANK1  00BE
reset_vec                reset_vec    0000
saved_w                  (abs)        007E
sprintf@ap               cstackBANK1  00B6
sprintf@c                cstackBANK1  00BC
sprintf@f                cstackBANK1  00AE
sprintf@flag             cstackBANK1  00B7
sprintf@prec             cstackBANK1  00B8
sprintf@sp               cstackBANK1  00BB
sprintf@val              cstackBANK1  00B9
start                    init         0012
start_initialization     cinit        0015
wtemp0                   (abs)        007E


FUNCTION INFORMATION:

 *************** function _main *****************
 Defined at:
		line 283 in file "main.c"
 Parameters:    Size  Location     Type
		None
 Auto vars:     Size  Location     Type
  sVar           10   44[BANK1 ] unsigned char [10]
  serialIn        1   54[BANK1 ] unsigned char 
  i               2    0        int 
  enc1            2    0        int 
  serialIn        1    0        unsigned char 
 Return value:  Size  Location     Type
                  1    wreg      void 
 Registers used:
		wreg, fsr0l, fsr0h, status,2, status,0, btemp+1, pclath, cstack
 Tracked objects:
		On entry : 
		On exit  : 
		Unchanged: 
 Data sizes:     COMMON   BANK0   BANK1   BANK3   BANK2
      Params:         0       0       0       0       0
      Locals:         0       0      16       0       0
      Temps:          0       0       1       0       0
      Totals:         0       0      17       0       0
Total ram usage:       17 bytes
 Hardware stack levels required when called:    6
 This function calls:
		_SetPoint
		_chkchr
		_encoders_init
		_putst
		_pwm_init
		_pwm_set
		_resetCounter
		_serial_init
		_spi_slave_init
		_sprintf
 This function is called by:
		Startup code after reset
 This function uses a non-reentrant model


 *************** function _sprintf *****************
 Defined at:
		line 500 in file "D:\Microchip\xc8\v2.05\pic\sources\c90\common\doprnt.c"
 Parameters:    Size  Location     Type
  sp              1    wreg     PTR unsigned char 
		 -> main@sVar(10), 
  f               1   14[BANK1 ] PTR const unsigned char 
		 -> STR_4(14), STR_3(4), STR_2(4), STR_1(11), 
 Auto vars:     Size  Location     Type
  sp              1   27[BANK1 ] PTR unsigned char 
		 -> main@sVar(10), 
  tmpval          4    0        struct .
  val             2   25[BANK1 ] unsigned int 
  cp              2    0        PTR const unsigned char 
  len             2    0        unsigned int 
  c               1   28[BANK1 ] unsigned char 
  prec            1   24[BANK1 ] char 
  flag            1   23[BANK1 ] unsigned char 
  ap              1   22[BANK1 ] PTR void [1]
		 -> ?_sprintf(2), 
 Return value:  Size  Location     Type
                  2   14[BANK1 ] int 
 Registers used:
		wreg, fsr0l, fsr0h, status,2, status,0, btemp+1, pclath, cstack
 Tracked objects:
		On entry : 
		On exit  : 
		Unchanged: 
 Data sizes:     COMMON   BANK0   BANK1   BANK3   BANK2
      Params:         0       0       5       0       0
      Locals:         0       0       7       0       0
      Temps:          0       0       3       0       0
      Totals:         0       0      15       0       0
Total ram usage:       15 bytes
 Hardware stack levels used:    1
 Hardware stack levels required when called:    5
 This function calls:
		___lwdiv
		___lwmod
 This function is called by:
		_main
 This function uses a non-reentrant model


 *************** function ___lwmod *****************
 Defined at:
		line 5 in file "D:\Microchip\xc8\v2.05\pic\sources\c90\common\lwmod.c"
 Parameters:    Size  Location     Type
  divisor         2    8[BANK1 ] unsigned int 
  dividend        2   10[BANK1 ] unsigned int 
 Auto vars:     Size  Location     Type
  counter         1   13[BANK1 ] unsigned char 
 Return value:  Size  Location     Type
                  2    8[BANK1 ] unsigned int 
 Registers used:
		wreg, status,2, status,0
 Tracked objects:
		On entry : 
		On exit  : 
		Unchanged: 
 Data sizes:     COMMON   BANK0   BANK1   BANK3   BANK2
      Params:         0       0       4       0       0
      Locals:         0       0       1       0       0
      Temps:          0       0       1       0       0
      Totals:         0       0       6       0       0
Total ram usage:        6 bytes
 Hardware stack levels used:    1
 Hardware stack levels required when called:    4
 This function calls:
		Nothing
 This function is called by:
		_sprintf
 This function uses a non-reentrant model


 *************** function ___lwdiv *****************
 Defined at:
		line 5 in file "D:\Microchip\xc8\v2.05\pic\sources\c90\common\lwdiv.c"
 Parameters:    Size  Location     Type
  divisor         2    0[BANK1 ] unsigned int 
  dividend        2    2[BANK1 ] unsigned int 
 Auto vars:     Size  Location     Type
  quotient        2    5[BANK1 ] unsigned int 
  counter         1    7[BANK1 ] unsigned char 
 Return value:  Size  Location     Type
                  2    0[BANK1 ] unsigned int 
 Registers used:
		wreg, status,2, status,0
 Tracked objects:
		On entry : 
		On exit  : 
		Unchanged: 
 Data sizes:     COMMON   BANK0   BANK1   BANK3   BANK2
      Params:         0       0       4       0       0
      Locals:         0       0       3       0       0
      Temps:          0       0       1       0       0
      Totals:         0       0       8       0       0
Total ram usage:        8 bytes
 Hardware stack levels used:    1
 Hardware stack levels required when called:    4
 This function calls:
		Nothing
 This function is called by:
		_sprintf
 This function uses a non-reentrant model


 *************** function _spi_slave_init *****************
 Defined at:
		line 39 in file "spi.c"
 Parameters:    Size  Location     Type
		None
 Auto vars:     Size  Location     Type
		None
 Return value:  Size  Location     Type
                  1    wreg      void 
 Registers used:
		wreg, status,2, status,0
 Tracked objects:
		On entry : 
		On exit  : 
		Unchanged: 
 Data sizes:     COMMON   BANK0   BANK1   BANK3   BANK2
      Params:         0       0       0       0       0
      Locals:         0       0       0       0       0
      Temps:          0       0       0       0       0
      Totals:         0       0       0       0       0
Total ram usage:        0 bytes
 Hardware stack levels used:    1
 Hardware stack levels required when called:    4
 This function calls:
		Nothing
 This function is called by:
		_main
 This function uses a non-reentrant model


 *************** function _serial_init *****************
 Defined at:
		line 29 in file "serial.c"
 Parameters:    Size  Location     Type
		None
 Auto vars:     Size  Location     Type
		None
 Return value:  Size  Location     Type
                  1    wreg      void 
 Registers used:
		wreg
 Tracked objects:
		On entry : 
		On exit  : 
		Unchanged: 
 Data sizes:     COMMON   BANK0   BANK1   BANK3   BANK2
      Params:         0       0       0       0       0
      Locals:         0       0       0       0       0
      Temps:          0       0       0       0       0
      Totals:         0       0       0       0       0
Total ram usage:        0 bytes
 Hardware stack levels used:    1
 Hardware stack levels required when called:    4
 This function calls:
		Nothing
 This function is called by:
		_main
 This function uses a non-reentrant model


 *************** function _resetCounter *****************
 Defined at:
		line 146 in file "main.c"
 Parameters:    Size  Location     Type
		None
 Auto vars:     Size  Location     Type
		None
 Return value:  Size  Location     Type
                  1    wreg      void 
 Registers used:
		wreg
 Tracked objects:
		On entry : 
		On exit  : 
		Unchanged: 
 Data sizes:     COMMON   BANK0   BANK1   BANK3   BANK2
      Params:         0       0       0       0       0
      Locals:         0       0       0       0       0
      Temps:          0       0       0       0       0
      Totals:         0       0       0       0       0
Total ram usage:        0 bytes
 Hardware stack levels used:    1
 Hardware stack levels required when called:    4
 This function calls:
		Nothing
 This function is called by:
		_main
		_motor_reset
 This function uses a non-reentrant model


 *************** function _pwm_set *****************
 Defined at:
		line 72 in file "pwm.c"
 Parameters:    Size  Location     Type
  channel         2   28[BANK1 ] int 
  duty_cycle      4   30[BANK1 ] long 
 Auto vars:     Size  Location     Type
		None
 Return value:  Size  Location     Type
                  1    wreg      void 
 Registers used:
		wreg, fsr0l, fsr0h, status,2, status,0, pclath, cstack
 Tracked objects:
		On entry : 
		On exit  : 
		Unchanged: 
 Data sizes:     COMMON   BANK0   BANK1   BANK3   BANK2
      Params:         0       0       6       0       0
      Locals:         0       0       0       0       0
      Temps:          0       0       4       0       0
      Totals:         0       0      10       0       0
Total ram usage:       10 bytes
 Hardware stack levels used:    1
 Hardware stack levels required when called:    5
 This function calls:
		___aldiv
		___lmul
 This function is called by:
		_main
		_motor_reset
 This function uses a non-reentrant model


 *************** function ___lmul *****************
 Defined at:
		line 15 in file "D:\Microchip\xc8\v2.05\pic\sources\c90\common\Umul32.c"
 Parameters:    Size  Location     Type
  multiplier      4    0[BANK1 ] unsigned long 
  multiplicand    4    4[BANK1 ] unsigned long 
 Auto vars:     Size  Location     Type
  product         4    9[BANK1 ] unsigned long 
 Return value:  Size  Location     Type
                  4    0[BANK1 ] unsigned long 
 Registers used:
		wreg, status,2, status,0
 Tracked objects:
		On entry : 
		On exit  : 
		Unchanged: 
 Data sizes:     COMMON   BANK0   BANK1   BANK3   BANK2
      Params:         0       0       8       0       0
      Locals:         0       0       4       0       0
      Temps:          0       0       1       0       0
      Totals:         0       0      13       0       0
Total ram usage:       13 bytes
 Hardware stack levels used:    1
 Hardware stack levels required when called:    4
 This function calls:
		Nothing
 This function is called by:
		_pwm_set
 This function uses a non-reentrant model


 *************** function ___aldiv *****************
 Defined at:
		line 5 in file "D:\Microchip\xc8\v2.05\pic\sources\c90\common\aldiv.c"
 Parameters:    Size  Location     Type
  divisor         4   13[BANK1 ] long 
  dividend        4   17[BANK1 ] long 
 Auto vars:     Size  Location     Type
  quotient        4   24[BANK1 ] long 
  sign            1   23[BANK1 ] unsigned char 
  counter         1   22[BANK1 ] unsigned char 
 Return value:  Size  Location     Type
                  4   13[BANK1 ] long 
 Registers used:
		wreg, status,2, status,0
 Tracked objects:
		On entry : 
		On exit  : 
		Unchanged: 
 Data sizes:     COMMON   BANK0   BANK1   BANK3   BANK2
      Params:         0       0       8       0       0
      Locals:         0       0       6       0       0
      Temps:          0       0       1       0       0
      Totals:         0       0      15       0       0
Total ram usage:       15 bytes
 Hardware stack levels used:    1
 Hardware stack levels required when called:    4
 This function calls:
		Nothing
 This function is called by:
		_pwm_set
 This function uses a non-reentrant model


 *************** function _pwm_init *****************
 Defined at:
		line 25 in file "pwm.c"
 Parameters:    Size  Location     Type
		None
 Auto vars:     Size  Location     Type
		None
 Return value:  Size  Location     Type
                  1    wreg      void 
 Registers used:
		wreg, status,2, status,0
 Tracked objects:
		On entry : 
		On exit  : 
		Unchanged: 
 Data sizes:     COMMON   BANK0   BANK1   BANK3   BANK2
      Params:         0       0       0       0       0
      Locals:         0       0       0       0       0
      Temps:          0       0       0       0       0
      Totals:         0       0       0       0       0
Total ram usage:        0 bytes
 Hardware stack levels used:    1
 Hardware stack levels required when called:    4
 This function calls:
		Nothing
 This function is called by:
		_main
 This function uses a non-reentrant model


 *************** function _putst *****************
 Defined at:
		line 211 in file "serial.c"
 Parameters:    Size  Location     Type
  str             1    wreg     PTR const unsigned char 
		 -> main@sVar(10), 
 Auto vars:     Size  Location     Type
  str             1    3[BANK1 ] PTR const unsigned char 
		 -> main@sVar(10), 
 Return value:  Size  Location     Type
                  1    wreg      void 
 Registers used:
		wreg, fsr0l, fsr0h, status,2, status,0, pclath, cstack
 Tracked objects:
		On entry : 
		On exit  : 
		Unchanged: 
 Data sizes:     COMMON   BANK0   BANK1   BANK3   BANK2
      Params:         0       0       0       0       0
      Locals:         0       0       1       0       0
      Temps:          0       0       1       0       0
      Totals:         0       0       2       0       0
Total ram usage:        2 bytes
 Hardware stack levels used:    1
 Hardware stack levels required when called:    5
 This function calls:
		_putch
 This function is called by:
		_main
 This function uses a non-reentrant model


 *************** function _putch *****************
 Defined at:
		line 95 in file "serial.c"
 Parameters:    Size  Location     Type
  c               1    wreg     unsigned char 
 Auto vars:     Size  Location     Type
  c               1    1[BANK1 ] unsigned char 
 Return value:  Size  Location     Type
                  1    wreg      void 
 Registers used:
		wreg
 Tracked objects:
		On entry : 
		On exit  : 
		Unchanged: 
 Data sizes:     COMMON   BANK0   BANK1   BANK3   BANK2
      Params:         0       0       0       0       0
      Locals:         0       0       1       0       0
      Temps:          0       0       1       0       0
      Totals:         0       0       2       0       0
Total ram usage:        2 bytes
 Hardware stack levels used:    1
 Hardware stack levels required when called:    4
 This function calls:
		Nothing
 This function is called by:
		_putst
		_putchhex
		_putchdec
 This function uses a non-reentrant model


 *************** function _encoders_init *****************
 Defined at:
		line 239 in file "main.c"
 Parameters:    Size  Location     Type
		None
 Auto vars:     Size  Location     Type
		None
 Return value:  Size  Location     Type
                  1    wreg      void 
 Registers used:
		wreg, status,2, status,0
 Tracked objects:
		On entry : 
		On exit  : 
		Unchanged: 
 Data sizes:     COMMON   BANK0   BANK1   BANK3   BANK2
      Params:         0       0       0       0       0
      Locals:         0       0       0       0       0
      Temps:          0       0       2       0       0
      Totals:         0       0       2       0       0
Total ram usage:        2 bytes
 Hardware stack levels used:    1
 Hardware stack levels required when called:    4
 This function calls:
		Nothing
 This function is called by:
		_main
 This function uses a non-reentrant model


 *************** function _chkchr *****************
 Defined at:
		line 142 in file "serial.c"
 Parameters:    Size  Location     Type
		None
 Auto vars:     Size  Location     Type
		None
 Return value:  Size  Location     Type
                  1    wreg      unsigned char 
 Registers used:
		wreg
 Tracked objects:
		On entry : 
		On exit  : 
		Unchanged: 
 Data sizes:     COMMON   BANK0   BANK1   BANK3   BANK2
      Params:         0       0       0       0       0
      Locals:         0       0       0       0       0
      Temps:          0       0       0       0       0
      Totals:         0       0       0       0       0
Total ram usage:        0 bytes
 Hardware stack levels used:    1
 Hardware stack levels required when called:    4
 This function calls:
		Nothing
 This function is called by:
		_main
 This function uses a non-reentrant model


 *************** function _SetPoint *****************
 Defined at:
		line 142 in file "main.c"
 Parameters:    Size  Location     Type
  new_val         2    0[BANK1 ] int 
 Auto vars:     Size  Location     Type
		None
 Return value:  Size  Location     Type
                  1    wreg      void 
 Registers used:
		wreg
 Tracked objects:
		On entry : 
		On exit  : 
		Unchanged: 
 Data sizes:     COMMON   BANK0   BANK1   BANK3   BANK2
      Params:         0       0       2       0       0
      Locals:         0       0       0       0       0
      Temps:          0       0       0       0       0
      Totals:         0       0       2       0       0
Total ram usage:        2 bytes
 Hardware stack levels used:    1
 Hardware stack levels required when called:    4
 This function calls:
		Nothing
 This function is called by:
		_main
		_motor_reset
 This function uses a non-reentrant model


 *************** function _isr *****************
 Defined at:
		line 159 in file "main.c"
 Parameters:    Size  Location     Type
		None
 Auto vars:     Size  Location     Type
  portB           1   61[BANK0 ] unsigned char 
 Return value:  Size  Location     Type
                  1    wreg      void 
 Registers used:
		wreg, fsr0l, fsr0h, status,2, status,0, btemp+1, pclath, cstack
 Tracked objects:
		On entry : 
		On exit  : 
		Unchanged: 
 Data sizes:     COMMON   BANK0   BANK1   BANK3   BANK2
      Params:         0       0       0       0       0
      Locals:         0       1       0       0       0
      Temps:          0       6       0       0       0
      Totals:         0       7       0       0       0
Total ram usage:        7 bytes
 Hardware stack levels used:    1
 Hardware stack levels required when called:    3
 This function calls:
		_SetMotor
 This function is called by:
		Interrupt level 1
 This function uses a non-reentrant model


 *************** function _SetMotor *****************
 Defined at:
		line 106 in file "main.c"
 Parameters:    Size  Location     Type
		None
 Auto vars:     Size  Location     Type
  resp            2   53[BANK0 ] int 
  err             2   51[BANK0 ] int 
  I_Response      2   49[BANK0 ] int 
  D_Response      2   47[BANK0 ] int 
  P_Response      2   45[BANK0 ] int 
 Return value:  Size  Location     Type
                  1    wreg      void 
 Registers used:
		wreg, fsr0l, fsr0h, status,2, status,0, btemp+1, pclath, cstack
 Tracked objects:
		On entry : 
		On exit  : 
		Unchanged: 
 Data sizes:     COMMON   BANK0   BANK1   BANK3   BANK2
      Params:         0       0       0       0       0
      Locals:         0      10       0       0       0
      Temps:          0       8       0       0       0
      Totals:         0      18       0       0       0
Total ram usage:       18 bytes
 Hardware stack levels used:    1
 Hardware stack levels required when called:    2
 This function calls:
		___flmul
		___fltol
		___xxtofl
		_constrain
		i1_pwm_set
 This function is called by:
		_isr
 This function uses a non-reentrant model


 *************** function i1_pwm_set *****************
 Defined at:
		line 72 in file "pwm.c"
 Parameters:    Size  Location     Type
  channel         2   14[BANK0 ] int 
  duty_cycle      4   16[BANK0 ] long 
 Auto vars:     Size  Location     Type
		None
 Return value:  Size  Location     Type
                  1    wreg      void 
 Registers used:
		wreg, fsr0l, fsr0h, status,2, status,0, pclath, cstack
 Tracked objects:
		On entry : 
		On exit  : 
		Unchanged: 
 Data sizes:     COMMON   BANK0   BANK1   BANK3   BANK2
      Params:         0       6       0       0       0
      Locals:         0       0       0       0       0
      Temps:          0       4       0       0       0
      Totals:         0      10       0       0       0
Total ram usage:       10 bytes
 Hardware stack levels used:    1
 Hardware stack levels required when called:    1
 This function calls:
		i1___aldiv
		i1___lmul
 This function is called by:
		_SetMotor
 This function uses a non-reentrant model


 *************** function i1___lmul *****************
 Defined at:
		line 15 in file "D:\Microchip\xc8\v2.05\pic\sources\c90\common\Umul32.c"
 Parameters:    Size  Location     Type
  multiplier      4    0[COMMON] unsigned long 
  multiplicand    4    4[COMMON] unsigned long 
 Auto vars:     Size  Location     Type
  __lmul          4    9[COMMON] unsigned long 
 Return value:  Size  Location     Type
                  4    0[COMMON] unsigned long 
 Registers used:
		wreg, status,2, status,0
 Tracked objects:
		On entry : 
		On exit  : 
		Unchanged: 
 Data sizes:     COMMON   BANK0   BANK1   BANK3   BANK2
      Params:         8       0       0       0       0
      Locals:         4       0       0       0       0
      Temps:          1       0       0       0       0
      Totals:        13       0       0       0       0
Total ram usage:       13 bytes
 Hardware stack levels used:    1
 This function calls:
		Nothing
 This function is called by:
		i1_pwm_set
 This function uses a non-reentrant model


 *************** function i1___aldiv *****************
 Defined at:
		line 5 in file "D:\Microchip\xc8\v2.05\pic\sources\c90\common\aldiv.c"
 Parameters:    Size  Location     Type
  divisor         4    0[BANK0 ] long 
  dividend        4    4[BANK0 ] long 
 Auto vars:     Size  Location     Type
  __aldiv         4   10[BANK0 ] long 
  __aldiv         1    9[BANK0 ] unsigned char 
  __aldiv         1    8[BANK0 ] unsigned char 
 Return value:  Size  Location     Type
                  4    0[BANK0 ] long 
 Registers used:
		wreg, status,2, status,0
 Tracked objects:
		On entry : 
		On exit  : 
		Unchanged: 
 Data sizes:     COMMON   BANK0   BANK1   BANK3   BANK2
      Params:         0       8       0       0       0
      Locals:         0       6       0       0       0
      Temps:          1       0       0       0       0
      Totals:         1      14       0       0       0
Total ram usage:       15 bytes
 Hardware stack levels used:    1
 This function calls:
		Nothing
 This function is called by:
		i1_pwm_set
 This function uses a non-reentrant model


 *************** function _constrain *****************
 Defined at:
		line 94 in file "main.c"
 Parameters:    Size  Location     Type
  value           4    0[COMMON] long 
  lLimit          4    4[COMMON] long 
  uLimit          4    8[COMMON] long 
 Auto vars:     Size  Location     Type
		None
 Return value:  Size  Location     Type
                  4    0[COMMON] long 
 Registers used:
		wreg, btemp+1
 Tracked objects:
		On entry : 
		On exit  : 
		Unchanged: 
 Data sizes:     COMMON   BANK0   BANK1   BANK3   BANK2
      Params:        12       0       0       0       0
      Locals:         0       0       0       0       0
      Temps:          0       0       0       0       0
      Totals:        12       0       0       0       0
Total ram usage:       12 bytes
 Hardware stack levels used:    1
 This function calls:
		Nothing
 This function is called by:
		_SetMotor
 This function uses a non-reentrant model


 *************** function ___xxtofl *****************
 Defined at:
		line 10 in file "D:\Microchip\xc8\v2.05\pic\sources\c90\common\xxtofl.c"
 Parameters:    Size  Location     Type
  sign            1    wreg     unsigned char 
  val             4    0[COMMON] long 
 Auto vars:     Size  Location     Type
  sign            1    8[COMMON] unsigned char 
  arg             4   10[COMMON] unsigned long 
  exp             1    9[COMMON] unsigned char 
 Return value:  Size  Location     Type
                  4    0[COMMON] unsigned char 
 Registers used:
		wreg, status,2, status,0
 Tracked objects:
		On entry : 
		On exit  : 
		Unchanged: 
 Data sizes:     COMMON   BANK0   BANK1   BANK3   BANK2
      Params:         4       0       0       0       0
      Locals:         6       0       0       0       0
      Temps:          4       0       0       0       0
      Totals:        14       0       0       0       0
Total ram usage:       14 bytes
 Hardware stack levels used:    1
 This function calls:
		Nothing
 This function is called by:
		_SetMotor
 This function uses a non-reentrant model


 *************** function ___fltol *****************
 Defined at:
		line 43 in file "D:\Microchip\xc8\v2.05\pic\sources\c90\common\fltol.c"
 Parameters:    Size  Location     Type
  f1              4   26[BANK0 ] unsigned char 
 Auto vars:     Size  Location     Type
  exp1            1   36[BANK0 ] unsigned char 
  sign1           1   35[BANK0 ] unsigned char 
 Return value:  Size  Location     Type
                  4   26[BANK0 ] long 
 Registers used:
		wreg, status,2, status,0
 Tracked objects:
		On entry : 
		On exit  : 
		Unchanged: 
 Data sizes:     COMMON   BANK0   BANK1   BANK3   BANK2
      Params:         0       4       0       0       0
      Locals:         0       2       0       0       0
      Temps:          0       5       0       0       0
      Totals:         0      11       0       0       0
Total ram usage:       11 bytes
 Hardware stack levels used:    1
 This function calls:
		Nothing
 This function is called by:
		_SetMotor
 This function uses a non-reentrant model


 *************** function ___flmul *****************
 Defined at:
		line 8 in file "D:\Microchip\xc8\v2.05\pic\sources\c90\common\sprcmul.c"
 Parameters:    Size  Location     Type
  b               4    0[BANK0 ] long 
  a               4    4[BANK0 ] long 
 Auto vars:     Size  Location     Type
  prod            4   20[BANK0 ] struct .
  grs             4   14[BANK0 ] unsigned long 
  temp            2   24[BANK0 ] struct .
  bexp            1   19[BANK0 ] unsigned char 
  aexp            1   18[BANK0 ] unsigned char 
  sign            1   13[BANK0 ] unsigned char 
 Return value:  Size  Location     Type
                  4    0[BANK0 ] unsigned char 
 Registers used:
		wreg, status,2, status,0, btemp+1, pclath, cstack
 Tracked objects:
		On entry : 
		On exit  : 
		Unchanged: 
 Data sizes:     COMMON   BANK0   BANK1   BANK3   BANK2
      Params:         0       8       0       0       0
      Locals:         0      13       0       0       0
      Temps:          0       5       0       0       0
      Totals:         0      26       0       0       0
Total ram usage:       26 bytes
 Hardware stack levels used:    1
 Hardware stack levels required when called:    1
 This function calls:
		__Umul8_16
 This function is called by:
		_SetMotor
 This function uses a non-reentrant model


 *************** function __Umul8_16 *****************
 Defined at:
		line 4 in file "D:\Microchip\xc8\v2.05\pic\sources\c90\common\Umul8_16.c"
 Parameters:    Size  Location     Type
  multiplier      1    wreg     unsigned char 
  multiplicand    1    0[COMMON] unsigned char 
 Auto vars:     Size  Location     Type
  multiplier      1    8[COMMON] unsigned char 
  word_mpld       2    6[COMMON] unsigned int 
  product         2    4[COMMON] unsigned int 
 Return value:  Size  Location     Type
                  2    0[COMMON] unsigned int 
 Registers used:
		wreg, status,2, status,0
 Tracked objects:
		On entry : 
		On exit  : 
		Unchanged: 
 Data sizes:     COMMON   BANK0   BANK1   BANK3   BANK2
      Params:         2       0       0       0       0
      Locals:         5       0       0       0       0
      Temps:          2       0       0       0       0
      Totals:         9       0       0       0       0
Total ram usage:        9 bytes
 Hardware stack levels used:    1
 This function calls:
		Nothing
 This function is called by:
		___flmul
 This function uses a non-reentrant model



MODULE INFORMATION

Module		Function		Class		Link	Load	Size
serial.c
		_putch         		CODE           	0ADF	0000	53
		_chkchr        		CODE           	0A11	0000	9
		_putst         		CODE           	0B47	0000	55
		_serial_init   		CODE           	0A42	0000	25

serial.c estimated size: 142

D:\Microchip\xc8\v2.05\pic\sources\c90\common\doprnt.c
		_sprintf       		CODE           	0F2E	0000	211

D:\Microchip\xc8\v2.05\pic\sources\c90\common\doprnt.c estimated size: 211

pwm.c
		_pwm_set       		CODE           	0CE8	0000	134
		_pwm_init      		CODE           	0AB5	0000	43

pwm.c estimated size: 177

D:\Microchip\xc8\v2.05\pic\sources\c90\common\lwmod.c
		___lwmod       		CODE           	0B13	0000	53

D:\Microchip\xc8\v2.05\pic\sources\c90\common\lwmod.c estimated size: 53

D:\Microchip\xc8\v2.05\pic\sources\c90\common\sprcmul.c
		___flmul       		CODE           	0039	0000	790

D:\Microchip\xc8\v2.05\pic\sources\c90\common\sprcmul.c estimated size: 790

D:\Microchip\xc8\v2.05\pic\sources\c90\common\Umul32.c
		___lmul        		CODE           	07AA	0000	66

D:\Microchip\xc8\v2.05\pic\sources\c90\common\Umul32.c estimated size: 66

spi.c
		_spi_slave_init		CODE           	0A5A	0000	27

spi.c estimated size: 27

shared
		__stringtab    		STRING         	0800	0000	7
		_dpowers       		STRING         	0806	0000	11
		i1_pwm_set     		CODE           	0C67	0000	130
		__initialization		CODE           	0015	0000	33
		i1___lmul      		CODE           	0BBB	0000	64
		i1___aldiv     		CODE           	0D6D	0000	144

shared estimated size: 389

D:\Microchip\xc8\v2.05\pic\sources\c90\common\lwdiv.c
		___lwdiv       		CODE           	0B7D	0000	63

D:\Microchip\xc8\v2.05\pic\sources\c90\common\lwdiv.c estimated size: 63

D:\Microchip\xc8\v2.05\pic\sources\c90\common\fltol.c
		___fltol       		CODE           	0BFA	0000	110

D:\Microchip\xc8\v2.05\pic\sources\c90\common\fltol.c estimated size: 110

D:\Microchip\xc8\v2.05\pic\sources\c90\common\aldiv.c
		___aldiv       		CODE           	0DFC	0000	144

D:\Microchip\xc8\v2.05\pic\sources\c90\common\aldiv.c estimated size: 144

D:\Microchip\xc8\v2.05\pic\sources\c90\common\Umul8_16.c
		__Umul8_16     		CODE           	0A92	0000	36

D:\Microchip\xc8\v2.05\pic\sources\c90\common\Umul8_16.c estimated size: 36

D:\Microchip\xc8\v2.05\pic\sources\c90\common\xxtofl.c
		___xxtofl      		CODE           	0E8B	0000	164

D:\Microchip\xc8\v2.05\pic\sources\c90\common\xxtofl.c estimated size: 164

main.c
		_constrain     		CODE           	0A2D	0000	22
		_SetMotor      		CODE           	034E	0000	527
		_main          		CODE           	055C	0000	316
		_resetCounter  		CODE           	07EB	0000	22
		_isr           		CODE           	0697	0000	276
		_encoders_init 		CODE           	0A74	0000	31
		_SetPoint      		CODE           	0A21	0000	13

main.c estimated size: 1207

