Microchip MPLAB XC8 Compiler V2.05 ()

Linker command line:

-W-3 --edf=D:\Microchip\xc8\v2.05\pic\dat\en_msgs.txt -cs \
  -h+dist/default/production\Controle.production.sym \
  --cmf=dist/default/production\Controle.production.cmf -z -w9 \
  --disl=596:off --norlf -Q16F886 \
  -oC:\Users\Sanches\AppData\Local\Temp\s6i4.2 --defsym=__MPLAB_BUILD=1 \
  -Mdist/default/production/Controle.production.map -E1 -ver=XC8 \
  --acfsm=1493 -ACODE=00h-07FFhx4 -ASTRCODE=00h-01FFFh -ASTRING=00h-0FFhx32 \
  -ACONST=00h-0FFhx32 -AENTRY=00h-0FFhx32 -ACOMMON=070h-07Fh \
  -ABANK0=020h-06Fh -ABANK1=0A0h-0EFh -ABANK2=0110h-016Fh \
  -ABANK3=0190h-01EFh -ARAM=020h-06Fh,0A0h-0EFh,0110h-016Fh,0190h-01EFh \
  -AABS1=020h-07Fh,0A0h-0EFh,0110h-016Fh,0190h-01EFh -ASFR0=00h-01Fh \
  -ASFR1=080h-09Fh -ASFR2=0100h-010Fh -ASFR3=0180h-018Fh \
  -preset_vec=00h,intentry,init,end_init -ppowerup=CODE -pcinit=CODE \
  -pfunctab=ENTRY -ACONFIG=02007h-02008h -pconfig=CONFIG -DCONFIG=2 \
  -AIDLOC=02000h-02003h -pidloc=IDLOC -DIDLOC=2 -AEEDATA=00h-0FFh/02100h \
  -peeprom_data=EEDATA -DEEDATA=2 -DCODE=2 -DSTRCODE=2 -DSTRING=2 -DCONST=2 \
  -DENTRY=2 -k C:\Users\Sanches\AppData\Local\Temp\s6i4.o \
  dist/default/production\Controle.production.o 

Object code version is 3.11

Machine type is 16F886



                Name                               Link     Load   Length Selector   Space Scale
C:\Users\Sanches\AppData\Local\Temp\s6i4.o
                end_init                              E        E        4        0       0
dist/default/production\Controle.production.o
                cinit                               7E4      7E4       1C      FC8       0
                intentry                              0        0        E        0       0
                text25                               5D       5D      22F       BA       0
                text24                              856      856       23     10AC       0
                text23                              4CF      4CF      315      99E       0
                text22                              9B8      9B8       6D     1370       0
                text21                              C49      C49       A3     1892       0
                text20                             17D3     17D3       15     2FA6       0
                text19                              B2B      B2B       8F     1656       0
                text18                              979      979       3F     12F2       0
                text17                              A25      A25       81     144A       0
                text16                              28C      28C      243      518       0
                text15                              DBE      DBE      118     1B7C       0
                text14                              830      830        C     1060       0
                text13                             17B8     17B8        8     2F70       0
                text12                              83C      83C       1A     1078       0
                text11                              8A3      8A3       2E     1146       0
                text10                              905      905       36     120A       0
                text9                               879      879       2A     10F2       0
                text8                               BBA      BBA       8F     1774       0
                text7                                1C       1C       41       38       0
                text6                               AA6      AA6       85     154C       0
                text5                              17C0     17C0       13     2F80       0
                text4                              17E8     17E8       18     2FD0       0
                text3                               93B      93B       3E     1276       0
                text2                               8D1      8D1       34     11A2       0
                text1                               CEC      CEC       D2     19D8       0
                maintext                            ED6      ED6      12A     1DAC       0
                cstackBANK0                          20       20       50       20       1
                cstackCOMMON                         70       70        E       70       1
                cstackBANK1                          A0       A0       37       A0       1
                clrtext                              14       14        8       28       0
                bssBANK2                            110      110       47      110       1
                bssBANK3                            190      190       53      190       1
                bssBANK1                             D7       D7       19       A0       1
                strings                             800      800       2D     1000       0

TOTAL           Name                               Link     Load   Length     Space
        CLASS   CODE           
                end_init                              E        E        4         0
                cinit                               7E4      7E4       1C         0
                intentry                              0        0        E         0
                text25                               5D       5D      22F         0
                text24                              856      856       23         0
                text23                              4CF      4CF      315         0
                text22                              9B8      9B8       6D         0
                text21                              C49      C49       A3         0
                text20                             17D3     17D3       15         0
                text19                              B2B      B2B       8F         0
                text18                              979      979       3F         0
                text17                              A25      A25       81         0
                text16                              28C      28C      243         0
                text15                              DBE      DBE      118         0
                text14                              830      830        C         0
                text13                             17B8     17B8        8         0
                text12                              83C      83C       1A         0
                text11                              8A3      8A3       2E         0
                text10                              905      905       36         0
                text9                               879      879       2A         0
                text8                               BBA      BBA       8F         0
                text7                                1C       1C       41         0
                text6                               AA6      AA6       85         0
                text5                              17C0     17C0       13         0
                text4                              17E8     17E8       18         0
                text3                               93B      93B       3E         0
                text2                               8D1      8D1       34         0
                text1                               CEC      CEC       D2         0
                maintext                            ED6      ED6      12A         0
                clrtext                              14       14        8         0

        CLASS   STRCODE        

        CLASS   STRING         
                strings                             800      800       2D         0

        CLASS   CONST          

        CLASS   ENTRY          

        CLASS   COMMON         
                cstackCOMMON                         70       70        E         1

        CLASS   BANK0          
                cstackBANK0                          20       20       50         1

        CLASS   BANK1          
                cstackBANK1                          A0       A0       37         1
                bssBANK1                             D7       D7       19         1

        CLASS   BANK2          
                bssBANK2                            110      110       47         1

        CLASS   BANK3          
                bssBANK3                            190      190       53         1

        CLASS   RAM            

        CLASS   ABS1           
                abs_s1                               7E       7E        2         1

        CLASS   SFR0           

        CLASS   SFR1           

        CLASS   SFR2           

        CLASS   SFR3           

        CLASS   CONFIG         

        CLASS   IDLOC          

        CLASS   EEDATA         

        CLASS   STACK          



SEGMENTS        Name                           Load    Length   Top    Selector   Space  Class     Delta

                reset_vec                      000000  000012  000012         0       0  CODE        2
                cstackBANK0                    000020  000050  000070        20       1  BANK0       1
                clrtext                        000014  000008  00001C        28       0  CODE        2
                text7                          00001C  000041  00005D        38       0  CODE        2
                cstackCOMMON                   000070  00000E  00007E        70       1  COMMON      1
                cstackBANK1                    0000A0  000050  0000F0        A0       1  BANK1       1
                text25                         00005D  00022F  00028C        BA       0  CODE        2
                bssBANK2                       000110  000047  000157       110       1  BANK2       1
                bssBANK3                       000190  000053  0001E3       190       1  BANK3       1
                text16                         00028C  000243  0004CF       518       0  CODE        2
                text23                         0004CF  000315  0007E4       99E       0  CODE        2
                cinit                          0007E4  00001C  000800       FC8       0  CODE        2
                strings                        000800  00002D  00082D      1000       0  STRING      2
                text14                         000830  00000C  00083C      1060       0  CODE        2
                text12                         00083C  00001A  000856      1078       0  CODE        2
                text24                         000856  000023  000879      10AC       0  CODE        2
                text9                          000879  00002A  0008A3      10F2       0  CODE        2
                text11                         0008A3  00002E  0008D1      1146       0  CODE        2
                text2                          0008D1  000034  000905      11A2       0  CODE        2
                text10                         000905  000036  00093B      120A       0  CODE        2
                text3                          00093B  00003E  000979      1276       0  CODE        2
                text18                         000979  00003F  0009B8      12F2       0  CODE        2
                text22                         0009B8  00006D  000A25      1370       0  CODE        2
                text17                         000A25  000081  000AA6      144A       0  CODE        2
                text6                          000AA6  000085  000B2B      154C       0  CODE        2
                text19                         000B2B  00008F  000BBA      1656       0  CODE        2
                text8                          000BBA  00008F  000C49      1774       0  CODE        2
                text21                         000C49  0000A3  000CEC      1892       0  CODE        2
                text1                          000CEC  0000D2  000DBE      19D8       0  CODE        2
                text15                         000DBE  000118  000ED6      1B7C       0  CODE        2
                maintext                       000ED6  00012A  001000      1DAC       0  CODE        2
                text13                         0017B8  000008  0017C0      2F70       0  CODE        2
                text5                          0017C0  000013  0017D3      2F80       0  CODE        2
                text20                         0017D3  000015  0017E8      2FA6       0  CODE        2
                text4                          0017E8  000018  001800      2FD0       0  CODE        2


UNUSED ADDRESS RANGES

        Name                Unused          Largest block    Delta
        BANK2            0157-016F             19           1
        BANK3            01E3-01EF              D           1
        CODE             0012-0013              2           2
                         082D-082F              3
                         1000-17B7            7B8
                         1800-1FFF            800
        CONFIG           2007-2008              2           2
        CONST            0012-0013              2           2
                         082D-082F              3
                         1000-17B7            100
                         1800-1FFF            100
        EEDATA           2100-21FF            100           2
        ENTRY            0012-0013              2           2
                         082D-082F              3
                         1000-17B7            100
                         1800-1FFF            100
        IDLOC            2000-2003              4           2
        RAM              0157-016F             19           1
                         01E3-01EF              D
        SFR0             0000-001F             20           1
        SFR1             0080-009F             20           1
        SFR2             0100-010F             10           1
        SFR3             0180-018F             10           1
        STRCODE          0012-0013              2           2
                         082D-082F              3
                         1000-17B7            7B8
                         1800-1FFF            800
        STRING           0012-0013              2           2
                         082D-082F              3
                         1000-17B7            100
                         1800-1FFF            100

                                  Symbol Table

__CFG_BOR4V$BOR21V       (abs)        0000
__CFG_BOREN$OFF          (abs)        0000
__CFG_CP$OFF             (abs)        0000
__CFG_CPD$OFF            (abs)        0000
__CFG_FCMEN$ON           (abs)        0000
__CFG_FOSC$EC            (abs)        0000
__CFG_IESO$ON            (abs)        0000
__CFG_LVP$OFF            (abs)        0000
__CFG_MCLRE$ON           (abs)        0000
__CFG_PWRTE$OFF          (abs)        0000
__CFG_WDTE$OFF           (abs)        0000
__CFG_WRT$OFF            (abs)        0000
__Habs1                  abs1         0000
__Hbank0                 bank0        0000
__Hbank1                 bank1        0000
__Hbank2                 bank2        0000
__Hbank3                 bank3        0000
__HbssBANK1              bssBANK1     0000
__HbssBANK2              bssBANK2     0000
__HbssBANK3              bssBANK3     0000
__Hclrtext               clrtext      0000
__Hcode                  code         0000
__Hcommon                common       0000
__Hconfig                config       0000
__HcstackBANK0           cstackBANK0  0000
__HcstackBANK1           cstackBANK1  0000
__HcstackCOMMON          cstackCOMMON 0000
__Heeprom_data           eeprom_data  0000
__Hfunctab               functab      0000
__Hidloc                 idloc        0000
__Hmaintext              maintext     0000
__Hpowerup               powerup      0000
__Hram                   ram          0000
__Hreset_vec             reset_vec    0000
__Hsfr0                  sfr0         0000
__Hsfr1                  sfr1         0000
__Hsfr2                  sfr2         0000
__Hsfr3                  sfr3         0000
__Hspace_2               (abs)        0000
__Hspace_3               (abs)        0000
__Hstack                 stack        0000
__Hstrings               strings      0000
__Htext                  text         0000
__Labs1                  abs1         0000
__Lbank0                 bank0        0000
__Lbank1                 bank1        0000
__Lbank2                 bank2        0000
__Lbank3                 bank3        0000
__LbssBANK1              bssBANK1     0000
__LbssBANK2              bssBANK2     0000
__LbssBANK3              bssBANK3     0000
__Lclrtext               clrtext      0000
__Lcode                  code         0000
__Lcommon                common       0000
__Lconfig                config       0000
__LcstackBANK0           cstackBANK0  0000
__LcstackBANK1           cstackBANK1  0000
__LcstackCOMMON          cstackCOMMON 0000
__Leeprom_data           eeprom_data  0000
__Lfunctab               functab      0000
__Lidloc                 idloc        0000
__Lintentry              intentry     0000
__Lmaintext              maintext     0000
__Lpowerup               powerup      0000
__Lram                   ram          0000
__Lreset_vec             reset_vec    0000
__Lsfr0                  sfr0         0000
__Lsfr1                  sfr1         0000
__Lsfr2                  sfr2         0000
__Lsfr3                  sfr3         0000
__Lspace_0               (abs)        0000
__Lspace_1               (abs)        0000
__Lspace_2               (abs)        0000
__Lspace_3               (abs)        0000
__Lstack                 stack        0000
__Lstrings               strings      0000
__Ltext                  text         0000
__S3                     (abs)        0000
___int_sp                stack        0000
___sp                    stack        0000
___stackhi               (abs)        0000
___stacklo               (abs)        0000
__pintentry              intentry     0000
__size_of_SetMotor       (abs)        0000
__size_of_SetPoint       (abs)        0000
__size_of__Umul8_16      (abs)        0000
__size_of___aldiv        (abs)        0000
__size_of___fladd        (abs)        0000
__size_of___flmul        (abs)        0000
__size_of___fltol        (abs)        0000
__size_of___lmul         (abs)        0000
__size_of___lwdiv        (abs)        0000
__size_of___lwmod        (abs)        0000
__size_of___xxtofl       (abs)        0000
__size_of_chkchr         (abs)        0000
__size_of_constrain      (abs)        0000
__size_of_encoders_init  (abs)        0000
__size_of_isr            (abs)        0000
__size_of_main           (abs)        0000
__size_of_putch          (abs)        0000
__size_of_putst          (abs)        0000
__size_of_pwm_init       (abs)        0000
__size_of_pwm_set        (abs)        0000
__size_of_resetCounter   (abs)        0000
__size_of_serial_init    (abs)        0000
__size_of_sprintf        (abs)        0000
__size_ofi1___aldiv      (abs)        0000
__size_ofi1___lmul       (abs)        0000
__size_ofi1_pwm_set      (abs)        0000
_TMR0                    (abs)        0001
___latbits               (abs)        0002
_PORTB                   (abs)        0006
_PIR1bits                (abs)        000C
_T2CONbits               (abs)        0012
_CCPR1L                  (abs)        0015
_CCP1CONbits             (abs)        0017
_TXREG                   (abs)        0019
_RCREG                   (abs)        001A
_CCPR2L                  (abs)        001B
__Hinit                  init         000E
__Hintentry              intentry     000E
__Lend_init              end_init     000E
__Linit                  init         000E
_CCP2CONbits             (abs)        001D
?___flmul                cstackBANK0  0020
?i1___aldiv              cstackBANK0  0020
___flmul@b               cstackBANK0  0020
__pcstackBANK0           cstackBANK0  0020
__Hend_init              end_init     0012
___flmul@a               cstackBANK0  0024
_RA5                     (abs)        002D
___flmul@sign            cstackBANK0  002D
_RA6                     (abs)        002E
___flmul@grs             cstackBANK0  002E
___flmul@aexp            cstackBANK0  0032
___flmul@bexp            cstackBANK0  0033
___flmul@prod            cstackBANK0  0034
_RB5                     (abs)        0035
___flmul@temp            cstackBANK0  0038
___lmul                  text7        001C
__ptext7                 text7        001C
?___fladd                cstackBANK0  003A
___fladd@b               cstackBANK0  003A
___fladd@a               cstackBANK0  003E
___fladd@signs           cstackBANK0  004A
___fladd@aexp            cstackBANK0  004B
___fladd@bexp            cstackBANK0  004C
___fladd@grs             cstackBANK0  004D
?___fltol                cstackBANK0  004E
___fltol@f1              cstackBANK0  004E
___fltol@sign1           cstackBANK0  0057
_RBIF                    (abs)        0058
___fltol@exp1            cstackBANK0  0058
_T0IF                    (abs)        005A
_RBIE                    (abs)        005B
_SetMotor$1033           cstackBANK0  005D
_T0IE                    (abs)        005D
_PEIE                    (abs)        005E
_GIE                     (abs)        005F
SetMotor@err             cstackBANK0  0061
_TXIF                    (abs)        0064
SetMotor@resp            cstackBANK0  0065
_RCIF                    (abs)        0065
?__Umul8_16              cstackCOMMON 0070
?___xxtofl               cstackCOMMON 0070
?i1___lmul               cstackCOMMON 0070
__Umul8_16@multiplicand  cstackCOMMON 0070
___xxtofl@val            cstackCOMMON 0070
__pcstackCOMMON          cstackCOMMON 0070
__Umul8_16@product       cstackCOMMON 0074
__Umul8_16@word_mpld     cstackCOMMON 0076
__Umul8_16@multiplier    cstackCOMMON 0078
___xxtofl@sign           cstackCOMMON 0078
___xxtofl@exp            cstackCOMMON 0079
___xxtofl@arg            cstackCOMMON 007A
_OPTION_REGbits          (abs)        0081
_PR2                     (abs)        0092
_IOCB                    (abs)        0096
_SPBRG                   (abs)        0099
?___lmul                 cstackBANK1  00A0
?___lwdiv                cstackBANK1  00A0
SetPoint@new_val         cstackBANK1  00A0
___lmul@multiplier       cstackBANK1  00A0
___lwdiv@divisor         cstackBANK1  00A0
__pcstackBANK1           cstackBANK1  00A0
___lwdiv@dividend        cstackBANK1  00A2
___lmul@multiplicand     cstackBANK1  00A4
___lwdiv@quotient        cstackBANK1  00A5
___lwdiv@counter         cstackBANK1  00A7
?___lwmod                cstackBANK1  00A8
___lwmod@divisor         cstackBANK1  00A8
___lmul@product          cstackBANK1  00A9
___lwmod@dividend        cstackBANK1  00AA
?___aldiv                cstackBANK1  00AD
___aldiv@divisor         cstackBANK1  00AD
___lwmod@counter         cstackBANK1  00AD
?_sprintf                cstackBANK1  00AE
___aldiv@dividend        cstackBANK1  00B1
___aldiv@counter         cstackBANK1  00B6
___aldiv@sign            cstackBANK1  00B7
___aldiv@quotient        cstackBANK1  00B8
___fladd                 text25       005D
__end_of___lmul          text7        005D
__ptext25                text25       005D
_OERR                    (abs)        00C1
_FERR                    (abs)        00C2
_CREN                    (abs)        00C4
_SREN                    (abs)        00C5
_RX9                     (abs)        00C6
_SPEN                    (abs)        00C7
__pbssBANK1              bssBANK1     00D7
_last_pos                bssBANK1     00D7
_set_point               bssBANK1     00DB
_motor_pos               bssBANK1     00DF
_encoder1_counter        bssBANK1     00E3
_samples                 bssBANK1     00E9
_sampling                bssBANK1     00EB
_ab1                     bssBANK1     00EC
_state1                  bssBANK1     00ED
_dummy                   bssBANK1     00EE
_delayus_variable        bssBANK1     00EF
__pbssBANK2              bssBANK2     0110
_pos_log2                bssBANK2     0110
__pbssBANK3              bssBANK3     0190
_pos_log1                bssBANK3     0190
SetMotor@last_err        bssBANK3     01D7
SetMotor@derivative      bssBANK3     01DB
SetMotor@integral        bssBANK3     01DF
__Hspace_1               (abs)        01E3
__S1                     (abs)        01E3
_TRISA5                  (abs)        042D
_TRISA6                  (abs)        042E
_TRISB1                  (abs)        0431
_TRISB2                  (abs)        0432
_TRISB3                  (abs)        0433
_TRISB4                  (abs)        0434
_TRISB5                  (abs)        0435
_TRISB7                  (abs)        0437
_TRISC1                  (abs)        0439
_TRISC2                  (abs)        043A
_TMR1IE                  (abs)        0460
_TXIE                    (abs)        0464
_RCIE                    (abs)        0465
_BRGH                    (abs)        04C2
_SYNC                    (abs)        04C4
_TXEN                    (abs)        04C5
_TX9                     (abs)        04C6
_SetMotor                text16       028C
__end_of___fladd         text25       028C
__ptext16                text16       028C
___flmul                 text23       04CF
__end_of_SetMotor        text16       04CF
__ptext23                text23       04CF
_ANS4                    (abs)        0C44
_ANS8                    (abs)        0C48
_ANS9                    (abs)        0C49
_ANS10                   (abs)        0C4A
_ANS11                   (abs)        0C4B
_ANS13                   (abs)        0C4D
__Lcinit                 cinit        07E4
__end_of___flmul         text23       07E4
__initialization         cinit        07E4
__end_of__initialization cinit        07FC
__Hcinit                 cinit        0800
__pstrings               strings      0800
__stringtab              strings      0800
__stringbase             strings      0805
__end_of__stringtab      strings      0806
_dpowers                 strings      0806
__end_of_dpowers         strings      0810
_SetPoint                text14       0830
__ptext14                text14       0830
__end_of_SetPoint        text14       083C
__ptext12                text12       083C
_encoders_init           text12       083C
__Umul8_16               text24       0856
__end_of_encoders_init   text12       0856
__ptext24                text24       0856
__end_of__Umul8_16       text24       0879
__ptext9                 text9        0879
_pwm_init                text9        0879
__end_of_pwm_init        text9        08A3
__ptext11                text11       08A3
_putch                   text11       08A3
___lwmod                 text2        08D1
__end_of_putch           text11       08D1
__ptext2                 text2        08D1
__end_of___lwmod         text2        0905
__ptext10                text10       0905
_putst                   text10       0905
___lwdiv                 text3        093B
__end_of_putst           text10       093B
__ptext3                 text3        093B
__end_of___lwdiv         text3        0979
__ptext18                text18       0979
___fltol                 text22       09B8
__end_ofi1___lmul        text18       09B8
__ptext22                text22       09B8
__end_of___fltol         text22       0A25
__ptext17                text17       0A25
__end_ofi1_pwm_set       text17       0AA6
__ptext6                 text6        0AA6
_pwm_set                 text6        0AA6
__end_of_pwm_set         text6        0B2B
__ptext19                text19       0B2B
___aldiv                 text8        0BBA
__end_ofi1___aldiv       text19       0BBA
__ptext8                 text8        0BBA
__Hspace_0               (abs)        1800
__S0                     (abs)        1800
___xxtofl                text21       0C49
__end_of___aldiv         text8        0C49
__ptext21                text21       0C49
__end_of___xxtofl        text21       0CEC
__ptext1                 text1        0CEC
_sprintf                 text1        0CEC
__end_of_sprintf         text1        0DBE
__ptext15                text15       0DBE
_isr                     text15       0DBE
__end_of_isr             text15       0ED6
__pmaintext              maintext     0ED6
_main                    maintext     0ED6
__end_of_main            maintext     1000
__ptext13                text13       17B8
_chkchr                  text13       17B8
__end_of_chkchr          text13       17C0
__ptext5                 text5        17C0
_resetCounter            text5        17C0
__end_of_resetCounter    text5        17D3
__ptext20                text20       17D3
_constrain               text20       17D3
__end_of_constrain       text20       17E8
__ptext4                 text4        17E8
_serial_init             text4        17E8
__end_of_serial_init     text4        1800
interrupt_function       intentry     0000
intlevel0                functab      0000
intlevel1                functab      0000
intlevel2                functab      0000
intlevel3                functab      0000
intlevel4                functab      0000
intlevel5                functab      0000
reset_vec                reset_vec    0000
start                    init         000E
i1___aldiv@divisor       cstackBANK0  0020
i1___aldiv@dividend      cstackBANK0  0024
clear_ram0               clrtext      0014
i1___aldiv@counter       cstackBANK0  0028
i1___aldiv@sign          cstackBANK0  0029
i1___aldiv@quotient      cstackBANK0  002A
i1pwm_set@channel        cstackBANK0  002E
i1pwm_set@duty_cycle     cstackBANK0  0030
isr@portB                cstackBANK0  006F
constrain@value          cstackCOMMON 0070
i1___lmul@multiplier     cstackCOMMON 0070
constrain@lLimit         cstackCOMMON 0074
i1___lmul@multiplicand   cstackCOMMON 0074
constrain@uLimit         cstackCOMMON 0078
i1___lmul@product        cstackCOMMON 0079
btemp                    (abs)        007E
saved_w                  (abs)        007E
wtemp0                   (abs)        007E
putch@c                  cstackBANK1  00A1
putst@str                cstackBANK1  00A3
sprintf@f                cstackBANK1  00AE
sprintf@ap               cstackBANK1  00B6
sprintf@flag             cstackBANK1  00B7
sprintf@prec             cstackBANK1  00B8
sprintf@val              cstackBANK1  00B9
sprintf@sp               cstackBANK1  00BB
pwm_set@channel          cstackBANK1  00BC
sprintf@c                cstackBANK1  00BC
pwm_set@duty_cycle       cstackBANK1  00BE
main@sVar                cstackBANK1  00CC
main@serialIn_335        cstackBANK1  00D6
end_of_initialization    cinit        07FC
i1___lmul                text18       0979
i1_pwm_set               text17       0A25
i1___aldiv               text19       0B2B
start_initialization     cinit        07E4
