Microchip MPLAB XC8 Compiler V2.05 ()

Linker command line:

-W-3 --edf=D:\Microchip\xc8\v2.05\pic\dat\en_msgs.txt -cs \
  -h+dist/default/production\Controle.production.sym \
  --cmf=dist/default/production\Controle.production.cmf -z -Q16F886 \
  -oC:\Users\Sanches\AppData\Local\Temp\saho.2 --defsym=__MPLAB_BUILD=1 \
  -Mdist/default/production/Controle.production.map -E1 -ver=XC8 \
  --acfsm=1493 -ASTACK=0CCh-0EFh -pstack=STACK -ACODE=00h-07FFhx4 \
  -ASTRCODE=00h-01FFFh -ASTRING=00h-0FFhx32 -ACONST=00h-0FFhx32 \
  -AENTRY=00h-0FFhx32 -ACOMMON=070h-07Fh -ABANK0=020h-06Fh \
  -ABANK1=0A0h-0EFh -ABANK2=0110h-016Fh -ABANK3=0190h-01EFh \
  -ARAM=020h-06Fh,0A0h-0EFh,0110h-016Fh,0190h-01EFh \
  -AABS1=020h-07Fh,0A0h-0EFh,0110h-016Fh,0190h-01EFh -ASFR0=00h-01Fh \
  -ASFR1=080h-09Fh -ASFR2=0100h-010Fh -ASFR3=0180h-018Fh \
  -preset_vec=00h,intentry=04h,init,end_init -ppowerup=CODE -pcinit=CODE \
  -pfunctab=ENTRY -ACONFIG=02007h-02008h -pconfig=CONFIG -DCONFIG=2 \
  -AIDLOC=02000h-02003h -pidloc=IDLOC -DIDLOC=2 -AEEDATA=00h-0FFh/02100h \
  -peeprom_data=EEDATA -DEEDATA=2 -DCODE=2 -DSTRCODE=2 -DSTRING=2 -DCONST=2 \
  -DENTRY=2 -k C:\Users\Sanches\AppData\Local\Temp\saho.o \
  dist/default/production\Controle.production.o 

Object code version is 3.11

Machine type is 16F886



                Name                               Link     Load   Length Selector   Space Scale
C:\Users\Sanches\AppData\Local\Temp\saho.o
                end_init                             12       12        3        8       0
                reset_vec                             0        0        3        0       0
                config                             2007     2007        2     400E       0
dist/default/production\Controle.production.o
                cinit                                15       15       28        8       0
                intentry                              4        4        E        8       0
                text18                              43D      43D       8F        8       0
                text17                              4CC      4CC       3F        8       0
                text16                              6CE      6CE       15      C86       0
                text15                              643      643       2D      C86       0
                text14                              17D      17D       FB        8       0
                text13                              278      278       F3        8       0
                text12                              6F6      6F6       12      C86       0
                text11                              710      710        8      C86       0
                text10                              69A      69A       1C      C86       0
                text9                               5B3      5B3       34        8       0
                text8                               549      549       36        8       0
                text7                               670      670       2A      C86       0
                text6                               5E7      5E7       2F        8       0
                text5                               6E3      6E3       13      C86       0
                text4                               6B6      6B6       18      C86       0
                text3                               50B      50B       3E        8       0
                text2                               57F      57F       34        8       0
                text1                               36B      36B       D2        8       0
                maintext                             3D       3D      140        8       0
                cstackBANK0                          20       20       21       20       1
                cstackCOMMON                         70       70        E       70       1
                cstackBANK1                          A0       A0       2C       A0       1
                clrtext                             708      708        8      C86       0
                bssBANK2                            110      110       47      110       1
                bssBANK3                            190      190       47      190       1
                dataBANK0                            5A       5A        2       20       1
                bssBANK0                             41       41       19       20       1
                strings                             616      616       2D      C2C       0
                idataBANK0                          718      718        2      C86       0

TOTAL           Name                               Link     Load   Length     Space
        CLASS   STACK          

        CLASS   CODE           
                end_init                             12       12        3         0
                cinit                                15       15       28         0
                intentry                              4        4        E         0
                reset_vec                             0        0        3         0
                text18                              43D      43D       8F         0
                text17                              4CC      4CC       3F         0
                text16                              6CE      6CE       15         0
                text15                              643      643       2D         0
                text14                              17D      17D       FB         0
                text13                              278      278       F3         0
                text12                              6F6      6F6       12         0
                text11                              710      710        8         0
                text10                              69A      69A       1C         0
                text9                               5B3      5B3       34         0
                text8                               549      549       36         0
                text7                               670      670       2A         0
                text6                               5E7      5E7       2F         0
                text5                               6E3      6E3       13         0
                text4                               6B6      6B6       18         0
                text3                               50B      50B       3E         0
                text2                               57F      57F       34         0
                text1                               36B      36B       D2         0
                maintext                             3D       3D      140         0
                clrtext                             708      708        8         0
                idataBANK0                          718      718        2         0

        CLASS   STRCODE        

        CLASS   STRING         
                strings                             616      616       2D         0

        CLASS   CONST          

        CLASS   ENTRY          

        CLASS   COMMON         
                cstackCOMMON                         70       70        E         1

        CLASS   BANK0          
                cstackBANK0                          20       20       21         1
                dataBANK0                            5A       5A        2         1
                bssBANK0                             41       41       19         1

        CLASS   BANK1          
                cstackBANK1                          A0       A0       2C         1

        CLASS   BANK2          
                bssBANK2                            110      110       47         1

        CLASS   BANK3          
                bssBANK3                            190      190       47         1

        CLASS   RAM            

        CLASS   ABS1           
                abs_s1                               7E       7E        2         1

        CLASS   SFR0           

        CLASS   SFR1           

        CLASS   SFR2           

        CLASS   SFR3           

        CLASS   CONFIG         
                config                             2007     2007        2         0

        CLASS   IDLOC          

        CLASS   EEDATA         



SEGMENTS        Name                           Load    Length   Top    Selector   Space  Class     Delta

                reset_vec                      000000  000003  000003         0       0  CODE        2
                intentry                       000004  000612  000616         8       0  CODE        2
                cstackBANK0                    000020  00003C  00005C        20       1  BANK0       1
                cstackCOMMON                   000070  00000E  00007E        70       1  COMMON      1
                cstackBANK1                    0000A0  00002C  0000CC        A0       1  BANK1       1
                bssBANK2                       000110  000047  000157       110       1  BANK2       1
                bssBANK3                       000190  000047  0001D7       190       1  BANK3       1
                strings                        000616  00002D  000643       C2C       0  STRING      2
                text15                         000643  0000D7  00071A       C86       0  CODE        2
                config                         002007  000002  002009      400E       0  CONFIG      2


UNUSED ADDRESS RANGES

        Name                Unused          Largest block    Delta
        BANK0            005C-006F             14           1
        BANK1            00CC-00EF             24           1
        BANK2            0157-016F             19           1
        BANK3            01D7-01EF             19           1
        CODE             0003-0003              1           2
                         071A-1FFF            800
        CONST            0003-0003              1           2
                         071A-1FFF            100
        EEDATA           2100-21FF            100           2
        ENTRY            0003-0003              1           2
                         071A-1FFF            100
        IDLOC            2000-2003              4           2
        RAM              005C-006F             14           1
                         00CC-00EF             24
                         0157-016F             19
                         01D7-01EF             19
        SFR0             0000-001F             20           1
        SFR1             0080-009F             20           1
        SFR2             0100-010F             10           1
        SFR3             0180-018F             10           1
        STACK            00CC-00EF             24           1
        STRCODE          0003-0003              1           2
                         071A-1FFF           18E6
        STRING           0003-0003              1           2
                         071A-1FFF            100

                                  Symbol Table

?___aldiv                cstackBANK0  0020
?___lmul                 cstackCOMMON 0070
?___lwdiv                cstackBANK1  00A0
?___lwmod                cstackBANK1  00A8
?_sprintf                cstackBANK1  00AE
SetMotor@err             cstackBANK0  0032
SetMotor@resp            cstackBANK0  0036
SetPoint@new_val         cstackBANK1  00A0
_ANS10                   (abs)        0C4A
_ANS11                   (abs)        0C4B
_ANS13                   (abs)        0C4D
_ANS4                    (abs)        0C44
_ANS8                    (abs)        0C48
_ANS9                    (abs)        0C49
_BRGH                    (abs)        04C2
_CCP1CONbits             (abs)        0017
_CCP2CONbits             (abs)        001D
_CCPR1L                  (abs)        0015
_CCPR2L                  (abs)        001B
_CREN                    (abs)        00C4
_FERR                    (abs)        00C2
_GIE                     (abs)        005F
_IOCB                    (abs)        0096
_Kp                      dataBANK0    005A
_OERR                    (abs)        00C1
_OPTION_REGbits          (abs)        0081
_PEIE                    (abs)        005E
_PIR1bits                (abs)        000C
_PORTB                   (abs)        0006
_PR2                     (abs)        0092
_RA5                     (abs)        002D
_RA6                     (abs)        002E
_RB5                     (abs)        0035
_RBIE                    (abs)        005B
_RBIF                    (abs)        0058
_RCIE                    (abs)        0465
_RCIF                    (abs)        0065
_RCREG                   (abs)        001A
_RX9                     (abs)        00C6
_SPBRG                   (abs)        0099
_SPEN                    (abs)        00C7
_SREN                    (abs)        00C5
_SYNC                    (abs)        04C4
_SetMotor                text14       017D
_SetPoint                text12       06F6
_T0IE                    (abs)        005D
_T0IF                    (abs)        005A
_T2CONbits               (abs)        0012
_TMR0                    (abs)        0001
_TMR1IE                  (abs)        0460
_TRISA5                  (abs)        042D
_TRISA6                  (abs)        042E
_TRISB1                  (abs)        0431
_TRISB2                  (abs)        0432
_TRISB3                  (abs)        0433
_TRISB4                  (abs)        0434
_TRISB5                  (abs)        0435
_TRISB7                  (abs)        0437
_TRISC1                  (abs)        0439
_TRISC2                  (abs)        043A
_TX9                     (abs)        04C6
_TXEN                    (abs)        04C5
_TXIE                    (abs)        0464
_TXIF                    (abs)        0064
_TXREG                   (abs)        0019
__CFG_BOR4V$BOR21V       (abs)        0000
__CFG_BOREN$OFF          (abs)        0000
__CFG_CP$OFF             (abs)        0000
__CFG_CPD$OFF            (abs)        0000
__CFG_FCMEN$ON           (abs)        0000
__CFG_FOSC$EC            (abs)        0000
__CFG_IESO$ON            (abs)        0000
__CFG_LVP$OFF            (abs)        0000
__CFG_MCLRE$ON           (abs)        0000
__CFG_PWRTE$OFF          (abs)        0000
__CFG_WDTE$OFF           (abs)        0000
__CFG_WRT$OFF            (abs)        0000
__Habs1                  abs1         0000
__Hbank0                 bank0        0000
__Hbank1                 bank1        0000
__Hbank2                 bank2        0000
__Hbank3                 bank3        0000
__HbssBANK0              bssBANK0     0000
__HbssBANK2              bssBANK2     0000
__HbssBANK3              bssBANK3     0000
__Hcinit                 cinit        003D
__Hclrtext               clrtext      0000
__Hcode                  code         0000
__Hcommon                common       0000
__Hconfig                config       2009
__HcstackBANK0           cstackBANK0  0000
__HcstackBANK1           cstackBANK1  0000
__HcstackCOMMON          cstackCOMMON 0000
__HdataBANK0             dataBANK0    0000
__Heeprom_data           eeprom_data  0000
__Hend_init              end_init     0015
__Hfunctab               functab      0000
__HidataBANK0            idataBANK0   0000
__Hidloc                 idloc        0000
__Hinit                  init         0012
__Hintentry              intentry     0012
__Hmaintext              maintext     0000
__Hpowerup               powerup      0000
__Hram                   ram          0000
__Hreset_vec             reset_vec    0003
__Hsfr0                  sfr0         0000
__Hsfr1                  sfr1         0000
__Hsfr2                  sfr2         0000
__Hsfr3                  sfr3         0000
__Hspace_0               (abs)        2009
__Hspace_1               (abs)        01D7
__Hspace_2               (abs)        0000
__Hspace_3               (abs)        0000
__Hstack                 stack        0000
__Hstrings               strings      0000
__Htext                  text         0000
__Labs1                  abs1         0000
__Lbank0                 bank0        0000
__Lbank1                 bank1        0000
__Lbank2                 bank2        0000
__Lbank3                 bank3        0000
__LbssBANK0              bssBANK0     0000
__LbssBANK2              bssBANK2     0000
__LbssBANK3              bssBANK3     0000
__Lcinit                 cinit        0015
__Lclrtext               clrtext      0000
__Lcode                  code         0000
__Lcommon                common       0000
__Lconfig                config       2007
__LcstackBANK0           cstackBANK0  0000
__LcstackBANK1           cstackBANK1  0000
__LcstackCOMMON          cstackCOMMON 0000
__LdataBANK0             dataBANK0    0000
__Leeprom_data           eeprom_data  0000
__Lend_init              end_init     0012
__Lfunctab               functab      0000
__LidataBANK0            idataBANK0   0000
__Lidloc                 idloc        0000
__Linit                  init         0012
__Lintentry              intentry     0004
__Lmaintext              maintext     0000
__Lpowerup               powerup      0000
__Lram                   ram          0000
__Lreset_vec             reset_vec    0000
__Lsfr0                  sfr0         0000
__Lsfr1                  sfr1         0000
__Lsfr2                  sfr2         0000
__Lsfr3                  sfr3         0000
__Lspace_0               (abs)        0000
__Lspace_1               (abs)        0000
__Lspace_2               (abs)        0000
__Lspace_3               (abs)        0000
__Lstack                 stack        0000
__Lstrings               strings      0000
__Ltext                  text         0000
__S0                     (abs)        2009
__S1                     (abs)        01D7
__S2                     (abs)        0000
__S3                     (abs)        0000
___aldiv                 text18       043D
___aldiv@counter         cstackBANK0  0028
___aldiv@dividend        cstackBANK0  0024
___aldiv@divisor         cstackBANK0  0020
___aldiv@quotient        cstackBANK0  002A
___aldiv@sign            cstackBANK0  0029
___int_sp                stack        0000
___latbits               (abs)        0002
___lmul                  text17       04CC
___lmul@multiplicand     cstackCOMMON 0074
___lmul@multiplier       cstackCOMMON 0070
___lmul@product          cstackCOMMON 0079
___lwdiv                 text3        050B
___lwdiv@counter         cstackBANK1  00A5
___lwdiv@dividend        cstackBANK1  00A2
___lwdiv@divisor         cstackBANK1  00A0
___lwdiv@quotient        cstackBANK1  00A6
___lwmod                 text2        057F
___lwmod@counter         cstackBANK1  00AD
___lwmod@dividend        cstackBANK1  00AA
___lwmod@divisor         cstackBANK1  00A8
___sp                    stack        0000
___stackhi               (abs)        0000
___stacklo               (abs)        0000
__end_of_SetMotor        text14       0278
__end_of_SetPoint        text12       0708
__end_of___aldiv         text18       04CC
__end_of___lmul          text17       050B
__end_of___lwdiv         text3        0549
__end_of___lwmod         text2        05B3
__end_of__initialization cinit        0039
__end_of__stringtab      strings      061C
__end_of_chkchr          text11       0718
__end_of_constrain       text16       06E3
__end_of_dpowers         strings      0626
__end_of_encoders_init   text10       06B6
__end_of_isr             text13       036B
__end_of_main            maintext     017D
__end_of_putch           text9        05E7
__end_of_putst           text8        057F
__end_of_pwm_init        text7        069A
__end_of_pwm_set         text6        0616
__end_of_resetCounter    text5        06F6
__end_of_serial_init     text4        06CE
__end_of_sprintf         text1        043D
__end_ofi1_pwm_set       text15       0670
__initialization         cinit        0015
__pbssBANK0              bssBANK0     0041
__pbssBANK2              bssBANK2     0110
__pbssBANK3              bssBANK3     0190
__pcstackBANK0           cstackBANK0  0020
__pcstackBANK1           cstackBANK1  00A0
__pcstackCOMMON          cstackCOMMON 0070
__pdataBANK0             dataBANK0    005A
__pidataBANK0            idataBANK0   0718
__pintentry              intentry     0004
__pmaintext              maintext     003D
__pstrings               strings      0616
__ptext1                 text1        036B
__ptext10                text10       069A
__ptext11                text11       0710
__ptext12                text12       06F6
__ptext13                text13       0278
__ptext14                text14       017D
__ptext15                text15       0643
__ptext16                text16       06CE
__ptext17                text17       04CC
__ptext18                text18       043D
__ptext2                 text2        057F
__ptext3                 text3        050B
__ptext4                 text4        06B6
__ptext5                 text5        06E3
__ptext6                 text6        05E7
__ptext7                 text7        0670
__ptext8                 text8        0549
__ptext9                 text9        05B3
__size_of_SetMotor       (abs)        0000
__size_of_SetPoint       (abs)        0000
__size_of___aldiv        (abs)        0000
__size_of___lmul         (abs)        0000
__size_of___lwdiv        (abs)        0000
__size_of___lwmod        (abs)        0000
__size_of_chkchr         (abs)        0000
__size_of_constrain      (abs)        0000
__size_of_encoders_init  (abs)        0000
__size_of_isr            (abs)        0000
__size_of_main           (abs)        0000
__size_of_putch          (abs)        0000
__size_of_putst          (abs)        0000
__size_of_pwm_init       (abs)        0000
__size_of_pwm_set        (abs)        0000
__size_of_resetCounter   (abs)        0000
__size_of_serial_init    (abs)        0000
__size_of_sprintf        (abs)        0000
__size_ofi1_pwm_set      (abs)        0000
__stringbase             strings      061B
__stringtab              strings      0616
_ab1                     bssBANK0     0056
_chkchr                  text11       0710
_constrain               text16       06CE
_delayus_variable        bssBANK0     0059
_dpowers                 strings      061C
_dummy                   bssBANK0     0058
_encoder1_counter        bssBANK0     004D
_encoders_init           text10       069A
_isr                     text13       0278
_last_pos                bssBANK0     0041
_main                    maintext     003D
_motor_pos               bssBANK0     0049
_pos_log1                bssBANK3     0190
_pos_log2                bssBANK2     0110
_putch                   text9        05B3
_putst                   text8        0549
_pwm_init                text7        0670
_pwm_set                 text6        05E7
_resetCounter            text5        06E3
_samples                 bssBANK0     0053
_sampling                bssBANK0     0055
_serial_init             text4        06B6
_set_point               bssBANK0     0045
_sprintf                 text1        036B
_state1                  bssBANK0     0057
btemp                    (abs)        007E
clear_ram0               clrtext      0708
constrain@lLimit         cstackCOMMON 0074
constrain@uLimit         cstackCOMMON 0078
constrain@value          cstackCOMMON 0070
end_of_initialization    cinit        0039
i1_pwm_set               text15       0643
i1pwm_set@channel        cstackCOMMON 0070
i1pwm_set@duty_cycle     cstackCOMMON 0072
interrupt_function       intentry     0004
intlevel0                functab      0000
intlevel1                functab      0000
intlevel2                functab      0000
intlevel3                functab      0000
intlevel4                functab      0000
intlevel5                functab      0000
isr@portB                cstackBANK0  0040
main@sVar                cstackBANK1  00C1
main@serialIn_333        cstackBANK1  00CB
putch@c                  cstackBANK1  00A1
putst@str                cstackBANK1  00A3
pwm_set@channel          cstackBANK1  00A0
pwm_set@duty_cycle       cstackBANK1  00A2
reset_vec                reset_vec    0000
saved_w                  (abs)        007E
sprintf@ap               cstackBANK1  00B4
sprintf@c                cstackBANK1  00BA
sprintf@f                cstackBANK1  00AE
sprintf@flag             cstackBANK1  00B5
sprintf@prec             cstackBANK1  00B6
sprintf@sp               cstackBANK1  00B9
sprintf@val              cstackBANK1  00B7
start                    init         0012
start_initialization     cinit        0015
wtemp0                   (abs)        007E


FUNCTION INFORMATION:

 *************** function _main *****************
 Defined at:
		line 197 in file "main.c"
 Parameters:    Size  Location     Type
		None
 Auto vars:     Size  Location     Type
  sVar           10   33[BANK1 ] unsigned char [10]
  serialIn        1   43[BANK1 ] unsigned char 
  i               2    0        int 
  enc1            2    0        int 
  serialIn        1    0        unsigned char 
 Return value:  Size  Location     Type
                  1    wreg      void 
 Registers used:
		wreg, fsr0l, fsr0h, status,2, status,0, btemp+1, pclath, cstack
 Tracked objects:
		On entry : 
		On exit  : 
		Unchanged: 
 Data sizes:     COMMON   BANK0   BANK1   BANK3   BANK2
      Params:         0       0       0       0       0
      Locals:         0       0      16       0       0
      Temps:          0       0       1       0       0
      Totals:         0       0      17       0       0
Total ram usage:       17 bytes
 Hardware stack levels required when called:    5
 This function calls:
		_SetPoint
		_chkchr
		_encoders_init
		_putst
		_pwm_init
		_pwm_set
		_resetCounter
		_serial_init
		_sprintf
 This function is called by:
		Startup code after reset
 This function uses a non-reentrant model


 *************** function _sprintf *****************
 Defined at:
		line 500 in file "D:\Microchip\xc8\v2.05\pic\sources\c90\common\doprnt.c"
 Parameters:    Size  Location     Type
  sp              1    wreg     PTR unsigned char 
		 -> main@sVar(10), 
  f               1   14[BANK1 ] PTR const unsigned char 
		 -> STR_4(14), STR_3(4), STR_2(4), STR_1(11), 
 Auto vars:     Size  Location     Type
  sp              1   25[BANK1 ] PTR unsigned char 
		 -> main@sVar(10), 
  tmpval          4    0        struct .
  val             2   23[BANK1 ] unsigned int 
  cp              2    0        PTR const unsigned char 
  len             2    0        unsigned int 
  c               1   26[BANK1 ] unsigned char 
  prec            1   22[BANK1 ] char 
  flag            1   21[BANK1 ] unsigned char 
  ap              1   20[BANK1 ] PTR void [1]
		 -> ?_sprintf(2), 
 Return value:  Size  Location     Type
                  2   14[BANK1 ] int 
 Registers used:
		wreg, fsr0l, fsr0h, status,2, status,0, btemp+1, pclath, cstack
 Tracked objects:
		On entry : 
		On exit  : 
		Unchanged: 
 Data sizes:     COMMON   BANK0   BANK1   BANK3   BANK2
      Params:         0       0       3       0       0
      Locals:         0       0       7       0       0
      Temps:          0       0       3       0       0
      Totals:         0       0      13       0       0
Total ram usage:       13 bytes
 Hardware stack levels used:    1
 Hardware stack levels required when called:    4
 This function calls:
		___lwdiv
		___lwmod
 This function is called by:
		_main
 This function uses a non-reentrant model


 *************** function ___lwmod *****************
 Defined at:
		line 5 in file "D:\Microchip\xc8\v2.05\pic\sources\c90\common\lwmod.c"
 Parameters:    Size  Location     Type
  divisor         2    8[BANK1 ] unsigned int 
  dividend        2   10[BANK1 ] unsigned int 
 Auto vars:     Size  Location     Type
  counter         1   13[BANK1 ] unsigned char 
 Return value:  Size  Location     Type
                  2    8[BANK1 ] unsigned int 
 Registers used:
		wreg, status,2, status,0
 Tracked objects:
		On entry : 
		On exit  : 
		Unchanged: 
 Data sizes:     COMMON   BANK0   BANK1   BANK3   BANK2
      Params:         0       0       4       0       0
      Locals:         0       0       1       0       0
      Temps:          0       0       1       0       0
      Totals:         0       0       6       0       0
Total ram usage:        6 bytes
 Hardware stack levels used:    1
 Hardware stack levels required when called:    3
 This function calls:
		Nothing
 This function is called by:
		_sprintf
 This function uses a non-reentrant model


 *************** function ___lwdiv *****************
 Defined at:
		line 5 in file "D:\Microchip\xc8\v2.05\pic\sources\c90\common\lwdiv.c"
 Parameters:    Size  Location     Type
  divisor         2    0[BANK1 ] unsigned int 
  dividend        2    2[BANK1 ] unsigned int 
 Auto vars:     Size  Location     Type
  quotient        2    6[BANK1 ] unsigned int 
  counter         1    5[BANK1 ] unsigned char 
 Return value:  Size  Location     Type
                  2    0[BANK1 ] unsigned int 
 Registers used:
		wreg, status,2, status,0
 Tracked objects:
		On entry : 
		On exit  : 
		Unchanged: 
 Data sizes:     COMMON   BANK0   BANK1   BANK3   BANK2
      Params:         0       0       4       0       0
      Locals:         0       0       3       0       0
      Temps:          0       0       1       0       0
      Totals:         0       0       8       0       0
Total ram usage:        8 bytes
 Hardware stack levels used:    1
 Hardware stack levels required when called:    3
 This function calls:
		Nothing
 This function is called by:
		_sprintf
 This function uses a non-reentrant model


 *************** function _serial_init *****************
 Defined at:
		line 29 in file "serial.c"
 Parameters:    Size  Location     Type
		None
 Auto vars:     Size  Location     Type
		None
 Return value:  Size  Location     Type
                  1    wreg      void 
 Registers used:
		wreg
 Tracked objects:
		On entry : 
		On exit  : 
		Unchanged: 
 Data sizes:     COMMON   BANK0   BANK1   BANK3   BANK2
      Params:         0       0       0       0       0
      Locals:         0       0       0       0       0
      Temps:          0       0       0       0       0
      Totals:         0       0       0       0       0
Total ram usage:        0 bytes
 Hardware stack levels used:    1
 Hardware stack levels required when called:    3
 This function calls:
		Nothing
 This function is called by:
		_main
 This function uses a non-reentrant model


 *************** function _resetCounter *****************
 Defined at:
		line 104 in file "main.c"
 Parameters:    Size  Location     Type
		None
 Auto vars:     Size  Location     Type
		None
 Return value:  Size  Location     Type
                  1    wreg      void 
 Registers used:
		wreg
 Tracked objects:
		On entry : 
		On exit  : 
		Unchanged: 
 Data sizes:     COMMON   BANK0   BANK1   BANK3   BANK2
      Params:         0       0       0       0       0
      Locals:         0       0       0       0       0
      Temps:          0       0       0       0       0
      Totals:         0       0       0       0       0
Total ram usage:        0 bytes
 Hardware stack levels used:    1
 Hardware stack levels required when called:    3
 This function calls:
		Nothing
 This function is called by:
		_main
 This function uses a non-reentrant model


 *************** function _pwm_set *****************
 Defined at:
		line 72 in file "pwm.c"
 Parameters:    Size  Location     Type
  channel         2    0[BANK1 ] int 
  duty_cycle      4    2[BANK1 ] long 
 Auto vars:     Size  Location     Type
		None
 Return value:  Size  Location     Type
                  1    wreg      void 
 Registers used:
		wreg, fsr0l, fsr0h, status,2, status,0
 Tracked objects:
		On entry : 
		On exit  : 
		Unchanged: 
 Data sizes:     COMMON   BANK0   BANK1   BANK3   BANK2
      Params:         0       0       6       0       0
      Locals:         0       0       0       0       0
      Temps:          0       0       0       0       0
      Totals:         0       0       6       0       0
Total ram usage:        6 bytes
 Hardware stack levels used:    1
 Hardware stack levels required when called:    3
 This function calls:
		Nothing
 This function is called by:
		_main
 This function uses a non-reentrant model


 *************** function _pwm_init *****************
 Defined at:
		line 25 in file "pwm.c"
 Parameters:    Size  Location     Type
		None
 Auto vars:     Size  Location     Type
		None
 Return value:  Size  Location     Type
                  1    wreg      void 
 Registers used:
		wreg, status,2, status,0
 Tracked objects:
		On entry : 
		On exit  : 
		Unchanged: 
 Data sizes:     COMMON   BANK0   BANK1   BANK3   BANK2
      Params:         0       0       0       0       0
      Locals:         0       0       0       0       0
      Temps:          0       0       0       0       0
      Totals:         0       0       0       0       0
Total ram usage:        0 bytes
 Hardware stack levels used:    1
 Hardware stack levels required when called:    3
 This function calls:
		Nothing
 This function is called by:
		_main
 This function uses a non-reentrant model


 *************** function _putst *****************
 Defined at:
		line 211 in file "serial.c"
 Parameters:    Size  Location     Type
  str             1    wreg     PTR const unsigned char 
		 -> main@sVar(10), 
 Auto vars:     Size  Location     Type
  str             1    3[BANK1 ] PTR const unsigned char 
		 -> main@sVar(10), 
 Return value:  Size  Location     Type
                  1    wreg      void 
 Registers used:
		wreg, fsr0l, fsr0h, status,2, status,0, pclath, cstack
 Tracked objects:
		On entry : 
		On exit  : 
		Unchanged: 
 Data sizes:     COMMON   BANK0   BANK1   BANK3   BANK2
      Params:         0       0       0       0       0
      Locals:         0       0       1       0       0
      Temps:          0       0       1       0       0
      Totals:         0       0       2       0       0
Total ram usage:        2 bytes
 Hardware stack levels used:    1
 Hardware stack levels required when called:    4
 This function calls:
		_putch
 This function is called by:
		_main
 This function uses a non-reentrant model


 *************** function _putch *****************
 Defined at:
		line 95 in file "serial.c"
 Parameters:    Size  Location     Type
  c               1    wreg     unsigned char 
 Auto vars:     Size  Location     Type
  c               1    1[BANK1 ] unsigned char 
 Return value:  Size  Location     Type
                  1    wreg      void 
 Registers used:
		wreg
 Tracked objects:
		On entry : 
		On exit  : 
		Unchanged: 
 Data sizes:     COMMON   BANK0   BANK1   BANK3   BANK2
      Params:         0       0       0       0       0
      Locals:         0       0       1       0       0
      Temps:          0       0       1       0       0
      Totals:         0       0       2       0       0
Total ram usage:        2 bytes
 Hardware stack levels used:    1
 Hardware stack levels required when called:    3
 This function calls:
		Nothing
 This function is called by:
		_putst
		_putchhex
		_putchdec
 This function uses a non-reentrant model


 *************** function _encoders_init *****************
 Defined at:
		line 189 in file "main.c"
 Parameters:    Size  Location     Type
		None
 Auto vars:     Size  Location     Type
		None
 Return value:  Size  Location     Type
                  1    wreg      void 
 Registers used:
		wreg, status,2, status,0
 Tracked objects:
		On entry : 
		On exit  : 
		Unchanged: 
 Data sizes:     COMMON   BANK0   BANK1   BANK3   BANK2
      Params:         0       0       0       0       0
      Locals:         0       0       0       0       0
      Temps:          0       0       2       0       0
      Totals:         0       0       2       0       0
Total ram usage:        2 bytes
 Hardware stack levels used:    1
 Hardware stack levels required when called:    3
 This function calls:
		Nothing
 This function is called by:
		_main
 This function uses a non-reentrant model


 *************** function _chkchr *****************
 Defined at:
		line 142 in file "serial.c"
 Parameters:    Size  Location     Type
		None
 Auto vars:     Size  Location     Type
		None
 Return value:  Size  Location     Type
                  1    wreg      unsigned char 
 Registers used:
		wreg
 Tracked objects:
		On entry : 
		On exit  : 
		Unchanged: 
 Data sizes:     COMMON   BANK0   BANK1   BANK3   BANK2
      Params:         0       0       0       0       0
      Locals:         0       0       0       0       0
      Temps:          0       0       0       0       0
      Totals:         0       0       0       0       0
Total ram usage:        0 bytes
 Hardware stack levels used:    1
 Hardware stack levels required when called:    3
 This function calls:
		Nothing
 This function is called by:
		_main
 This function uses a non-reentrant model


 *************** function _SetPoint *****************
 Defined at:
		line 100 in file "main.c"
 Parameters:    Size  Location     Type
  new_val         2    0[BANK1 ] int 
 Auto vars:     Size  Location     Type
		None
 Return value:  Size  Location     Type
                  1    wreg      void 
 Registers used:
		wreg
 Tracked objects:
		On entry : 
		On exit  : 
		Unchanged: 
 Data sizes:     COMMON   BANK0   BANK1   BANK3   BANK2
      Params:         0       0       2       0       0
      Locals:         0       0       0       0       0
      Temps:          0       0       0       0       0
      Totals:         0       0       2       0       0
Total ram usage:        2 bytes
 Hardware stack levels used:    1
 Hardware stack levels required when called:    3
 This function calls:
		Nothing
 This function is called by:
		_main
 This function uses a non-reentrant model


 *************** function _isr *****************
 Defined at:
		line 111 in file "main.c"
 Parameters:    Size  Location     Type
		None
 Auto vars:     Size  Location     Type
  portB           1   32[BANK0 ] unsigned char 
 Return value:  Size  Location     Type
                  1    wreg      void 
 Registers used:
		wreg, fsr0l, fsr0h, status,2, status,0, btemp+1, pclath, cstack
 Tracked objects:
		On entry : 
		On exit  : 
		Unchanged: 
 Data sizes:     COMMON   BANK0   BANK1   BANK3   BANK2
      Params:         0       0       0       0       0
      Locals:         0       1       0       0       0
      Temps:          0       6       0       0       0
      Totals:         0       7       0       0       0
Total ram usage:        7 bytes
 Hardware stack levels used:    1
 Hardware stack levels required when called:    2
 This function calls:
		_SetMotor
 This function is called by:
		Interrupt level 1
 This function uses a non-reentrant model


 *************** function _SetMotor *****************
 Defined at:
		line 83 in file "main.c"
 Parameters:    Size  Location     Type
		None
 Auto vars:     Size  Location     Type
  resp            4   22[BANK0 ] long 
  err             4   18[BANK0 ] long 
 Return value:  Size  Location     Type
                  1    wreg      void 
 Registers used:
		wreg, fsr0l, fsr0h, status,2, status,0, btemp+1, pclath, cstack
 Tracked objects:
		On entry : 
		On exit  : 
		Unchanged: 
 Data sizes:     COMMON   BANK0   BANK1   BANK3   BANK2
      Params:         0       0       0       0       0
      Locals:         0       8       0       0       0
      Temps:          0       4       0       0       0
      Totals:         0      12       0       0       0
Total ram usage:       12 bytes
 Hardware stack levels used:    1
 Hardware stack levels required when called:    1
 This function calls:
		___aldiv
		___lmul
		_constrain
		i1_pwm_set
 This function is called by:
		_isr
 This function uses a non-reentrant model


 *************** function i1_pwm_set *****************
 Defined at:
		line 72 in file "pwm.c"
 Parameters:    Size  Location     Type
  channel         2    0[COMMON] int 
  duty_cycle      4    2[COMMON] long 
 Auto vars:     Size  Location     Type
		None
 Return value:  Size  Location     Type
                  1    wreg      void 
 Registers used:
		wreg, fsr0l, fsr0h, status,2, status,0
 Tracked objects:
		On entry : 
		On exit  : 
		Unchanged: 
 Data sizes:     COMMON   BANK0   BANK1   BANK3   BANK2
      Params:         6       0       0       0       0
      Locals:         0       0       0       0       0
      Temps:          0       0       0       0       0
      Totals:         6       0       0       0       0
Total ram usage:        6 bytes
 Hardware stack levels used:    1
 This function calls:
		Nothing
 This function is called by:
		_SetMotor
 This function uses a non-reentrant model


 *************** function _constrain *****************
 Defined at:
		line 71 in file "main.c"
 Parameters:    Size  Location     Type
  value           4    0[COMMON] long 
  lLimit          4    4[COMMON] long 
  uLimit          4    8[COMMON] long 
 Auto vars:     Size  Location     Type
		None
 Return value:  Size  Location     Type
                  4    0[COMMON] long 
 Registers used:
		wreg, btemp+1
 Tracked objects:
		On entry : 
		On exit  : 
		Unchanged: 
 Data sizes:     COMMON   BANK0   BANK1   BANK3   BANK2
      Params:        12       0       0       0       0
      Locals:         0       0       0       0       0
      Temps:          0       0       0       0       0
      Totals:        12       0       0       0       0
Total ram usage:       12 bytes
 Hardware stack levels used:    1
 This function calls:
		Nothing
 This function is called by:
		_SetMotor
 This function uses a non-reentrant model


 *************** function ___lmul *****************
 Defined at:
		line 15 in file "D:\Microchip\xc8\v2.05\pic\sources\c90\common\Umul32.c"
 Parameters:    Size  Location     Type
  multiplier      4    0[COMMON] unsigned long 
  multiplicand    4    4[COMMON] unsigned long 
 Auto vars:     Size  Location     Type
  product         4    9[COMMON] unsigned long 
 Return value:  Size  Location     Type
                  4    0[COMMON] unsigned long 
 Registers used:
		wreg, status,2, status,0
 Tracked objects:
		On entry : 
		On exit  : 
		Unchanged: 
 Data sizes:     COMMON   BANK0   BANK1   BANK3   BANK2
      Params:         8       0       0       0       0
      Locals:         4       0       0       0       0
      Temps:          1       0       0       0       0
      Totals:        13       0       0       0       0
Total ram usage:       13 bytes
 Hardware stack levels used:    1
 This function calls:
		Nothing
 This function is called by:
		_SetMotor
 This function uses a non-reentrant model


 *************** function ___aldiv *****************
 Defined at:
		line 5 in file "D:\Microchip\xc8\v2.05\pic\sources\c90\common\aldiv.c"
 Parameters:    Size  Location     Type
  divisor         4    0[BANK0 ] long 
  dividend        4    4[BANK0 ] long 
 Auto vars:     Size  Location     Type
  quotient        4   10[BANK0 ] long 
  sign            1    9[BANK0 ] unsigned char 
  counter         1    8[BANK0 ] unsigned char 
 Return value:  Size  Location     Type
                  4    0[BANK0 ] long 
 Registers used:
		wreg, status,2, status,0
 Tracked objects:
		On entry : 
		On exit  : 
		Unchanged: 
 Data sizes:     COMMON   BANK0   BANK1   BANK3   BANK2
      Params:         0       8       0       0       0
      Locals:         0       6       0       0       0
      Temps:          1       0       0       0       0
      Totals:         1      14       0       0       0
Total ram usage:       15 bytes
 Hardware stack levels used:    1
 This function calls:
		Nothing
 This function is called by:
		_SetMotor
 This function uses a non-reentrant model



MODULE INFORMATION

Module		Function		Class		Link	Load	Size
serial.c
		_putch         		CODE           	05B3	0000	53
		_chkchr        		CODE           	0710	0000	9
		_putst         		CODE           	0549	0000	55
		_serial_init   		CODE           	06B6	0000	25

serial.c estimated size: 142

D:\Microchip\xc8\v2.05\pic\sources\c90\common\doprnt.c
		_sprintf       		CODE           	036B	0000	211

D:\Microchip\xc8\v2.05\pic\sources\c90\common\doprnt.c estimated size: 211

pwm.c
		_pwm_set       		CODE           	05E7	0000	48
		_pwm_init      		CODE           	0670	0000	43

pwm.c estimated size: 91

D:\Microchip\xc8\v2.05\pic\sources\c90\common\lwmod.c
		___lwmod       		CODE           	057F	0000	53

D:\Microchip\xc8\v2.05\pic\sources\c90\common\lwmod.c estimated size: 53

D:\Microchip\xc8\v2.05\pic\sources\c90\common\Umul32.c
		___lmul        		CODE           	04CC	0000	64

D:\Microchip\xc8\v2.05\pic\sources\c90\common\Umul32.c estimated size: 64

shared
		__stringtab    		STRING         	0616	0000	7
		_dpowers       		STRING         	061C	0000	11
		i1_pwm_set     		CODE           	0643	0000	46
		__initialization		CODE           	0015	0000	37

shared estimated size: 101

D:\Microchip\xc8\v2.05\pic\sources\c90\common\lwdiv.c
		___lwdiv       		CODE           	050B	0000	63

D:\Microchip\xc8\v2.05\pic\sources\c90\common\lwdiv.c estimated size: 63

D:\Microchip\xc8\v2.05\pic\sources\c90\common\aldiv.c
		___aldiv       		CODE           	043D	0000	144

D:\Microchip\xc8\v2.05\pic\sources\c90\common\aldiv.c estimated size: 144

main.c
		_constrain     		CODE           	06CE	0000	22
		_SetMotor      		CODE           	017D	0000	252
		_main          		CODE           	003D	0000	321
		_resetCounter  		CODE           	06E3	0000	20
		_isr           		CODE           	0278	0000	244
		_encoders_init 		CODE           	069A	0000	29
		_SetPoint      		CODE           	06F6	0000	19

main.c estimated size: 907

