Microchip MPLAB XC8 Compiler V2.05 ()

Linker command line:

-W-3 --edf=D:\Microchip\xc8\v2.05\pic\dat\en_msgs.txt -cs \
  -h+dist/default/production\Controle.production.sym \
  --cmf=dist/default/production\Controle.production.cmf -z -Q16F886 \
  -oC:\Users\Sanches\AppData\Local\Temp\sjao.2 --defsym=__MPLAB_BUILD=1 \
  -Mdist/default/production/Controle.production.map -E1 -ver=XC8 \
  --acfsm=1493 -ASTACK=0110h-016Fh -pstack=STACK -ACODE=00h-07FFhx4 \
  -ASTRCODE=00h-01FFFh -ASTRING=00h-0FFhx32 -ACONST=00h-0FFhx32 \
  -AENTRY=00h-0FFhx32 -ACOMMON=070h-07Fh -ABANK0=020h-06Fh \
  -ABANK1=0A0h-0EFh -ABANK2=0110h-016Fh -ABANK3=0190h-01EFh \
  -ARAM=020h-06Fh,0A0h-0EFh,0110h-016Fh,0190h-01EFh \
  -AABS1=020h-07Fh,0A0h-0EFh,0110h-016Fh,0190h-01EFh -ASFR0=00h-01Fh \
  -ASFR1=080h-09Fh -ASFR2=0100h-010Fh -ASFR3=0180h-018Fh \
  -preset_vec=00h,intentry=04h,init,end_init -ppowerup=CODE -pcinit=CODE \
  -pfunctab=ENTRY -ACONFIG=02007h-02008h -pconfig=CONFIG -DCONFIG=2 \
  -AIDLOC=02000h-02003h -pidloc=IDLOC -DIDLOC=2 -AEEDATA=00h-0FFh/02100h \
  -peeprom_data=EEDATA -DEEDATA=2 -DCODE=2 -DSTRCODE=2 -DSTRING=2 -DCONST=2 \
  -DENTRY=2 -k C:\Users\Sanches\AppData\Local\Temp\sjao.o \
  dist/default/production\Controle.production.o 

Object code version is 3.11

Machine type is 16F886



                Name                               Link     Load   Length Selector   Space Scale
C:\Users\Sanches\AppData\Local\Temp\sjao.o
                end_init                             12       12        3        8       0
                reset_vec                             0        0        3        0       0
                config                             2007     2007        2     400E       0
dist/default/production\Controle.production.o
                cinit                                15       15       23        8       0
                intentry                              4        4        E        8       0
                text19                              361      361      104        8       0
                text18                              F66      F66       23     1ECC       0
                text17                              73D      73D       3C      E7A       0
                text16                              537      537       8F        8       0
                text15                              647      647       41        8       0
                text14                              5C6      5C6       81        8       0
                text13                              1E1      1E1      180        8       0
                text12                              F2B      F2B        8     1E56       0
                text11                              F4E      F4E       18     1E9C       0
                text10                              F89      F89       25     1F12       0
                text9                               F3B      F3B       13     1E76       0
                text8                               6C6      6C6       34        8       0
                text7                               FAE      FAE       28     1F5C       0
                text6                               779      779       36      E7A       0
                text5                               FD6      FD6       2A     1FAC       0
                text4                               7E3      7E3       18      E7A       0
                text3                               688      688       3E        8       0
                text2                               7AF      7AF       34      E7A       0
                text1                               465      465       D2        8       0
                maintext                             38       38      1A9        8       0
                cstackBANK0                          20       20       3B       20       1
                cstackCOMMON                         77       77        7       70       1
                cstackBANK1                          A0       A0       1A       A0       1
                clrtext                             F33      F33        8     1E66       0
                bssBANK3                            190      190       5C      190       1
                bssBANK1                             BA       BA        F       A0       1
                bssBANK0                             5B       5B       14       20       1
                bssCOMMON                            70       70        7       70       1
                strings                             700      700       3D      E00       0

TOTAL           Name                               Link     Load   Length     Space
        CLASS   STACK          

        CLASS   CODE           
                end_init                             12       12        3         0
                cinit                                15       15       23         0
                intentry                              4        4        E         0
                reset_vec                             0        0        3         0
                text19                              361      361      104         0
                text18                              F66      F66       23         0
                text17                              73D      73D       3C         0
                text16                              537      537       8F         0
                text15                              647      647       41         0
                text14                              5C6      5C6       81         0
                text13                              1E1      1E1      180         0
                text12                              F2B      F2B        8         0
                text11                              F4E      F4E       18         0
                text10                              F89      F89       25         0
                text9                               F3B      F3B       13         0
                text8                               6C6      6C6       34         0
                text7                               FAE      FAE       28         0
                text6                               779      779       36         0
                text5                               FD6      FD6       2A         0
                text4                               7E3      7E3       18         0
                text3                               688      688       3E         0
                text2                               7AF      7AF       34         0
                text1                               465      465       D2         0
                maintext                             38       38      1A9         0
                clrtext                             F33      F33        8         0

        CLASS   STRCODE        

        CLASS   STRING         
                strings                             700      700       3D         0

        CLASS   CONST          

        CLASS   ENTRY          

        CLASS   COMMON         
                cstackCOMMON                         77       77        7         1
                bssCOMMON                            70       70        7         1

        CLASS   BANK0          
                cstackBANK0                          20       20       3B         1
                bssBANK0                             5B       5B       14         1

        CLASS   BANK1          
                cstackBANK1                          A0       A0       1A         1
                bssBANK1                             BA       BA        F         1

        CLASS   BANK2          

        CLASS   BANK3          
                bssBANK3                            190      190       5C         1

        CLASS   RAM            

        CLASS   ABS1           
                abs_s1                               7E       7E        2         1

        CLASS   SFR0           

        CLASS   SFR1           

        CLASS   SFR2           

        CLASS   SFR3           

        CLASS   CONFIG         
                config                             2007     2007        2         0

        CLASS   IDLOC          

        CLASS   EEDATA         



SEGMENTS        Name                           Load    Length   Top    Selector   Space  Class     Delta

                reset_vec                      000000  000003  000003         0       0  CODE        2
                intentry                       000004  0006F6  0006FA         8       0  CODE        2
                cstackBANK0                    000020  00004F  00006F        20       1  BANK0       1
                bssCOMMON                      000070  00000E  00007E        70       1  COMMON      1
                cstackBANK1                    0000A0  000029  0000C9        A0       1  BANK1       1
                bssBANK3                       000190  00005C  0001EC       190       1  BANK3       1
                strings                        000700  00003D  00073D       E00       0  STRING      2
                text17                         00073D  0000BE  0007FB       E7A       0  CODE        2
                text12                         000F2B  000008  000F33      1E56       0  CODE        2
                clrtext                        000F33  000008  000F3B      1E66       0  CODE        2
                text9                          000F3B  000013  000F4E      1E76       0  CODE        2
                text11                         000F4E  000018  000F66      1E9C       0  CODE        2
                text18                         000F66  000023  000F89      1ECC       0  CODE        2
                text10                         000F89  000025  000FAE      1F12       0  CODE        2
                text7                          000FAE  000028  000FD6      1F5C       0  CODE        2
                text5                          000FD6  00002A  001000      1FAC       0  CODE        2
                config                         002007  000002  002009      400E       0  CONFIG      2


UNUSED ADDRESS RANGES

        Name                Unused          Largest block    Delta
        BANK0            006F-006F              1           1
        BANK1            00C9-00EF             27           1
        BANK2            0110-016F             60           1
        BANK3            01EC-01EF              4           1
        CODE             0003-0003              1           2
                         06FA-06FF              6
                         07FB-0F2A              5
                         1000-1FFF            800
        CONST            0003-0003              1           2
                         06FA-06FF              6
                         07FB-0F2A            100
                         1000-1FFF            100
        EEDATA           2100-21FF            100           2
        ENTRY            0003-0003              1           2
                         06FA-06FF              6
                         07FB-0F2A            100
                         1000-1FFF            100
        IDLOC            2000-2003              4           2
        RAM              006F-006F              1           1
                         00C9-00EF             27
                         0110-016F             60
                         01EC-01EF              4
        SFR0             0000-001F             20           1
        SFR1             0080-009F             20           1
        SFR2             0100-010F             10           1
        SFR3             0180-018F             10           1
        STACK            0110-016F             60           1
        STRCODE          0003-0003              1           2
                         06FA-06FF              6
                         07FB-0F2A            730
                         1000-1FFF           1000
        STRING           0003-0003              1           2
                         06FA-06FF              6
                         07FB-0F2A            100
                         1000-1FFF            100

                                  Symbol Table

?___aldiv                cstackBANK0  002D
?___lmul                 cstackBANK0  0020
?___lwdiv                cstackBANK0  0020
?___lwmod                cstackBANK0  0028
?___wmul                 cstackBANK0  0020
?_constrain              cstackBANK0  0020
?_sprintf                cstackBANK0  002E
SetMotor@D_Response      cstackBANK0  0050
SetMotor@I_Response      cstackBANK0  0052
SetMotor@P_Response      cstackBANK0  004E
SetMotor@derivative      bssBANK0     006D
SetMotor@err             cstackBANK0  0058
SetMotor@integral        bssBANK1     00C5
SetMotor@last_err        bssBANK0     0067
SetMotor@resp            cstackBANK0  0054
SetPoint@new_val         cstackBANK0  0020
_ANS10                   (abs)        0C4A
_ANS11                   (abs)        0C4B
_ANS13                   (abs)        0C4D
_ANS4                    (abs)        0C44
_ANS8                    (abs)        0C48
_ANS9                    (abs)        0C49
_BRGH                    (abs)        04C2
_CCP1CONbits             (abs)        0017
_CCP2CONbits             (abs)        001D
_CCPR1L                  (abs)        0015
_CCPR2L                  (abs)        001B
_CREN                    (abs)        00C4
_FERR                    (abs)        00C2
_GIE                     (abs)        005F
_IOCB                    (abs)        0096
_OERR                    (abs)        00C1
_OPTION_REGbits          (abs)        0081
_PEIE                    (abs)        005E
_PIR1bits                (abs)        000C
_PORTB                   (abs)        0006
_PR2                     (abs)        0092
_RA5                     (abs)        002D
_RA6                     (abs)        002E
_RB5                     (abs)        0035
_RBIE                    (abs)        005B
_RBIF                    (abs)        0058
_RC3                     (abs)        003B
_RC4                     (abs)        003C
_RC5                     (abs)        003D
_RCIE                    (abs)        0465
_RCIF                    (abs)        0065
_RCREG                   (abs)        001A
_RX9                     (abs)        00C6
_SPBRG                   (abs)        0099
_SPEN                    (abs)        00C7
_SREN                    (abs)        00C5
_SYNC                    (abs)        04C4
_SetMotor                text13       01E1
_SetPoint                text10       0F89
_T0IE                    (abs)        005D
_T0IF                    (abs)        005A
_T2CONbits               (abs)        0012
_TMR0                    (abs)        0001
_TMR1IE                  (abs)        0460
_TRISA5                  (abs)        042D
_TRISA6                  (abs)        042E
_TRISB1                  (abs)        0431
_TRISB2                  (abs)        0432
_TRISB3                  (abs)        0433
_TRISB4                  (abs)        0434
_TRISB5                  (abs)        0435
_TRISB7                  (abs)        0437
_TRISC1                  (abs)        0439
_TRISC2                  (abs)        043A
_TRISC3                  (abs)        043B
_TRISC4                  (abs)        043C
_TRISC5                  (abs)        043D
_TX9                     (abs)        04C6
_TXEN                    (abs)        04C5
_TXIE                    (abs)        0464
_TXIF                    (abs)        0064
_TXREG                   (abs)        0019
__CFG_BOR4V$BOR21V       (abs)        0000
__CFG_BOREN$OFF          (abs)        0000
__CFG_CP$OFF             (abs)        0000
__CFG_CPD$OFF            (abs)        0000
__CFG_FCMEN$ON           (abs)        0000
__CFG_FOSC$EC            (abs)        0000
__CFG_IESO$ON            (abs)        0000
__CFG_LVP$OFF            (abs)        0000
__CFG_MCLRE$ON           (abs)        0000
__CFG_PWRTE$OFF          (abs)        0000
__CFG_WDTE$OFF           (abs)        0000
__CFG_WRT$OFF            (abs)        0000
__Habs1                  abs1         0000
__Hbank0                 bank0        0000
__Hbank1                 bank1        0000
__Hbank2                 bank2        0000
__Hbank3                 bank3        0000
__HbssBANK0              bssBANK0     0000
__HbssBANK1              bssBANK1     0000
__HbssBANK3              bssBANK3     0000
__HbssCOMMON             bssCOMMON    0000
__Hcinit                 cinit        0038
__Hclrtext               clrtext      0000
__Hcode                  code         0000
__Hcommon                common       0000
__Hconfig                config       2009
__HcstackBANK0           cstackBANK0  0000
__HcstackBANK1           cstackBANK1  0000
__HcstackCOMMON          cstackCOMMON 0000
__Heeprom_data           eeprom_data  0000
__Hend_init              end_init     0015
__Hfunctab               functab      0000
__Hidloc                 idloc        0000
__Hinit                  init         0012
__Hintentry              intentry     0012
__Hmaintext              maintext     0000
__Hpowerup               powerup      0000
__Hram                   ram          0000
__Hreset_vec             reset_vec    0003
__Hsfr0                  sfr0         0000
__Hsfr1                  sfr1         0000
__Hsfr2                  sfr2         0000
__Hsfr3                  sfr3         0000
__Hspace_0               (abs)        2009
__Hspace_1               (abs)        01EC
__Hspace_2               (abs)        0000
__Hspace_3               (abs)        0000
__Hstack                 stack        0000
__Hstrings               strings      0000
__Htext                  text         0000
__Labs1                  abs1         0000
__Lbank0                 bank0        0000
__Lbank1                 bank1        0000
__Lbank2                 bank2        0000
__Lbank3                 bank3        0000
__LbssBANK0              bssBANK0     0000
__LbssBANK1              bssBANK1     0000
__LbssBANK3              bssBANK3     0000
__LbssCOMMON             bssCOMMON    0000
__Lcinit                 cinit        0015
__Lclrtext               clrtext      0000
__Lcode                  code         0000
__Lcommon                common       0000
__Lconfig                config       2007
__LcstackBANK0           cstackBANK0  0000
__LcstackBANK1           cstackBANK1  0000
__LcstackCOMMON          cstackCOMMON 0000
__Leeprom_data           eeprom_data  0000
__Lend_init              end_init     0012
__Lfunctab               functab      0000
__Lidloc                 idloc        0000
__Linit                  init         0012
__Lintentry              intentry     0004
__Lmaintext              maintext     0000
__Lpowerup               powerup      0000
__Lram                   ram          0000
__Lreset_vec             reset_vec    0000
__Lsfr0                  sfr0         0000
__Lsfr1                  sfr1         0000
__Lsfr2                  sfr2         0000
__Lsfr3                  sfr3         0000
__Lspace_0               (abs)        0000
__Lspace_1               (abs)        0000
__Lspace_2               (abs)        0000
__Lspace_3               (abs)        0000
__Lstack                 stack        0000
__Lstrings               strings      0000
__Ltext                  text         0000
__S0                     (abs)        2009
__S1                     (abs)        01EC
__S2                     (abs)        0000
__S3                     (abs)        0000
___aldiv                 text16       0537
___aldiv@counter         cstackBANK0  0036
___aldiv@dividend        cstackBANK0  0031
___aldiv@divisor         cstackBANK0  002D
___aldiv@quotient        cstackBANK0  0038
___aldiv@sign            cstackBANK0  0037
___int_sp                stack        0000
___latbits               (abs)        0002
___lmul                  text15       0647
___lmul@multiplicand     cstackBANK0  0024
___lmul@multiplier       cstackBANK0  0020
___lmul@product          cstackBANK0  0029
___lwdiv                 text3        0688
___lwdiv@counter         cstackBANK0  0027
___lwdiv@dividend        cstackBANK0  0022
___lwdiv@divisor         cstackBANK0  0020
___lwdiv@quotient        cstackBANK0  0025
___lwmod                 text2        07AF
___lwmod@counter         cstackBANK0  002D
___lwmod@dividend        cstackBANK0  002A
___lwmod@divisor         cstackBANK0  0028
___sp                    stack        0000
___stackhi               (abs)        0000
___stacklo               (abs)        0000
___wmul                  text18       0F66
___wmul@multiplicand     cstackBANK0  0022
___wmul@multiplier       cstackBANK0  0020
___wmul@product          cstackBANK0  0024
__end_of_SetMotor        text13       0361
__end_of_SetPoint        text10       0FAE
__end_of___aldiv         text16       05C6
__end_of___lmul          text15       0688
__end_of___lwdiv         text3        06C6
__end_of___lwmod         text2        07E3
__end_of___wmul          text18       0F89
__end_of__initialization cinit        0034
__end_of__stringtab      strings      0706
__end_of_chkchr          text12       0F33
__end_of_constrain       text17       0779
__end_of_dpowers         strings      0710
__end_of_encoders_init   text11       0F66
__end_of_isr             text19       0465
__end_of_main            maintext     01E1
__end_of_motor_reset     text8        06FA
__end_of_putch           text7        0FD6
__end_of_putst           text6        07AF
__end_of_pwm_init        text5        1000
__end_of_pwm_set         text14       0647
__end_of_resetCounter    text9        0F4E
__end_of_serial_init     text4        07FB
__end_of_sprintf         text1        0537
__initialization         cinit        0015
__pbssBANK0              bssBANK0     005B
__pbssBANK1              bssBANK1     00BA
__pbssBANK3              bssBANK3     0190
__pbssCOMMON             bssCOMMON    0070
__pcstackBANK0           cstackBANK0  0020
__pcstackBANK1           cstackBANK1  00A0
__pcstackCOMMON          cstackCOMMON 0077
__pintentry              intentry     0004
__pmaintext              maintext     0038
__pstrings               strings      0700
__ptext1                 text1        0465
__ptext10                text10       0F89
__ptext11                text11       0F4E
__ptext12                text12       0F2B
__ptext13                text13       01E1
__ptext14                text14       05C6
__ptext15                text15       0647
__ptext16                text16       0537
__ptext17                text17       073D
__ptext18                text18       0F66
__ptext19                text19       0361
__ptext2                 text2        07AF
__ptext3                 text3        0688
__ptext4                 text4        07E3
__ptext5                 text5        0FD6
__ptext6                 text6        0779
__ptext7                 text7        0FAE
__ptext8                 text8        06C6
__ptext9                 text9        0F3B
__size_of_SetMotor       (abs)        0000
__size_of_SetPoint       (abs)        0000
__size_of___aldiv        (abs)        0000
__size_of___lmul         (abs)        0000
__size_of___lwdiv        (abs)        0000
__size_of___lwmod        (abs)        0000
__size_of___wmul         (abs)        0000
__size_of_chkchr         (abs)        0000
__size_of_constrain      (abs)        0000
__size_of_encoders_init  (abs)        0000
__size_of_isr            (abs)        0000
__size_of_main           (abs)        0000
__size_of_motor_reset    (abs)        0000
__size_of_putch          (abs)        0000
__size_of_putst          (abs)        0000
__size_of_pwm_init       (abs)        0000
__size_of_pwm_set        (abs)        0000
__size_of_resetCounter   (abs)        0000
__size_of_serial_init    (abs)        0000
__size_of_sprintf        (abs)        0000
__stringbase             strings      0705
__stringtab              strings      0700
_ab1                     bssCOMMON    0074
_chkchr                  text12       0F2B
_com_time                bssBANK1     00C2
_constrain               text17       073D
_delayus_variable        bssCOMMON    0076
_dpowers                 strings      0706
_dummy                   bssBANK0     006C
_encoder1_counter        bssBANK0     0063
_encoders_init           text11       0F4E
_isr                     text19       0361
_last_pos                bssBANK1     00BA
_main                    maintext     0038
_motor_pos               bssBANK0     005F
_motor_reset             text8        06C6
_onlyK                   bssBANK0     0069
_pos_log1                bssBANK3     01BE
_pos_log2                bssBANK3     0190
_putch                   text7        0FAE
_putst                   text6        0779
_pwm_init                text5        0FD6
_pwm_set                 text14       05C6
_resetCounter            text9        0F3B
_samples                 bssCOMMON    0070
_sampling                bssCOMMON    0073
_serial_init             text4        07E3
_set_motor_flag          bssBANK1     00C4
_set_point               bssBANK0     005B
_sprintf                 text1        0465
_state1                  bssCOMMON    0075
btemp                    (abs)        007E
clear_ram0               clrtext      0F33
constrain@lLimit         cstackBANK0  0024
constrain@uLimit         cstackBANK0  0028
constrain@value          cstackBANK0  0020
end_of_initialization    cinit        0034
getServoCommand@lStep    bssCOMMON    0072
interrupt_function       intentry     0004
intlevel0                functab      0000
intlevel1                functab      0000
intlevel2                functab      0000
intlevel3                functab      0000
intlevel4                functab      0000
intlevel5                functab      0000
isr@portB                cstackCOMMON 007D
main@sVar                cstackBANK1  00A0
main@serialIn_355        cstackBANK1  00B9
putch@c                  cstackBANK0  0021
putst@str                cstackBANK0  0023
pwm_set@channel          cstackBANK0  003C
pwm_set@duty_cycle       cstackBANK0  003E
reset_vec                reset_vec    0000
saved_w                  (abs)        007E
sprintf@ap               cstackBANK0  0036
sprintf@c                cstackBANK0  003C
sprintf@f                cstackBANK0  002E
sprintf@flag             cstackBANK0  0037
sprintf@prec             cstackBANK0  0038
sprintf@sp               cstackBANK0  003B
sprintf@val              cstackBANK0  0039
start                    init         0012
start_initialization     cinit        0015
wtemp0                   (abs)        007E


FUNCTION INFORMATION:

 *************** function _main *****************
 Defined at:
		line 293 in file "main.c"
 Parameters:    Size  Location     Type
		None
 Auto vars:     Size  Location     Type
  sVar           20    0[BANK1 ] unsigned char [20]
  serialIn        1   25[BANK1 ] unsigned char 
  i               2    0        int 
  enc1            2    0        int 
  serialIn        1    0        unsigned char 
 Return value:  Size  Location     Type
                  1    wreg      void 
 Registers used:
		wreg, fsr0l, fsr0h, status,2, status,0, btemp+1, pclath, cstack
 Tracked objects:
		On entry : 
		On exit  : 
		Unchanged: 
 Data sizes:     COMMON   BANK0   BANK1   BANK3   BANK2
      Params:         0       0       0       0       0
      Locals:         0       0      26       0       0
      Temps:          0       1       0       0       0
      Totals:         0       1      26       0       0
Total ram usage:       27 bytes
 Hardware stack levels required when called:    4
 This function calls:
		_SetMotor
		_SetPoint
		_chkchr
		_encoders_init
		_motor_reset
		_putst
		_pwm_init
		_pwm_set
		_resetCounter
		_serial_init
		_sprintf
 This function is called by:
		Startup code after reset
 This function uses a non-reentrant model


 *************** function _sprintf *****************
 Defined at:
		line 500 in file "D:\Microchip\xc8\v2.05\pic\sources\c90\common\doprnt.c"
 Parameters:    Size  Location     Type
  sp              1    wreg     PTR unsigned char 
		 -> main@sVar(20), PrintSetpoint@sVar(20), 
  f               1   14[BANK0 ] PTR const unsigned char 
		 -> STR_5(14), STR_4(4), STR_3(4), STR_2(11), 
		 -> STR_1(16), 
 Auto vars:     Size  Location     Type
  sp              1   27[BANK0 ] PTR unsigned char 
		 -> main@sVar(20), PrintSetpoint@sVar(20), 
  tmpval          4    0        struct .
  val             2   25[BANK0 ] unsigned int 
  cp              2    0        PTR const unsigned char 
  len             2    0        unsigned int 
  c               1   28[BANK0 ] unsigned char 
  prec            1   24[BANK0 ] char 
  flag            1   23[BANK0 ] unsigned char 
  ap              1   22[BANK0 ] PTR void [1]
		 -> ?_sprintf(2), 
 Return value:  Size  Location     Type
                  2   14[BANK0 ] int 
 Registers used:
		wreg, fsr0l, fsr0h, status,2, status,0, btemp+1, pclath, cstack
 Tracked objects:
		On entry : 
		On exit  : 
		Unchanged: 
 Data sizes:     COMMON   BANK0   BANK1   BANK3   BANK2
      Params:         0       5       0       0       0
      Locals:         0       7       0       0       0
      Temps:          0       3       0       0       0
      Totals:         0      15       0       0       0
Total ram usage:       15 bytes
 Hardware stack levels used:    1
 Hardware stack levels required when called:    2
 This function calls:
		___lwdiv
		___lwmod
 This function is called by:
		_main
		_PrintSetpoint
 This function uses a non-reentrant model


 *************** function ___lwmod *****************
 Defined at:
		line 5 in file "D:\Microchip\xc8\v2.05\pic\sources\c90\common\lwmod.c"
 Parameters:    Size  Location     Type
  divisor         2    8[BANK0 ] unsigned int 
  dividend        2   10[BANK0 ] unsigned int 
 Auto vars:     Size  Location     Type
  counter         1   13[BANK0 ] unsigned char 
 Return value:  Size  Location     Type
                  2    8[BANK0 ] unsigned int 
 Registers used:
		wreg, status,2, status,0
 Tracked objects:
		On entry : 
		On exit  : 
		Unchanged: 
 Data sizes:     COMMON   BANK0   BANK1   BANK3   BANK2
      Params:         0       4       0       0       0
      Locals:         0       1       0       0       0
      Temps:          0       1       0       0       0
      Totals:         0       6       0       0       0
Total ram usage:        6 bytes
 Hardware stack levels used:    1
 Hardware stack levels required when called:    1
 This function calls:
		Nothing
 This function is called by:
		_sprintf
 This function uses a non-reentrant model


 *************** function ___lwdiv *****************
 Defined at:
		line 5 in file "D:\Microchip\xc8\v2.05\pic\sources\c90\common\lwdiv.c"
 Parameters:    Size  Location     Type
  divisor         2    0[BANK0 ] unsigned int 
  dividend        2    2[BANK0 ] unsigned int 
 Auto vars:     Size  Location     Type
  quotient        2    5[BANK0 ] unsigned int 
  counter         1    7[BANK0 ] unsigned char 
 Return value:  Size  Location     Type
                  2    0[BANK0 ] unsigned int 
 Registers used:
		wreg, status,2, status,0
 Tracked objects:
		On entry : 
		On exit  : 
		Unchanged: 
 Data sizes:     COMMON   BANK0   BANK1   BANK3   BANK2
      Params:         0       4       0       0       0
      Locals:         0       3       0       0       0
      Temps:          0       1       0       0       0
      Totals:         0       8       0       0       0
Total ram usage:        8 bytes
 Hardware stack levels used:    1
 Hardware stack levels required when called:    1
 This function calls:
		Nothing
 This function is called by:
		_sprintf
 This function uses a non-reentrant model


 *************** function _serial_init *****************
 Defined at:
		line 29 in file "serial.c"
 Parameters:    Size  Location     Type
		None
 Auto vars:     Size  Location     Type
		None
 Return value:  Size  Location     Type
                  1    wreg      void 
 Registers used:
		wreg
 Tracked objects:
		On entry : 
		On exit  : 
		Unchanged: 
 Data sizes:     COMMON   BANK0   BANK1   BANK3   BANK2
      Params:         0       0       0       0       0
      Locals:         0       0       0       0       0
      Temps:          0       0       0       0       0
      Totals:         0       0       0       0       0
Total ram usage:        0 bytes
 Hardware stack levels used:    1
 Hardware stack levels required when called:    1
 This function calls:
		Nothing
 This function is called by:
		_main
 This function uses a non-reentrant model


 *************** function _pwm_init *****************
 Defined at:
		line 25 in file "pwm.c"
 Parameters:    Size  Location     Type
		None
 Auto vars:     Size  Location     Type
		None
 Return value:  Size  Location     Type
                  1    wreg      void 
 Registers used:
		wreg, status,2, status,0
 Tracked objects:
		On entry : 
		On exit  : 
		Unchanged: 
 Data sizes:     COMMON   BANK0   BANK1   BANK3   BANK2
      Params:         0       0       0       0       0
      Locals:         0       0       0       0       0
      Temps:          0       0       0       0       0
      Totals:         0       0       0       0       0
Total ram usage:        0 bytes
 Hardware stack levels used:    1
 Hardware stack levels required when called:    1
 This function calls:
		Nothing
 This function is called by:
		_main
 This function uses a non-reentrant model


 *************** function _putst *****************
 Defined at:
		line 211 in file "serial.c"
 Parameters:    Size  Location     Type
  str             1    wreg     PTR const unsigned char 
		 -> main@sVar(20), PrintSetpoint@sVar(20), 
 Auto vars:     Size  Location     Type
  str             1    3[BANK0 ] PTR const unsigned char 
		 -> main@sVar(20), PrintSetpoint@sVar(20), 
 Return value:  Size  Location     Type
                  1    wreg      void 
 Registers used:
		wreg, fsr0l, fsr0h, status,2, status,0, pclath, cstack
 Tracked objects:
		On entry : 
		On exit  : 
		Unchanged: 
 Data sizes:     COMMON   BANK0   BANK1   BANK3   BANK2
      Params:         0       0       0       0       0
      Locals:         0       1       0       0       0
      Temps:          0       1       0       0       0
      Totals:         0       2       0       0       0
Total ram usage:        2 bytes
 Hardware stack levels used:    1
 Hardware stack levels required when called:    2
 This function calls:
		_putch
 This function is called by:
		_main
		_PrintSetpoint
 This function uses a non-reentrant model


 *************** function _putch *****************
 Defined at:
		line 95 in file "serial.c"
 Parameters:    Size  Location     Type
  c               1    wreg     unsigned char 
 Auto vars:     Size  Location     Type
  c               1    1[BANK0 ] unsigned char 
 Return value:  Size  Location     Type
                  1    wreg      void 
 Registers used:
		wreg
 Tracked objects:
		On entry : 
		On exit  : 
		Unchanged: 
 Data sizes:     COMMON   BANK0   BANK1   BANK3   BANK2
      Params:         0       0       0       0       0
      Locals:         0       1       0       0       0
      Temps:          0       1       0       0       0
      Totals:         0       2       0       0       0
Total ram usage:        2 bytes
 Hardware stack levels used:    1
 Hardware stack levels required when called:    1
 This function calls:
		Nothing
 This function is called by:
		_putst
		_putchhex
		_putchdec
 This function uses a non-reentrant model


 *************** function _motor_reset *****************
 Defined at:
		line 167 in file "main.c"
 Parameters:    Size  Location     Type
		None
 Auto vars:     Size  Location     Type
		None
 Return value:  Size  Location     Type
                  1    wreg      void 
 Registers used:
		wreg, fsr0l, fsr0h, status,2, status,0, pclath, cstack
 Tracked objects:
		On entry : 
		On exit  : 
		Unchanged: 
 Data sizes:     COMMON   BANK0   BANK1   BANK3   BANK2
      Params:         0       0       0       0       0
      Locals:         0       0       0       0       0
      Temps:          0       0       0       0       0
      Totals:         0       0       0       0       0
Total ram usage:        0 bytes
 Hardware stack levels used:    1
 Hardware stack levels required when called:    3
 This function calls:
		_SetPoint
		_pwm_set
		_resetCounter
 This function is called by:
		_main
 This function uses a non-reentrant model


 *************** function _resetCounter *****************
 Defined at:
		line 162 in file "main.c"
 Parameters:    Size  Location     Type
		None
 Auto vars:     Size  Location     Type
		None
 Return value:  Size  Location     Type
                  1    wreg      void 
 Registers used:
		wreg
 Tracked objects:
		On entry : 
		On exit  : 
		Unchanged: 
 Data sizes:     COMMON   BANK0   BANK1   BANK3   BANK2
      Params:         0       0       0       0       0
      Locals:         0       0       0       0       0
      Temps:          0       0       0       0       0
      Totals:         0       0       0       0       0
Total ram usage:        0 bytes
 Hardware stack levels used:    1
 Hardware stack levels required when called:    1
 This function calls:
		Nothing
 This function is called by:
		_motor_reset
		_main
 This function uses a non-reentrant model


 *************** function _SetPoint *****************
 Defined at:
		line 155 in file "main.c"
 Parameters:    Size  Location     Type
  new_val         2    0[BANK0 ] int 
 Auto vars:     Size  Location     Type
		None
 Return value:  Size  Location     Type
                  1    wreg      void 
 Registers used:
		wreg
 Tracked objects:
		On entry : 
		On exit  : 
		Unchanged: 
 Data sizes:     COMMON   BANK0   BANK1   BANK3   BANK2
      Params:         0       2       0       0       0
      Locals:         0       0       0       0       0
      Temps:          0       4       0       0       0
      Totals:         0       6       0       0       0
Total ram usage:        6 bytes
 Hardware stack levels used:    1
 Hardware stack levels required when called:    1
 This function calls:
		Nothing
 This function is called by:
		_motor_reset
		_main
 This function uses a non-reentrant model


 *************** function _encoders_init *****************
 Defined at:
		line 256 in file "main.c"
 Parameters:    Size  Location     Type
		None
 Auto vars:     Size  Location     Type
		None
 Return value:  Size  Location     Type
                  1    wreg      void 
 Registers used:
		wreg, status,2, status,0
 Tracked objects:
		On entry : 
		On exit  : 
		Unchanged: 
 Data sizes:     COMMON   BANK0   BANK1   BANK3   BANK2
      Params:         0       0       0       0       0
      Locals:         0       0       0       0       0
      Temps:          0       2       0       0       0
      Totals:         0       2       0       0       0
Total ram usage:        2 bytes
 Hardware stack levels used:    1
 Hardware stack levels required when called:    1
 This function calls:
		Nothing
 This function is called by:
		_main
 This function uses a non-reentrant model


 *************** function _chkchr *****************
 Defined at:
		line 142 in file "serial.c"
 Parameters:    Size  Location     Type
		None
 Auto vars:     Size  Location     Type
		None
 Return value:  Size  Location     Type
                  1    wreg      unsigned char 
 Registers used:
		wreg
 Tracked objects:
		On entry : 
		On exit  : 
		Unchanged: 
 Data sizes:     COMMON   BANK0   BANK1   BANK3   BANK2
      Params:         0       0       0       0       0
      Locals:         0       0       0       0       0
      Temps:          0       0       0       0       0
      Totals:         0       0       0       0       0
Total ram usage:        0 bytes
 Hardware stack levels used:    1
 Hardware stack levels required when called:    1
 This function calls:
		Nothing
 This function is called by:
		_main
 This function uses a non-reentrant model


 *************** function _SetMotor *****************
 Defined at:
		line 116 in file "main.c"
 Parameters:    Size  Location     Type
		None
 Auto vars:     Size  Location     Type
  I_Response      2   50[BANK0 ] int 
  D_Response      2   48[BANK0 ] int 
  P_Response      2   46[BANK0 ] int 
  resp            4   52[BANK0 ] long 
  err             2   56[BANK0 ] int 
 Return value:  Size  Location     Type
                  1    wreg      void 
 Registers used:
		wreg, fsr0l, fsr0h, status,2, status,0, btemp+1, pclath, cstack
 Tracked objects:
		On entry : 
		On exit  : 
		Unchanged: 
 Data sizes:     COMMON   BANK0   BANK1   BANK3   BANK2
      Params:         0       0       0       0       0
      Locals:         0      12       0       0       0
      Temps:          0       8       0       0       0
      Totals:         0      20       0       0       0
Total ram usage:       20 bytes
 Hardware stack levels used:    1
 Hardware stack levels required when called:    3
 This function calls:
		___wmul
		_constrain
		_pwm_set
 This function is called by:
		_main
 This function uses a non-reentrant model


 *************** function _pwm_set *****************
 Defined at:
		line 72 in file "pwm.c"
 Parameters:    Size  Location     Type
  channel         2   28[BANK0 ] int 
  duty_cycle      4   30[BANK0 ] long 
 Auto vars:     Size  Location     Type
		None
 Return value:  Size  Location     Type
                  1    wreg      void 
 Registers used:
		wreg, fsr0l, fsr0h, status,2, status,0, pclath, cstack
 Tracked objects:
		On entry : 
		On exit  : 
		Unchanged: 
 Data sizes:     COMMON   BANK0   BANK1   BANK3   BANK2
      Params:         0       6       0       0       0
      Locals:         0       0       0       0       0
      Temps:          0       4       0       0       0
      Totals:         0      10       0       0       0
Total ram usage:       10 bytes
 Hardware stack levels used:    1
 Hardware stack levels required when called:    2
 This function calls:
		___aldiv
		___lmul
 This function is called by:
		_SetMotor
		_motor_reset
		_main
 This function uses a non-reentrant model


 *************** function ___lmul *****************
 Defined at:
		line 15 in file "D:\Microchip\xc8\v2.05\pic\sources\c90\common\Umul32.c"
 Parameters:    Size  Location     Type
  multiplier      4    0[BANK0 ] unsigned long 
  multiplicand    4    4[BANK0 ] unsigned long 
 Auto vars:     Size  Location     Type
  product         4    9[BANK0 ] unsigned long 
 Return value:  Size  Location     Type
                  4    0[BANK0 ] unsigned long 
 Registers used:
		wreg, status,2, status,0
 Tracked objects:
		On entry : 
		On exit  : 
		Unchanged: 
 Data sizes:     COMMON   BANK0   BANK1   BANK3   BANK2
      Params:         0       8       0       0       0
      Locals:         0       4       0       0       0
      Temps:          0       1       0       0       0
      Totals:         0      13       0       0       0
Total ram usage:       13 bytes
 Hardware stack levels used:    1
 Hardware stack levels required when called:    1
 This function calls:
		Nothing
 This function is called by:
		_pwm_set
 This function uses a non-reentrant model


 *************** function ___aldiv *****************
 Defined at:
		line 5 in file "D:\Microchip\xc8\v2.05\pic\sources\c90\common\aldiv.c"
 Parameters:    Size  Location     Type
  divisor         4   13[BANK0 ] long 
  dividend        4   17[BANK0 ] long 
 Auto vars:     Size  Location     Type
  quotient        4   24[BANK0 ] long 
  sign            1   23[BANK0 ] unsigned char 
  counter         1   22[BANK0 ] unsigned char 
 Return value:  Size  Location     Type
                  4   13[BANK0 ] long 
 Registers used:
		wreg, status,2, status,0
 Tracked objects:
		On entry : 
		On exit  : 
		Unchanged: 
 Data sizes:     COMMON   BANK0   BANK1   BANK3   BANK2
      Params:         0       8       0       0       0
      Locals:         0       6       0       0       0
      Temps:          0       1       0       0       0
      Totals:         0      15       0       0       0
Total ram usage:       15 bytes
 Hardware stack levels used:    1
 Hardware stack levels required when called:    1
 This function calls:
		Nothing
 This function is called by:
		_pwm_set
 This function uses a non-reentrant model


 *************** function _constrain *****************
 Defined at:
		line 98 in file "main.c"
 Parameters:    Size  Location     Type
  value           4    0[BANK0 ] long 
  lLimit          4    4[BANK0 ] long 
  uLimit          4    8[BANK0 ] long 
 Auto vars:     Size  Location     Type
		None
 Return value:  Size  Location     Type
                  4    0[BANK0 ] long 
 Registers used:
		wreg, btemp+1
 Tracked objects:
		On entry : 
		On exit  : 
		Unchanged: 
 Data sizes:     COMMON   BANK0   BANK1   BANK3   BANK2
      Params:         0      12       0       0       0
      Locals:         0       0       0       0       0
      Temps:          0       0       0       0       0
      Totals:         0      12       0       0       0
Total ram usage:       12 bytes
 Hardware stack levels used:    1
 Hardware stack levels required when called:    1
 This function calls:
		Nothing
 This function is called by:
		_SetMotor
 This function uses a non-reentrant model


 *************** function ___wmul *****************
 Defined at:
		line 15 in file "D:\Microchip\xc8\v2.05\pic\sources\c90\common\Umul16.c"
 Parameters:    Size  Location     Type
  multiplier      2    0[BANK0 ] unsigned int 
  multiplicand    2    2[BANK0 ] unsigned int 
 Auto vars:     Size  Location     Type
  product         2    4[BANK0 ] unsigned int 
 Return value:  Size  Location     Type
                  2    0[BANK0 ] unsigned int 
 Registers used:
		wreg, status,2, status,0
 Tracked objects:
		On entry : 
		On exit  : 
		Unchanged: 
 Data sizes:     COMMON   BANK0   BANK1   BANK3   BANK2
      Params:         0       4       0       0       0
      Locals:         0       2       0       0       0
      Temps:          0       0       0       0       0
      Totals:         0       6       0       0       0
Total ram usage:        6 bytes
 Hardware stack levels used:    1
 Hardware stack levels required when called:    1
 This function calls:
		Nothing
 This function is called by:
		_SetMotor
 This function uses a non-reentrant model


 *************** function _isr *****************
 Defined at:
		line 177 in file "main.c"
 Parameters:    Size  Location     Type
		None
 Auto vars:     Size  Location     Type
  portB           1    6[COMMON] unsigned char 
 Return value:  Size  Location     Type
                  1    wreg      void 
 Registers used:
		wreg, fsr0l, fsr0h, status,2, status,0, btemp+1
 Tracked objects:
		On entry : 
		On exit  : 
		Unchanged: 
 Data sizes:     COMMON   BANK0   BANK1   BANK3   BANK2
      Params:         0       0       0       0       0
      Locals:         1       0       0       0       0
      Temps:          6       0       0       0       0
      Totals:         7       0       0       0       0
Total ram usage:        7 bytes
 Hardware stack levels used:    1
 This function calls:
		Nothing
 This function is called by:
		Interrupt level 1
 This function uses a non-reentrant model



MODULE INFORMATION

Module		Function		Class		Link	Load	Size
serial.c
		_putch         		CODE           	0FAE	0000	41
		_chkchr        		CODE           	0F2B	0000	9
		_putst         		CODE           	0779	0000	55
		_serial_init   		CODE           	07E3	0000	25

serial.c estimated size: 130

D:\Microchip\xc8\v2.05\pic\sources\c90\common\doprnt.c
		_sprintf       		CODE           	0465	0000	211

D:\Microchip\xc8\v2.05\pic\sources\c90\common\doprnt.c estimated size: 211

D:\Microchip\xc8\v2.05\pic\sources\c90\common\Umul16.c
		___wmul        		CODE           	0F66	0000	36

D:\Microchip\xc8\v2.05\pic\sources\c90\common\Umul16.c estimated size: 36

pwm.c
		_pwm_set       		CODE           	05C6	0000	130
		_pwm_init      		CODE           	0FD6	0000	43

pwm.c estimated size: 173

D:\Microchip\xc8\v2.05\pic\sources\c90\common\lwmod.c
		___lwmod       		CODE           	07AF	0000	53

D:\Microchip\xc8\v2.05\pic\sources\c90\common\lwmod.c estimated size: 53

D:\Microchip\xc8\v2.05\pic\sources\c90\common\Umul32.c
		___lmul        		CODE           	0647	0000	66

D:\Microchip\xc8\v2.05\pic\sources\c90\common\Umul32.c estimated size: 66

shared
		__stringtab    		STRING         	0700	0000	7
		_dpowers       		STRING         	0706	0000	11
		__initialization		CODE           	0015	0000	32

shared estimated size: 50

D:\Microchip\xc8\v2.05\pic\sources\c90\common\lwdiv.c
		___lwdiv       		CODE           	0688	0000	63

D:\Microchip\xc8\v2.05\pic\sources\c90\common\lwdiv.c estimated size: 63

D:\Microchip\xc8\v2.05\pic\sources\c90\common\aldiv.c
		___aldiv       		CODE           	0537	0000	144

D:\Microchip\xc8\v2.05\pic\sources\c90\common\aldiv.c estimated size: 144

main.c
		_constrain     		CODE           	073D	0000	61
		_SetMotor      		CODE           	01E1	0000	385
		_main          		CODE           	0038	0000	426
		_resetCounter  		CODE           	0F3B	0000	20
		_isr           		CODE           	0361	0000	261
		_encoders_init 		CODE           	0F4E	0000	25
		_SetPoint      		CODE           	0F89	0000	38
		_motor_reset   		CODE           	06C6	0000	53

main.c estimated size: 1269

