13:02:42 **** Incremental Build of configuration Debug for project pi7 ****
make -r all 
Building file: ../src/main.c
Invoking: MCU C Compiler
arm-none-eabi-gcc -D__NEWLIB__ -DDEBUG -D__USE_CMSIS -D__CODE_RED -DPACK_STRUCT_END=__attribute\(\(packed\)\) -DGCC_ARMCM3 -I../src -I../FreeRTOS_include -I../FreeRTOS_portable -I../OtherIncludes -Os -g3 -Wall -c -fmessage-length=0 -fno-builtin -ffunction-sections -fdata-sections -msoft-float -DMALLOC_PROVIDED -mcpu=cortex-m3 -mthumb -D__NEWLIB__ -MMD -MP -MF"src/main.d" -MT"src/main.o" -MT"src/main.d" -o "src/main.o" "../src/main.c"
../src/main.c: In function 'main':
../src/main.c:166:7: warning: unused variable 'ch' [-Wunused-variable]
  char ch;
       ^
../src/main.c:165:6: warning: unused variable 'i' [-Wunused-variable]
  int i;
      ^
Finished building: ../src/main.c
 
Building target: pi7.axf
Invoking: MCU Linker
arm-none-eabi-gcc -nostdlib -L../Libraries -msoft-float -DMALLOC_PROVIDED -Xlinker -Map="pi7.map" -mcpu=cortex-m3 -mthumb -T "pi7_Debug.ld" -o "pi7.axf"  ./src/pi7/programa_trajetoria/programa_trajetoria.o  ./src/pi7/interpretador_comando/interpretador_comando.o  ./src/pi7/estado_trajetoria/estado_trajetoria.o  ./src/pi7/controlador_trajetoria/controlador_trajetoria.o  ./src/pi7/comunicacao_pic/comunicacao_pic.o  ./src/pi7/comunicacao_pc/modbus.o  ./src/drivers/uart/uart.o  ./src/drivers/pwm/pwm.o  ./src/drivers/ledonboard/leds.o  ./src/drivers/console/alloc.o ./src/drivers/console/basic_io.o ./src/drivers/console/consoleprint.o  ./src/cr_startup_lpc17.o ./src/main.o  ./FreeRTOS_src/croutine.o ./FreeRTOS_src/list.o ./FreeRTOS_src/queue.o ./FreeRTOS_src/tasks.o ./FreeRTOS_src/timers.o  ./FreeRTOS_portable/MemMang/heap_2.o  ./FreeRTOS_portable/port.o   -lCMSISv2_LPC17xx
Finished building target: pi7.axf
 
/usr/bin/make --no-print-directory post-build
Performing post-build steps
arm-none-eabi-size "pi7.axf"; # arm-none-eabi-objcopy -O binary "pi7.axf" "pi7.bin" ; checksum -p LPC1769 -d "pi7.bin";
   text	   data	    bss	    dec	    hex	filename
  46776	   1260	  22968	  71004	  1155c	pi7.axf
 
13:03:36 **** Incremental Build of configuration Debug for project pi7 ****
make -r all 
make: Nothing to be done for `all'.
13:05:22 **** Incremental Build of configuration Debug for project pi7 ****
make -r all 
make: Nothing to be done for `all'.
13:05:23 **** Incremental Build of configuration Debug for project pi7 ****
make -r all 
make: Nothing to be done for `all'.
13:05:40 **** Incremental Build of configuration Debug for project pi7 ****
make -r all 
make: Nothing to be done for `all'.
13:12:47 **** Incremental Build of configuration Debug for project pi7 ****
make -r all 
Building file: ../src/main.c
Invoking: MCU C Compiler
arm-none-eabi-gcc -D__NEWLIB__ -DDEBUG -D__USE_CMSIS -D__CODE_RED -DPACK_STRUCT_END=__attribute\(\(packed\)\) -DGCC_ARMCM3 -I../src -I../FreeRTOS_include -I../FreeRTOS_portable -I../OtherIncludes -Os -g3 -Wall -c -fmessage-length=0 -fno-builtin -ffunction-sections -fdata-sections -msoft-float -DMALLOC_PROVIDED -mcpu=cortex-m3 -mthumb -D__NEWLIB__ -MMD -MP -MF"src/main.d" -MT"src/main.o" -MT"src/main.d" -o "src/main.o" "../src/main.c"
../src/main.c: In function 'main':
../src/main.c:171:7: warning: unused variable 'ch' [-Wunused-variable]
  char ch;
       ^
../src/main.c:170:6: warning: unused variable 'i' [-Wunused-variable]
  int i;
      ^
Finished building: ../src/main.c
 
Building target: pi7.axf
Invoking: MCU Linker
arm-none-eabi-gcc -nostdlib -L../Libraries -msoft-float -DMALLOC_PROVIDED -Xlinker -Map="pi7.map" -mcpu=cortex-m3 -mthumb -T "pi7_Debug.ld" -o "pi7.axf"  ./src/pi7/programa_trajetoria/programa_trajetoria.o  ./src/pi7/interpretador_comando/interpretador_comando.o  ./src/pi7/estado_trajetoria/estado_trajetoria.o  ./src/pi7/controlador_trajetoria/controlador_trajetoria.o  ./src/pi7/comunicacao_pic/comunicacao_pic.o  ./src/pi7/comunicacao_pc/modbus.o  ./src/drivers/uart/uart.o  ./src/drivers/pwm/pwm.o  ./src/drivers/ledonboard/leds.o  ./src/drivers/console/alloc.o ./src/drivers/console/basic_io.o ./src/drivers/console/consoleprint.o  ./src/cr_startup_lpc17.o ./src/main.o  ./FreeRTOS_src/croutine.o ./FreeRTOS_src/list.o ./FreeRTOS_src/queue.o ./FreeRTOS_src/tasks.o ./FreeRTOS_src/timers.o  ./FreeRTOS_portable/MemMang/heap_2.o  ./FreeRTOS_portable/port.o   -lCMSISv2_LPC17xx
Finished building target: pi7.axf
 
/usr/bin/make --no-print-directory post-build
Performing post-build steps
arm-none-eabi-size "pi7.axf"; # arm-none-eabi-objcopy -O binary "pi7.axf" "pi7.bin" ; checksum -p LPC1769 -d "pi7.bin";
   text	   data	    bss	    dec	    hex	filename
  46808	   1260	  22968	  71036	  1157c	pi7.axf
 
13:16:44 **** Incremental Build of configuration Debug for project pi7 ****
make -r all 
Building file: ../src/drivers/pwm/pwm.c
Invoking: MCU C Compiler
arm-none-eabi-gcc -D__NEWLIB__ -DDEBUG -D__USE_CMSIS -D__CODE_RED -DPACK_STRUCT_END=__attribute\(\(packed\)\) -DGCC_ARMCM3 -I../src -I../FreeRTOS_include -I../FreeRTOS_portable -I../OtherIncludes -Os -g3 -Wall -c -fmessage-length=0 -fno-builtin -ffunction-sections -fdata-sections -msoft-float -DMALLOC_PROVIDED -mcpu=cortex-m3 -mthumb -D__NEWLIB__ -MMD -MP -MF"src/drivers/pwm/pwm.d" -MT"src/drivers/pwm/pwm.o" -MT"src/drivers/pwm/pwm.d" -o "src/drivers/pwm/pwm.o" "../src/drivers/pwm/pwm.c"
Finished building: ../src/drivers/pwm/pwm.c
 
Building target: pi7.axf
Invoking: MCU Linker
arm-none-eabi-gcc -nostdlib -L../Libraries -msoft-float -DMALLOC_PROVIDED -Xlinker -Map="pi7.map" -mcpu=cortex-m3 -mthumb -T "pi7_Debug.ld" -o "pi7.axf"  ./src/pi7/programa_trajetoria/programa_trajetoria.o  ./src/pi7/interpretador_comando/interpretador_comando.o  ./src/pi7/estado_trajetoria/estado_trajetoria.o  ./src/pi7/controlador_trajetoria/controlador_trajetoria.o  ./src/pi7/comunicacao_pic/comunicacao_pic.o  ./src/pi7/comunicacao_pc/modbus.o  ./src/drivers/uart/uart.o  ./src/drivers/pwm/pwm.o  ./src/drivers/ledonboard/leds.o  ./src/drivers/console/alloc.o ./src/drivers/console/basic_io.o ./src/drivers/console/consoleprint.o  ./src/cr_startup_lpc17.o ./src/main.o  ./FreeRTOS_src/croutine.o ./FreeRTOS_src/list.o ./FreeRTOS_src/queue.o ./FreeRTOS_src/tasks.o ./FreeRTOS_src/timers.o  ./FreeRTOS_portable/MemMang/heap_2.o  ./FreeRTOS_portable/port.o   -lCMSISv2_LPC17xx
Finished building target: pi7.axf
 
/usr/bin/make --no-print-directory post-build
Performing post-build steps
arm-none-eabi-size "pi7.axf"; # arm-none-eabi-objcopy -O binary "pi7.axf" "pi7.bin" ; checksum -p LPC1769 -d "pi7.bin";
   text	   data	    bss	    dec	    hex	filename
  46808	   1260	  22968	  71036	  1157c	pi7.axf
 
13:18:29 **** Incremental Build of configuration Debug for project pi7 ****
make -r all 
Building file: ../src/drivers/pwm/pwm.c
Invoking: MCU C Compiler
arm-none-eabi-gcc -D__NEWLIB__ -DDEBUG -D__USE_CMSIS -D__CODE_RED -DPACK_STRUCT_END=__attribute\(\(packed\)\) -DGCC_ARMCM3 -I../src -I../FreeRTOS_include -I../FreeRTOS_portable -I../OtherIncludes -Os -g3 -Wall -c -fmessage-length=0 -fno-builtin -ffunction-sections -fdata-sections -msoft-float -DMALLOC_PROVIDED -mcpu=cortex-m3 -mthumb -D__NEWLIB__ -MMD -MP -MF"src/drivers/pwm/pwm.d" -MT"src/drivers/pwm/pwm.o" -MT"src/drivers/pwm/pwm.d" -o "src/drivers/pwm/pwm.o" "../src/drivers/pwm/pwm.c"
Finished building: ../src/drivers/pwm/pwm.c
 
Building target: pi7.axf
Invoking: MCU Linker
arm-none-eabi-gcc -nostdlib -L../Libraries -msoft-float -DMALLOC_PROVIDED -Xlinker -Map="pi7.map" -mcpu=cortex-m3 -mthumb -T "pi7_Debug.ld" -o "pi7.axf"  ./src/pi7/programa_trajetoria/programa_trajetoria.o  ./src/pi7/interpretador_comando/interpretador_comando.o  ./src/pi7/estado_trajetoria/estado_trajetoria.o  ./src/pi7/controlador_trajetoria/controlador_trajetoria.o  ./src/pi7/comunicacao_pic/comunicacao_pic.o  ./src/pi7/comunicacao_pc/modbus.o  ./src/drivers/uart/uart.o  ./src/drivers/pwm/pwm.o  ./src/drivers/ledonboard/leds.o  ./src/drivers/console/alloc.o ./src/drivers/console/basic_io.o ./src/drivers/console/consoleprint.o  ./src/cr_startup_lpc17.o ./src/main.o  ./FreeRTOS_src/croutine.o ./FreeRTOS_src/list.o ./FreeRTOS_src/queue.o ./FreeRTOS_src/tasks.o ./FreeRTOS_src/timers.o  ./FreeRTOS_portable/MemMang/heap_2.o  ./FreeRTOS_portable/port.o   -lCMSISv2_LPC17xx
Finished building target: pi7.axf
 
/usr/bin/make --no-print-directory post-build
Performing post-build steps
arm-none-eabi-size "pi7.axf"; # arm-none-eabi-objcopy -O binary "pi7.axf" "pi7.bin" ; checksum -p LPC1769 -d "pi7.bin";
   text	   data	    bss	    dec	    hex	filename
  46808	   1260	  22968	  71036	  1157c	pi7.axf
 
13:20:58 **** Incremental Build of configuration Debug for project pi7 ****
make -r all 
Building file: ../src/main.c
Invoking: MCU C Compiler
arm-none-eabi-gcc -D__NEWLIB__ -DDEBUG -D__USE_CMSIS -D__CODE_RED -DPACK_STRUCT_END=__attribute\(\(packed\)\) -DGCC_ARMCM3 -I../src -I../FreeRTOS_include -I../FreeRTOS_portable -I../OtherIncludes -Os -g3 -Wall -c -fmessage-length=0 -fno-builtin -ffunction-sections -fdata-sections -msoft-float -DMALLOC_PROVIDED -mcpu=cortex-m3 -mthumb -D__NEWLIB__ -MMD -MP -MF"src/main.d" -MT"src/main.o" -MT"src/main.d" -o "src/main.o" "../src/main.c"
../src/main.c: In function 'main':
../src/main.c:171:7: warning: unused variable 'ch' [-Wunused-variable]
  char ch;
       ^
../src/main.c:170:6: warning: unused variable 'i' [-Wunused-variable]
  int i;
      ^
Finished building: ../src/main.c
 
Building target: pi7.axf
Invoking: MCU Linker
arm-none-eabi-gcc -nostdlib -L../Libraries -msoft-float -DMALLOC_PROVIDED -Xlinker -Map="pi7.map" -mcpu=cortex-m3 -mthumb -T "pi7_Debug.ld" -o "pi7.axf"  ./src/pi7/programa_trajetoria/programa_trajetoria.o  ./src/pi7/interpretador_comando/interpretador_comando.o  ./src/pi7/estado_trajetoria/estado_trajetoria.o  ./src/pi7/controlador_trajetoria/controlador_trajetoria.o  ./src/pi7/comunicacao_pic/comunicacao_pic.o  ./src/pi7/comunicacao_pc/modbus.o  ./src/drivers/uart/uart.o  ./src/drivers/pwm/pwm.o  ./src/drivers/ledonboard/leds.o  ./src/drivers/console/alloc.o ./src/drivers/console/basic_io.o ./src/drivers/console/consoleprint.o  ./src/cr_startup_lpc17.o ./src/main.o  ./FreeRTOS_src/croutine.o ./FreeRTOS_src/list.o ./FreeRTOS_src/queue.o ./FreeRTOS_src/tasks.o ./FreeRTOS_src/timers.o  ./FreeRTOS_portable/MemMang/heap_2.o  ./FreeRTOS_portable/port.o   -lCMSISv2_LPC17xx
Finished building target: pi7.axf
 
/usr/bin/make --no-print-directory post-build
Performing post-build steps
arm-none-eabi-size "pi7.axf"; # arm-none-eabi-objcopy -O binary "pi7.axf" "pi7.bin" ; checksum -p LPC1769 -d "pi7.bin";
   text	   data	    bss	    dec	    hex	filename
  46776	   1260	  22968	  71004	  1155c	pi7.axf
 
13:22:27 **** Incremental Build of configuration Debug for project pi7 ****
make -r all 
Building file: ../src/main.c
Invoking: MCU C Compiler
arm-none-eabi-gcc -D__NEWLIB__ -DDEBUG -D__USE_CMSIS -D__CODE_RED -DPACK_STRUCT_END=__attribute\(\(packed\)\) -DGCC_ARMCM3 -I../src -I../FreeRTOS_include -I../FreeRTOS_portable -I../OtherIncludes -Os -g3 -Wall -c -fmessage-length=0 -fno-builtin -ffunction-sections -fdata-sections -msoft-float -DMALLOC_PROVIDED -mcpu=cortex-m3 -mthumb -D__NEWLIB__ -MMD -MP -MF"src/main.d" -MT"src/main.o" -MT"src/main.d" -o "src/main.o" "../src/main.c"
../src/main.c: In function 'main':
../src/main.c:171:7: warning: unused variable 'ch' [-Wunused-variable]
  char ch;
       ^
../src/main.c:170:6: warning: unused variable 'i' [-Wunused-variable]
  int i;
      ^
Finished building: ../src/main.c
 
Building target: pi7.axf
Invoking: MCU Linker
arm-none-eabi-gcc -nostdlib -L../Libraries -msoft-float -DMALLOC_PROVIDED -Xlinker -Map="pi7.map" -mcpu=cortex-m3 -mthumb -T "pi7_Debug.ld" -o "pi7.axf"  ./src/pi7/programa_trajetoria/programa_trajetoria.o  ./src/pi7/interpretador_comando/interpretador_comando.o  ./src/pi7/estado_trajetoria/estado_trajetoria.o  ./src/pi7/controlador_trajetoria/controlador_trajetoria.o  ./src/pi7/comunicacao_pic/comunicacao_pic.o  ./src/pi7/comunicacao_pc/modbus.o  ./src/drivers/uart/uart.o  ./src/drivers/pwm/pwm.o  ./src/drivers/ledonboard/leds.o  ./src/drivers/console/alloc.o ./src/drivers/console/basic_io.o ./src/drivers/console/consoleprint.o  ./src/cr_startup_lpc17.o ./src/main.o  ./FreeRTOS_src/croutine.o ./FreeRTOS_src/list.o ./FreeRTOS_src/queue.o ./FreeRTOS_src/tasks.o ./FreeRTOS_src/timers.o  ./FreeRTOS_portable/MemMang/heap_2.o  ./FreeRTOS_portable/port.o   -lCMSISv2_LPC17xx
Finished building target: pi7.axf
 
/usr/bin/make --no-print-directory post-build
Performing post-build steps
arm-none-eabi-size "pi7.axf"; # arm-none-eabi-objcopy -O binary "pi7.axf" "pi7.bin" ; checksum -p LPC1769 -d "pi7.bin";
   text	   data	    bss	    dec	    hex	filename
  46784	   1260	  22968	  71012	  11564	pi7.axf
 
17:33:20 **** Clean-only build of configuration Debug for project pi7 ****
make -r clean 
rm -rf  ./src/pi7/programa_trajetoria/programa_trajetoria.o  ./src/pi7/interpretador_comando/interpretador_comando.o  ./src/pi7/estado_trajetoria/estado_trajetoria.o  ./src/pi7/controlador_trajetoria/controlador_trajetoria.o  ./src/pi7/comunicacao_pic/comunicacao_pic.o  ./src/pi7/comunicacao_pc/modbus.o  ./src/drivers/uart/uart.o  ./src/drivers/pwm/pwm.o  ./src/drivers/ledonboard/leds.o  ./src/drivers/console/alloc.o ./src/drivers/console/basic_io.o ./src/drivers/console/consoleprint.o  ./src/cr_startup_lpc17.o ./src/main.o  ./FreeRTOS_src/croutine.o ./FreeRTOS_src/list.o ./FreeRTOS_src/queue.o ./FreeRTOS_src/tasks.o ./FreeRTOS_src/timers.o  ./FreeRTOS_portable/MemMang/heap_2.o  ./FreeRTOS_portable/port.o  ./src/pi7/programa_trajetoria/programa_trajetoria.d  ./src/pi7/interpretador_comando/interpretador_comando.d  ./src/pi7/estado_trajetoria/estado_trajetoria.d  ./src/pi7/controlador_trajetoria/controlador_trajetoria.d  ./src/pi7/comunicacao_pic/comunicacao_pic.d  ./src/pi7/comunicacao_pc/modbus.d  ./src/drivers/uart/uart.d  ./src/drivers/pwm/pwm.d  ./src/drivers/ledonboard/leds.d  ./src/drivers/console/alloc.d ./src/drivers/console/basic_io.d ./src/drivers/console/consoleprint.d  ./src/cr_startup_lpc17.d ./src/main.d  ./FreeRTOS_src/croutine.d ./FreeRTOS_src/list.d ./FreeRTOS_src/queue.d ./FreeRTOS_src/tasks.d ./FreeRTOS_src/timers.d  ./FreeRTOS_portable/MemMang/heap_2.d  ./FreeRTOS_portable/port.d  pi7.axf
 
17:33:23 **** Incremental Build of configuration Debug for project pi7 ****
make -r all 
Building file: ../src/pi7/programa_trajetoria/programa_trajetoria.c
Invoking: MCU C Compiler
arm-none-eabi-gcc -D__NEWLIB__ -DDEBUG -D__USE_CMSIS -D__CODE_RED -DPACK_STRUCT_END=__attribute\(\(packed\)\) -DGCC_ARMCM3 -I../src -I../FreeRTOS_include -I../FreeRTOS_portable -I../OtherIncludes -Os -g3 -Wall -c -fmessage-length=0 -fno-builtin -ffunction-sections -fdata-sections -msoft-float -DMALLOC_PROVIDED -mcpu=cortex-m3 -mthumb -D__NEWLIB__ -MMD -MP -MF"src/pi7/programa_trajetoria/programa_trajetoria.d" -MT"src/pi7/programa_trajetoria/programa_trajetoria.o" -MT"src/pi7/programa_trajetoria/programa_trajetoria.d" -o "src/pi7/programa_trajetoria/programa_trajetoria.o" "../src/pi7/programa_trajetoria/programa_trajetoria.c"
Finished building: ../src/pi7/programa_trajetoria/programa_trajetoria.c
 
Building file: ../src/pi7/interpretador_comando/interpretador_comando.c
Invoking: MCU C Compiler
arm-none-eabi-gcc -D__NEWLIB__ -DDEBUG -D__USE_CMSIS -D__CODE_RED -DPACK_STRUCT_END=__attribute\(\(packed\)\) -DGCC_ARMCM3 -I../src -I../FreeRTOS_include -I../FreeRTOS_portable -I../OtherIncludes -Os -g3 -Wall -c -fmessage-length=0 -fno-builtin -ffunction-sections -fdata-sections -msoft-float -DMALLOC_PROVIDED -mcpu=cortex-m3 -mthumb -D__NEWLIB__ -MMD -MP -MF"src/pi7/interpretador_comando/interpretador_comando.d" -MT"src/pi7/interpretador_comando/interpretador_comando.o" -MT"src/pi7/interpretador_comando/interpretador_comando.d" -o "src/pi7/interpretador_comando/interpretador_comando.o" "../src/pi7/interpretador_comando/interpretador_comando.c"
Finished building: ../src/pi7/interpretador_comando/interpretador_comando.c
 
Building file: ../src/pi7/estado_trajetoria/estado_trajetoria.c
Invoking: MCU C Compiler
arm-none-eabi-gcc -D__NEWLIB__ -DDEBUG -D__USE_CMSIS -D__CODE_RED -DPACK_STRUCT_END=__attribute\(\(packed\)\) -DGCC_ARMCM3 -I../src -I../FreeRTOS_include -I../FreeRTOS_portable -I../OtherIncludes -Os -g3 -Wall -c -fmessage-length=0 -fno-builtin -ffunction-sections -fdata-sections -msoft-float -DMALLOC_PROVIDED -mcpu=cortex-m3 -mthumb -D__NEWLIB__ -MMD -MP -MF"src/pi7/estado_trajetoria/estado_trajetoria.d" -MT"src/pi7/estado_trajetoria/estado_trajetoria.o" -MT"src/pi7/estado_trajetoria/estado_trajetoria.d" -o "src/pi7/estado_trajetoria/estado_trajetoria.o" "../src/pi7/estado_trajetoria/estado_trajetoria.c"
Finished building: ../src/pi7/estado_trajetoria/estado_trajetoria.c
 
Building file: ../src/pi7/controlador_trajetoria/controlador_trajetoria.c
Invoking: MCU C Compiler
arm-none-eabi-gcc -D__NEWLIB__ -DDEBUG -D__USE_CMSIS -D__CODE_RED -DPACK_STRUCT_END=__attribute\(\(packed\)\) -DGCC_ARMCM3 -I../src -I../FreeRTOS_include -I../FreeRTOS_portable -I../OtherIncludes -Os -g3 -Wall -c -fmessage-length=0 -fno-builtin -ffunction-sections -fdata-sections -msoft-float -DMALLOC_PROVIDED -mcpu=cortex-m3 -mthumb -D__NEWLIB__ -MMD -MP -MF"src/pi7/controlador_trajetoria/controlador_trajetoria.d" -MT"src/pi7/controlador_trajetoria/controlador_trajetoria.o" -MT"src/pi7/controlador_trajetoria/controlador_trajetoria.d" -o "src/pi7/controlador_trajetoria/controlador_trajetoria.o" "../src/pi7/controlador_trajetoria/controlador_trajetoria.c"
Finished building: ../src/pi7/controlador_trajetoria/controlador_trajetoria.c
 
Building file: ../src/pi7/comunicacao_pic/comunicacao_pic.c
Invoking: MCU C Compiler
arm-none-eabi-gcc -D__NEWLIB__ -DDEBUG -D__USE_CMSIS -D__CODE_RED -DPACK_STRUCT_END=__attribute\(\(packed\)\) -DGCC_ARMCM3 -I../src -I../FreeRTOS_include -I../FreeRTOS_portable -I../OtherIncludes -Os -g3 -Wall -c -fmessage-length=0 -fno-builtin -ffunction-sections -fdata-sections -msoft-float -DMALLOC_PROVIDED -mcpu=cortex-m3 -mthumb -D__NEWLIB__ -MMD -MP -MF"src/pi7/comunicacao_pic/comunicacao_pic.d" -MT"src/pi7/comunicacao_pic/comunicacao_pic.o" -MT"src/pi7/comunicacao_pic/comunicacao_pic.d" -o "src/pi7/comunicacao_pic/comunicacao_pic.o" "../src/pi7/comunicacao_pic/comunicacao_pic.c"
../src/pi7/comunicacao_pic/comunicacao_pic.c: In function 'pic_sendToPIC':
../src/pi7/comunicacao_pic/comunicacao_pic.c:26:9: warning: format '%d' expects argument of type 'int', but argument 2 has type 'double' [-Wformat=]
  printf("X=%d Y=%d Z=%d\n", data.setPoint1, data.setPoint2, data.setPoint3);
         ^
../src/pi7/comunicacao_pic/comunicacao_pic.c:26:9: warning: format '%d' expects argument of type 'int', but argument 3 has type 'double' [-Wformat=]
../src/pi7/comunicacao_pic/comunicacao_pic.c:26:9: warning: format '%d' expects argument of type 'int', but argument 4 has type 'double' [-Wformat=]
Finished building: ../src/pi7/comunicacao_pic/comunicacao_pic.c
 
Building file: ../src/pi7/comunicacao_pc/modbus.c
Invoking: MCU C Compiler
arm-none-eabi-gcc -D__NEWLIB__ -DDEBUG -D__USE_CMSIS -D__CODE_RED -DPACK_STRUCT_END=__attribute\(\(packed\)\) -DGCC_ARMCM3 -I../src -I../FreeRTOS_include -I../FreeRTOS_portable -I../OtherIncludes -Os -g3 -Wall -c -fmessage-length=0 -fno-builtin -ffunction-sections -fdata-sections -msoft-float -DMALLOC_PROVIDED -mcpu=cortex-m3 -mthumb -D__NEWLIB__ -MMD -MP -MF"src/pi7/comunicacao_pc/modbus.d" -MT"src/pi7/comunicacao_pc/modbus.o" -MT"src/pi7/comunicacao_pc/modbus.d" -o "src/pi7/comunicacao_pc/modbus.o" "../src/pi7/comunicacao_pc/modbus.c"
../src/pi7/comunicacao_pc/modbus.c: In function 'putCharToSerial':
../src/pi7/comunicacao_pc/modbus.c:121:19: warning: pointer targets in passing argument 1 of 'vPrintString' differ in signedness [-Wpointer-sign]
      vPrintString(txBuffer);
                   ^
In file included from ../src/pi7/comunicacao_pc/modbus.c:20:0:
../src/drivers/console/basic_io.h:36:6: note: expected 'const char *' but argument is of type 'uint8_t * {aka unsigned char *}'
 void vPrintString( const portCHAR *pcString );
      ^
Finished building: ../src/pi7/comunicacao_pc/modbus.c
 
Building file: ../src/drivers/uart/uart.c
Invoking: MCU C Compiler
arm-none-eabi-gcc -D__NEWLIB__ -DDEBUG -D__USE_CMSIS -D__CODE_RED -DPACK_STRUCT_END=__attribute\(\(packed\)\) -DGCC_ARMCM3 -I../src -I../FreeRTOS_include -I../FreeRTOS_portable -I../OtherIncludes -Os -g3 -Wall -c -fmessage-length=0 -fno-builtin -ffunction-sections -fdata-sections -msoft-float -DMALLOC_PROVIDED -mcpu=cortex-m3 -mthumb -D__NEWLIB__ -MMD -MP -MF"src/drivers/uart/uart.d" -MT"src/drivers/uart/uart.o" -MT"src/drivers/uart/uart.d" -o "src/drivers/uart/uart.o" "../src/drivers/uart/uart.c"
Finished building: ../src/drivers/uart/uart.c
 
Building file: ../src/drivers/pwm/pwm.c
Invoking: MCU C Compiler
arm-none-eabi-gcc -D__NEWLIB__ -DDEBUG -D__USE_CMSIS -D__CODE_RED -DPACK_STRUCT_END=__attribute\(\(packed\)\) -DGCC_ARMCM3 -I../src -I../FreeRTOS_include -I../FreeRTOS_portable -I../OtherIncludes -Os -g3 -Wall -c -fmessage-length=0 -fno-builtin -ffunction-sections -fdata-sections -msoft-float -DMALLOC_PROVIDED -mcpu=cortex-m3 -mthumb -D__NEWLIB__ -MMD -MP -MF"src/drivers/pwm/pwm.d" -MT"src/drivers/pwm/pwm.o" -MT"src/drivers/pwm/pwm.d" -o "src/drivers/pwm/pwm.o" "../src/drivers/pwm/pwm.c"
Finished building: ../src/drivers/pwm/pwm.c
 
Building file: ../src/drivers/ledonboard/leds.c
Invoking: MCU C Compiler
arm-none-eabi-gcc -D__NEWLIB__ -DDEBUG -D__USE_CMSIS -D__CODE_RED -DPACK_STRUCT_END=__attribute\(\(packed\)\) -DGCC_ARMCM3 -I../src -I../FreeRTOS_include -I../FreeRTOS_portable -I../OtherIncludes -Os -g3 -Wall -c -fmessage-length=0 -fno-builtin -ffunction-sections -fdata-sections -msoft-float -DMALLOC_PROVIDED -mcpu=cortex-m3 -mthumb -D__NEWLIB__ -MMD -MP -MF"src/drivers/ledonboard/leds.d" -MT"src/drivers/ledonboard/leds.o" -MT"src/drivers/ledonboard/leds.d" -o "src/drivers/ledonboard/leds.o" "../src/drivers/ledonboard/leds.c"
Finished building: ../src/drivers/ledonboard/leds.c
 
Building file: ../src/drivers/console/alloc.c
Invoking: MCU C Compiler
arm-none-eabi-gcc -D__NEWLIB__ -DDEBUG -D__USE_CMSIS -D__CODE_RED -DPACK_STRUCT_END=__attribute\(\(packed\)\) -DGCC_ARMCM3 -I../src -I../FreeRTOS_include -I../FreeRTOS_portable -I../OtherIncludes -Os -g3 -Wall -c -fmessage-length=0 -fno-builtin -ffunction-sections -fdata-sections -msoft-float -DMALLOC_PROVIDED -mcpu=cortex-m3 -mthumb -D__NEWLIB__ -MMD -MP -MF"src/drivers/console/alloc.d" -MT"src/drivers/console/alloc.o" -MT"src/drivers/console/alloc.d" -o "src/drivers/console/alloc.o" "../src/drivers/console/alloc.c"
../src/drivers/console/alloc.c: In function '_realloc_r':
../src/drivers/console/alloc.c:43:2: warning: implicit declaration of function 'memcpy' [-Wimplicit-function-declaration]
  memcpy((void *)newAddr, (void *)oldAddr, (size_t)toCopy);
  ^
Finished building: ../src/drivers/console/alloc.c
 
Building file: ../src/drivers/console/basic_io.c
Invoking: MCU C Compiler
arm-none-eabi-gcc -D__NEWLIB__ -DDEBUG -D__USE_CMSIS -D__CODE_RED -DPACK_STRUCT_END=__attribute\(\(packed\)\) -DGCC_ARMCM3 -I../src -I../FreeRTOS_include -I../FreeRTOS_portable -I../OtherIncludes -Os -g3 -Wall -c -fmessage-length=0 -fno-builtin -ffunction-sections -fdata-sections -msoft-float -DMALLOC_PROVIDED -mcpu=cortex-m3 -mthumb -D__NEWLIB__ -MMD -MP -MF"src/drivers/console/basic_io.d" -MT"src/drivers/console/basic_io.o" -MT"src/drivers/console/basic_io.d" -o "src/drivers/console/basic_io.o" "../src/drivers/console/basic_io.c"
Finished building: ../src/drivers/console/basic_io.c
 
Building file: ../src/drivers/console/consoleprint.c
Invoking: MCU C Compiler
arm-none-eabi-gcc -D__NEWLIB__ -DDEBUG -D__USE_CMSIS -D__CODE_RED -DPACK_STRUCT_END=__attribute\(\(packed\)\) -DGCC_ARMCM3 -I../src -I../FreeRTOS_include -I../FreeRTOS_portable -I../OtherIncludes -Os -g3 -Wall -c -fmessage-length=0 -fno-builtin -ffunction-sections -fdata-sections -msoft-float -DMALLOC_PROVIDED -mcpu=cortex-m3 -mthumb -D__NEWLIB__ -MMD -MP -MF"src/drivers/console/consoleprint.d" -MT"src/drivers/console/consoleprint.o" -MT"src/drivers/console/consoleprint.d" -o "src/drivers/console/consoleprint.o" "../src/drivers/console/consoleprint.c"
Finished building: ../src/drivers/console/consoleprint.c
 
Building file: ../src/cr_startup_lpc17.c
Invoking: MCU C Compiler
arm-none-eabi-gcc -D__NEWLIB__ -DDEBUG -D__USE_CMSIS -D__CODE_RED -DPACK_STRUCT_END=__attribute\(\(packed\)\) -DGCC_ARMCM3 -I../src -I../FreeRTOS_include -I../FreeRTOS_portable -I../OtherIncludes -Os -g3 -Wall -c -fmessage-length=0 -fno-builtin -ffunction-sections -fdata-sections -msoft-float -DMALLOC_PROVIDED -mcpu=cortex-m3 -mthumb -D__NEWLIB__ -MMD -MP -MF"src/cr_startup_lpc17.d" -MT"src/cr_startup_lpc17.o" -MT"src/cr_startup_lpc17.d" -o "src/cr_startup_lpc17.o" "../src/cr_startup_lpc17.c"
Finished building: ../src/cr_startup_lpc17.c
 
Building file: ../src/main.c
Invoking: MCU C Compiler
arm-none-eabi-gcc -D__NEWLIB__ -DDEBUG -D__USE_CMSIS -D__CODE_RED -DPACK_STRUCT_END=__attribute\(\(packed\)\) -DGCC_ARMCM3 -I../src -I../FreeRTOS_include -I../FreeRTOS_portable -I../OtherIncludes -Os -g3 -Wall -c -fmessage-length=0 -fno-builtin -ffunction-sections -fdata-sections -msoft-float -DMALLOC_PROVIDED -mcpu=cortex-m3 -mthumb -D__NEWLIB__ -MMD -MP -MF"src/main.d" -MT"src/main.o" -MT"src/main.d" -o "src/main.o" "../src/main.c"
../src/main.c: In function 'main':
../src/main.c:171:7: warning: unused variable 'ch' [-Wunused-variable]
  char ch;
       ^
../src/main.c:170:6: warning: unused variable 'i' [-Wunused-variable]
  int i;
      ^
Finished building: ../src/main.c
 
Building file: ../FreeRTOS_src/croutine.c
Invoking: MCU C Compiler
arm-none-eabi-gcc -D__NEWLIB__ -DDEBUG -D__USE_CMSIS -D__CODE_RED -DPACK_STRUCT_END=__attribute\(\(packed\)\) -DGCC_ARMCM3 -I../src -I../FreeRTOS_include -I../FreeRTOS_portable -I../OtherIncludes -Os -g3 -Wall -c -fmessage-length=0 -fno-builtin -ffunction-sections -fdata-sections -msoft-float -DMALLOC_PROVIDED -mcpu=cortex-m3 -mthumb -D__NEWLIB__ -MMD -MP -MF"FreeRTOS_src/croutine.d" -MT"FreeRTOS_src/croutine.o" -MT"FreeRTOS_src/croutine.d" -o "FreeRTOS_src/croutine.o" "../FreeRTOS_src/croutine.c"
Finished building: ../FreeRTOS_src/croutine.c
 
Building file: ../FreeRTOS_src/list.c
Invoking: MCU C Compiler
arm-none-eabi-gcc -D__NEWLIB__ -DDEBUG -D__USE_CMSIS -D__CODE_RED -DPACK_STRUCT_END=__attribute\(\(packed\)\) -DGCC_ARMCM3 -I../src -I../FreeRTOS_include -I../FreeRTOS_portable -I../OtherIncludes -Os -g3 -Wall -c -fmessage-length=0 -fno-builtin -ffunction-sections -fdata-sections -msoft-float -DMALLOC_PROVIDED -mcpu=cortex-m3 -mthumb -D__NEWLIB__ -MMD -MP -MF"FreeRTOS_src/list.d" -MT"FreeRTOS_src/list.o" -MT"FreeRTOS_src/list.d" -o "FreeRTOS_src/list.o" "../FreeRTOS_src/list.c"
Finished building: ../FreeRTOS_src/list.c
 
Building file: ../FreeRTOS_src/queue.c
Invoking: MCU C Compiler
arm-none-eabi-gcc -D__NEWLIB__ -DDEBUG -D__USE_CMSIS -D__CODE_RED -DPACK_STRUCT_END=__attribute\(\(packed\)\) -DGCC_ARMCM3 -I../src -I../FreeRTOS_include -I../FreeRTOS_portable -I../OtherIncludes -Os -g3 -Wall -c -fmessage-length=0 -fno-builtin -ffunction-sections -fdata-sections -msoft-float -DMALLOC_PROVIDED -mcpu=cortex-m3 -mthumb -D__NEWLIB__ -MMD -MP -MF"FreeRTOS_src/queue.d" -MT"FreeRTOS_src/queue.o" -MT"FreeRTOS_src/queue.d" -o "FreeRTOS_src/queue.o" "../FreeRTOS_src/queue.c"
Finished building: ../FreeRTOS_src/queue.c
 
Building file: ../FreeRTOS_src/tasks.c
Invoking: MCU C Compiler
arm-none-eabi-gcc -D__NEWLIB__ -DDEBUG -D__USE_CMSIS -D__CODE_RED -DPACK_STRUCT_END=__attribute\(\(packed\)\) -DGCC_ARMCM3 -I../src -I../FreeRTOS_include -I../FreeRTOS_portable -I../OtherIncludes -Os -g3 -Wall -c -fmessage-length=0 -fno-builtin -ffunction-sections -fdata-sections -msoft-float -DMALLOC_PROVIDED -mcpu=cortex-m3 -mthumb -D__NEWLIB__ -MMD -MP -MF"FreeRTOS_src/tasks.d" -MT"FreeRTOS_src/tasks.o" -MT"FreeRTOS_src/tasks.d" -o "FreeRTOS_src/tasks.o" "../FreeRTOS_src/tasks.c"
Finished building: ../FreeRTOS_src/tasks.c
 
Building file: ../FreeRTOS_src/timers.c
Invoking: MCU C Compiler
arm-none-eabi-gcc -D__NEWLIB__ -DDEBUG -D__USE_CMSIS -D__CODE_RED -DPACK_STRUCT_END=__attribute\(\(packed\)\) -DGCC_ARMCM3 -I../src -I../FreeRTOS_include -I../FreeRTOS_portable -I../OtherIncludes -Os -g3 -Wall -c -fmessage-length=0 -fno-builtin -ffunction-sections -fdata-sections -msoft-float -DMALLOC_PROVIDED -mcpu=cortex-m3 -mthumb -D__NEWLIB__ -MMD -MP -MF"FreeRTOS_src/timers.d" -MT"FreeRTOS_src/timers.o" -MT"FreeRTOS_src/timers.d" -o "FreeRTOS_src/timers.o" "../FreeRTOS_src/timers.c"
Finished building: ../FreeRTOS_src/timers.c
 
Building file: ../FreeRTOS_portable/MemMang/heap_2.c
Invoking: MCU C Compiler
arm-none-eabi-gcc -D__NEWLIB__ -DDEBUG -D__USE_CMSIS -D__CODE_RED -DPACK_STRUCT_END=__attribute\(\(packed\)\) -DGCC_ARMCM3 -I../src -I../FreeRTOS_include -I../FreeRTOS_portable -I../OtherIncludes -Os -g3 -Wall -c -fmessage-length=0 -fno-builtin -ffunction-sections -fdata-sections -msoft-float -DMALLOC_PROVIDED -mcpu=cortex-m3 -mthumb -D__NEWLIB__ -MMD -MP -MF"FreeRTOS_portable/MemMang/heap_2.d" -MT"FreeRTOS_portable/MemMang/heap_2.o" -MT"FreeRTOS_portable/MemMang/heap_2.d" -o "FreeRTOS_portable/MemMang/heap_2.o" "../FreeRTOS_portable/MemMang/heap_2.c"
Finished building: ../FreeRTOS_portable/MemMang/heap_2.c
 
Building file: ../FreeRTOS_portable/port.c
Invoking: MCU C Compiler
arm-none-eabi-gcc -D__NEWLIB__ -DDEBUG -D__USE_CMSIS -D__CODE_RED -DPACK_STRUCT_END=__attribute\(\(packed\)\) -DGCC_ARMCM3 -I../src -I../FreeRTOS_include -I../FreeRTOS_portable -I../OtherIncludes -Os -g3 -Wall -c -fmessage-length=0 -fno-builtin -ffunction-sections -fdata-sections -msoft-float -DMALLOC_PROVIDED -mcpu=cortex-m3 -mthumb -D__NEWLIB__ -MMD -MP -MF"FreeRTOS_portable/port.d" -MT"FreeRTOS_portable/port.o" -MT"FreeRTOS_portable/port.d" -o "FreeRTOS_portable/port.o" "../FreeRTOS_portable/port.c"
Finished building: ../FreeRTOS_portable/port.c
 
Building target: pi7.axf
Invoking: MCU Linker
arm-none-eabi-gcc -nostdlib -L../Libraries -msoft-float -DMALLOC_PROVIDED -Xlinker -Map="pi7.map" -mcpu=cortex-m3 -mthumb -T "pi7_Debug.ld" -o "pi7.axf"  ./src/pi7/programa_trajetoria/programa_trajetoria.o  ./src/pi7/interpretador_comando/interpretador_comando.o  ./src/pi7/estado_trajetoria/estado_trajetoria.o  ./src/pi7/controlador_trajetoria/controlador_trajetoria.o  ./src/pi7/comunicacao_pic/comunicacao_pic.o  ./src/pi7/comunicacao_pc/modbus.o  ./src/drivers/uart/uart.o  ./src/drivers/pwm/pwm.o  ./src/drivers/ledonboard/leds.o  ./src/drivers/console/alloc.o ./src/drivers/console/basic_io.o ./src/drivers/console/consoleprint.o  ./src/cr_startup_lpc17.o ./src/main.o  ./FreeRTOS_src/croutine.o ./FreeRTOS_src/list.o ./FreeRTOS_src/queue.o ./FreeRTOS_src/tasks.o ./FreeRTOS_src/timers.o  ./FreeRTOS_portable/MemMang/heap_2.o  ./FreeRTOS_portable/port.o   -lCMSISv2_LPC17xx
Finished building target: pi7.axf
 
/usr/bin/make --no-print-directory post-build
Performing post-build steps
arm-none-eabi-size "pi7.axf"; # arm-none-eabi-objcopy -O binary "pi7.axf" "pi7.bin" ; checksum -p LPC1769 -d "pi7.bin";
   text	   data	    bss	    dec	    hex	filename
  46784	   1260	  22968	  71012	  11564	pi7.axf
 
17:34:30 **** Incremental Build of configuration Debug for project pi7 ****
make -r all 
Building file: ../src/main.c
Invoking: MCU C Compiler
arm-none-eabi-gcc -D__NEWLIB__ -DDEBUG -D__USE_CMSIS -D__CODE_RED -DPACK_STRUCT_END=__attribute\(\(packed\)\) -DGCC_ARMCM3 -I../src -I../FreeRTOS_include -I../FreeRTOS_portable -I../OtherIncludes -Os -g3 -Wall -c -fmessage-length=0 -fno-builtin -ffunction-sections -fdata-sections -msoft-float -DMALLOC_PROVIDED -mcpu=cortex-m3 -mthumb -D__NEWLIB__ -MMD -MP -MF"src/main.d" -MT"src/main.o" -MT"src/main.d" -o "src/main.o" "../src/main.c"
../src/main.c: In function 'main':
../src/main.c:171:7: warning: unused variable 'ch' [-Wunused-variable]
  char ch;
       ^
../src/main.c:170:6: warning: unused variable 'i' [-Wunused-variable]
  int i;
      ^
Finished building: ../src/main.c
 
Building target: pi7.axf
Invoking: MCU Linker
arm-none-eabi-gcc -nostdlib -L../Libraries -msoft-float -DMALLOC_PROVIDED -Xlinker -Map="pi7.map" -mcpu=cortex-m3 -mthumb -T "pi7_Debug.ld" -o "pi7.axf"  ./src/pi7/programa_trajetoria/programa_trajetoria.o  ./src/pi7/interpretador_comando/interpretador_comando.o  ./src/pi7/estado_trajetoria/estado_trajetoria.o  ./src/pi7/controlador_trajetoria/controlador_trajetoria.o  ./src/pi7/comunicacao_pic/comunicacao_pic.o  ./src/pi7/comunicacao_pc/modbus.o  ./src/drivers/uart/uart.o  ./src/drivers/pwm/pwm.o  ./src/drivers/ledonboard/leds.o  ./src/drivers/console/alloc.o ./src/drivers/console/basic_io.o ./src/drivers/console/consoleprint.o  ./src/cr_startup_lpc17.o ./src/main.o  ./FreeRTOS_src/croutine.o ./FreeRTOS_src/list.o ./FreeRTOS_src/queue.o ./FreeRTOS_src/tasks.o ./FreeRTOS_src/timers.o  ./FreeRTOS_portable/MemMang/heap_2.o  ./FreeRTOS_portable/port.o   -lCMSISv2_LPC17xx
Finished building target: pi7.axf
 
/usr/bin/make --no-print-directory post-build
Performing post-build steps
arm-none-eabi-size "pi7.axf"; # arm-none-eabi-objcopy -O binary "pi7.axf" "pi7.bin" ; checksum -p LPC1769 -d "pi7.bin";
   text	   data	    bss	    dec	    hex	filename
  46808	   1260	  22968	  71036	  1157c	pi7.axf
 
