18:15:25 **** Clean-only build of configuration Debug for project teste ****
make clean 
rm -rf  ./src/basic_io.o ./src/consoleprint.o ./src/cr_startup_lpc17.o ./src/leds.o ./src/main.o  ./FreeRTOS_src/croutine.o ./FreeRTOS_src/list.o ./FreeRTOS_src/queue.o ./FreeRTOS_src/tasks.o ./FreeRTOS_src/timers.o  ./FreeRTOS_portable/MemMang/heap_2.o  ./FreeRTOS_portable/port.o  ./src/basic_io.d ./src/consoleprint.d ./src/cr_startup_lpc17.d ./src/leds.d ./src/main.d  ./FreeRTOS_src/croutine.d ./FreeRTOS_src/list.d ./FreeRTOS_src/queue.d ./FreeRTOS_src/tasks.d ./FreeRTOS_src/timers.d  ./FreeRTOS_portable/MemMang/heap_2.d  ./FreeRTOS_portable/port.d  teste.axf
 
18:15:26 **** Build of configuration Debug for project teste ****
make all 
Building file: ../src/basic_io.c
Invoking: MCU C Compiler
arm-none-eabi-gcc -D__NEWLIB__ -DDEBUG -D__CODE_RED -DPACK_STRUCT_END=__attribute\(\(packed\)\) -DGCC_ARMCM3 -I../src -I"C:\Users\Marcos\Documents\LPCXpresso_5.1.2_2065\workspace\CMSISv2p00_LPC17xx\inc" -I"C:\Users\Marcos\Documents\LPCXpresso_5.1.2_2065\workspace\CMSISv2p00_LPC17xx" -I../FreeRTOS_include -I../FreeRTOS_portable -O0 -g3 -Wall -c -fmessage-length=0 -fno-builtin -ffunction-sections -fdata-sections -mcpu=cortex-m3 -mthumb -MMD -MP -MF"src/basic_io.d" -MT"src/basic_io.d" -o "src/basic_io.o" "../src/basic_io.c"
Finished building: ../src/basic_io.c
 
Building file: ../src/consoleprint.c
Invoking: MCU C Compiler
arm-none-eabi-gcc -D__NEWLIB__ -DDEBUG -D__CODE_RED -DPACK_STRUCT_END=__attribute\(\(packed\)\) -DGCC_ARMCM3 -I../src -I"C:\Users\Marcos\Documents\LPCXpresso_5.1.2_2065\workspace\CMSISv2p00_LPC17xx\inc" -I"C:\Users\Marcos\Documents\LPCXpresso_5.1.2_2065\workspace\CMSISv2p00_LPC17xx" -I../FreeRTOS_include -I../FreeRTOS_portable -O0 -g3 -Wall -c -fmessage-length=0 -fno-builtin -ffunction-sections -fdata-sections -mcpu=cortex-m3 -mthumb -MMD -MP -MF"src/consoleprint.d" -MT"src/consoleprint.d" -o "src/consoleprint.o" "../src/consoleprint.c"
Finished building: ../src/consoleprint.c
 
Building file: ../src/cr_startup_lpc17.c
Invoking: MCU C Compiler
arm-none-eabi-gcc -D__NEWLIB__ -DDEBUG -D__CODE_RED -DPACK_STRUCT_END=__attribute\(\(packed\)\) -DGCC_ARMCM3 -I../src -I"C:\Users\Marcos\Documents\LPCXpresso_5.1.2_2065\workspace\CMSISv2p00_LPC17xx\inc" -I"C:\Users\Marcos\Documents\LPCXpresso_5.1.2_2065\workspace\CMSISv2p00_LPC17xx" -I../FreeRTOS_include -I../FreeRTOS_portable -O0 -g3 -Wall -c -fmessage-length=0 -fno-builtin -ffunction-sections -fdata-sections -mcpu=cortex-m3 -mthumb -MMD -MP -MF"src/cr_startup_lpc17.d" -MT"src/cr_startup_lpc17.d" -o "src/cr_startup_lpc17.o" "../src/cr_startup_lpc17.c"
Finished building: ../src/cr_startup_lpc17.c
 
Building file: ../src/leds.c
Invoking: MCU C Compiler
arm-none-eabi-gcc -D__NEWLIB__ -DDEBUG -D__CODE_RED -DPACK_STRUCT_END=__attribute\(\(packed\)\) -DGCC_ARMCM3 -I../src -I"C:\Users\Marcos\Documents\LPCXpresso_5.1.2_2065\workspace\CMSISv2p00_LPC17xx\inc" -I"C:\Users\Marcos\Documents\LPCXpresso_5.1.2_2065\workspace\CMSISv2p00_LPC17xx" -I../FreeRTOS_include -I../FreeRTOS_portable -O0 -g3 -Wall -c -fmessage-length=0 -fno-builtin -ffunction-sections -fdata-sections -mcpu=cortex-m3 -mthumb -MMD -MP -MF"src/leds.d" -MT"src/leds.d" -o "src/leds.o" "../src/leds.c"
Finished building: ../src/leds.c
 
Building file: ../src/main.c
Invoking: MCU C Compiler
arm-none-eabi-gcc -D__NEWLIB__ -DDEBUG -D__CODE_RED -DPACK_STRUCT_END=__attribute\(\(packed\)\) -DGCC_ARMCM3 -I../src -I"C:\Users\Marcos\Documents\LPCXpresso_5.1.2_2065\workspace\CMSISv2p00_LPC17xx\inc" -I"C:\Users\Marcos\Documents\LPCXpresso_5.1.2_2065\workspace\CMSISv2p00_LPC17xx" -I../FreeRTOS_include -I../FreeRTOS_portable -O0 -g3 -Wall -c -fmessage-length=0 -fno-builtin -ffunction-sections -fdata-sections -mcpu=cortex-m3 -mthumb -MMD -MP -MF"src/main.d" -MT"src/main.d" -o "src/main.o" "../src/main.c"
../src/main.c: In function 'main':
../src/main.c:75:2: warning: implicit declaration of function '__main' [-Wimplicit-function-declaration]
Finished building: ../src/main.c
 
Building file: ../FreeRTOS_src/croutine.c
Invoking: MCU C Compiler
arm-none-eabi-gcc -D__NEWLIB__ -DDEBUG -D__CODE_RED -DPACK_STRUCT_END=__attribute\(\(packed\)\) -DGCC_ARMCM3 -I../src -I"C:\Users\Marcos\Documents\LPCXpresso_5.1.2_2065\workspace\CMSISv2p00_LPC17xx\inc" -I"C:\Users\Marcos\Documents\LPCXpresso_5.1.2_2065\workspace\CMSISv2p00_LPC17xx" -I../FreeRTOS_include -I../FreeRTOS_portable -O0 -g3 -Wall -c -fmessage-length=0 -fno-builtin -ffunction-sections -fdata-sections -mcpu=cortex-m3 -mthumb -MMD -MP -MF"FreeRTOS_src/croutine.d" -MT"FreeRTOS_src/croutine.d" -o "FreeRTOS_src/croutine.o" "../FreeRTOS_src/croutine.c"
Finished building: ../FreeRTOS_src/croutine.c
 
Building file: ../FreeRTOS_src/list.c
Invoking: MCU C Compiler
arm-none-eabi-gcc -D__NEWLIB__ -DDEBUG -D__CODE_RED -DPACK_STRUCT_END=__attribute\(\(packed\)\) -DGCC_ARMCM3 -I../src -I"C:\Users\Marcos\Documents\LPCXpresso_5.1.2_2065\workspace\CMSISv2p00_LPC17xx\inc" -I"C:\Users\Marcos\Documents\LPCXpresso_5.1.2_2065\workspace\CMSISv2p00_LPC17xx" -I../FreeRTOS_include -I../FreeRTOS_portable -O0 -g3 -Wall -c -fmessage-length=0 -fno-builtin -ffunction-sections -fdata-sections -mcpu=cortex-m3 -mthumb -MMD -MP -MF"FreeRTOS_src/list.d" -MT"FreeRTOS_src/list.d" -o "FreeRTOS_src/list.o" "../FreeRTOS_src/list.c"
Finished building: ../FreeRTOS_src/list.c
 
Building file: ../FreeRTOS_src/queue.c
Invoking: MCU C Compiler
arm-none-eabi-gcc -D__NEWLIB__ -DDEBUG -D__CODE_RED -DPACK_STRUCT_END=__attribute\(\(packed\)\) -DGCC_ARMCM3 -I../src -I"C:\Users\Marcos\Documents\LPCXpresso_5.1.2_2065\workspace\CMSISv2p00_LPC17xx\inc" -I"C:\Users\Marcos\Documents\LPCXpresso_5.1.2_2065\workspace\CMSISv2p00_LPC17xx" -I../FreeRTOS_include -I../FreeRTOS_portable -O0 -g3 -Wall -c -fmessage-length=0 -fno-builtin -ffunction-sections -fdata-sections -mcpu=cortex-m3 -mthumb -MMD -MP -MF"FreeRTOS_src/queue.d" -MT"FreeRTOS_src/queue.d" -o "FreeRTOS_src/queue.o" "../FreeRTOS_src/queue.c"
Finished building: ../FreeRTOS_src/queue.c
 
Building file: ../FreeRTOS_src/tasks.c
Invoking: MCU C Compiler
arm-none-eabi-gcc -D__NEWLIB__ -DDEBUG -D__CODE_RED -DPACK_STRUCT_END=__attribute\(\(packed\)\) -DGCC_ARMCM3 -I../src -I"C:\Users\Marcos\Documents\LPCXpresso_5.1.2_2065\workspace\CMSISv2p00_LPC17xx\inc" -I"C:\Users\Marcos\Documents\LPCXpresso_5.1.2_2065\workspace\CMSISv2p00_LPC17xx" -I../FreeRTOS_include -I../FreeRTOS_portable -O0 -g3 -Wall -c -fmessage-length=0 -fno-builtin -ffunction-sections -fdata-sections -mcpu=cortex-m3 -mthumb -MMD -MP -MF"FreeRTOS_src/tasks.d" -MT"FreeRTOS_src/tasks.d" -o "FreeRTOS_src/tasks.o" "../FreeRTOS_src/tasks.c"
Finished building: ../FreeRTOS_src/tasks.c
 
Building file: ../FreeRTOS_src/timers.c
Invoking: MCU C Compiler
arm-none-eabi-gcc -D__NEWLIB__ -DDEBUG -D__CODE_RED -DPACK_STRUCT_END=__attribute\(\(packed\)\) -DGCC_ARMCM3 -I../src -I"C:\Users\Marcos\Documents\LPCXpresso_5.1.2_2065\workspace\CMSISv2p00_LPC17xx\inc" -I"C:\Users\Marcos\Documents\LPCXpresso_5.1.2_2065\workspace\CMSISv2p00_LPC17xx" -I../FreeRTOS_include -I../FreeRTOS_portable -O0 -g3 -Wall -c -fmessage-length=0 -fno-builtin -ffunction-sections -fdata-sections -mcpu=cortex-m3 -mthumb -MMD -MP -MF"FreeRTOS_src/timers.d" -MT"FreeRTOS_src/timers.d" -o "FreeRTOS_src/timers.o" "../FreeRTOS_src/timers.c"
Finished building: ../FreeRTOS_src/timers.c
 
Building file: ../FreeRTOS_portable/MemMang/heap_2.c
Invoking: MCU C Compiler
arm-none-eabi-gcc -D__NEWLIB__ -DDEBUG -D__CODE_RED -DPACK_STRUCT_END=__attribute\(\(packed\)\) -DGCC_ARMCM3 -I../src -I"C:\Users\Marcos\Documents\LPCXpresso_5.1.2_2065\workspace\CMSISv2p00_LPC17xx\inc" -I"C:\Users\Marcos\Documents\LPCXpresso_5.1.2_2065\workspace\CMSISv2p00_LPC17xx" -I../FreeRTOS_include -I../FreeRTOS_portable -O0 -g3 -Wall -c -fmessage-length=0 -fno-builtin -ffunction-sections -fdata-sections -mcpu=cortex-m3 -mthumb -MMD -MP -MF"FreeRTOS_portable/MemMang/heap_2.d" -MT"FreeRTOS_portable/MemMang/heap_2.d" -o "FreeRTOS_portable/MemMang/heap_2.o" "../FreeRTOS_portable/MemMang/heap_2.c"
Finished building: ../FreeRTOS_portable/MemMang/heap_2.c
 
Building file: ../FreeRTOS_portable/port.c
Invoking: MCU C Compiler
arm-none-eabi-gcc -D__NEWLIB__ -DDEBUG -D__CODE_RED -DPACK_STRUCT_END=__attribute\(\(packed\)\) -DGCC_ARMCM3 -I../src -I"C:\Users\Marcos\Documents\LPCXpresso_5.1.2_2065\workspace\CMSISv2p00_LPC17xx\inc" -I"C:\Users\Marcos\Documents\LPCXpresso_5.1.2_2065\workspace\CMSISv2p00_LPC17xx" -I../FreeRTOS_include -I../FreeRTOS_portable -O0 -g3 -Wall -c -fmessage-length=0 -fno-builtin -ffunction-sections -fdata-sections -mcpu=cortex-m3 -mthumb -MMD -MP -MF"FreeRTOS_portable/port.d" -MT"FreeRTOS_portable/port.d" -o "FreeRTOS_portable/port.o" "../FreeRTOS_portable/port.c"
Finished building: ../FreeRTOS_portable/port.c
 
Building target: teste.axf
Invoking: MCU Linker
arm-none-eabi-gcc -nostdlib -Xlinker -Map="teste.map" -Xlinker --gc-sections -mcpu=cortex-m3 -mthumb -T "teste_Debug.ld" -o "teste.axf"  ./src/basic_io.o ./src/consoleprint.o ./src/cr_startup_lpc17.o ./src/leds.o ./src/main.o  ./FreeRTOS_src/croutine.o ./FreeRTOS_src/list.o ./FreeRTOS_src/queue.o ./FreeRTOS_src/tasks.o ./FreeRTOS_src/timers.o  ./FreeRTOS_portable/MemMang/heap_2.o  ./FreeRTOS_portable/port.o   
./src/main.o: In function `main':
C:\Users\Marcos\Documents\LPCXpresso_5.1.2_2065\workspace\teste\Debug/../src/main.c:75: undefined reference to `__main'
collect2: ld returned 1 exit status
make: *** [teste.axf] Error 1
18:16:42 **** Incremental Build of configuration Debug for project teste ****
make all 
Building file: ../src/main.c
Invoking: MCU C Compiler
arm-none-eabi-gcc -D__NEWLIB__ -DDEBUG -D__CODE_RED -DPACK_STRUCT_END=__attribute\(\(packed\)\) -DGCC_ARMCM3 -I../src -I"C:\Users\Marcos\Documents\LPCXpresso_5.1.2_2065\workspace\CMSISv2p00_LPC17xx\inc" -I"C:\Users\Marcos\Documents\LPCXpresso_5.1.2_2065\workspace\CMSISv2p00_LPC17xx" -I../FreeRTOS_include -I../FreeRTOS_portable -O0 -g3 -Wall -c -fmessage-length=0 -fno-builtin -ffunction-sections -fdata-sections -mcpu=cortex-m3 -mthumb -MMD -MP -MF"src/main.d" -MT"src/main.d" -o "src/main.o" "../src/main.c"
Finished building: ../src/main.c
 
Building target: teste.axf
Invoking: MCU Linker
arm-none-eabi-gcc -nostdlib -Xlinker -Map="teste.map" -Xlinker --gc-sections -mcpu=cortex-m3 -mthumb -T "teste_Debug.ld" -o "teste.axf"  ./src/basic_io.o ./src/consoleprint.o ./src/cr_startup_lpc17.o ./src/leds.o ./src/main.o  ./FreeRTOS_src/croutine.o ./FreeRTOS_src/list.o ./FreeRTOS_src/queue.o ./FreeRTOS_src/tasks.o ./FreeRTOS_src/timers.o  ./FreeRTOS_portable/MemMang/heap_2.o  ./FreeRTOS_portable/port.o   
Finished building target: teste.axf
 
make --no-print-directory post-build
Performing post-build steps
arm-none-eabi-size "teste.axf"; # arm-none-eabi-objcopy -O binary "teste.axf" "teste.bin" ; checksum -p LPC1769 -d "teste.bin";
   text	   data	    bss	    dec	    hex	filename
  24388	   2180	  19864	  46432	   b560	teste.axf
 
18:16:53 **** Incremental Build of configuration Debug for project teste ****
make all 
make: Nothing to be done for `all'.
18:20:24 **** Incremental Build of configuration Debug for project teste ****
make all 
make: Nothing to be done for `all'.
18:26:31 **** Incremental Build of configuration Debug for project teste ****
make all 
make: Nothing to be done for `all'.
18:28:29 **** Incremental Build of configuration Debug for project teste ****
make all 
Building file: ../src/main.c
Invoking: MCU C Compiler
arm-none-eabi-gcc -D__NEWLIB__ -DDEBUG -D__CODE_RED -DPACK_STRUCT_END=__attribute\(\(packed\)\) -DGCC_ARMCM3 -I../src -I"C:\Users\Marcos\Documents\LPCXpresso_5.1.2_2065\workspace\CMSISv2p00_LPC17xx\inc" -I"C:\Users\Marcos\Documents\LPCXpresso_5.1.2_2065\workspace\CMSISv2p00_LPC17xx" -I../FreeRTOS_include -I../FreeRTOS_portable -O0 -g3 -Wall -c -fmessage-length=0 -fno-builtin -ffunction-sections -fdata-sections -mcpu=cortex-m3 -mthumb -MMD -MP -MF"src/main.d" -MT"src/main.d" -o "src/main.o" "../src/main.c"
../src/main.c: In function 'main':
../src/main.c:75:2: warning: implicit declaration of function 'printf' [-Wimplicit-function-declaration]
Finished building: ../src/main.c
 
Building target: teste.axf
Invoking: MCU Linker
arm-none-eabi-gcc -nostdlib -Xlinker -Map="teste.map" -Xlinker --gc-sections -mcpu=cortex-m3 -mthumb -T "teste_Debug.ld" -o "teste.axf"  ./src/basic_io.o ./src/consoleprint.o ./src/cr_startup_lpc17.o ./src/leds.o ./src/main.o  ./FreeRTOS_src/croutine.o ./FreeRTOS_src/list.o ./FreeRTOS_src/queue.o ./FreeRTOS_src/tasks.o ./FreeRTOS_src/timers.o  ./FreeRTOS_portable/MemMang/heap_2.o  ./FreeRTOS_portable/port.o   
Finished building target: teste.axf
 
make --no-print-directory post-build
Performing post-build steps
arm-none-eabi-size "teste.axf"; # arm-none-eabi-objcopy -O binary "teste.axf" "teste.bin" ; checksum -p LPC1769 -d "teste.bin";
   text	   data	    bss	    dec	    hex	filename
  34056	   2220	  19920	  56196	   db84	teste.axf
 
18:28:34 **** Incremental Build of configuration Debug for project teste ****
make all 
make: Nothing to be done for `all'.
18:29:28 **** Incremental Build of configuration Debug for project teste ****
make all 
Building file: ../src/main.c
Invoking: MCU C Compiler
arm-none-eabi-gcc -D__NEWLIB__ -DDEBUG -D__CODE_RED -DPACK_STRUCT_END=__attribute\(\(packed\)\) -DGCC_ARMCM3 -I../src -I"C:\Users\Marcos\Documents\LPCXpresso_5.1.2_2065\workspace\CMSISv2p00_LPC17xx\inc" -I"C:\Users\Marcos\Documents\LPCXpresso_5.1.2_2065\workspace\CMSISv2p00_LPC17xx" -I../FreeRTOS_include -I../FreeRTOS_portable -O0 -g3 -Wall -c -fmessage-length=0 -fno-builtin -ffunction-sections -fdata-sections -mcpu=cortex-m3 -mthumb -MMD -MP -MF"src/main.d" -MT"src/main.d" -o "src/main.o" "../src/main.c"
../src/main.c: In function 'main':
Finished building: ../src/main.c
../src/main.c:75:2: warning: implicit declaration of function 'printf' [-Wimplicit-function-declaration]
 
Building target: teste.axf
Invoking: MCU Linker
arm-none-eabi-gcc -nostdlib -Xlinker -Map="teste.map" -Xlinker --gc-sections -mcpu=cortex-m3 -mthumb -T "teste_Debug.ld" -o "teste.axf"  ./src/basic_io.o ./src/consoleprint.o ./src/cr_startup_lpc17.o ./src/leds.o ./src/main.o  ./FreeRTOS_src/croutine.o ./FreeRTOS_src/list.o ./FreeRTOS_src/queue.o ./FreeRTOS_src/tasks.o ./FreeRTOS_src/timers.o  ./FreeRTOS_portable/MemMang/heap_2.o  ./FreeRTOS_portable/port.o   
Finished building target: teste.axf
 
make --no-print-directory post-build
Performing post-build steps
arm-none-eabi-size "teste.axf"; # arm-none-eabi-objcopy -O binary "teste.axf" "teste.bin" ; checksum -p LPC1769 -d "teste.bin";
   text	   data	    bss	    dec	    hex	filename
  34072	   2220	  19920	  56212	   db94	teste.axf
 
18:29:39 **** Incremental Build of configuration Debug for project teste ****
make all 
make: Nothing to be done for `all'.
18:36:45 **** Incremental Build of configuration Debug for project teste ****
make all 
make: Nothing to be done for `all'.
18:38:31 **** Incremental Build of configuration Debug for project teste ****
make all 
Building file: ../src/basic_io.c
Invoking: MCU C Compiler
arm-none-eabi-gcc -D__NEWLIB__ -DDEBUG -D__CODE_RED -DPACK_STRUCT_END=__attribute\(\(packed\)\) -DGCC_ARMCM3 -I../src -I"C:\Users\Marcos\Documents\LPCXpresso_5.1.2_2065\workspace\CMSISv2p00_LPC17xx\inc" -I"C:\Users\Marcos\Documents\LPCXpresso_5.1.2_2065\workspace\CMSISv2p00_LPC17xx" -I../FreeRTOS_include -I../FreeRTOS_portable -O0 -g3 -Wall -c -fmessage-length=0 -fno-builtin -ffunction-sections -fdata-sections -mcpu=cortex-m3 -mthumb -MMD -MP -MF"src/basic_io.d" -MT"src/basic_io.d" -o "src/basic_io.o" "../src/basic_io.c"
Finished building: ../src/basic_io.c
 
Building target: teste.axf
Invoking: MCU Linker
arm-none-eabi-gcc -nostdlib -Xlinker -Map="teste.map" -Xlinker --gc-sections -mcpu=cortex-m3 -mthumb -T "teste_Debug.ld" -o "teste.axf"  ./src/basic_io.o ./src/consoleprint.o ./src/cr_startup_lpc17.o ./src/leds.o ./src/main.o  ./FreeRTOS_src/croutine.o ./FreeRTOS_src/list.o ./FreeRTOS_src/queue.o ./FreeRTOS_src/tasks.o ./FreeRTOS_src/timers.o  ./FreeRTOS_portable/MemMang/heap_2.o  ./FreeRTOS_portable/port.o   
Finished building target: teste.axf
 
make --no-print-directory post-build
Performing post-build steps
arm-none-eabi-size "teste.axf"; # arm-none-eabi-objcopy -O binary "teste.axf" "teste.bin" ; checksum -p LPC1769 -d "teste.bin";
   text	   data	    bss	    dec	    hex	filename
  34064	   2220	  19920	  56204	   db8c	teste.axf
 
18:40:37 **** Incremental Build of configuration Debug for project teste ****
make all 
make: Nothing to be done for `all'.
18:40:44 **** Incremental Build of configuration Debug for project teste ****
make all 
make: Nothing to be done for `all'.
18:50:09 **** Clean-only build of configuration Debug for project teste ****
make clean 
rm -rf  ./src/basic_io.o ./src/consoleprint.o ./src/cr_startup_lpc17.o ./src/leds.o ./src/main.o  ./FreeRTOS_src/croutine.o ./FreeRTOS_src/list.o ./FreeRTOS_src/queue.o ./FreeRTOS_src/tasks.o ./FreeRTOS_src/timers.o  ./FreeRTOS_portable/MemMang/heap_2.o  ./FreeRTOS_portable/port.o  ./src/basic_io.d ./src/consoleprint.d ./src/cr_startup_lpc17.d ./src/leds.d ./src/main.d  ./FreeRTOS_src/croutine.d ./FreeRTOS_src/list.d ./FreeRTOS_src/queue.d ./FreeRTOS_src/tasks.d ./FreeRTOS_src/timers.d  ./FreeRTOS_portable/MemMang/heap_2.d  ./FreeRTOS_portable/port.d  teste.axf
 
18:50:12 **** Clean-only build of configuration Debug for project teste ****
make clean 
rm -rf  ./src/basic_io.o ./src/consoleprint.o ./src/cr_startup_lpc17.o ./src/leds.o ./src/main.o  ./FreeRTOS_src/croutine.o ./FreeRTOS_src/list.o ./FreeRTOS_src/queue.o ./FreeRTOS_src/tasks.o ./FreeRTOS_src/timers.o  ./FreeRTOS_portable/MemMang/heap_2.o  ./FreeRTOS_portable/port.o  ./src/basic_io.d ./src/consoleprint.d ./src/cr_startup_lpc17.d ./src/leds.d ./src/main.d  ./FreeRTOS_src/croutine.d ./FreeRTOS_src/list.d ./FreeRTOS_src/queue.d ./FreeRTOS_src/tasks.d ./FreeRTOS_src/timers.d  ./FreeRTOS_portable/MemMang/heap_2.d  ./FreeRTOS_portable/port.d  teste.axf
 
18:50:12 **** Build of configuration Debug for project teste ****
make all 
Building file: ../src/basic_io.c
Invoking: MCU C Compiler
arm-none-eabi-gcc -D__NEWLIB__ -DDEBUG -D__CODE_RED -DPACK_STRUCT_END=__attribute\(\(packed\)\) -DGCC_ARMCM3 -I../src -I"C:\Users\Marcos\Documents\LPCXpresso_5.1.2_2065\workspace\CMSISv2p00_LPC17xx\inc" -I"C:\Users\Marcos\Documents\LPCXpresso_5.1.2_2065\workspace\CMSISv2p00_LPC17xx" -I../FreeRTOS_include -I../FreeRTOS_portable -O0 -g3 -Wall -c -fmessage-length=0 -fno-builtin -ffunction-sections -fdata-sections -msoft-float -DMALLOC_PROVIDED -mcpu=cortex-m3 -mthumb -MMD -MP -MF"src/basic_io.d" -MT"src/basic_io.d" -o "src/basic_io.o" "../src/basic_io.c"
Finished building: ../src/basic_io.c
 
Building file: ../src/consoleprint.c
Invoking: MCU C Compiler
arm-none-eabi-gcc -D__NEWLIB__ -DDEBUG -D__CODE_RED -DPACK_STRUCT_END=__attribute\(\(packed\)\) -DGCC_ARMCM3 -I../src -I"C:\Users\Marcos\Documents\LPCXpresso_5.1.2_2065\workspace\CMSISv2p00_LPC17xx\inc" -I"C:\Users\Marcos\Documents\LPCXpresso_5.1.2_2065\workspace\CMSISv2p00_LPC17xx" -I../FreeRTOS_include -I../FreeRTOS_portable -O0 -g3 -Wall -c -fmessage-length=0 -fno-builtin -ffunction-sections -fdata-sections -msoft-float -DMALLOC_PROVIDED -mcpu=cortex-m3 -mthumb -MMD -MP -MF"src/consoleprint.d" -MT"src/consoleprint.d" -o "src/consoleprint.o" "../src/consoleprint.c"
Finished building: ../src/consoleprint.c
 
Building file: ../src/cr_startup_lpc17.c
Invoking: MCU C Compiler
arm-none-eabi-gcc -D__NEWLIB__ -DDEBUG -D__CODE_RED -DPACK_STRUCT_END=__attribute\(\(packed\)\) -DGCC_ARMCM3 -I../src -I"C:\Users\Marcos\Documents\LPCXpresso_5.1.2_2065\workspace\CMSISv2p00_LPC17xx\inc" -I"C:\Users\Marcos\Documents\LPCXpresso_5.1.2_2065\workspace\CMSISv2p00_LPC17xx" -I../FreeRTOS_include -I../FreeRTOS_portable -O0 -g3 -Wall -c -fmessage-length=0 -fno-builtin -ffunction-sections -fdata-sections -msoft-float -DMALLOC_PROVIDED -mcpu=cortex-m3 -mthumb -MMD -MP -MF"src/cr_startup_lpc17.d" -MT"src/cr_startup_lpc17.d" -o "src/cr_startup_lpc17.o" "../src/cr_startup_lpc17.c"
Finished building: ../src/cr_startup_lpc17.c
 
Building file: ../src/leds.c
Invoking: MCU C Compiler
arm-none-eabi-gcc -D__NEWLIB__ -DDEBUG -D__CODE_RED -DPACK_STRUCT_END=__attribute\(\(packed\)\) -DGCC_ARMCM3 -I../src -I"C:\Users\Marcos\Documents\LPCXpresso_5.1.2_2065\workspace\CMSISv2p00_LPC17xx\inc" -I"C:\Users\Marcos\Documents\LPCXpresso_5.1.2_2065\workspace\CMSISv2p00_LPC17xx" -I../FreeRTOS_include -I../FreeRTOS_portable -O0 -g3 -Wall -c -fmessage-length=0 -fno-builtin -ffunction-sections -fdata-sections -msoft-float -DMALLOC_PROVIDED -mcpu=cortex-m3 -mthumb -MMD -MP -MF"src/leds.d" -MT"src/leds.d" -o "src/leds.o" "../src/leds.c"
Finished building: ../src/leds.c
 
Building file: ../src/main.c
Invoking: MCU C Compiler
arm-none-eabi-gcc -D__NEWLIB__ -DDEBUG -D__CODE_RED -DPACK_STRUCT_END=__attribute\(\(packed\)\) -DGCC_ARMCM3 -I../src -I"C:\Users\Marcos\Documents\LPCXpresso_5.1.2_2065\workspace\CMSISv2p00_LPC17xx\inc" -I"C:\Users\Marcos\Documents\LPCXpresso_5.1.2_2065\workspace\CMSISv2p00_LPC17xx" -I../FreeRTOS_include -I../FreeRTOS_portable -O0 -g3 -Wall -c -fmessage-length=0 -fno-builtin -ffunction-sections -fdata-sections -msoft-float -DMALLOC_PROVIDED -mcpu=cortex-m3 -mthumb -MMD -MP -MF"src/main.d" -MT"src/main.d" -o "src/main.o" "../src/main.c"
../src/main.c: In function 'main':
Finished building: ../src/main.c
../src/main.c:75:2: warning: implicit declaration of function 'printf' [-Wimplicit-function-declaration]
 
Building file: ../FreeRTOS_src/croutine.c
Invoking: MCU C Compiler
arm-none-eabi-gcc -D__NEWLIB__ -DDEBUG -D__CODE_RED -DPACK_STRUCT_END=__attribute\(\(packed\)\) -DGCC_ARMCM3 -I../src -I"C:\Users\Marcos\Documents\LPCXpresso_5.1.2_2065\workspace\CMSISv2p00_LPC17xx\inc" -I"C:\Users\Marcos\Documents\LPCXpresso_5.1.2_2065\workspace\CMSISv2p00_LPC17xx" -I../FreeRTOS_include -I../FreeRTOS_portable -O0 -g3 -Wall -c -fmessage-length=0 -fno-builtin -ffunction-sections -fdata-sections -msoft-float -DMALLOC_PROVIDED -mcpu=cortex-m3 -mthumb -MMD -MP -MF"FreeRTOS_src/croutine.d" -MT"FreeRTOS_src/croutine.d" -o "FreeRTOS_src/croutine.o" "../FreeRTOS_src/croutine.c"
Finished building: ../FreeRTOS_src/croutine.c
 
Building file: ../FreeRTOS_src/list.c
Invoking: MCU C Compiler
arm-none-eabi-gcc -D__NEWLIB__ -DDEBUG -D__CODE_RED -DPACK_STRUCT_END=__attribute\(\(packed\)\) -DGCC_ARMCM3 -I../src -I"C:\Users\Marcos\Documents\LPCXpresso_5.1.2_2065\workspace\CMSISv2p00_LPC17xx\inc" -I"C:\Users\Marcos\Documents\LPCXpresso_5.1.2_2065\workspace\CMSISv2p00_LPC17xx" -I../FreeRTOS_include -I../FreeRTOS_portable -O0 -g3 -Wall -c -fmessage-length=0 -fno-builtin -ffunction-sections -fdata-sections -msoft-float -DMALLOC_PROVIDED -mcpu=cortex-m3 -mthumb -MMD -MP -MF"FreeRTOS_src/list.d" -MT"FreeRTOS_src/list.d" -o "FreeRTOS_src/list.o" "../FreeRTOS_src/list.c"
Finished building: ../FreeRTOS_src/list.c
 
Building file: ../FreeRTOS_src/queue.c
Invoking: MCU C Compiler
arm-none-eabi-gcc -D__NEWLIB__ -DDEBUG -D__CODE_RED -DPACK_STRUCT_END=__attribute\(\(packed\)\) -DGCC_ARMCM3 -I../src -I"C:\Users\Marcos\Documents\LPCXpresso_5.1.2_2065\workspace\CMSISv2p00_LPC17xx\inc" -I"C:\Users\Marcos\Documents\LPCXpresso_5.1.2_2065\workspace\CMSISv2p00_LPC17xx" -I../FreeRTOS_include -I../FreeRTOS_portable -O0 -g3 -Wall -c -fmessage-length=0 -fno-builtin -ffunction-sections -fdata-sections -msoft-float -DMALLOC_PROVIDED -mcpu=cortex-m3 -mthumb -MMD -MP -MF"FreeRTOS_src/queue.d" -MT"FreeRTOS_src/queue.d" -o "FreeRTOS_src/queue.o" "../FreeRTOS_src/queue.c"
Finished building: ../FreeRTOS_src/queue.c
 
Building file: ../FreeRTOS_src/tasks.c
Invoking: MCU C Compiler
arm-none-eabi-gcc -D__NEWLIB__ -DDEBUG -D__CODE_RED -DPACK_STRUCT_END=__attribute\(\(packed\)\) -DGCC_ARMCM3 -I../src -I"C:\Users\Marcos\Documents\LPCXpresso_5.1.2_2065\workspace\CMSISv2p00_LPC17xx\inc" -I"C:\Users\Marcos\Documents\LPCXpresso_5.1.2_2065\workspace\CMSISv2p00_LPC17xx" -I../FreeRTOS_include -I../FreeRTOS_portable -O0 -g3 -Wall -c -fmessage-length=0 -fno-builtin -ffunction-sections -fdata-sections -msoft-float -DMALLOC_PROVIDED -mcpu=cortex-m3 -mthumb -MMD -MP -MF"FreeRTOS_src/tasks.d" -MT"FreeRTOS_src/tasks.d" -o "FreeRTOS_src/tasks.o" "../FreeRTOS_src/tasks.c"
Finished building: ../FreeRTOS_src/tasks.c
 
Building file: ../FreeRTOS_src/timers.c
Invoking: MCU C Compiler
arm-none-eabi-gcc -D__NEWLIB__ -DDEBUG -D__CODE_RED -DPACK_STRUCT_END=__attribute\(\(packed\)\) -DGCC_ARMCM3 -I../src -I"C:\Users\Marcos\Documents\LPCXpresso_5.1.2_2065\workspace\CMSISv2p00_LPC17xx\inc" -I"C:\Users\Marcos\Documents\LPCXpresso_5.1.2_2065\workspace\CMSISv2p00_LPC17xx" -I../FreeRTOS_include -I../FreeRTOS_portable -O0 -g3 -Wall -c -fmessage-length=0 -fno-builtin -ffunction-sections -fdata-sections -msoft-float -DMALLOC_PROVIDED -mcpu=cortex-m3 -mthumb -MMD -MP -MF"FreeRTOS_src/timers.d" -MT"FreeRTOS_src/timers.d" -o "FreeRTOS_src/timers.o" "../FreeRTOS_src/timers.c"
Finished building: ../FreeRTOS_src/timers.c
 
Building file: ../FreeRTOS_portable/MemMang/heap_2.c
Invoking: MCU C Compiler
arm-none-eabi-gcc -D__NEWLIB__ -DDEBUG -D__CODE_RED -DPACK_STRUCT_END=__attribute\(\(packed\)\) -DGCC_ARMCM3 -I../src -I"C:\Users\Marcos\Documents\LPCXpresso_5.1.2_2065\workspace\CMSISv2p00_LPC17xx\inc" -I"C:\Users\Marcos\Documents\LPCXpresso_5.1.2_2065\workspace\CMSISv2p00_LPC17xx" -I../FreeRTOS_include -I../FreeRTOS_portable -O0 -g3 -Wall -c -fmessage-length=0 -fno-builtin -ffunction-sections -fdata-sections -msoft-float -DMALLOC_PROVIDED -mcpu=cortex-m3 -mthumb -MMD -MP -MF"FreeRTOS_portable/MemMang/heap_2.d" -MT"FreeRTOS_portable/MemMang/heap_2.d" -o "FreeRTOS_portable/MemMang/heap_2.o" "../FreeRTOS_portable/MemMang/heap_2.c"
Finished building: ../FreeRTOS_portable/MemMang/heap_2.c
 
Building file: ../FreeRTOS_portable/port.c
Invoking: MCU C Compiler
arm-none-eabi-gcc -D__NEWLIB__ -DDEBUG -D__CODE_RED -DPACK_STRUCT_END=__attribute\(\(packed\)\) -DGCC_ARMCM3 -I../src -I"C:\Users\Marcos\Documents\LPCXpresso_5.1.2_2065\workspace\CMSISv2p00_LPC17xx\inc" -I"C:\Users\Marcos\Documents\LPCXpresso_5.1.2_2065\workspace\CMSISv2p00_LPC17xx" -I../FreeRTOS_include -I../FreeRTOS_portable -O0 -g3 -Wall -c -fmessage-length=0 -fno-builtin -ffunction-sections -fdata-sections -msoft-float -DMALLOC_PROVIDED -mcpu=cortex-m3 -mthumb -MMD -MP -MF"FreeRTOS_portable/port.d" -MT"FreeRTOS_portable/port.d" -o "FreeRTOS_portable/port.o" "../FreeRTOS_portable/port.c"
Finished building: ../FreeRTOS_portable/port.c
 
Building target: teste.axf
Invoking: MCU Linker
arm-none-eabi-gcc -nostdlib -Xlinker -Map="teste.map" -Xlinker --gc-sections -mcpu=cortex-m3 -mthumb -T "teste_Debug.ld" -o "teste.axf"  ./src/basic_io.o ./src/consoleprint.o ./src/cr_startup_lpc17.o ./src/leds.o ./src/main.o  ./FreeRTOS_src/croutine.o ./FreeRTOS_src/list.o ./FreeRTOS_src/queue.o ./FreeRTOS_src/tasks.o ./FreeRTOS_src/timers.o  ./FreeRTOS_portable/MemMang/heap_2.o  ./FreeRTOS_portable/port.o   
Finished building target: teste.axf
 
make --no-print-directory post-build
Performing post-build steps
arm-none-eabi-size "teste.axf"; # arm-none-eabi-objcopy -O binary "teste.axf" "teste.bin" ; checksum -p LPC1769 -d "teste.bin";
   text	   data	    bss	    dec	    hex	filename
  34064	   2220	  19920	  56204	   db8c	teste.axf
 
18:50:39 **** Incremental Build of configuration Debug for project teste ****
make all 
make: Nothing to be done for `all'.
18:51:21 **** Incremental Build of configuration Debug for project teste ****
make all 
make: Nothing to be done for `all'.
18:53:49 **** Clean-only build of configuration Debug for project teste ****
make clean 
rm -rf  ./src/basic_io.o ./src/consoleprint.o ./src/cr_startup_lpc17.o ./src/leds.o ./src/main.o  ./FreeRTOS_src/croutine.o ./FreeRTOS_src/list.o ./FreeRTOS_src/queue.o ./FreeRTOS_src/tasks.o ./FreeRTOS_src/timers.o  ./FreeRTOS_portable/MemMang/heap_2.o  ./FreeRTOS_portable/port.o  ./src/basic_io.d ./src/consoleprint.d ./src/cr_startup_lpc17.d ./src/leds.d ./src/main.d  ./FreeRTOS_src/croutine.d ./FreeRTOS_src/list.d ./FreeRTOS_src/queue.d ./FreeRTOS_src/tasks.d ./FreeRTOS_src/timers.d  ./FreeRTOS_portable/MemMang/heap_2.d  ./FreeRTOS_portable/port.d  teste.axf
 
18:53:52 **** Build of configuration Debug for project teste ****
make all 
Building file: ../src/alloc.c
Invoking: MCU C Compiler
arm-none-eabi-gcc -D__NEWLIB__ -DDEBUG -D__CODE_RED -DPACK_STRUCT_END=__attribute\(\(packed\)\) -DGCC_ARMCM3 -I../src -I"C:\Users\Marcos\Documents\LPCXpresso_5.1.2_2065\workspace\CMSISv2p00_LPC17xx\inc" -I"C:\Users\Marcos\Documents\LPCXpresso_5.1.2_2065\workspace\CMSISv2p00_LPC17xx" -I../FreeRTOS_include -I../FreeRTOS_portable -O0 -g3 -Wall -c -fmessage-length=0 -fno-builtin -ffunction-sections -fdata-sections -msoft-float -DMALLOC_PROVIDED -mcpu=cortex-m3 -mthumb -MMD -MP -MF"src/alloc.d" -MT"src/alloc.d" -o "src/alloc.o" "../src/alloc.c"
../src/alloc.c: In function '_realloc_r':
../src/alloc.c:43:2: warning: implicit declaration of function 'memcpy' [-Wimplicit-function-declaration]
Finished building: ../src/alloc.c
 
Building file: ../src/basic_io.c
Invoking: MCU C Compiler
arm-none-eabi-gcc -D__NEWLIB__ -DDEBUG -D__CODE_RED -DPACK_STRUCT_END=__attribute\(\(packed\)\) -DGCC_ARMCM3 -I../src -I"C:\Users\Marcos\Documents\LPCXpresso_5.1.2_2065\workspace\CMSISv2p00_LPC17xx\inc" -I"C:\Users\Marcos\Documents\LPCXpresso_5.1.2_2065\workspace\CMSISv2p00_LPC17xx" -I../FreeRTOS_include -I../FreeRTOS_portable -O0 -g3 -Wall -c -fmessage-length=0 -fno-builtin -ffunction-sections -fdata-sections -msoft-float -DMALLOC_PROVIDED -mcpu=cortex-m3 -mthumb -MMD -MP -MF"src/basic_io.d" -MT"src/basic_io.d" -o "src/basic_io.o" "../src/basic_io.c"
Finished building: ../src/basic_io.c
 
Building file: ../src/consoleprint.c
Invoking: MCU C Compiler
arm-none-eabi-gcc -D__NEWLIB__ -DDEBUG -D__CODE_RED -DPACK_STRUCT_END=__attribute\(\(packed\)\) -DGCC_ARMCM3 -I../src -I"C:\Users\Marcos\Documents\LPCXpresso_5.1.2_2065\workspace\CMSISv2p00_LPC17xx\inc" -I"C:\Users\Marcos\Documents\LPCXpresso_5.1.2_2065\workspace\CMSISv2p00_LPC17xx" -I../FreeRTOS_include -I../FreeRTOS_portable -O0 -g3 -Wall -c -fmessage-length=0 -fno-builtin -ffunction-sections -fdata-sections -msoft-float -DMALLOC_PROVIDED -mcpu=cortex-m3 -mthumb -MMD -MP -MF"src/consoleprint.d" -MT"src/consoleprint.d" -o "src/consoleprint.o" "../src/consoleprint.c"
Finished building: ../src/consoleprint.c
 
Building file: ../src/cr_startup_lpc17.c
Invoking: MCU C Compiler
arm-none-eabi-gcc -D__NEWLIB__ -DDEBUG -D__CODE_RED -DPACK_STRUCT_END=__attribute\(\(packed\)\) -DGCC_ARMCM3 -I../src -I"C:\Users\Marcos\Documents\LPCXpresso_5.1.2_2065\workspace\CMSISv2p00_LPC17xx\inc" -I"C:\Users\Marcos\Documents\LPCXpresso_5.1.2_2065\workspace\CMSISv2p00_LPC17xx" -I../FreeRTOS_include -I../FreeRTOS_portable -O0 -g3 -Wall -c -fmessage-length=0 -fno-builtin -ffunction-sections -fdata-sections -msoft-float -DMALLOC_PROVIDED -mcpu=cortex-m3 -mthumb -MMD -MP -MF"src/cr_startup_lpc17.d" -MT"src/cr_startup_lpc17.d" -o "src/cr_startup_lpc17.o" "../src/cr_startup_lpc17.c"
Finished building: ../src/cr_startup_lpc17.c
 
Building file: ../src/leds.c
Invoking: MCU C Compiler
arm-none-eabi-gcc -D__NEWLIB__ -DDEBUG -D__CODE_RED -DPACK_STRUCT_END=__attribute\(\(packed\)\) -DGCC_ARMCM3 -I../src -I"C:\Users\Marcos\Documents\LPCXpresso_5.1.2_2065\workspace\CMSISv2p00_LPC17xx\inc" -I"C:\Users\Marcos\Documents\LPCXpresso_5.1.2_2065\workspace\CMSISv2p00_LPC17xx" -I../FreeRTOS_include -I../FreeRTOS_portable -O0 -g3 -Wall -c -fmessage-length=0 -fno-builtin -ffunction-sections -fdata-sections -msoft-float -DMALLOC_PROVIDED -mcpu=cortex-m3 -mthumb -MMD -MP -MF"src/leds.d" -MT"src/leds.d" -o "src/leds.o" "../src/leds.c"
Finished building: ../src/leds.c
 
Building file: ../src/main.c
Invoking: MCU C Compiler
arm-none-eabi-gcc -D__NEWLIB__ -DDEBUG -D__CODE_RED -DPACK_STRUCT_END=__attribute\(\(packed\)\) -DGCC_ARMCM3 -I../src -I"C:\Users\Marcos\Documents\LPCXpresso_5.1.2_2065\workspace\CMSISv2p00_LPC17xx\inc" -I"C:\Users\Marcos\Documents\LPCXpresso_5.1.2_2065\workspace\CMSISv2p00_LPC17xx" -I../FreeRTOS_include -I../FreeRTOS_portable -O0 -g3 -Wall -c -fmessage-length=0 -fno-builtin -ffunction-sections -fdata-sections -msoft-float -DMALLOC_PROVIDED -mcpu=cortex-m3 -mthumb -MMD -MP -MF"src/main.d" -MT"src/main.d" -o "src/main.o" "../src/main.c"
../src/main.c: In function 'main':
Finished building: ../src/main.c
../src/main.c:75:2: warning: implicit declaration of function 'printf' [-Wimplicit-function-declaration]
 
Building file: ../FreeRTOS_src/croutine.c
Invoking: MCU C Compiler
arm-none-eabi-gcc -D__NEWLIB__ -DDEBUG -D__CODE_RED -DPACK_STRUCT_END=__attribute\(\(packed\)\) -DGCC_ARMCM3 -I../src -I"C:\Users\Marcos\Documents\LPCXpresso_5.1.2_2065\workspace\CMSISv2p00_LPC17xx\inc" -I"C:\Users\Marcos\Documents\LPCXpresso_5.1.2_2065\workspace\CMSISv2p00_LPC17xx" -I../FreeRTOS_include -I../FreeRTOS_portable -O0 -g3 -Wall -c -fmessage-length=0 -fno-builtin -ffunction-sections -fdata-sections -msoft-float -DMALLOC_PROVIDED -mcpu=cortex-m3 -mthumb -MMD -MP -MF"FreeRTOS_src/croutine.d" -MT"FreeRTOS_src/croutine.d" -o "FreeRTOS_src/croutine.o" "../FreeRTOS_src/croutine.c"
Finished building: ../FreeRTOS_src/croutine.c
 
Building file: ../FreeRTOS_src/list.c
Invoking: MCU C Compiler
arm-none-eabi-gcc -D__NEWLIB__ -DDEBUG -D__CODE_RED -DPACK_STRUCT_END=__attribute\(\(packed\)\) -DGCC_ARMCM3 -I../src -I"C:\Users\Marcos\Documents\LPCXpresso_5.1.2_2065\workspace\CMSISv2p00_LPC17xx\inc" -I"C:\Users\Marcos\Documents\LPCXpresso_5.1.2_2065\workspace\CMSISv2p00_LPC17xx" -I../FreeRTOS_include -I../FreeRTOS_portable -O0 -g3 -Wall -c -fmessage-length=0 -fno-builtin -ffunction-sections -fdata-sections -msoft-float -DMALLOC_PROVIDED -mcpu=cortex-m3 -mthumb -MMD -MP -MF"FreeRTOS_src/list.d" -MT"FreeRTOS_src/list.d" -o "FreeRTOS_src/list.o" "../FreeRTOS_src/list.c"
Finished building: ../FreeRTOS_src/list.c
 
Building file: ../FreeRTOS_src/queue.c
Invoking: MCU C Compiler
arm-none-eabi-gcc -D__NEWLIB__ -DDEBUG -D__CODE_RED -DPACK_STRUCT_END=__attribute\(\(packed\)\) -DGCC_ARMCM3 -I../src -I"C:\Users\Marcos\Documents\LPCXpresso_5.1.2_2065\workspace\CMSISv2p00_LPC17xx\inc" -I"C:\Users\Marcos\Documents\LPCXpresso_5.1.2_2065\workspace\CMSISv2p00_LPC17xx" -I../FreeRTOS_include -I../FreeRTOS_portable -O0 -g3 -Wall -c -fmessage-length=0 -fno-builtin -ffunction-sections -fdata-sections -msoft-float -DMALLOC_PROVIDED -mcpu=cortex-m3 -mthumb -MMD -MP -MF"FreeRTOS_src/queue.d" -MT"FreeRTOS_src/queue.d" -o "FreeRTOS_src/queue.o" "../FreeRTOS_src/queue.c"
Finished building: ../FreeRTOS_src/queue.c
 
Building file: ../FreeRTOS_src/tasks.c
Invoking: MCU C Compiler
arm-none-eabi-gcc -D__NEWLIB__ -DDEBUG -D__CODE_RED -DPACK_STRUCT_END=__attribute\(\(packed\)\) -DGCC_ARMCM3 -I../src -I"C:\Users\Marcos\Documents\LPCXpresso_5.1.2_2065\workspace\CMSISv2p00_LPC17xx\inc" -I"C:\Users\Marcos\Documents\LPCXpresso_5.1.2_2065\workspace\CMSISv2p00_LPC17xx" -I../FreeRTOS_include -I../FreeRTOS_portable -O0 -g3 -Wall -c -fmessage-length=0 -fno-builtin -ffunction-sections -fdata-sections -msoft-float -DMALLOC_PROVIDED -mcpu=cortex-m3 -mthumb -MMD -MP -MF"FreeRTOS_src/tasks.d" -MT"FreeRTOS_src/tasks.d" -o "FreeRTOS_src/tasks.o" "../FreeRTOS_src/tasks.c"
Finished building: ../FreeRTOS_src/tasks.c
 
Building file: ../FreeRTOS_src/timers.c
Invoking: MCU C Compiler
arm-none-eabi-gcc -D__NEWLIB__ -DDEBUG -D__CODE_RED -DPACK_STRUCT_END=__attribute\(\(packed\)\) -DGCC_ARMCM3 -I../src -I"C:\Users\Marcos\Documents\LPCXpresso_5.1.2_2065\workspace\CMSISv2p00_LPC17xx\inc" -I"C:\Users\Marcos\Documents\LPCXpresso_5.1.2_2065\workspace\CMSISv2p00_LPC17xx" -I../FreeRTOS_include -I../FreeRTOS_portable -O0 -g3 -Wall -c -fmessage-length=0 -fno-builtin -ffunction-sections -fdata-sections -msoft-float -DMALLOC_PROVIDED -mcpu=cortex-m3 -mthumb -MMD -MP -MF"FreeRTOS_src/timers.d" -MT"FreeRTOS_src/timers.d" -o "FreeRTOS_src/timers.o" "../FreeRTOS_src/timers.c"
Finished building: ../FreeRTOS_src/timers.c
 
Building file: ../FreeRTOS_portable/MemMang/heap_2.c
Invoking: MCU C Compiler
arm-none-eabi-gcc -D__NEWLIB__ -DDEBUG -D__CODE_RED -DPACK_STRUCT_END=__attribute\(\(packed\)\) -DGCC_ARMCM3 -I../src -I"C:\Users\Marcos\Documents\LPCXpresso_5.1.2_2065\workspace\CMSISv2p00_LPC17xx\inc" -I"C:\Users\Marcos\Documents\LPCXpresso_5.1.2_2065\workspace\CMSISv2p00_LPC17xx" -I../FreeRTOS_include -I../FreeRTOS_portable -O0 -g3 -Wall -c -fmessage-length=0 -fno-builtin -ffunction-sections -fdata-sections -msoft-float -DMALLOC_PROVIDED -mcpu=cortex-m3 -mthumb -MMD -MP -MF"FreeRTOS_portable/MemMang/heap_2.d" -MT"FreeRTOS_portable/MemMang/heap_2.d" -o "FreeRTOS_portable/MemMang/heap_2.o" "../FreeRTOS_portable/MemMang/heap_2.c"
Finished building: ../FreeRTOS_portable/MemMang/heap_2.c
 
Building file: ../FreeRTOS_portable/port.c
Invoking: MCU C Compiler
arm-none-eabi-gcc -D__NEWLIB__ -DDEBUG -D__CODE_RED -DPACK_STRUCT_END=__attribute\(\(packed\)\) -DGCC_ARMCM3 -I../src -I"C:\Users\Marcos\Documents\LPCXpresso_5.1.2_2065\workspace\CMSISv2p00_LPC17xx\inc" -I"C:\Users\Marcos\Documents\LPCXpresso_5.1.2_2065\workspace\CMSISv2p00_LPC17xx" -I../FreeRTOS_include -I../FreeRTOS_portable -O0 -g3 -Wall -c -fmessage-length=0 -fno-builtin -ffunction-sections -fdata-sections -msoft-float -DMALLOC_PROVIDED -mcpu=cortex-m3 -mthumb -MMD -MP -MF"FreeRTOS_portable/port.d" -MT"FreeRTOS_portable/port.d" -o "FreeRTOS_portable/port.o" "../FreeRTOS_portable/port.c"
Finished building: ../FreeRTOS_portable/port.c
 
Building target: teste.axf
Invoking: MCU Linker
arm-none-eabi-gcc -nostdlib -Xlinker -Map="teste.map" -Xlinker --gc-sections -mcpu=cortex-m3 -mthumb -T "teste_Debug.ld" -o "teste.axf"  ./src/alloc.o ./src/basic_io.o ./src/consoleprint.o ./src/cr_startup_lpc17.o ./src/leds.o ./src/main.o  ./FreeRTOS_src/croutine.o ./FreeRTOS_src/list.o ./FreeRTOS_src/queue.o ./FreeRTOS_src/tasks.o ./FreeRTOS_src/timers.o  ./FreeRTOS_portable/MemMang/heap_2.o  ./FreeRTOS_portable/port.o   
Finished building target: teste.axf
 
make --no-print-directory post-build
Performing post-build steps
arm-none-eabi-size "teste.axf"; # arm-none-eabi-objcopy -O binary "teste.axf" "teste.bin" ; checksum -p LPC1769 -d "teste.bin";
   text	   data	    bss	    dec	    hex	filename
  31120	   1180	  19864	  52164	   cbc4	teste.axf
 
18:54:02 **** Incremental Build of configuration Debug for project teste ****
make all 
make: Nothing to be done for `all'.
18:54:46 **** Clean-only build of configuration Debug for project teste ****
make clean 
rm -rf  ./src/alloc.o ./src/basic_io.o ./src/consoleprint.o ./src/cr_startup_lpc17.o ./src/leds.o ./src/main.o  ./FreeRTOS_src/croutine.o ./FreeRTOS_src/list.o ./FreeRTOS_src/queue.o ./FreeRTOS_src/tasks.o ./FreeRTOS_src/timers.o  ./FreeRTOS_portable/MemMang/heap_2.o  ./FreeRTOS_portable/port.o  ./src/alloc.d ./src/basic_io.d ./src/consoleprint.d ./src/cr_startup_lpc17.d ./src/leds.d ./src/main.d  ./FreeRTOS_src/croutine.d ./FreeRTOS_src/list.d ./FreeRTOS_src/queue.d ./FreeRTOS_src/tasks.d ./FreeRTOS_src/timers.d  ./FreeRTOS_portable/MemMang/heap_2.d  ./FreeRTOS_portable/port.d  teste.axf
 
18:54:49 **** Build of configuration Debug for project teste ****
make all 
Building file: ../src/alloc.c
Invoking: MCU C Compiler
arm-none-eabi-gcc -D__NEWLIB__ -DDEBUG -D__CODE_RED -DPACK_STRUCT_END=__attribute\(\(packed\)\) -DGCC_ARMCM3 -I../src -I"C:\Users\Marcos\Documents\LPCXpresso_5.1.2_2065\workspace\CMSISv2p00_LPC17xx\inc" -I"C:\Users\Marcos\Documents\LPCXpresso_5.1.2_2065\workspace\CMSISv2p00_LPC17xx" -I../FreeRTOS_include -I../FreeRTOS_portable -O0 -g3 -Wall -c -fmessage-length=0 -fno-builtin -ffunction-sections -fdata-sections -msoft-float -DMALLOC_PROVIDED -mcpu=cortex-m3 -mthumb -MMD -MP -MF"src/alloc.d" -MT"src/alloc.d" -o "src/alloc.o" "../src/alloc.c"
../src/alloc.c: In function '_realloc_r':
Finished building: ../src/alloc.c
../src/alloc.c:43:2: warning: implicit declaration of function 'memcpy' [-Wimplicit-function-declaration]
 
Building file: ../src/basic_io.c
Invoking: MCU C Compiler
arm-none-eabi-gcc -D__NEWLIB__ -DDEBUG -D__CODE_RED -DPACK_STRUCT_END=__attribute\(\(packed\)\) -DGCC_ARMCM3 -I../src -I"C:\Users\Marcos\Documents\LPCXpresso_5.1.2_2065\workspace\CMSISv2p00_LPC17xx\inc" -I"C:\Users\Marcos\Documents\LPCXpresso_5.1.2_2065\workspace\CMSISv2p00_LPC17xx" -I../FreeRTOS_include -I../FreeRTOS_portable -O0 -g3 -Wall -c -fmessage-length=0 -fno-builtin -ffunction-sections -fdata-sections -msoft-float -DMALLOC_PROVIDED -mcpu=cortex-m3 -mthumb -MMD -MP -MF"src/basic_io.d" -MT"src/basic_io.d" -o "src/basic_io.o" "../src/basic_io.c"
Finished building: ../src/basic_io.c
 
Building file: ../src/consoleprint.c
Invoking: MCU C Compiler
arm-none-eabi-gcc -D__NEWLIB__ -DDEBUG -D__CODE_RED -DPACK_STRUCT_END=__attribute\(\(packed\)\) -DGCC_ARMCM3 -I../src -I"C:\Users\Marcos\Documents\LPCXpresso_5.1.2_2065\workspace\CMSISv2p00_LPC17xx\inc" -I"C:\Users\Marcos\Documents\LPCXpresso_5.1.2_2065\workspace\CMSISv2p00_LPC17xx" -I../FreeRTOS_include -I../FreeRTOS_portable -O0 -g3 -Wall -c -fmessage-length=0 -fno-builtin -ffunction-sections -fdata-sections -msoft-float -DMALLOC_PROVIDED -mcpu=cortex-m3 -mthumb -MMD -MP -MF"src/consoleprint.d" -MT"src/consoleprint.d" -o "src/consoleprint.o" "../src/consoleprint.c"
Finished building: ../src/consoleprint.c
 
Building file: ../src/cr_startup_lpc17.c
Invoking: MCU C Compiler
arm-none-eabi-gcc -D__NEWLIB__ -DDEBUG -D__CODE_RED -DPACK_STRUCT_END=__attribute\(\(packed\)\) -DGCC_ARMCM3 -I../src -I"C:\Users\Marcos\Documents\LPCXpresso_5.1.2_2065\workspace\CMSISv2p00_LPC17xx\inc" -I"C:\Users\Marcos\Documents\LPCXpresso_5.1.2_2065\workspace\CMSISv2p00_LPC17xx" -I../FreeRTOS_include -I../FreeRTOS_portable -O0 -g3 -Wall -c -fmessage-length=0 -fno-builtin -ffunction-sections -fdata-sections -msoft-float -DMALLOC_PROVIDED -mcpu=cortex-m3 -mthumb -MMD -MP -MF"src/cr_startup_lpc17.d" -MT"src/cr_startup_lpc17.d" -o "src/cr_startup_lpc17.o" "../src/cr_startup_lpc17.c"
Finished building: ../src/cr_startup_lpc17.c
 
Building file: ../src/leds.c
Invoking: MCU C Compiler
arm-none-eabi-gcc -D__NEWLIB__ -DDEBUG -D__CODE_RED -DPACK_STRUCT_END=__attribute\(\(packed\)\) -DGCC_ARMCM3 -I../src -I"C:\Users\Marcos\Documents\LPCXpresso_5.1.2_2065\workspace\CMSISv2p00_LPC17xx\inc" -I"C:\Users\Marcos\Documents\LPCXpresso_5.1.2_2065\workspace\CMSISv2p00_LPC17xx" -I../FreeRTOS_include -I../FreeRTOS_portable -O0 -g3 -Wall -c -fmessage-length=0 -fno-builtin -ffunction-sections -fdata-sections -msoft-float -DMALLOC_PROVIDED -mcpu=cortex-m3 -mthumb -MMD -MP -MF"src/leds.d" -MT"src/leds.d" -o "src/leds.o" "../src/leds.c"
Finished building: ../src/leds.c
 
Building file: ../src/main.c
Invoking: MCU C Compiler
arm-none-eabi-gcc -D__NEWLIB__ -DDEBUG -D__CODE_RED -DPACK_STRUCT_END=__attribute\(\(packed\)\) -DGCC_ARMCM3 -I../src -I"C:\Users\Marcos\Documents\LPCXpresso_5.1.2_2065\workspace\CMSISv2p00_LPC17xx\inc" -I"C:\Users\Marcos\Documents\LPCXpresso_5.1.2_2065\workspace\CMSISv2p00_LPC17xx" -I../FreeRTOS_include -I../FreeRTOS_portable -O0 -g3 -Wall -c -fmessage-length=0 -fno-builtin -ffunction-sections -fdata-sections -msoft-float -DMALLOC_PROVIDED -mcpu=cortex-m3 -mthumb -MMD -MP -MF"src/main.d" -MT"src/main.d" -o "src/main.o" "../src/main.c"
../src/main.c: In function 'main':
Finished building: ../src/main.c
 
../src/main.c:75:2: warning: implicit declaration of function 'printf' [-Wimplicit-function-declaration]
Building file: ../FreeRTOS_src/croutine.c
Invoking: MCU C Compiler
arm-none-eabi-gcc -D__NEWLIB__ -DDEBUG -D__CODE_RED -DPACK_STRUCT_END=__attribute\(\(packed\)\) -DGCC_ARMCM3 -I../src -I"C:\Users\Marcos\Documents\LPCXpresso_5.1.2_2065\workspace\CMSISv2p00_LPC17xx\inc" -I"C:\Users\Marcos\Documents\LPCXpresso_5.1.2_2065\workspace\CMSISv2p00_LPC17xx" -I../FreeRTOS_include -I../FreeRTOS_portable -O0 -g3 -Wall -c -fmessage-length=0 -fno-builtin -ffunction-sections -fdata-sections -msoft-float -DMALLOC_PROVIDED -mcpu=cortex-m3 -mthumb -MMD -MP -MF"FreeRTOS_src/croutine.d" -MT"FreeRTOS_src/croutine.d" -o "FreeRTOS_src/croutine.o" "../FreeRTOS_src/croutine.c"
Finished building: ../FreeRTOS_src/croutine.c
 
Building file: ../FreeRTOS_src/list.c
Invoking: MCU C Compiler
arm-none-eabi-gcc -D__NEWLIB__ -DDEBUG -D__CODE_RED -DPACK_STRUCT_END=__attribute\(\(packed\)\) -DGCC_ARMCM3 -I../src -I"C:\Users\Marcos\Documents\LPCXpresso_5.1.2_2065\workspace\CMSISv2p00_LPC17xx\inc" -I"C:\Users\Marcos\Documents\LPCXpresso_5.1.2_2065\workspace\CMSISv2p00_LPC17xx" -I../FreeRTOS_include -I../FreeRTOS_portable -O0 -g3 -Wall -c -fmessage-length=0 -fno-builtin -ffunction-sections -fdata-sections -msoft-float -DMALLOC_PROVIDED -mcpu=cortex-m3 -mthumb -MMD -MP -MF"FreeRTOS_src/list.d" -MT"FreeRTOS_src/list.d" -o "FreeRTOS_src/list.o" "../FreeRTOS_src/list.c"
Finished building: ../FreeRTOS_src/list.c
 
Building file: ../FreeRTOS_src/queue.c
Invoking: MCU C Compiler
arm-none-eabi-gcc -D__NEWLIB__ -DDEBUG -D__CODE_RED -DPACK_STRUCT_END=__attribute\(\(packed\)\) -DGCC_ARMCM3 -I../src -I"C:\Users\Marcos\Documents\LPCXpresso_5.1.2_2065\workspace\CMSISv2p00_LPC17xx\inc" -I"C:\Users\Marcos\Documents\LPCXpresso_5.1.2_2065\workspace\CMSISv2p00_LPC17xx" -I../FreeRTOS_include -I../FreeRTOS_portable -O0 -g3 -Wall -c -fmessage-length=0 -fno-builtin -ffunction-sections -fdata-sections -msoft-float -DMALLOC_PROVIDED -mcpu=cortex-m3 -mthumb -MMD -MP -MF"FreeRTOS_src/queue.d" -MT"FreeRTOS_src/queue.d" -o "FreeRTOS_src/queue.o" "../FreeRTOS_src/queue.c"
Finished building: ../FreeRTOS_src/queue.c
 
Building file: ../FreeRTOS_src/tasks.c
Invoking: MCU C Compiler
arm-none-eabi-gcc -D__NEWLIB__ -DDEBUG -D__CODE_RED -DPACK_STRUCT_END=__attribute\(\(packed\)\) -DGCC_ARMCM3 -I../src -I"C:\Users\Marcos\Documents\LPCXpresso_5.1.2_2065\workspace\CMSISv2p00_LPC17xx\inc" -I"C:\Users\Marcos\Documents\LPCXpresso_5.1.2_2065\workspace\CMSISv2p00_LPC17xx" -I../FreeRTOS_include -I../FreeRTOS_portable -O0 -g3 -Wall -c -fmessage-length=0 -fno-builtin -ffunction-sections -fdata-sections -msoft-float -DMALLOC_PROVIDED -mcpu=cortex-m3 -mthumb -MMD -MP -MF"FreeRTOS_src/tasks.d" -MT"FreeRTOS_src/tasks.d" -o "FreeRTOS_src/tasks.o" "../FreeRTOS_src/tasks.c"
Finished building: ../FreeRTOS_src/tasks.c
 
Building file: ../FreeRTOS_src/timers.c
Invoking: MCU C Compiler
arm-none-eabi-gcc -D__NEWLIB__ -DDEBUG -D__CODE_RED -DPACK_STRUCT_END=__attribute\(\(packed\)\) -DGCC_ARMCM3 -I../src -I"C:\Users\Marcos\Documents\LPCXpresso_5.1.2_2065\workspace\CMSISv2p00_LPC17xx\inc" -I"C:\Users\Marcos\Documents\LPCXpresso_5.1.2_2065\workspace\CMSISv2p00_LPC17xx" -I../FreeRTOS_include -I../FreeRTOS_portable -O0 -g3 -Wall -c -fmessage-length=0 -fno-builtin -ffunction-sections -fdata-sections -msoft-float -DMALLOC_PROVIDED -mcpu=cortex-m3 -mthumb -MMD -MP -MF"FreeRTOS_src/timers.d" -MT"FreeRTOS_src/timers.d" -o "FreeRTOS_src/timers.o" "../FreeRTOS_src/timers.c"
Finished building: ../FreeRTOS_src/timers.c
 
Building file: ../FreeRTOS_portable/MemMang/heap_2.c
Invoking: MCU C Compiler
arm-none-eabi-gcc -D__NEWLIB__ -DDEBUG -D__CODE_RED -DPACK_STRUCT_END=__attribute\(\(packed\)\) -DGCC_ARMCM3 -I../src -I"C:\Users\Marcos\Documents\LPCXpresso_5.1.2_2065\workspace\CMSISv2p00_LPC17xx\inc" -I"C:\Users\Marcos\Documents\LPCXpresso_5.1.2_2065\workspace\CMSISv2p00_LPC17xx" -I../FreeRTOS_include -I../FreeRTOS_portable -O0 -g3 -Wall -c -fmessage-length=0 -fno-builtin -ffunction-sections -fdata-sections -msoft-float -DMALLOC_PROVIDED -mcpu=cortex-m3 -mthumb -MMD -MP -MF"FreeRTOS_portable/MemMang/heap_2.d" -MT"FreeRTOS_portable/MemMang/heap_2.d" -o "FreeRTOS_portable/MemMang/heap_2.o" "../FreeRTOS_portable/MemMang/heap_2.c"
Finished building: ../FreeRTOS_portable/MemMang/heap_2.c
 
Building file: ../FreeRTOS_portable/port.c
Invoking: MCU C Compiler
arm-none-eabi-gcc -D__NEWLIB__ -DDEBUG -D__CODE_RED -DPACK_STRUCT_END=__attribute\(\(packed\)\) -DGCC_ARMCM3 -I../src -I"C:\Users\Marcos\Documents\LPCXpresso_5.1.2_2065\workspace\CMSISv2p00_LPC17xx\inc" -I"C:\Users\Marcos\Documents\LPCXpresso_5.1.2_2065\workspace\CMSISv2p00_LPC17xx" -I../FreeRTOS_include -I../FreeRTOS_portable -O0 -g3 -Wall -c -fmessage-length=0 -fno-builtin -ffunction-sections -fdata-sections -msoft-float -DMALLOC_PROVIDED -mcpu=cortex-m3 -mthumb -MMD -MP -MF"FreeRTOS_portable/port.d" -MT"FreeRTOS_portable/port.d" -o "FreeRTOS_portable/port.o" "../FreeRTOS_portable/port.c"
Finished building: ../FreeRTOS_portable/port.c
 
Building target: teste.axf
Invoking: MCU Linker
arm-none-eabi-gcc -nostdlib -Xlinker -Map="teste.map" -Xlinker --gc-sections -mcpu=cortex-m3 -mthumb -T "teste_Debug.ld" -o "teste.axf"  ./src/alloc.o ./src/basic_io.o ./src/consoleprint.o ./src/cr_startup_lpc17.o ./src/leds.o ./src/main.o  ./FreeRTOS_src/croutine.o ./FreeRTOS_src/list.o ./FreeRTOS_src/queue.o ./FreeRTOS_src/tasks.o ./FreeRTOS_src/timers.o  ./FreeRTOS_portable/MemMang/heap_2.o  ./FreeRTOS_portable/port.o   
Finished building target: teste.axf
 
make --no-print-directory post-build
Performing post-build steps
arm-none-eabi-size "teste.axf"; # arm-none-eabi-objcopy -O binary "teste.axf" "teste.bin" ; checksum -p LPC1769 -d "teste.bin";
   text	   data	    bss	    dec	    hex	filename
  31120	   1180	  19864	  52164	   cbc4	teste.axf
 
18:54:56 **** Incremental Build of configuration Debug for project teste ****
make all 
make: Nothing to be done for `all'.
18:55:48 **** Clean-only build of configuration Debug for project teste ****
make clean 
rm -rf  ./src/alloc.o ./src/basic_io.o ./src/consoleprint.o ./src/cr_startup_lpc17.o ./src/leds.o ./src/main.o  ./FreeRTOS_src/croutine.o ./FreeRTOS_src/list.o ./FreeRTOS_src/queue.o ./FreeRTOS_src/tasks.o ./FreeRTOS_src/timers.o  ./FreeRTOS_portable/MemMang/heap_2.o  ./FreeRTOS_portable/port.o  ./src/alloc.d ./src/basic_io.d ./src/consoleprint.d ./src/cr_startup_lpc17.d ./src/leds.d ./src/main.d  ./FreeRTOS_src/croutine.d ./FreeRTOS_src/list.d ./FreeRTOS_src/queue.d ./FreeRTOS_src/tasks.d ./FreeRTOS_src/timers.d  ./FreeRTOS_portable/MemMang/heap_2.d  ./FreeRTOS_portable/port.d  teste.axf
rm: cannot unlink `teste.axf': Permission denied
 
make: [clean] Error 1 (ignored)
18:55:51 **** Build of configuration Debug for project teste ****
make all 
Building file: ../src/alloc.c
Invoking: MCU C Compiler
arm-none-eabi-gcc -D__NEWLIB__ -DDEBUG -D__CODE_RED -DPACK_STRUCT_END=__attribute\(\(packed\)\) -DGCC_ARMCM3 -I../src -I"C:\Users\Marcos\Documents\LPCXpresso_5.1.2_2065\workspace\CMSISv2p00_LPC17xx\inc" -I"C:\Users\Marcos\Documents\LPCXpresso_5.1.2_2065\workspace\CMSISv2p00_LPC17xx" -I../FreeRTOS_include -I../FreeRTOS_portable -O0 -g3 -Wall -c -fmessage-length=0 -fno-builtin -ffunction-sections -fdata-sections -msoft-float -DMALLOC_PROVIDED -mcpu=cortex-m3 -mthumb -MMD -MP -MF"src/alloc.d" -MT"src/alloc.d" -o "src/alloc.o" "../src/alloc.c"
../src/alloc.c: In function '_realloc_r':
Finished building: ../src/alloc.c
../src/alloc.c:43:2: warning: implicit declaration of function 'memcpy' [-Wimplicit-function-declaration]
 
Building file: ../src/basic_io.c
Invoking: MCU C Compiler
arm-none-eabi-gcc -D__NEWLIB__ -DDEBUG -D__CODE_RED -DPACK_STRUCT_END=__attribute\(\(packed\)\) -DGCC_ARMCM3 -I../src -I"C:\Users\Marcos\Documents\LPCXpresso_5.1.2_2065\workspace\CMSISv2p00_LPC17xx\inc" -I"C:\Users\Marcos\Documents\LPCXpresso_5.1.2_2065\workspace\CMSISv2p00_LPC17xx" -I../FreeRTOS_include -I../FreeRTOS_portable -O0 -g3 -Wall -c -fmessage-length=0 -fno-builtin -ffunction-sections -fdata-sections -msoft-float -DMALLOC_PROVIDED -mcpu=cortex-m3 -mthumb -MMD -MP -MF"src/basic_io.d" -MT"src/basic_io.d" -o "src/basic_io.o" "../src/basic_io.c"
Finished building: ../src/basic_io.c
 
Building file: ../src/consoleprint.c
Invoking: MCU C Compiler
arm-none-eabi-gcc -D__NEWLIB__ -DDEBUG -D__CODE_RED -DPACK_STRUCT_END=__attribute\(\(packed\)\) -DGCC_ARMCM3 -I../src -I"C:\Users\Marcos\Documents\LPCXpresso_5.1.2_2065\workspace\CMSISv2p00_LPC17xx\inc" -I"C:\Users\Marcos\Documents\LPCXpresso_5.1.2_2065\workspace\CMSISv2p00_LPC17xx" -I../FreeRTOS_include -I../FreeRTOS_portable -O0 -g3 -Wall -c -fmessage-length=0 -fno-builtin -ffunction-sections -fdata-sections -msoft-float -DMALLOC_PROVIDED -mcpu=cortex-m3 -mthumb -MMD -MP -MF"src/consoleprint.d" -MT"src/consoleprint.d" -o "src/consoleprint.o" "../src/consoleprint.c"
Finished building: ../src/consoleprint.c
 
Building file: ../src/cr_startup_lpc17.c
Invoking: MCU C Compiler
arm-none-eabi-gcc -D__NEWLIB__ -DDEBUG -D__CODE_RED -DPACK_STRUCT_END=__attribute\(\(packed\)\) -DGCC_ARMCM3 -I../src -I"C:\Users\Marcos\Documents\LPCXpresso_5.1.2_2065\workspace\CMSISv2p00_LPC17xx\inc" -I"C:\Users\Marcos\Documents\LPCXpresso_5.1.2_2065\workspace\CMSISv2p00_LPC17xx" -I../FreeRTOS_include -I../FreeRTOS_portable -O0 -g3 -Wall -c -fmessage-length=0 -fno-builtin -ffunction-sections -fdata-sections -msoft-float -DMALLOC_PROVIDED -mcpu=cortex-m3 -mthumb -MMD -MP -MF"src/cr_startup_lpc17.d" -MT"src/cr_startup_lpc17.d" -o "src/cr_startup_lpc17.o" "../src/cr_startup_lpc17.c"
Finished building: ../src/cr_startup_lpc17.c
 
Building file: ../src/leds.c
Invoking: MCU C Compiler
arm-none-eabi-gcc -D__NEWLIB__ -DDEBUG -D__CODE_RED -DPACK_STRUCT_END=__attribute\(\(packed\)\) -DGCC_ARMCM3 -I../src -I"C:\Users\Marcos\Documents\LPCXpresso_5.1.2_2065\workspace\CMSISv2p00_LPC17xx\inc" -I"C:\Users\Marcos\Documents\LPCXpresso_5.1.2_2065\workspace\CMSISv2p00_LPC17xx" -I../FreeRTOS_include -I../FreeRTOS_portable -O0 -g3 -Wall -c -fmessage-length=0 -fno-builtin -ffunction-sections -fdata-sections -msoft-float -DMALLOC_PROVIDED -mcpu=cortex-m3 -mthumb -MMD -MP -MF"src/leds.d" -MT"src/leds.d" -o "src/leds.o" "../src/leds.c"
Finished building: ../src/leds.c
 
Building file: ../src/main.c
Invoking: MCU C Compiler
arm-none-eabi-gcc -D__NEWLIB__ -DDEBUG -D__CODE_RED -DPACK_STRUCT_END=__attribute\(\(packed\)\) -DGCC_ARMCM3 -I../src -I"C:\Users\Marcos\Documents\LPCXpresso_5.1.2_2065\workspace\CMSISv2p00_LPC17xx\inc" -I"C:\Users\Marcos\Documents\LPCXpresso_5.1.2_2065\workspace\CMSISv2p00_LPC17xx" -I../FreeRTOS_include -I../FreeRTOS_portable -O0 -g3 -Wall -c -fmessage-length=0 -fno-builtin -ffunction-sections -fdata-sections -msoft-float -DMALLOC_PROVIDED -mcpu=cortex-m3 -mthumb -MMD -MP -MF"src/main.d" -MT"src/main.d" -o "src/main.o" "../src/main.c"
../src/main.c: In function 'main':
Finished building: ../src/main.c
../src/main.c:75:2: warning: implicit declaration of function 'printf' [-Wimplicit-function-declaration]
 
Building file: ../FreeRTOS_src/croutine.c
Invoking: MCU C Compiler
arm-none-eabi-gcc -D__NEWLIB__ -DDEBUG -D__CODE_RED -DPACK_STRUCT_END=__attribute\(\(packed\)\) -DGCC_ARMCM3 -I../src -I"C:\Users\Marcos\Documents\LPCXpresso_5.1.2_2065\workspace\CMSISv2p00_LPC17xx\inc" -I"C:\Users\Marcos\Documents\LPCXpresso_5.1.2_2065\workspace\CMSISv2p00_LPC17xx" -I../FreeRTOS_include -I../FreeRTOS_portable -O0 -g3 -Wall -c -fmessage-length=0 -fno-builtin -ffunction-sections -fdata-sections -msoft-float -DMALLOC_PROVIDED -mcpu=cortex-m3 -mthumb -MMD -MP -MF"FreeRTOS_src/croutine.d" -MT"FreeRTOS_src/croutine.d" -o "FreeRTOS_src/croutine.o" "../FreeRTOS_src/croutine.c"
Finished building: ../FreeRTOS_src/croutine.c
 
Building file: ../FreeRTOS_src/list.c
Invoking: MCU C Compiler
arm-none-eabi-gcc -D__NEWLIB__ -DDEBUG -D__CODE_RED -DPACK_STRUCT_END=__attribute\(\(packed\)\) -DGCC_ARMCM3 -I../src -I"C:\Users\Marcos\Documents\LPCXpresso_5.1.2_2065\workspace\CMSISv2p00_LPC17xx\inc" -I"C:\Users\Marcos\Documents\LPCXpresso_5.1.2_2065\workspace\CMSISv2p00_LPC17xx" -I../FreeRTOS_include -I../FreeRTOS_portable -O0 -g3 -Wall -c -fmessage-length=0 -fno-builtin -ffunction-sections -fdata-sections -msoft-float -DMALLOC_PROVIDED -mcpu=cortex-m3 -mthumb -MMD -MP -MF"FreeRTOS_src/list.d" -MT"FreeRTOS_src/list.d" -o "FreeRTOS_src/list.o" "../FreeRTOS_src/list.c"
Finished building: ../FreeRTOS_src/list.c
 
Building file: ../FreeRTOS_src/queue.c
Invoking: MCU C Compiler
arm-none-eabi-gcc -D__NEWLIB__ -DDEBUG -D__CODE_RED -DPACK_STRUCT_END=__attribute\(\(packed\)\) -DGCC_ARMCM3 -I../src -I"C:\Users\Marcos\Documents\LPCXpresso_5.1.2_2065\workspace\CMSISv2p00_LPC17xx\inc" -I"C:\Users\Marcos\Documents\LPCXpresso_5.1.2_2065\workspace\CMSISv2p00_LPC17xx" -I../FreeRTOS_include -I../FreeRTOS_portable -O0 -g3 -Wall -c -fmessage-length=0 -fno-builtin -ffunction-sections -fdata-sections -msoft-float -DMALLOC_PROVIDED -mcpu=cortex-m3 -mthumb -MMD -MP -MF"FreeRTOS_src/queue.d" -MT"FreeRTOS_src/queue.d" -o "FreeRTOS_src/queue.o" "../FreeRTOS_src/queue.c"
Finished building: ../FreeRTOS_src/queue.c
 
Building file: ../FreeRTOS_src/tasks.c
Invoking: MCU C Compiler
arm-none-eabi-gcc -D__NEWLIB__ -DDEBUG -D__CODE_RED -DPACK_STRUCT_END=__attribute\(\(packed\)\) -DGCC_ARMCM3 -I../src -I"C:\Users\Marcos\Documents\LPCXpresso_5.1.2_2065\workspace\CMSISv2p00_LPC17xx\inc" -I"C:\Users\Marcos\Documents\LPCXpresso_5.1.2_2065\workspace\CMSISv2p00_LPC17xx" -I../FreeRTOS_include -I../FreeRTOS_portable -O0 -g3 -Wall -c -fmessage-length=0 -fno-builtin -ffunction-sections -fdata-sections -msoft-float -DMALLOC_PROVIDED -mcpu=cortex-m3 -mthumb -MMD -MP -MF"FreeRTOS_src/tasks.d" -MT"FreeRTOS_src/tasks.d" -o "FreeRTOS_src/tasks.o" "../FreeRTOS_src/tasks.c"
Finished building: ../FreeRTOS_src/tasks.c
 
Building file: ../FreeRTOS_src/timers.c
Invoking: MCU C Compiler
arm-none-eabi-gcc -D__NEWLIB__ -DDEBUG -D__CODE_RED -DPACK_STRUCT_END=__attribute\(\(packed\)\) -DGCC_ARMCM3 -I../src -I"C:\Users\Marcos\Documents\LPCXpresso_5.1.2_2065\workspace\CMSISv2p00_LPC17xx\inc" -I"C:\Users\Marcos\Documents\LPCXpresso_5.1.2_2065\workspace\CMSISv2p00_LPC17xx" -I../FreeRTOS_include -I../FreeRTOS_portable -O0 -g3 -Wall -c -fmessage-length=0 -fno-builtin -ffunction-sections -fdata-sections -msoft-float -DMALLOC_PROVIDED -mcpu=cortex-m3 -mthumb -MMD -MP -MF"FreeRTOS_src/timers.d" -MT"FreeRTOS_src/timers.d" -o "FreeRTOS_src/timers.o" "../FreeRTOS_src/timers.c"
Finished building: ../FreeRTOS_src/timers.c
 
Building file: ../FreeRTOS_portable/MemMang/heap_2.c
Invoking: MCU C Compiler
arm-none-eabi-gcc -D__NEWLIB__ -DDEBUG -D__CODE_RED -DPACK_STRUCT_END=__attribute\(\(packed\)\) -DGCC_ARMCM3 -I../src -I"C:\Users\Marcos\Documents\LPCXpresso_5.1.2_2065\workspace\CMSISv2p00_LPC17xx\inc" -I"C:\Users\Marcos\Documents\LPCXpresso_5.1.2_2065\workspace\CMSISv2p00_LPC17xx" -I../FreeRTOS_include -I../FreeRTOS_portable -O0 -g3 -Wall -c -fmessage-length=0 -fno-builtin -ffunction-sections -fdata-sections -msoft-float -DMALLOC_PROVIDED -mcpu=cortex-m3 -mthumb -MMD -MP -MF"FreeRTOS_portable/MemMang/heap_2.d" -MT"FreeRTOS_portable/MemMang/heap_2.d" -o "FreeRTOS_portable/MemMang/heap_2.o" "../FreeRTOS_portable/MemMang/heap_2.c"
Finished building: ../FreeRTOS_portable/MemMang/heap_2.c
 
Building file: ../FreeRTOS_portable/port.c
Invoking: MCU C Compiler
arm-none-eabi-gcc -D__NEWLIB__ -DDEBUG -D__CODE_RED -DPACK_STRUCT_END=__attribute\(\(packed\)\) -DGCC_ARMCM3 -I../src -I"C:\Users\Marcos\Documents\LPCXpresso_5.1.2_2065\workspace\CMSISv2p00_LPC17xx\inc" -I"C:\Users\Marcos\Documents\LPCXpresso_5.1.2_2065\workspace\CMSISv2p00_LPC17xx" -I../FreeRTOS_include -I../FreeRTOS_portable -O0 -g3 -Wall -c -fmessage-length=0 -fno-builtin -ffunction-sections -fdata-sections -msoft-float -DMALLOC_PROVIDED -mcpu=cortex-m3 -mthumb -MMD -MP -MF"FreeRTOS_portable/port.d" -MT"FreeRTOS_portable/port.d" -o "FreeRTOS_portable/port.o" "../FreeRTOS_portable/port.c"
Finished building: ../FreeRTOS_portable/port.c
 
Building target: teste.axf
Invoking: MCU Linker
arm-none-eabi-gcc -nostdlib -Xlinker -Map="teste.map" -Xlinker --gc-sections -mcpu=cortex-m3 -mthumb -T "teste_Debug.ld" -o "teste.axf"  ./src/alloc.o ./src/basic_io.o ./src/consoleprint.o ./src/cr_startup_lpc17.o ./src/leds.o ./src/main.o  ./FreeRTOS_src/croutine.o ./FreeRTOS_src/list.o ./FreeRTOS_src/queue.o ./FreeRTOS_src/tasks.o ./FreeRTOS_src/timers.o  ./FreeRTOS_portable/MemMang/heap_2.o  ./FreeRTOS_portable/port.o   
Finished building target: teste.axf
 
make --no-print-directory post-build
Performing post-build steps
arm-none-eabi-size "teste.axf"; # arm-none-eabi-objcopy -O binary "teste.axf" "teste.bin" ; checksum -p LPC1769 -d "teste.bin";
   text	   data	    bss	    dec	    hex	filename
  31120	   1180	  19864	  52164	   cbc4	teste.axf
 
18:59:03 **** Clean-only build of configuration Debug for project teste ****
make clean 
rm -rf  ./src/alloc.o ./src/basic_io.o ./src/consoleprint.o ./src/cr_startup_lpc17.o ./src/leds.o ./src/main.o  ./FreeRTOS_src/croutine.o ./FreeRTOS_src/list.o ./FreeRTOS_src/queue.o ./FreeRTOS_src/tasks.o ./FreeRTOS_src/timers.o  ./FreeRTOS_portable/MemMang/heap_2.o  ./FreeRTOS_portable/port.o  ./src/alloc.d ./src/basic_io.d ./src/consoleprint.d ./src/cr_startup_lpc17.d ./src/leds.d ./src/main.d  ./FreeRTOS_src/croutine.d ./FreeRTOS_src/list.d ./FreeRTOS_src/queue.d ./FreeRTOS_src/tasks.d ./FreeRTOS_src/timers.d  ./FreeRTOS_portable/MemMang/heap_2.d  ./FreeRTOS_portable/port.d  teste.axf
 
18:59:06 **** Clean-only build of configuration Debug for project teste ****
make clean 
rm -rf  ./src/alloc.o ./src/basic_io.o ./src/consoleprint.o ./src/cr_startup_lpc17.o ./src/leds.o ./src/main.o  ./FreeRTOS_src/croutine.o ./FreeRTOS_src/list.o ./FreeRTOS_src/queue.o ./FreeRTOS_src/tasks.o ./FreeRTOS_src/timers.o  ./FreeRTOS_portable/MemMang/heap_2.o  ./FreeRTOS_portable/port.o  ./src/alloc.d ./src/basic_io.d ./src/consoleprint.d ./src/cr_startup_lpc17.d ./src/leds.d ./src/main.d  ./FreeRTOS_src/croutine.d ./FreeRTOS_src/list.d ./FreeRTOS_src/queue.d ./FreeRTOS_src/tasks.d ./FreeRTOS_src/timers.d  ./FreeRTOS_portable/MemMang/heap_2.d  ./FreeRTOS_portable/port.d  teste.axf
 
18:59:07 **** Build of configuration Debug for project teste ****
make all 
Building file: ../src/alloc.c
Invoking: MCU C Compiler
arm-none-eabi-gcc -D__NEWLIB__ -DDEBUG -D__CODE_RED -DPACK_STRUCT_END=__attribute\(\(packed\)\) -DGCC_ARMCM3 -I../src -I"C:\Users\Marcos\Documents\LPCXpresso_5.1.2_2065\workspace\CMSISv2p00_LPC17xx\inc" -I"C:\Users\Marcos\Documents\LPCXpresso_5.1.2_2065\workspace\CMSISv2p00_LPC17xx" -I../FreeRTOS_include -I../FreeRTOS_portable -O0 -g3 -Wall -c -fmessage-length=0 -fno-builtin -ffunction-sections -fdata-sections -msoft-float -DMALLOC_PROVIDED -mcpu=cortex-m3 -mthumb -MMD -MP -MF"src/alloc.d" -MT"src/alloc.d" -o "src/alloc.o" "../src/alloc.c"
../src/alloc.c: In function '_realloc_r':
../src/alloc.c:43:2: warning: implicit declaration of function 'memcpy' [-Wimplicit-function-declaration]
Finished building: ../src/alloc.c
 
Building file: ../src/basic_io.c
Invoking: MCU C Compiler
arm-none-eabi-gcc -D__NEWLIB__ -DDEBUG -D__CODE_RED -DPACK_STRUCT_END=__attribute\(\(packed\)\) -DGCC_ARMCM3 -I../src -I"C:\Users\Marcos\Documents\LPCXpresso_5.1.2_2065\workspace\CMSISv2p00_LPC17xx\inc" -I"C:\Users\Marcos\Documents\LPCXpresso_5.1.2_2065\workspace\CMSISv2p00_LPC17xx" -I../FreeRTOS_include -I../FreeRTOS_portable -O0 -g3 -Wall -c -fmessage-length=0 -fno-builtin -ffunction-sections -fdata-sections -msoft-float -DMALLOC_PROVIDED -mcpu=cortex-m3 -mthumb -MMD -MP -MF"src/basic_io.d" -MT"src/basic_io.d" -o "src/basic_io.o" "../src/basic_io.c"
Finished building: ../src/basic_io.c
 
Building file: ../src/consoleprint.c
Invoking: MCU C Compiler
arm-none-eabi-gcc -D__NEWLIB__ -DDEBUG -D__CODE_RED -DPACK_STRUCT_END=__attribute\(\(packed\)\) -DGCC_ARMCM3 -I../src -I"C:\Users\Marcos\Documents\LPCXpresso_5.1.2_2065\workspace\CMSISv2p00_LPC17xx\inc" -I"C:\Users\Marcos\Documents\LPCXpresso_5.1.2_2065\workspace\CMSISv2p00_LPC17xx" -I../FreeRTOS_include -I../FreeRTOS_portable -O0 -g3 -Wall -c -fmessage-length=0 -fno-builtin -ffunction-sections -fdata-sections -msoft-float -DMALLOC_PROVIDED -mcpu=cortex-m3 -mthumb -MMD -MP -MF"src/consoleprint.d" -MT"src/consoleprint.d" -o "src/consoleprint.o" "../src/consoleprint.c"
Finished building: ../src/consoleprint.c
 
Building file: ../src/cr_startup_lpc17.c
Invoking: MCU C Compiler
arm-none-eabi-gcc -D__NEWLIB__ -DDEBUG -D__CODE_RED -DPACK_STRUCT_END=__attribute\(\(packed\)\) -DGCC_ARMCM3 -I../src -I"C:\Users\Marcos\Documents\LPCXpresso_5.1.2_2065\workspace\CMSISv2p00_LPC17xx\inc" -I"C:\Users\Marcos\Documents\LPCXpresso_5.1.2_2065\workspace\CMSISv2p00_LPC17xx" -I../FreeRTOS_include -I../FreeRTOS_portable -O0 -g3 -Wall -c -fmessage-length=0 -fno-builtin -ffunction-sections -fdata-sections -msoft-float -DMALLOC_PROVIDED -mcpu=cortex-m3 -mthumb -MMD -MP -MF"src/cr_startup_lpc17.d" -MT"src/cr_startup_lpc17.d" -o "src/cr_startup_lpc17.o" "../src/cr_startup_lpc17.c"
Finished building: ../src/cr_startup_lpc17.c
 
Building file: ../src/leds.c
Invoking: MCU C Compiler
arm-none-eabi-gcc -D__NEWLIB__ -DDEBUG -D__CODE_RED -DPACK_STRUCT_END=__attribute\(\(packed\)\) -DGCC_ARMCM3 -I../src -I"C:\Users\Marcos\Documents\LPCXpresso_5.1.2_2065\workspace\CMSISv2p00_LPC17xx\inc" -I"C:\Users\Marcos\Documents\LPCXpresso_5.1.2_2065\workspace\CMSISv2p00_LPC17xx" -I../FreeRTOS_include -I../FreeRTOS_portable -O0 -g3 -Wall -c -fmessage-length=0 -fno-builtin -ffunction-sections -fdata-sections -msoft-float -DMALLOC_PROVIDED -mcpu=cortex-m3 -mthumb -MMD -MP -MF"src/leds.d" -MT"src/leds.d" -o "src/leds.o" "../src/leds.c"
Finished building: ../src/leds.c
 
Building file: ../src/main.c
Invoking: MCU C Compiler
arm-none-eabi-gcc -D__NEWLIB__ -DDEBUG -D__CODE_RED -DPACK_STRUCT_END=__attribute\(\(packed\)\) -DGCC_ARMCM3 -I../src -I"C:\Users\Marcos\Documents\LPCXpresso_5.1.2_2065\workspace\CMSISv2p00_LPC17xx\inc" -I"C:\Users\Marcos\Documents\LPCXpresso_5.1.2_2065\workspace\CMSISv2p00_LPC17xx" -I../FreeRTOS_include -I../FreeRTOS_portable -O0 -g3 -Wall -c -fmessage-length=0 -fno-builtin -ffunction-sections -fdata-sections -msoft-float -DMALLOC_PROVIDED -mcpu=cortex-m3 -mthumb -MMD -MP -MF"src/main.d" -MT"src/main.d" -o "src/main.o" "../src/main.c"
../src/main.c: In function 'main':
Finished building: ../src/main.c
../src/main.c:75:2: warning: implicit declaration of function 'printf' [-Wimplicit-function-declaration]
 
Building file: ../FreeRTOS_src/croutine.c
Invoking: MCU C Compiler
arm-none-eabi-gcc -D__NEWLIB__ -DDEBUG -D__CODE_RED -DPACK_STRUCT_END=__attribute\(\(packed\)\) -DGCC_ARMCM3 -I../src -I"C:\Users\Marcos\Documents\LPCXpresso_5.1.2_2065\workspace\CMSISv2p00_LPC17xx\inc" -I"C:\Users\Marcos\Documents\LPCXpresso_5.1.2_2065\workspace\CMSISv2p00_LPC17xx" -I../FreeRTOS_include -I../FreeRTOS_portable -O0 -g3 -Wall -c -fmessage-length=0 -fno-builtin -ffunction-sections -fdata-sections -msoft-float -DMALLOC_PROVIDED -mcpu=cortex-m3 -mthumb -MMD -MP -MF"FreeRTOS_src/croutine.d" -MT"FreeRTOS_src/croutine.d" -o "FreeRTOS_src/croutine.o" "../FreeRTOS_src/croutine.c"
Finished building: ../FreeRTOS_src/croutine.c
 
Building file: ../FreeRTOS_src/list.c
Invoking: MCU C Compiler
arm-none-eabi-gcc -D__NEWLIB__ -DDEBUG -D__CODE_RED -DPACK_STRUCT_END=__attribute\(\(packed\)\) -DGCC_ARMCM3 -I../src -I"C:\Users\Marcos\Documents\LPCXpresso_5.1.2_2065\workspace\CMSISv2p00_LPC17xx\inc" -I"C:\Users\Marcos\Documents\LPCXpresso_5.1.2_2065\workspace\CMSISv2p00_LPC17xx" -I../FreeRTOS_include -I../FreeRTOS_portable -O0 -g3 -Wall -c -fmessage-length=0 -fno-builtin -ffunction-sections -fdata-sections -msoft-float -DMALLOC_PROVIDED -mcpu=cortex-m3 -mthumb -MMD -MP -MF"FreeRTOS_src/list.d" -MT"FreeRTOS_src/list.d" -o "FreeRTOS_src/list.o" "../FreeRTOS_src/list.c"
Finished building: ../FreeRTOS_src/list.c
 
Building file: ../FreeRTOS_src/queue.c
Invoking: MCU C Compiler
arm-none-eabi-gcc -D__NEWLIB__ -DDEBUG -D__CODE_RED -DPACK_STRUCT_END=__attribute\(\(packed\)\) -DGCC_ARMCM3 -I../src -I"C:\Users\Marcos\Documents\LPCXpresso_5.1.2_2065\workspace\CMSISv2p00_LPC17xx\inc" -I"C:\Users\Marcos\Documents\LPCXpresso_5.1.2_2065\workspace\CMSISv2p00_LPC17xx" -I../FreeRTOS_include -I../FreeRTOS_portable -O0 -g3 -Wall -c -fmessage-length=0 -fno-builtin -ffunction-sections -fdata-sections -msoft-float -DMALLOC_PROVIDED -mcpu=cortex-m3 -mthumb -MMD -MP -MF"FreeRTOS_src/queue.d" -MT"FreeRTOS_src/queue.d" -o "FreeRTOS_src/queue.o" "../FreeRTOS_src/queue.c"
Finished building: ../FreeRTOS_src/queue.c
 
Building file: ../FreeRTOS_src/tasks.c
Invoking: MCU C Compiler
arm-none-eabi-gcc -D__NEWLIB__ -DDEBUG -D__CODE_RED -DPACK_STRUCT_END=__attribute\(\(packed\)\) -DGCC_ARMCM3 -I../src -I"C:\Users\Marcos\Documents\LPCXpresso_5.1.2_2065\workspace\CMSISv2p00_LPC17xx\inc" -I"C:\Users\Marcos\Documents\LPCXpresso_5.1.2_2065\workspace\CMSISv2p00_LPC17xx" -I../FreeRTOS_include -I../FreeRTOS_portable -O0 -g3 -Wall -c -fmessage-length=0 -fno-builtin -ffunction-sections -fdata-sections -msoft-float -DMALLOC_PROVIDED -mcpu=cortex-m3 -mthumb -MMD -MP -MF"FreeRTOS_src/tasks.d" -MT"FreeRTOS_src/tasks.d" -o "FreeRTOS_src/tasks.o" "../FreeRTOS_src/tasks.c"
Finished building: ../FreeRTOS_src/tasks.c
 
Building file: ../FreeRTOS_src/timers.c
Invoking: MCU C Compiler
arm-none-eabi-gcc -D__NEWLIB__ -DDEBUG -D__CODE_RED -DPACK_STRUCT_END=__attribute\(\(packed\)\) -DGCC_ARMCM3 -I../src -I"C:\Users\Marcos\Documents\LPCXpresso_5.1.2_2065\workspace\CMSISv2p00_LPC17xx\inc" -I"C:\Users\Marcos\Documents\LPCXpresso_5.1.2_2065\workspace\CMSISv2p00_LPC17xx" -I../FreeRTOS_include -I../FreeRTOS_portable -O0 -g3 -Wall -c -fmessage-length=0 -fno-builtin -ffunction-sections -fdata-sections -msoft-float -DMALLOC_PROVIDED -mcpu=cortex-m3 -mthumb -MMD -MP -MF"FreeRTOS_src/timers.d" -MT"FreeRTOS_src/timers.d" -o "FreeRTOS_src/timers.o" "../FreeRTOS_src/timers.c"
Finished building: ../FreeRTOS_src/timers.c
 
Building file: ../FreeRTOS_portable/MemMang/heap_2.c
Invoking: MCU C Compiler
arm-none-eabi-gcc -D__NEWLIB__ -DDEBUG -D__CODE_RED -DPACK_STRUCT_END=__attribute\(\(packed\)\) -DGCC_ARMCM3 -I../src -I"C:\Users\Marcos\Documents\LPCXpresso_5.1.2_2065\workspace\CMSISv2p00_LPC17xx\inc" -I"C:\Users\Marcos\Documents\LPCXpresso_5.1.2_2065\workspace\CMSISv2p00_LPC17xx" -I../FreeRTOS_include -I../FreeRTOS_portable -O0 -g3 -Wall -c -fmessage-length=0 -fno-builtin -ffunction-sections -fdata-sections -msoft-float -DMALLOC_PROVIDED -mcpu=cortex-m3 -mthumb -MMD -MP -MF"FreeRTOS_portable/MemMang/heap_2.d" -MT"FreeRTOS_portable/MemMang/heap_2.d" -o "FreeRTOS_portable/MemMang/heap_2.o" "../FreeRTOS_portable/MemMang/heap_2.c"
Finished building: ../FreeRTOS_portable/MemMang/heap_2.c
 
Building file: ../FreeRTOS_portable/port.c
Invoking: MCU C Compiler
arm-none-eabi-gcc -D__NEWLIB__ -DDEBUG -D__CODE_RED -DPACK_STRUCT_END=__attribute\(\(packed\)\) -DGCC_ARMCM3 -I../src -I"C:\Users\Marcos\Documents\LPCXpresso_5.1.2_2065\workspace\CMSISv2p00_LPC17xx\inc" -I"C:\Users\Marcos\Documents\LPCXpresso_5.1.2_2065\workspace\CMSISv2p00_LPC17xx" -I../FreeRTOS_include -I../FreeRTOS_portable -O0 -g3 -Wall -c -fmessage-length=0 -fno-builtin -ffunction-sections -fdata-sections -msoft-float -DMALLOC_PROVIDED -mcpu=cortex-m3 -mthumb -MMD -MP -MF"FreeRTOS_portable/port.d" -MT"FreeRTOS_portable/port.d" -o "FreeRTOS_portable/port.o" "../FreeRTOS_portable/port.c"
Finished building: ../FreeRTOS_portable/port.c
 
Building target: teste.axf
Invoking: MCU Linker
arm-none-eabi-gcc -nostdlib -msoft-float -DMALLOC_PROVIDED -Xlinker -Map="teste.map" -Xlinker --gc-sections -mcpu=cortex-m3 -mthumb -T "teste_Debug.ld" -o "teste.axf"  ./src/alloc.o ./src/basic_io.o ./src/consoleprint.o ./src/cr_startup_lpc17.o ./src/leds.o ./src/main.o  ./FreeRTOS_src/croutine.o ./FreeRTOS_src/list.o ./FreeRTOS_src/queue.o ./FreeRTOS_src/tasks.o ./FreeRTOS_src/timers.o  ./FreeRTOS_portable/MemMang/heap_2.o  ./FreeRTOS_portable/port.o   
Finished building target: teste.axf
 
make --no-print-directory post-build
Performing post-build steps
arm-none-eabi-size "teste.axf"; # arm-none-eabi-objcopy -O binary "teste.axf" "teste.bin" ; checksum -p LPC1769 -d "teste.bin";
   text	   data	    bss	    dec	    hex	filename
  31120	   1180	  19864	  52164	   cbc4	teste.axf
 
18:59:31 **** Incremental Build of configuration Debug for project teste ****
make all 
make: Nothing to be done for `all'.
19:06:29 **** Clean-only build of configuration Debug for project teste ****
make clean 
rm -rf  ./src/alloc.o ./src/basic_io.o ./src/consoleprint.o ./src/cr_startup_lpc17.o ./src/leds.o ./src/main.o  ./FreeRTOS_src/croutine.o ./FreeRTOS_src/list.o ./FreeRTOS_src/queue.o ./FreeRTOS_src/tasks.o ./FreeRTOS_src/timers.o  ./FreeRTOS_portable/MemMang/heap_2.o  ./FreeRTOS_portable/port.o  ./src/alloc.d ./src/basic_io.d ./src/consoleprint.d ./src/cr_startup_lpc17.d ./src/leds.d ./src/main.d  ./FreeRTOS_src/croutine.d ./FreeRTOS_src/list.d ./FreeRTOS_src/queue.d ./FreeRTOS_src/tasks.d ./FreeRTOS_src/timers.d  ./FreeRTOS_portable/MemMang/heap_2.d  ./FreeRTOS_portable/port.d  teste.axf
 
19:06:32 **** Build of configuration Debug for project teste ****
make all 
Building file: ../src/alloc.c
Invoking: MCU C Compiler
arm-none-eabi-gcc -D__NEWLIB__ -DDEBUG -D__CODE_RED -DPACK_STRUCT_END=__attribute\(\(packed\)\) -DGCC_ARMCM3 -I../src -I"C:\Users\Marcos\Documents\LPCXpresso_5.1.2_2065\workspace\CMSISv2p00_LPC17xx\inc" -I"C:\Users\Marcos\Documents\LPCXpresso_5.1.2_2065\workspace\CMSISv2p00_LPC17xx" -I../FreeRTOS_include -I../FreeRTOS_portable -O0 -g3 -Wall -c -fmessage-length=0 -fno-builtin -ffunction-sections -fdata-sections -msoft-float -DMALLOC_PROVIDED -mcpu=cortex-m3 -mthumb -MMD -MP -MF"src/alloc.d" -MT"src/alloc.d" -o "src/alloc.o" "../src/alloc.c"
../src/alloc.c: In function '_realloc_r':
../src/alloc.c:43:2: warning: implicit declaration of function 'memcpy' [-Wimplicit-function-declaration]
Finished building: ../src/alloc.c
 
Building file: ../src/basic_io.c
Invoking: MCU C Compiler
arm-none-eabi-gcc -D__NEWLIB__ -DDEBUG -D__CODE_RED -DPACK_STRUCT_END=__attribute\(\(packed\)\) -DGCC_ARMCM3 -I../src -I"C:\Users\Marcos\Documents\LPCXpresso_5.1.2_2065\workspace\CMSISv2p00_LPC17xx\inc" -I"C:\Users\Marcos\Documents\LPCXpresso_5.1.2_2065\workspace\CMSISv2p00_LPC17xx" -I../FreeRTOS_include -I../FreeRTOS_portable -O0 -g3 -Wall -c -fmessage-length=0 -fno-builtin -ffunction-sections -fdata-sections -msoft-float -DMALLOC_PROVIDED -mcpu=cortex-m3 -mthumb -MMD -MP -MF"src/basic_io.d" -MT"src/basic_io.d" -o "src/basic_io.o" "../src/basic_io.c"
Finished building: ../src/basic_io.c
 
Building file: ../src/consoleprint.c
Invoking: MCU C Compiler
arm-none-eabi-gcc -D__NEWLIB__ -DDEBUG -D__CODE_RED -DPACK_STRUCT_END=__attribute\(\(packed\)\) -DGCC_ARMCM3 -I../src -I"C:\Users\Marcos\Documents\LPCXpresso_5.1.2_2065\workspace\CMSISv2p00_LPC17xx\inc" -I"C:\Users\Marcos\Documents\LPCXpresso_5.1.2_2065\workspace\CMSISv2p00_LPC17xx" -I../FreeRTOS_include -I../FreeRTOS_portable -O0 -g3 -Wall -c -fmessage-length=0 -fno-builtin -ffunction-sections -fdata-sections -msoft-float -DMALLOC_PROVIDED -mcpu=cortex-m3 -mthumb -MMD -MP -MF"src/consoleprint.d" -MT"src/consoleprint.d" -o "src/consoleprint.o" "../src/consoleprint.c"
Finished building: ../src/consoleprint.c
 
Building file: ../src/cr_startup_lpc17.c
Invoking: MCU C Compiler
arm-none-eabi-gcc -D__NEWLIB__ -DDEBUG -D__CODE_RED -DPACK_STRUCT_END=__attribute\(\(packed\)\) -DGCC_ARMCM3 -I../src -I"C:\Users\Marcos\Documents\LPCXpresso_5.1.2_2065\workspace\CMSISv2p00_LPC17xx\inc" -I"C:\Users\Marcos\Documents\LPCXpresso_5.1.2_2065\workspace\CMSISv2p00_LPC17xx" -I../FreeRTOS_include -I../FreeRTOS_portable -O0 -g3 -Wall -c -fmessage-length=0 -fno-builtin -ffunction-sections -fdata-sections -msoft-float -DMALLOC_PROVIDED -mcpu=cortex-m3 -mthumb -MMD -MP -MF"src/cr_startup_lpc17.d" -MT"src/cr_startup_lpc17.d" -o "src/cr_startup_lpc17.o" "../src/cr_startup_lpc17.c"
Finished building: ../src/cr_startup_lpc17.c
 
Building file: ../src/leds.c
Invoking: MCU C Compiler
arm-none-eabi-gcc -D__NEWLIB__ -DDEBUG -D__CODE_RED -DPACK_STRUCT_END=__attribute\(\(packed\)\) -DGCC_ARMCM3 -I../src -I"C:\Users\Marcos\Documents\LPCXpresso_5.1.2_2065\workspace\CMSISv2p00_LPC17xx\inc" -I"C:\Users\Marcos\Documents\LPCXpresso_5.1.2_2065\workspace\CMSISv2p00_LPC17xx" -I../FreeRTOS_include -I../FreeRTOS_portable -O0 -g3 -Wall -c -fmessage-length=0 -fno-builtin -ffunction-sections -fdata-sections -msoft-float -DMALLOC_PROVIDED -mcpu=cortex-m3 -mthumb -MMD -MP -MF"src/leds.d" -MT"src/leds.d" -o "src/leds.o" "../src/leds.c"
Finished building: ../src/leds.c
 
Building file: ../src/main.c
Invoking: MCU C Compiler
arm-none-eabi-gcc -D__NEWLIB__ -DDEBUG -D__CODE_RED -DPACK_STRUCT_END=__attribute\(\(packed\)\) -DGCC_ARMCM3 -I../src -I"C:\Users\Marcos\Documents\LPCXpresso_5.1.2_2065\workspace\CMSISv2p00_LPC17xx\inc" -I"C:\Users\Marcos\Documents\LPCXpresso_5.1.2_2065\workspace\CMSISv2p00_LPC17xx" -I../FreeRTOS_include -I../FreeRTOS_portable -O0 -g3 -Wall -c -fmessage-length=0 -fno-builtin -ffunction-sections -fdata-sections -msoft-float -DMALLOC_PROVIDED -mcpu=cortex-m3 -mthumb -MMD -MP -MF"src/main.d" -MT"src/main.d" -o "src/main.o" "../src/main.c"
../src/main.c: In function 'main':
../src/main.c:75:2: warning: implicit declaration of function 'printf' [-Wimplicit-function-declaration]
Finished building: ../src/main.c
 
Building file: ../FreeRTOS_src/croutine.c
Invoking: MCU C Compiler
arm-none-eabi-gcc -D__NEWLIB__ -DDEBUG -D__CODE_RED -DPACK_STRUCT_END=__attribute\(\(packed\)\) -DGCC_ARMCM3 -I../src -I"C:\Users\Marcos\Documents\LPCXpresso_5.1.2_2065\workspace\CMSISv2p00_LPC17xx\inc" -I"C:\Users\Marcos\Documents\LPCXpresso_5.1.2_2065\workspace\CMSISv2p00_LPC17xx" -I../FreeRTOS_include -I../FreeRTOS_portable -O0 -g3 -Wall -c -fmessage-length=0 -fno-builtin -ffunction-sections -fdata-sections -msoft-float -DMALLOC_PROVIDED -mcpu=cortex-m3 -mthumb -MMD -MP -MF"FreeRTOS_src/croutine.d" -MT"FreeRTOS_src/croutine.d" -o "FreeRTOS_src/croutine.o" "../FreeRTOS_src/croutine.c"
Finished building: ../FreeRTOS_src/croutine.c
 
Building file: ../FreeRTOS_src/list.c
Invoking: MCU C Compiler
arm-none-eabi-gcc -D__NEWLIB__ -DDEBUG -D__CODE_RED -DPACK_STRUCT_END=__attribute\(\(packed\)\) -DGCC_ARMCM3 -I../src -I"C:\Users\Marcos\Documents\LPCXpresso_5.1.2_2065\workspace\CMSISv2p00_LPC17xx\inc" -I"C:\Users\Marcos\Documents\LPCXpresso_5.1.2_2065\workspace\CMSISv2p00_LPC17xx" -I../FreeRTOS_include -I../FreeRTOS_portable -O0 -g3 -Wall -c -fmessage-length=0 -fno-builtin -ffunction-sections -fdata-sections -msoft-float -DMALLOC_PROVIDED -mcpu=cortex-m3 -mthumb -MMD -MP -MF"FreeRTOS_src/list.d" -MT"FreeRTOS_src/list.d" -o "FreeRTOS_src/list.o" "../FreeRTOS_src/list.c"
Finished building: ../FreeRTOS_src/list.c
 
Building file: ../FreeRTOS_src/queue.c
Invoking: MCU C Compiler
arm-none-eabi-gcc -D__NEWLIB__ -DDEBUG -D__CODE_RED -DPACK_STRUCT_END=__attribute\(\(packed\)\) -DGCC_ARMCM3 -I../src -I"C:\Users\Marcos\Documents\LPCXpresso_5.1.2_2065\workspace\CMSISv2p00_LPC17xx\inc" -I"C:\Users\Marcos\Documents\LPCXpresso_5.1.2_2065\workspace\CMSISv2p00_LPC17xx" -I../FreeRTOS_include -I../FreeRTOS_portable -O0 -g3 -Wall -c -fmessage-length=0 -fno-builtin -ffunction-sections -fdata-sections -msoft-float -DMALLOC_PROVIDED -mcpu=cortex-m3 -mthumb -MMD -MP -MF"FreeRTOS_src/queue.d" -MT"FreeRTOS_src/queue.d" -o "FreeRTOS_src/queue.o" "../FreeRTOS_src/queue.c"
Finished building: ../FreeRTOS_src/queue.c
 
Building file: ../FreeRTOS_src/tasks.c
Invoking: MCU C Compiler
arm-none-eabi-gcc -D__NEWLIB__ -DDEBUG -D__CODE_RED -DPACK_STRUCT_END=__attribute\(\(packed\)\) -DGCC_ARMCM3 -I../src -I"C:\Users\Marcos\Documents\LPCXpresso_5.1.2_2065\workspace\CMSISv2p00_LPC17xx\inc" -I"C:\Users\Marcos\Documents\LPCXpresso_5.1.2_2065\workspace\CMSISv2p00_LPC17xx" -I../FreeRTOS_include -I../FreeRTOS_portable -O0 -g3 -Wall -c -fmessage-length=0 -fno-builtin -ffunction-sections -fdata-sections -msoft-float -DMALLOC_PROVIDED -mcpu=cortex-m3 -mthumb -MMD -MP -MF"FreeRTOS_src/tasks.d" -MT"FreeRTOS_src/tasks.d" -o "FreeRTOS_src/tasks.o" "../FreeRTOS_src/tasks.c"
Finished building: ../FreeRTOS_src/tasks.c
 
Building file: ../FreeRTOS_src/timers.c
Invoking: MCU C Compiler
[...]
Finished building: ../src/drivers/console/basic_io.c
 
Building file: ../src/drivers/console/consoleprint.c
Invoking: MCU C Compiler
arm-none-eabi-gcc -D__NEWLIB__ -DDEBUG -D__USE_CMSIS -D__CODE_RED -DPACK_STRUCT_END=__attribute\(\(packed\)\) -DGCC_ARMCM3 -I../src -I../FreeRTOS_include -I../FreeRTOS_portable -I../OtherIncludes -Os -g3 -Wall -c -fmessage-length=0 -fno-builtin -ffunction-sections -fdata-sections -msoft-float -DMALLOC_PROVIDED -mcpu=cortex-m3 -mthumb -D__NEWLIB__ -MMD -MP -MF"src/drivers/console/consoleprint.d" -MT"src/drivers/console/consoleprint.o" -MT"src/drivers/console/consoleprint.d" -o "src/drivers/console/consoleprint.o" "../src/drivers/console/consoleprint.c"
Finished building: ../src/drivers/console/consoleprint.c
 
Building file: ../src/cr_startup_lpc17.c
Invoking: MCU C Compiler
arm-none-eabi-gcc -D__NEWLIB__ -DDEBUG -D__USE_CMSIS -D__CODE_RED -DPACK_STRUCT_END=__attribute\(\(packed\)\) -DGCC_ARMCM3 -I../src -I../FreeRTOS_include -I../FreeRTOS_portable -I../OtherIncludes -Os -g3 -Wall -c -fmessage-length=0 -fno-builtin -ffunction-sections -fdata-sections -msoft-float -DMALLOC_PROVIDED -mcpu=cortex-m3 -mthumb -D__NEWLIB__ -MMD -MP -MF"src/cr_startup_lpc17.d" -MT"src/cr_startup_lpc17.o" -MT"src/cr_startup_lpc17.d" -o "src/cr_startup_lpc17.o" "../src/cr_startup_lpc17.c"
Finished building: ../src/cr_startup_lpc17.c
 
Building file: ../src/main.c
Invoking: MCU C Compiler
arm-none-eabi-gcc -D__NEWLIB__ -DDEBUG -D__USE_CMSIS -D__CODE_RED -DPACK_STRUCT_END=__attribute\(\(packed\)\) -DGCC_ARMCM3 -I../src -I../FreeRTOS_include -I../FreeRTOS_portable -I../OtherIncludes -Os -g3 -Wall -c -fmessage-length=0 -fno-builtin -ffunction-sections -fdata-sections -msoft-float -DMALLOC_PROVIDED -mcpu=cortex-m3 -mthumb -D__NEWLIB__ -MMD -MP -MF"src/main.d" -MT"src/main.o" -MT"src/main.d" -o "src/main.o" "../src/main.c"
../src/main.c: In function 'setupHardware':
../src/main.c:108:2: warning: implicit declaration of function 'printf' [-Wimplicit-function-declaration]
  printf("Hardware setup completed.\n");
  ^
../src/main.c: In function 'main':
../src/main.c:137:7: warning: unused variable 'ch' [-Wunused-variable]
  char ch;
       ^
../src/main.c:136:6: warning: unused variable 'i' [-Wunused-variable]
  int i;
      ^
Finished building: ../src/main.c
 
Building file: ../FreeRTOS_src/croutine.c
Invoking: MCU C Compiler
arm-none-eabi-gcc -D__NEWLIB__ -DDEBUG -D__USE_CMSIS -D__CODE_RED -DPACK_STRUCT_END=__attribute\(\(packed\)\) -DGCC_ARMCM3 -I../src -I../FreeRTOS_include -I../FreeRTOS_portable -I../OtherIncludes -Os -g3 -Wall -c -fmessage-length=0 -fno-builtin -ffunction-sections -fdata-sections -msoft-float -DMALLOC_PROVIDED -mcpu=cortex-m3 -mthumb -D__NEWLIB__ -MMD -MP -MF"FreeRTOS_src/croutine.d" -MT"FreeRTOS_src/croutine.o" -MT"FreeRTOS_src/croutine.d" -o "FreeRTOS_src/croutine.o" "../FreeRTOS_src/croutine.c"
Finished building: ../FreeRTOS_src/croutine.c
 
Building file: ../FreeRTOS_src/list.c
Invoking: MCU C Compiler
arm-none-eabi-gcc -D__NEWLIB__ -DDEBUG -D__USE_CMSIS -D__CODE_RED -DPACK_STRUCT_END=__attribute\(\(packed\)\) -DGCC_ARMCM3 -I../src -I../FreeRTOS_include -I../FreeRTOS_portable -I../OtherIncludes -Os -g3 -Wall -c -fmessage-length=0 -fno-builtin -ffunction-sections -fdata-sections -msoft-float -DMALLOC_PROVIDED -mcpu=cortex-m3 -mthumb -D__NEWLIB__ -MMD -MP -MF"FreeRTOS_src/list.d" -MT"FreeRTOS_src/list.o" -MT"FreeRTOS_src/list.d" -o "FreeRTOS_src/list.o" "../FreeRTOS_src/list.c"
Finished building: ../FreeRTOS_src/list.c
 
Building file: ../FreeRTOS_src/queue.c
Invoking: MCU C Compiler
arm-none-eabi-gcc -D__NEWLIB__ -DDEBUG -D__USE_CMSIS -D__CODE_RED -DPACK_STRUCT_END=__attribute\(\(packed\)\) -DGCC_ARMCM3 -I../src -I../FreeRTOS_include -I../FreeRTOS_portable -I../OtherIncludes -Os -g3 -Wall -c -fmessage-length=0 -fno-builtin -ffunction-sections -fdata-sections -msoft-float -DMALLOC_PROVIDED -mcpu=cortex-m3 -mthumb -D__NEWLIB__ -MMD -MP -MF"FreeRTOS_src/queue.d" -MT"FreeRTOS_src/queue.o" -MT"FreeRTOS_src/queue.d" -o "FreeRTOS_src/queue.o" "../FreeRTOS_src/queue.c"
Finished building: ../FreeRTOS_src/queue.c
 
Building file: ../FreeRTOS_src/tasks.c
Invoking: MCU C Compiler
arm-none-eabi-gcc -D__NEWLIB__ -DDEBUG -D__USE_CMSIS -D__CODE_RED -DPACK_STRUCT_END=__attribute\(\(packed\)\) -DGCC_ARMCM3 -I../src -I../FreeRTOS_include -I../FreeRTOS_portable -I../OtherIncludes -Os -g3 -Wall -c -fmessage-length=0 -fno-builtin -ffunction-sections -fdata-sections -msoft-float -DMALLOC_PROVIDED -mcpu=cortex-m3 -mthumb -D__NEWLIB__ -MMD -MP -MF"FreeRTOS_src/tasks.d" -MT"FreeRTOS_src/tasks.o" -MT"FreeRTOS_src/tasks.d" -o "FreeRTOS_src/tasks.o" "../FreeRTOS_src/tasks.c"
Finished building: ../FreeRTOS_src/tasks.c
 
Building file: ../FreeRTOS_src/timers.c
Invoking: MCU C Compiler
arm-none-eabi-gcc -D__NEWLIB__ -DDEBUG -D__USE_CMSIS -D__CODE_RED -DPACK_STRUCT_END=__attribute\(\(packed\)\) -DGCC_ARMCM3 -I../src -I../FreeRTOS_include -I../FreeRTOS_portable -I../OtherIncludes -Os -g3 -Wall -c -fmessage-length=0 -fno-builtin -ffunction-sections -fdata-sections -msoft-float -DMALLOC_PROVIDED -mcpu=cortex-m3 -mthumb -D__NEWLIB__ -MMD -MP -MF"FreeRTOS_src/timers.d" -MT"FreeRTOS_src/timers.o" -MT"FreeRTOS_src/timers.d" -o "FreeRTOS_src/timers.o" "../FreeRTOS_src/timers.c"
Finished building: ../FreeRTOS_src/timers.c
 
Building file: ../FreeRTOS_portable/MemMang/heap_2.c
Invoking: MCU C Compiler
arm-none-eabi-gcc -D__NEWLIB__ -DDEBUG -D__USE_CMSIS -D__CODE_RED -DPACK_STRUCT_END=__attribute\(\(packed\)\) -DGCC_ARMCM3 -I../src -I../FreeRTOS_include -I../FreeRTOS_portable -I../OtherIncludes -Os -g3 -Wall -c -fmessage-length=0 -fno-builtin -ffunction-sections -fdata-sections -msoft-float -DMALLOC_PROVIDED -mcpu=cortex-m3 -mthumb -D__NEWLIB__ -MMD -MP -MF"FreeRTOS_portable/MemMang/heap_2.d" -MT"FreeRTOS_portable/MemMang/heap_2.o" -MT"FreeRTOS_portable/MemMang/heap_2.d" -o "FreeRTOS_portable/MemMang/heap_2.o" "../FreeRTOS_portable/MemMang/heap_2.c"
Finished building: ../FreeRTOS_portable/MemMang/heap_2.c
 
Building file: ../FreeRTOS_portable/port.c
Invoking: MCU C Compiler
arm-none-eabi-gcc -D__NEWLIB__ -DDEBUG -D__USE_CMSIS -D__CODE_RED -DPACK_STRUCT_END=__attribute\(\(packed\)\) -DGCC_ARMCM3 -I../src -I../FreeRTOS_include -I../FreeRTOS_portable -I../OtherIncludes -Os -g3 -Wall -c -fmessage-length=0 -fno-builtin -ffunction-sections -fdata-sections -msoft-float -DMALLOC_PROVIDED -mcpu=cortex-m3 -mthumb -D__NEWLIB__ -MMD -MP -MF"FreeRTOS_portable/port.d" -MT"FreeRTOS_portable/port.o" -MT"FreeRTOS_portable/port.d" -o "FreeRTOS_portable/port.o" "../FreeRTOS_portable/port.c"
Finished building: ../FreeRTOS_portable/port.c
 
Building target: pi7.axf
Invoking: MCU Linker
arm-none-eabi-gcc -nostdlib -L../Libraries -msoft-float -DMALLOC_PROVIDED -Xlinker -Map="pi7.map" -mcpu=cortex-m3 -mthumb -T "pi7_Debug.ld" -o "pi7.axf"  ./src/pi7/programa_trajetoria/programa_trajetoria.o  ./src/pi7/interpretador_comando/interpretador_comando.o  ./src/pi7/estado_trajetoria/estado_trajetoria.o  ./src/pi7/controlador_trajetoria/controlador_trajetoria.o  ./src/pi7/comunicacao_pic/comunicacao_pic.o  ./src/pi7/comunicacao_pc/modbus.o  ./src/drivers/uart/uart.o  ./src/drivers/pwm/pwm.o  ./src/drivers/ledonboard/leds.o  ./src/drivers/console/alloc.o ./src/drivers/console/basic_io.o ./src/drivers/console/consoleprint.o  ./src/cr_startup_lpc17.o ./src/main.o  ./FreeRTOS_src/croutine.o ./FreeRTOS_src/list.o ./FreeRTOS_src/queue.o ./FreeRTOS_src/tasks.o ./FreeRTOS_src/timers.o  ./FreeRTOS_portable/MemMang/heap_2.o  ./FreeRTOS_portable/port.o   -lCMSISv2_LPC17xx
Finished building target: pi7.axf
 
make --no-print-directory post-build
Performing post-build steps
arm-none-eabi-size "pi7.axf"; # arm-none-eabi-objcopy -O binary "pi7.axf" "pi7.bin" ; checksum -p LPC1769 -d "pi7.bin";
   text	   data	    bss	    dec	    hex	filename
  46720	   1252	  22972	  70944	  11520	pi7.axf
 
12:04:18 **** Incremental Build of configuration Debug for project pi7 ****
make -r all 
Building file: ../src/pi7/comunicacao_pc/modbus.c
Invoking: MCU C Compiler
arm-none-eabi-gcc -D__NEWLIB__ -DDEBUG -D__USE_CMSIS -D__CODE_RED -DPACK_STRUCT_END=__attribute\(\(packed\)\) -DGCC_ARMCM3 -I../src -I../FreeRTOS_include -I../FreeRTOS_portable -I../OtherIncludes -Os -g3 -Wall -c -fmessage-length=0 -fno-builtin -ffunction-sections -fdata-sections -msoft-float -DMALLOC_PROVIDED -mcpu=cortex-m3 -mthumb -D__NEWLIB__ -MMD -MP -MF"src/pi7/comunicacao_pc/modbus.d" -MT"src/pi7/comunicacao_pc/modbus.o" -MT"src/pi7/comunicacao_pc/modbus.d" -o "src/pi7/comunicacao_pc/modbus.o" "../src/pi7/comunicacao_pc/modbus.c"
../src/pi7/comunicacao_pc/modbus.c:25:36: fatal error: interpretador_comandos.h: No such file or directory
compilation terminated.
make: *** [src/pi7/comunicacao_pc/modbus.o] Error 1
12:05:32 **** Building Selected Files of configuration Debug for project pi7 ****
Info: Internal Builder is used for build
arm-none-eabi-gcc -D__NEWLIB__ -DDEBUG -D__USE_CMSIS -D__CODE_RED "-DPACK_STRUCT_END=__attribute\\(\\(packed\\)\\)" -DGCC_ARMCM3 -I../src -I../FreeRTOS_include -I../FreeRTOS_portable -I../OtherIncludes -Os -g3 -Wall -c -fmessage-length=0 -fno-builtin -ffunction-sections -fdata-sections -msoft-float -DMALLOC_PROVIDED -mcpu=cortex-m3 -mthumb -D__NEWLIB__ -o "src\\pi7\\comunicacao_pc\\modbus.o" "..\\src\\pi7\\comunicacao_pc\\modbus.c" 
..\src\pi7\comunicacao_pc\modbus.c:25:35: fatal error: interpretador_comando.h: No such file or directory
compilation terminated.
12:05:48 **** Incremental Build of configuration Debug for project pi7 ****
make -r all 
Building file: ../src/pi7/comunicacao_pc/modbus.c
Invoking: MCU C Compiler
arm-none-eabi-gcc -D__NEWLIB__ -DDEBUG -D__USE_CMSIS -D__CODE_RED -DPACK_STRUCT_END=__attribute\(\(packed\)\) -DGCC_ARMCM3 -I../src -I../FreeRTOS_include -I../FreeRTOS_portable -I../OtherIncludes -Os -g3 -Wall -c -fmessage-length=0 -fno-builtin -ffunction-sections -fdata-sections -msoft-float -DMALLOC_PROVIDED -mcpu=cortex-m3 -mthumb -D__NEWLIB__ -MMD -MP -MF"src/pi7/comunicacao_pc/modbus.d" -MT"src/pi7/comunicacao_pc/modbus.o" -MT"src/pi7/comunicacao_pc/modbus.d" -o "src/pi7/comunicacao_pc/modbus.o" "../src/pi7/comunicacao_pc/modbus.c"
../src/pi7/comunicacao_pc/modbus.c:25:35: fatal error: interpretador_comando.h: No such file or directory
compilation terminated.
make: *** [src/pi7/comunicacao_pc/modbus.o] Error 1
12:07:38 **** Building Selected Files of configuration Debug for project pi7 ****
Info: Internal Builder is used for build
arm-none-eabi-gcc -D__NEWLIB__ -DDEBUG -D__USE_CMSIS -D__CODE_RED "-DPACK_STRUCT_END=__attribute\\(\\(packed\\)\\)" -DGCC_ARMCM3 -I../src -I../FreeRTOS_include -I../FreeRTOS_portable -I../OtherIncludes -Os -g3 -Wall -c -fmessage-length=0 -fno-builtin -ffunction-sections -fdata-sections -msoft-float -DMALLOC_PROVIDED -mcpu=cortex-m3 -mthumb -D__NEWLIB__ -o "src\\pi7\\comunicacao_pc\\modbus.o" "..\\src\\pi7\\comunicacao_pc\\modbus.c" 
..\src\pi7\comunicacao_pc\modbus.c:25:57: fatal error: interpretador_comando/interpretador_comando.h: No such file or directory
compilation terminated.
12:08:05 **** Incremental Build of configuration Debug for project pi7 ****
make -r all 
Building file: ../src/pi7/comunicacao_pc/modbus.c
Invoking: MCU C Compiler
arm-none-eabi-gcc -D__NEWLIB__ -DDEBUG -D__USE_CMSIS -D__CODE_RED -DPACK_STRUCT_END=__attribute\(\(packed\)\) -DGCC_ARMCM3 -I../src -I../FreeRTOS_include -I../FreeRTOS_portable -I../OtherIncludes -Os -g3 -Wall -c -fmessage-length=0 -fno-builtin -ffunction-sections -fdata-sections -msoft-float -DMALLOC_PROVIDED -mcpu=cortex-m3 -mthumb -D__NEWLIB__ -MMD -MP -MF"src/pi7/comunicacao_pc/modbus.d" -MT"src/pi7/comunicacao_pc/modbus.o" -MT"src/pi7/comunicacao_pc/modbus.d" -o "src/pi7/comunicacao_pc/modbus.o" "../src/pi7/comunicacao_pc/modbus.c"
../src/pi7/comunicacao_pc/modbus.c:25:57: fatal error: interpretador_comando/interpretador_comando.h: No such file or directory
compilation terminated.
make: *** [src/pi7/comunicacao_pc/modbus.o] Error 1
12:08:47 **** Building Selected Files of configuration Debug for project pi7 ****
Info: Internal Builder is used for build
arm-none-eabi-gcc -D__NEWLIB__ -DDEBUG -D__USE_CMSIS -D__CODE_RED "-DPACK_STRUCT_END=__attribute\\(\\(packed\\)\\)" -DGCC_ARMCM3 -I../src -I../FreeRTOS_include -I../FreeRTOS_portable -I../OtherIncludes -Os -g3 -Wall -c -fmessage-length=0 -fno-builtin -ffunction-sections -fdata-sections -msoft-float -DMALLOC_PROVIDED -mcpu=cortex-m3 -mthumb -D__NEWLIB__ -o "src\\pi7\\comunicacao_pc\\modbus.o" "..\\src\\pi7\\comunicacao_pc\\modbus.c" 
..\src\pi7\comunicacao_pc\modbus.c: In function 'putCharToSerial':
..\src\pi7\comunicacao_pc\modbus.c:120:19: warning: pointer targets in passing argument 1 of 'vPrintString' differ in signedness [-Wpointer-sign]
      vPrintString(txBuffer);
                   ^
In file included from ..\src\pi7\comunicacao_pc\modbus.c:20:0:
../src/drivers/console/basic_io.h:36:6: note: expected 'const char *' but argument is of type 'uint8_t * {aka unsigned char *}'
 void vPrintString( const portCHAR *pcString );
      ^
12:09:22 **** Incremental Build of configuration Debug for project pi7 ****
make -r all 
Building file: ../src/pi7/comunicacao_pc/modbus.c
Invoking: MCU C Compiler
arm-none-eabi-gcc -D__NEWLIB__ -DDEBUG -D__USE_CMSIS -D__CODE_RED -DPACK_STRUCT_END=__attribute\(\(packed\)\) -DGCC_ARMCM3 -I../src -I../FreeRTOS_include -I../FreeRTOS_portable -I../OtherIncludes -Os -g3 -Wall -c -fmessage-length=0 -fno-builtin -ffunction-sections -fdata-sections -msoft-float -DMALLOC_PROVIDED -mcpu=cortex-m3 -mthumb -D__NEWLIB__ -MMD -MP -MF"src/pi7/comunicacao_pc/modbus.d" -MT"src/pi7/comunicacao_pc/modbus.o" -MT"src/pi7/comunicacao_pc/modbus.d" -o "src/pi7/comunicacao_pc/modbus.o" "../src/pi7/comunicacao_pc/modbus.c"
../src/pi7/comunicacao_pc/modbus.c: In function 'putCharToSerial':
../src/pi7/comunicacao_pc/modbus.c:120:19: warning: pointer targets in passing argument 1 of 'vPrintString' differ in signedness [-Wpointer-sign]
      vPrintString(txBuffer);
                   ^
In file included from ../src/pi7/comunicacao_pc/modbus.c:20:0:
../src/drivers/console/basic_io.h:36:6: note: expected 'const char *' but argument is of type 'uint8_t * {aka unsigned char *}'
 void vPrintString( const portCHAR *pcString );
      ^
Finished building: ../src/pi7/comunicacao_pc/modbus.c
 
Building file: ../src/main.c
Invoking: MCU C Compiler
arm-none-eabi-gcc -D__NEWLIB__ -DDEBUG -D__USE_CMSIS -D__CODE_RED -DPACK_STRUCT_END=__attribute\(\(packed\)\) -DGCC_ARMCM3 -I../src -I../FreeRTOS_include -I../FreeRTOS_portable -I../OtherIncludes -Os -g3 -Wall -c -fmessage-length=0 -fno-builtin -ffunction-sections -fdata-sections -msoft-float -DMALLOC_PROVIDED -mcpu=cortex-m3 -mthumb -D__NEWLIB__ -MMD -MP -MF"src/main.d" -MT"src/main.o" -MT"src/main.d" -o "src/main.o" "../src/main.c"
../src/main.c: In function 'main':
../src/main.c:138:7: warning: unused variable 'ch' [-Wunused-variable]
  char ch;
       ^
../src/main.c:137:6: warning: unused variable 'i' [-Wunused-variable]
  int i;
      ^
Finished building: ../src/main.c
 
Building target: pi7.axf
Invoking: MCU Linker
arm-none-eabi-gcc -nostdlib -L../Libraries -msoft-float -DMALLOC_PROVIDED -Xlinker -Map="pi7.map" -mcpu=cortex-m3 -mthumb -T "pi7_Debug.ld" -o "pi7.axf"  ./src/pi7/programa_trajetoria/programa_trajetoria.o  ./src/pi7/interpretador_comando/interpretador_comando.o  ./src/pi7/estado_trajetoria/estado_trajetoria.o  ./src/pi7/controlador_trajetoria/controlador_trajetoria.o  ./src/pi7/comunicacao_pic/comunicacao_pic.o  ./src/pi7/comunicacao_pc/modbus.o  ./src/drivers/uart/uart.o  ./src/drivers/pwm/pwm.o  ./src/drivers/ledonboard/leds.o  ./src/drivers/console/alloc.o ./src/drivers/console/basic_io.o ./src/drivers/console/consoleprint.o  ./src/cr_startup_lpc17.o ./src/main.o  ./FreeRTOS_src/croutine.o ./FreeRTOS_src/list.o ./FreeRTOS_src/queue.o ./FreeRTOS_src/tasks.o ./FreeRTOS_src/timers.o  ./FreeRTOS_portable/MemMang/heap_2.o  ./FreeRTOS_portable/port.o   -lCMSISv2_LPC17xx
Finished building target: pi7.axf
 
make --no-print-directory post-build
Performing post-build steps
arm-none-eabi-size "pi7.axf"; # arm-none-eabi-objcopy -O binary "pi7.axf" "pi7.bin" ; checksum -p LPC1769 -d "pi7.bin";
   text	   data	    bss	    dec	    hex	filename
  46720	   1252	  22972	  70944	  11520	pi7.axf
 
12:10:34 **** Incremental Build of configuration Debug for project pi7 ****
make -r all 
Building file: ../src/pi7/comunicacao_pc/modbus.c
Invoking: MCU C Compiler
arm-none-eabi-gcc -D__NEWLIB__ -DDEBUG -D__USE_CMSIS -D__CODE_RED -DPACK_STRUCT_END=__attribute\(\(packed\)\) -DGCC_ARMCM3 -I../src -I../FreeRTOS_include -I../FreeRTOS_portable -I../OtherIncludes -Os -g3 -Wall -c -fmessage-length=0 -fno-builtin -ffunction-sections -fdata-sections -msoft-float -DMALLOC_PROVIDED -mcpu=cortex-m3 -mthumb -D__NEWLIB__ -MMD -MP -MF"src/pi7/comunicacao_pc/modbus.d" -MT"src/pi7/comunicacao_pc/modbus.o" -MT"src/pi7/comunicacao_pc/modbus.d" -o "src/pi7/comunicacao_pc/modbus.o" "../src/pi7/comunicacao_pc/modbus.c"
../src/pi7/comunicacao_pc/modbus.c: In function 'putCharToSerial':
../src/pi7/comunicacao_pc/modbus.c:120:19: warning: pointer targets in passing argument 1 of 'vPrintString' differ in signedness [-Wpointer-sign]
      vPrintString(txBuffer);
                   ^
In file included from ../src/pi7/comunicacao_pc/modbus.c:20:0:
../src/drivers/console/basic_io.h:36:6: note: expected 'const char *' but argument is of type 'uint8_t * {aka unsigned char *}'
 void vPrintString( const portCHAR *pcString );
      ^
Finished building: ../src/pi7/comunicacao_pc/modbus.c
 
Building file: ../src/main.c
Invoking: MCU C Compiler
arm-none-eabi-gcc -D__NEWLIB__ -DDEBUG -D__USE_CMSIS -D__CODE_RED -DPACK_STRUCT_END=__attribute\(\(packed\)\) -DGCC_ARMCM3 -I../src -I../FreeRTOS_include -I../FreeRTOS_portable -I../OtherIncludes -Os -g3 -Wall -c -fmessage-length=0 -fno-builtin -ffunction-sections -fdata-sections -msoft-float -DMALLOC_PROVIDED -mcpu=cortex-m3 -mthumb -D__NEWLIB__ -MMD -MP -MF"src/main.d" -MT"src/main.o" -MT"src/main.d" -o "src/main.o" "../src/main.c"
../src/main.c: In function 'main':
../src/main.c:138:7: warning: unused variable 'ch' [-Wunused-variable]
  char ch;
       ^
../src/main.c:137:6: warning: unused variable 'i' [-Wunused-variable]
  int i;
      ^
Finished building: ../src/main.c
 
Building target: pi7.axf
Invoking: MCU Linker
arm-none-eabi-gcc -nostdlib -L../Libraries -msoft-float -DMALLOC_PROVIDED -Xlinker -Map="pi7.map" -mcpu=cortex-m3 -mthumb -T "pi7_Debug.ld" -o "pi7.axf"  ./src/pi7/programa_trajetoria/programa_trajetoria.o  ./src/pi7/interpretador_comando/interpretador_comando.o  ./src/pi7/estado_trajetoria/estado_trajetoria.o  ./src/pi7/controlador_trajetoria/controlador_trajetoria.o  ./src/pi7/comunicacao_pic/comunicacao_pic.o  ./src/pi7/comunicacao_pc/modbus.o  ./src/drivers/uart/uart.o  ./src/drivers/pwm/pwm.o  ./src/drivers/ledonboard/leds.o  ./src/drivers/console/alloc.o ./src/drivers/console/basic_io.o ./src/drivers/console/consoleprint.o  ./src/cr_startup_lpc17.o ./src/main.o  ./FreeRTOS_src/croutine.o ./FreeRTOS_src/list.o ./FreeRTOS_src/queue.o ./FreeRTOS_src/tasks.o ./FreeRTOS_src/timers.o  ./FreeRTOS_portable/MemMang/heap_2.o  ./FreeRTOS_portable/port.o   -lCMSISv2_LPC17xx
Finished building target: pi7.axf
 
make --no-print-directory post-build
Performing post-build steps
arm-none-eabi-size "pi7.axf"; # arm-none-eabi-objcopy -O binary "pi7.axf" "pi7.bin" ; checksum -p LPC1769 -d "pi7.bin";
   text	   data	    bss	    dec	    hex	filename
  46720	   1252	  22972	  70944	  11520	pi7.axf
 
