Microchip MPLAB XC8 Compiler V2.05 ()

Linker command line:

-W-3 --edf=D:\Microchip\xc8\v2.05\pic\dat\en_msgs.txt -cs \
  -h+dist/default/production\pidx.X.production.sym \
  --cmf=dist/default/production\pidx.X.production.cmf -z -Q16F886 \
  -oC:\Users\Sanches\AppData\Local\Temp\scac.2 --defsym=__MPLAB_BUILD=1 \
  -Mdist/default/production/pidx.X.production.map -E1 -ver=XC8 --acfsm=1493 \
  -ASTACK=0110h-016Fh -pstack=STACK -ACODE=00h-07FFhx4 -ASTRCODE=00h-01FFFh \
  -ASTRING=00h-0FFhx32 -ACONST=00h-0FFhx32 -AENTRY=00h-0FFhx32 \
  -ACOMMON=070h-07Fh -ABANK0=020h-06Fh -ABANK1=0A0h-0EFh \
  -ABANK2=0110h-016Fh -ABANK3=0190h-01EFh \
  -ARAM=020h-06Fh,0A0h-0EFh,0110h-016Fh,0190h-01EFh \
  -AABS1=020h-07Fh,0A0h-0EFh,0110h-016Fh,0190h-01EFh -ASFR0=00h-01Fh \
  -ASFR1=080h-09Fh -ASFR2=0100h-010Fh -ASFR3=0180h-018Fh \
  -preset_vec=00h,intentry=04h,init,end_init -ppowerup=CODE -pcinit=CODE \
  -pfunctab=ENTRY -ACONFIG=02007h-02008h -pconfig=CONFIG -DCONFIG=2 \
  -AIDLOC=02000h-02003h -pidloc=IDLOC -DIDLOC=2 -AEEDATA=00h-0FFh/02100h \
  -peeprom_data=EEDATA -DEEDATA=2 -DCODE=2 -DSTRCODE=2 -DSTRING=2 -DCONST=2 \
  -DENTRY=2 -k C:\Users\Sanches\AppData\Local\Temp\scac.o \
  dist/default/production\pidx.X.production.o 

Object code version is 3.11

Machine type is 16F886



                Name                               Link     Load   Length Selector   Space Scale
C:\Users\Sanches\AppData\Local\Temp\scac.o
                end_init                              E        E        3        8       0
                reset_vec                             0        0        3        0       0
                config                             2007     2007        2     400E       0
dist/default/production\pidx.X.production.o
                cinit                                11       11       2B        8       0
                functab                              3C       3C        F       78       0
                intentry                              4        4        A        8       0
                text44                              7A0      7A0       5A       96       0
                text43                             15D7     15D7       13     2BAE       0
                text42                              E5D      E5D      1A3     1CBA       0
                text41                             173B     173B       25     2E76       0
                text40                               4B       4B      315       96       0
                text39                              360      360      22F       96       0
                text38                             1719     1719       22     2E32       0
                text37                              B10      B10       A5     1620       0
                text36                              8EA      8EA       61     11D4       0
                text35                              A16      A16       6D     142C       0
                text34                              94B      94B       61     1296       0
                text33                             157E     157E        D     2AFC       0
                text32                              D43      D43      11A     1A86       0
                text31                              58F      58F      211       96       0
                text30                             15EA     15EA       13     2BD4       0
                text29                             1656     1656       19     2CAC       0
                text28                             166F     166F       19     2CDE       0
                text27                             1688     1688       19     2D10       0
                text26                             16A1     16A1       19     2D42       0
                text25                             158B     158B        D     2B16       0
                text24                             15A7     15A7       10     2B4E       0
                text23                             1549     1549        8     2A92       0
                text22                             1627     1627       17     2C4E       0
                text21                             15FD     15FD       15     2BFA       0
                text20                             1551     1551        8     2AA2       0
                text19                             16D9     16D9       20     2DB2       0
                text18                             16BA     16BA       1F     2D74       0
                text17                             16F9     16F9       20     2DF2       0
                text16                             1760     1760       33     2EC0       0
                text15                              BB5      BB5       B8     176A       0
                text14                              C6D      C6D       D6     18DA       0
                text13                              7FA      7FA        4       96       0
                text12                             15B7     15B7       10     2B6E       0
                text11                              A83      A83       8D     1506       0
                text10                             1598     1598        F     2B30       0
                text9                              17C8     17C8       38     2F90       0
                text8                              1612     1612       15     2C24       0
                text7                              1793     1793       35     2F26       0
                text6                               9AC      9AC       6A     1358       0
                text5                              163E     163E       18     2C7C       0
                text4                              15C7     15C7       10     2B8E       0
                text3                              1559     1559        8     2AB2       0
                text2                               899      899       51     1132       0
                text1                              1569     1569        9     2AD2       0
                maintext                           1572     1572        C     2AE4       0
                cstackBANK0                          20       20       49       20       1
                cstackCOMMON                         70       70        8       70       1
                cstackBANK1                          DB       DB       13       A0       1
                clrtext                            1561     1561        8     2AC2       0
                bssBANK3                            190      190       4E      190       1
                bssBANK1                             A0       A0       3B       A0       1
                dataBANK0                            6E       6E        2       20       1
                bssBANK0                             69       69        5       20       1
                bssCOMMON                            78       78        6       70       1
                strings                             800      800       99     1000       0
                idataBANK0                          7FE      7FE        2       96       0

TOTAL           Name                               Link     Load   Length     Space
        CLASS   STACK          

        CLASS   CODE           
                end_init                              E        E        3         0
                cinit                                11       11       2B         0
                intentry                              4        4        A         0
                reset_vec                             0        0        3         0
                text44                              7A0      7A0       5A         0
                text43                             15D7     15D7       13         0
                text42                              E5D      E5D      1A3         0
                text41                             173B     173B       25         0
                text40                               4B       4B      315         0
                text39                              360      360      22F         0
                text38                             1719     1719       22         0
                text37                              B10      B10       A5         0
                text36                              8EA      8EA       61         0
                text35                              A16      A16       6D         0
                text34                              94B      94B       61         0
                text33                             157E     157E        D         0
                text32                              D43      D43      11A         0
                text31                              58F      58F      211         0
                text30                             15EA     15EA       13         0
                text29                             1656     1656       19         0
                text28                             166F     166F       19         0
                text27                             1688     1688       19         0
                text26                             16A1     16A1       19         0
                text25                             158B     158B        D         0
                text24                             15A7     15A7       10         0
                text23                             1549     1549        8         0
                text22                             1627     1627       17         0
                text21                             15FD     15FD       15         0
                text20                             1551     1551        8         0
                text19                             16D9     16D9       20         0
                text18                             16BA     16BA       1F         0
                text17                             16F9     16F9       20         0
                text16                             1760     1760       33         0
                text15                              BB5      BB5       B8         0
                text14                              C6D      C6D       D6         0
                text13                              7FA      7FA        4         0
                text12                             15B7     15B7       10         0
                text11                              A83      A83       8D         0
                text10                             1598     1598        F         0
                text9                              17C8     17C8       38         0
                text8                              1612     1612       15         0
                text7                              1793     1793       35         0
                text6                               9AC      9AC       6A         0
                text5                              163E     163E       18         0
                text4                              15C7     15C7       10         0
                text3                              1559     1559        8         0
                text2                               899      899       51         0
                text1                              1569     1569        9         0
                maintext                           1572     1572        C         0
                clrtext                            1561     1561        8         0
                idataBANK0                          7FE      7FE        2         0

        CLASS   STRCODE        

        CLASS   STRING         
                strings                             800      800       99         0

        CLASS   CONST          

        CLASS   ENTRY          
                functab                              3C       3C        F         0

        CLASS   COMMON         
                cstackCOMMON                         70       70        8         1
                bssCOMMON                            78       78        6         1

        CLASS   BANK0          
                cstackBANK0                          20       20       49         1
                dataBANK0                            6E       6E        2         1
                bssBANK0                             69       69        5         1

        CLASS   BANK1          
                cstackBANK1                          DB       DB       13         1
                bssBANK1                             A0       A0       3B         1

        CLASS   BANK2          

        CLASS   BANK3          
                bssBANK3                            190      190       4E         1

        CLASS   RAM            

        CLASS   ABS1           
                abs_s1                               7E       7E        2         1

        CLASS   SFR0           

        CLASS   SFR1           

        CLASS   SFR2           

        CLASS   SFR3           

        CLASS   CONFIG         
                config                             2007     2007        2         0

        CLASS   IDLOC          

        CLASS   EEDATA         



SEGMENTS        Name                           Load    Length   Top    Selector   Space  Class     Delta

                reset_vec                      000000  000003  000003         0       0  CODE        2
                intentry                       000004  000038  00003C         8       0  CODE        2
                cstackBANK0                    000020  000050  000070        20       1  BANK0       1
                cstackCOMMON                   000070  00000E  00007E        70       1  COMMON      1
                functab                        00003C  00000F  00004B        78       0  ENTRY       2
                text40                         00004B  0007B5  000800        96       0  CODE        2
                bssBANK1                       0000A0  00004E  0000EE        A0       1  BANK1       1
                bssBANK3                       000190  00004E  0001DE       190       1  BANK3       1
                strings                        000800  000099  000899      1000       0  STRING      2
                text2                          000899  000051  0008EA      1132       0  CODE        2
                text36                         0008EA  000061  00094B      11D4       0  CODE        2
                text34                         00094B  000061  0009AC      1296       0  CODE        2
                text6                          0009AC  00006A  000A16      1358       0  CODE        2
                text35                         000A16  00006D  000A83      142C       0  CODE        2
                text11                         000A83  00008D  000B10      1506       0  CODE        2
                text37                         000B10  0000A5  000BB5      1620       0  CODE        2
                text15                         000BB5  0000B8  000C6D      176A       0  CODE        2
                text14                         000C6D  0000D6  000D43      18DA       0  CODE        2
                text32                         000D43  00011A  000E5D      1A86       0  CODE        2
                text42                         000E5D  0001A3  001000      1CBA       0  CODE        2
                text23                         001549  000008  001551      2A92       0  CODE        2
                text20                         001551  000008  001559      2AA2       0  CODE        2
                text3                          001559  000008  001561      2AB2       0  CODE        2
                clrtext                        001561  000008  001569      2AC2       0  CODE        2
                text1                          001569  000009  001572      2AD2       0  CODE        2
                maintext                       001572  00000C  00157E      2AE4       0  CODE        2
                text33                         00157E  00000D  00158B      2AFC       0  CODE        2
                text25                         00158B  00000D  001598      2B16       0  CODE        2
                text10                         001598  00000F  0015A7      2B30       0  CODE        2
                text24                         0015A7  000010  0015B7      2B4E       0  CODE        2
                text12                         0015B7  000010  0015C7      2B6E       0  CODE        2
                text4                          0015C7  000010  0015D7      2B8E       0  CODE        2
                text43                         0015D7  000013  0015EA      2BAE       0  CODE        2
                text30                         0015EA  000013  0015FD      2BD4       0  CODE        2
                text21                         0015FD  000015  001612      2BFA       0  CODE        2
                text8                          001612  000015  001627      2C24       0  CODE        2
                text22                         001627  000017  00163E      2C4E       0  CODE        2
                text5                          00163E  000018  001656      2C7C       0  CODE        2
                text29                         001656  000019  00166F      2CAC       0  CODE        2
                text28                         00166F  000019  001688      2CDE       0  CODE        2
                text27                         001688  000019  0016A1      2D10       0  CODE        2
                text26                         0016A1  000019  0016BA      2D42       0  CODE        2
                text18                         0016BA  00001F  0016D9      2D74       0  CODE        2
                text19                         0016D9  000020  0016F9      2DB2       0  CODE        2
                text17                         0016F9  000020  001719      2DF2       0  CODE        2
                text38                         001719  000022  00173B      2E32       0  CODE        2
                text41                         00173B  000025  001760      2E76       0  CODE        2
                text16                         001760  000033  001793      2EC0       0  CODE        2
                text7                          001793  000035  0017C8      2F26       0  CODE        2
                text9                          0017C8  000038  001800      2F90       0  CODE        2
                config                         002007  000002  002009      400E       0  CONFIG      2


UNUSED ADDRESS RANGES

        Name                Unused          Largest block    Delta
        BANK1            00EE-00EF              2           1
        BANK2            0110-016F             60           1
        BANK3            01DE-01EF             12           1
        CODE             0003-0003              1           2
                         1000-1548            549
                         1800-1FFF            800
        CONST            0003-0003              1           2
                         1000-1548            100
                         1800-1FFF            100
        EEDATA           2100-21FF            100           2
        ENTRY            0003-0003              1           2
                         1000-1548            100
                         1800-1FFF            100
        IDLOC            2000-2003              4           2
        RAM              00EE-00EF              2           1
                         0110-016F             60
                         01DE-01EF             12
        SFR0             0000-001F             20           1
        SFR1             0080-009F             20           1
        SFR2             0100-010F             10           1
        SFR3             0180-018F             10           1
        STACK            0110-016F             60           1
        STRCODE          0003-0003              1           2
                         1000-1548            549
                         1800-1FFF            800
        STRING           0003-0003              1           2
                         1000-1548            100
                         1800-1FFF            100

                                  Symbol Table

?__Umul8_16                       cstackBANK0  0020
?___fladd                         cstackBANK0  0043
?___fldiv                         cstackBANK0  0020
?___flmul                         cstackBANK0  0029
?___flsub                         cstackBANK0  0057
?___fltol                         cstackBANK0  0020
?___xxtofl                        cstackBANK0  0022
?_convertToReal                   cstackBANK0  0057
?_isValid                         cstackBANK0  0020
?_isValidCmd                      cstackBANK0  0020
?_pid_scaleExcitation             cstackBANK0  002B
?_pos_getCurrentPosition          cstackBANK0  0020
?_pro_getMessage                  cstackBANK0  0024
?_toMsgType                       cstackBANK0  0020
_BRGH                             (abs)        04C2
_CCP1CON                          (abs)        0017
_CCP1X                            (abs)        00BD
_CCP1Y                            (abs)        00BC
_CCP2CON                          (abs)        001D
_CCP2X                            (abs)        00ED
_CCP2Y                            (abs)        00EC
_CCPR1L                           (abs)        0015
_CCPR2L                           (abs)        001B
_CREN                             (abs)        00C4
_FERR                             (abs)        00C2
_GIE                              (abs)        005F
_OERR                             (abs)        00C1
_OPTION_REG                       (abs)        0081
_PR2                              (abs)        0092
_RB5                              (abs)        0035
_RC3                              (abs)        003B
_RC4                              (abs)        003C
_RC5                              (abs)        003D
_RCIE                             (abs)        0465
_RCIF                             (abs)        0065
_RCREG                            (abs)        001A
_RX9                              (abs)        00C6
_SPBRG                            (abs)        0099
_SPEN                             (abs)        00C7
_SREN                             (abs)        00C5
_SYNC                             (abs)        04C4
_T0IE                             (abs)        005D
_T0IF                             (abs)        005A
_T2CON                            (abs)        0012
_TMR0                             (abs)        0001
_TRISB                            (abs)        0086
_TRISC                            (abs)        0087
_TRISC2                           (abs)        043A
_TX9                              (abs)        04C6
_TXEN                             (abs)        04C5
_TXIE                             (abs)        0464
_TXIF                             (abs)        0064
_TXREG                            (abs)        0019
__CFG_BOREN$OFF                   (abs)        0000
__CFG_CP$OFF                      (abs)        0000
__CFG_CPD$OFF                     (abs)        0000
__CFG_DEBUG$ON                    (abs)        0000
__CFG_FCMEN$OFF                   (abs)        0000
__CFG_FOSC$EC                     (abs)        0000
__CFG_IESO$OFF                    (abs)        0000
__CFG_LVP$OFF                     (abs)        0000
__CFG_MCLRE$ON                    (abs)        0000
__CFG_PWRTE$OFF                   (abs)        0000
__CFG_WDTE$OFF                    (abs)        0000
__CFG_WRT$OFF                     (abs)        0000
__Habs1                           abs1         0000
__Hbank0                          bank0        0000
__Hbank1                          bank1        0000
__Hbank2                          bank2        0000
__Hbank3                          bank3        0000
__HbssBANK0                       bssBANK0     0000
__HbssBANK1                       bssBANK1     0000
__HbssBANK3                       bssBANK3     0000
__HbssCOMMON                      bssCOMMON    0000
__Hcinit                          cinit        003C
__Hclrtext                        clrtext      0000
__Hcode                           code         0000
__Hcommon                         common       0000
__Hconfig                         config       2009
__HcstackBANK0                    cstackBANK0  0000
__HcstackBANK1                    cstackBANK1  0000
__HcstackCOMMON                   cstackCOMMON 0000
__HdataBANK0                      dataBANK0    0000
__Heeprom_data                    eeprom_data  0000
__Hend_init                       end_init     0011
__Hfunctab                        functab      004B
__HidataBANK0                     idataBANK0   0000
__Hidloc                          idloc        0000
__Hinit                           init         000E
__Hintentry                       intentry     000E
__Hmaintext                       maintext     0000
__Hpowerup                        powerup      0000
__Hram                            ram          0000
__Hreset_vec                      reset_vec    0003
__Hsfr0                           sfr0         0000
__Hsfr1                           sfr1         0000
__Hsfr2                           sfr2         0000
__Hsfr3                           sfr3         0000
__Hspace_0                        (abs)        2009
__Hspace_1                        (abs)        01DE
__Hspace_2                        (abs)        0000
__Hspace_3                        (abs)        0000
__Hstack                          stack        0000
__Hstrings                        strings      0000
__Htext                           text         0000
__Labs1                           abs1         0000
__Lbank0                          bank0        0000
__Lbank1                          bank1        0000
__Lbank2                          bank2        0000
__Lbank3                          bank3        0000
__LbssBANK0                       bssBANK0     0000
__LbssBANK1                       bssBANK1     0000
__LbssBANK3                       bssBANK3     0000
__LbssCOMMON                      bssCOMMON    0000
__Lcinit                          cinit        0011
__Lclrtext                        clrtext      0000
__Lcode                           code         0000
__Lcommon                         common       0000
__Lconfig                         config       2007
__LcstackBANK0                    cstackBANK0  0000
__LcstackBANK1                    cstackBANK1  0000
__LcstackCOMMON                   cstackCOMMON 0000
__LdataBANK0                      dataBANK0    0000
__Leeprom_data                    eeprom_data  0000
__Lend_init                       end_init     000E
__Lfunctab                        functab      003C
__LidataBANK0                     idataBANK0   0000
__Lidloc                          idloc        0000
__Linit                           init         000E
__Lintentry                       intentry     0004
__Lmaintext                       maintext     0000
__Lpowerup                        powerup      0000
__Lram                            ram          0000
__Lreset_vec                      reset_vec    0000
__Lsfr0                           sfr0         0000
__Lsfr1                           sfr1         0000
__Lsfr2                           sfr2         0000
__Lsfr3                           sfr3         0000
__Lspace_0                        (abs)        0000
__Lspace_1                        (abs)        0000
__Lspace_2                        (abs)        0000
__Lspace_3                        (abs)        0000
__Lstack                          stack        0000
__Lstrings                        strings      0000
__Ltext                           text         0000
__S0                              (abs)        2009
__S1                              (abs)        01DE
__S2                              (abs)        0000
__S3                              (abs)        0000
__Umul8_16                        text41       173B
__Umul8_16@multiplicand           cstackBANK0  0020
__Umul8_16@multiplier             cstackBANK0  0028
__Umul8_16@product                cstackBANK0  0024
__Umul8_16@word_mpld              cstackBANK0  0026
___bmul                           text43       15D7
___bmul@multiplicand              cstackBANK0  0020
___bmul@multiplier                cstackBANK0  0023
___bmul@product                   cstackBANK0  0022
___fladd                          text39       0360
___fladd@a                        cstackBANK0  0047
___fladd@aexp                     cstackBANK0  0054
___fladd@b                        cstackBANK0  0043
___fladd@bexp                     cstackBANK0  0055
___fladd@grs                      cstackBANK0  0056
___fladd@signs                    cstackBANK0  0053
___fldiv                          text42       0E5D
___fldiv@a                        cstackBANK0  0020
___fldiv@aexp                     cstackBANK0  0039
___fldiv@b                        cstackBANK0  0024
___fldiv@bexp                     cstackBANK0  0038
___fldiv@grs                      cstackBANK0  0034
___fldiv@new_exp                  cstackBANK0  0032
___fldiv@rem                      cstackBANK0  002D
___fldiv@sign                     cstackBANK0  0031
___flmul                          text40       004B
___flmul@a                        cstackBANK0  002D
___flmul@aexp                     cstackBANK0  003B
___flmul@b                        cstackBANK0  0029
___flmul@bexp                     cstackBANK0  003C
___flmul@grs                      cstackBANK0  0037
___flmul@prod                     cstackBANK0  003D
___flmul@sign                     cstackBANK0  0036
___flmul@temp                     cstackBANK0  0041
___flsub                          text38       1719
___flsub@a                        cstackBANK0  0057
___flsub@b                        cstackBANK0  005B
___fltol                          text35       0A16
___fltol@exp1                     cstackBANK0  002A
___fltol@f1                       cstackBANK0  0020
___fltol@sign1                    cstackBANK0  0029
___int_sp                         stack        0000
___latbits                        (abs)        0002
___sp                             stack        0000
___stackhi                        (abs)        0000
___stacklo                        (abs)        0000
___xxtofl                         text37       0B10
___xxtofl@arg                     cstackBANK0  002C
___xxtofl@exp                     cstackBANK0  002B
___xxtofl@sign                    cstackBANK0  002A
___xxtofl@val                     cstackBANK0  0022
__end_of__Umul8_16                text41       1760
__end_of___bmul                   text43       15EA
__end_of___fladd                  text39       058F
__end_of___fldiv                  text42       1000
__end_of___flmul                  text40       0360
__end_of___flsub                  text38       173B
__end_of___fltol                  text35       0A83
__end_of___xxtofl                 text37       0BB5
__end_of__fptable                 functab      004B
__end_of__initialization          cinit        0038
__end_of__npowers_                strings      086E
__end_of__powers_                 strings      083A
__end_of__stringtab               strings      0806
__end_of_addToIncomingBuffer      text24       15B7
__end_of_chkchr                   text23       1551
__end_of_cleanupBuffer            text21       1612
__end_of_clear_usart_errors       text22       163E
__end_of_convertToReal            text31       07A0
__end_of_createTask               text9        1800
__end_of_dpowers                  strings      0896
__end_of_executeTasks             text11       0B10
__end_of_framingError             text20       1559
__end_of_initPic                  text10       15A7
__end_of_initSys                  text1        1572
__end_of_initTasks                text2        08EA
__end_of_isValid                  text19       16F9
__end_of_isValidCmd               text18       16D9
__end_of_isr                      text44       07FA
__end_of_led_task                 text12       15C7
__end_of_main                     maintext     157E
__end_of_mot_init                 text8        1627
__end_of_mot_setExcitation        text36       094B
__end_of_pid_clearError           text30       15FD
__end_of_pid_init                 text7        17C8
__end_of_pid_pid                  text32       0E5D
__end_of_pid_scaleExcitation      text34       09AC
__end_of_pid_setDerivativeGain    text29       166F
__end_of_pid_setIntegralGain      text28       1688
__end_of_pid_setPoint             text27       16A1
__end_of_pid_setProportionalGain  text26       16BA
__end_of_pid_task                 text13       07FE
__end_of_pos_getCurrentPosition   text33       158B
__end_of_pos_init                 text6        0A16
__end_of_pos_setCurrentPosition   text25       1598
__end_of_pro_getMessage           text15       0C6D
__end_of_pro_init                 text4        15D7
__end_of_pro_setMyId              text3        1561
__end_of_protocol_task            text14       0D43
__end_of_putch                    text17       1719
__end_of_serial_setup             text5        1656
__end_of_toMsgType                text16       1793
__fptable                         functab      003C
__initialization                  cinit        0011
__npowers_                        strings      083A
__pbssBANK0                       bssBANK0     0069
__pbssBANK1                       bssBANK1     00A0
__pbssBANK3                       bssBANK3     0190
__pbssCOMMON                      bssCOMMON    0078
__pcstackBANK0                    cstackBANK0  0020
__pcstackBANK1                    cstackBANK1  00DB
__pcstackCOMMON                   cstackCOMMON 0070
__pdataBANK0                      dataBANK0    006E
__pfunctab                        functab      003C
__pidataBANK0                     idataBANK0   07FE
__pintentry                       intentry     0004
__pmaintext                       maintext     1572
__powers_                         strings      0806
__pstrings                        strings      0800
__ptext1                          text1        1569
__ptext10                         text10       1598
__ptext11                         text11       0A83
__ptext12                         text12       15B7
__ptext13                         text13       07FA
__ptext14                         text14       0C6D
__ptext15                         text15       0BB5
__ptext16                         text16       1760
__ptext17                         text17       16F9
__ptext18                         text18       16BA
__ptext19                         text19       16D9
__ptext2                          text2        0899
__ptext20                         text20       1551
__ptext21                         text21       15FD
__ptext22                         text22       1627
__ptext23                         text23       1549
__ptext24                         text24       15A7
__ptext25                         text25       158B
__ptext26                         text26       16A1
__ptext27                         text27       1688
__ptext28                         text28       166F
__ptext29                         text29       1656
__ptext3                          text3        1559
__ptext30                         text30       15EA
__ptext31                         text31       058F
__ptext32                         text32       0D43
__ptext33                         text33       157E
__ptext34                         text34       094B
__ptext35                         text35       0A16
__ptext36                         text36       08EA
__ptext37                         text37       0B10
__ptext38                         text38       1719
__ptext39                         text39       0360
__ptext4                          text4        15C7
__ptext40                         text40       004B
__ptext41                         text41       173B
__ptext42                         text42       0E5D
__ptext43                         text43       15D7
__ptext44                         text44       07A0
__ptext5                          text5        163E
__ptext6                          text6        09AC
__ptext7                          text7        1793
__ptext8                          text8        1612
__ptext9                          text9        17C8
__size_of__Umul8_16               (abs)        0000
__size_of___bmul                  (abs)        0000
__size_of___fladd                 (abs)        0000
__size_of___fldiv                 (abs)        0000
__size_of___flmul                 (abs)        0000
__size_of___flsub                 (abs)        0000
__size_of___fltol                 (abs)        0000
__size_of___xxtofl                (abs)        0000
__size_of__fptable                (abs)        0000
__size_of_addToIncomingBuffer     (abs)        0000
__size_of_chkchr                  (abs)        0000
__size_of_cleanupBuffer           (abs)        0000
__size_of_clear_usart_errors      (abs)        0000
__size_of_convertToReal           (abs)        0000
__size_of_createTask              (abs)        0000
__size_of_executeTasks            (abs)        0000
__size_of_framingError            (abs)        0000
__size_of_initPic                 (abs)        0000
__size_of_initSys                 (abs)        0000
__size_of_initTasks               (abs)        0000
__size_of_isValid                 (abs)        0000
__size_of_isValidCmd              (abs)        0000
__size_of_isr                     (abs)        0000
__size_of_led_task                (abs)        0000
__size_of_main                    (abs)        0000
__size_of_mot_init                (abs)        0000
__size_of_mot_setExcitation       (abs)        0000
__size_of_pid_clearError          (abs)        0000
__size_of_pid_init                (abs)        0000
__size_of_pid_pid                 (abs)        0000
__size_of_pid_scaleExcitation     (abs)        0000
__size_of_pid_setDerivativeGain   (abs)        0000
__size_of_pid_setIntegralGain     (abs)        0000
__size_of_pid_setPoint            (abs)        0000
__size_of_pid_setProportionalGain (abs)        0000
__size_of_pid_task                (abs)        0000
__size_of_pos_getCurrentPosition  (abs)        0000
__size_of_pos_init                (abs)        0000
__size_of_pos_setCurrentPosition  (abs)        0000
__size_of_pro_getMessage          (abs)        0000
__size_of_pro_init                (abs)        0000
__size_of_pro_setMyId             (abs)        0000
__size_of_protocol_task           (abs)        0000
__size_of_putch                   (abs)        0000
__size_of_serial_setup            (abs)        0000
__size_of_toMsgType               (abs)        0000
__stringbase                      strings      0805
__stringtab                       strings      0800
_aChar                            bssBANK0     006B
_activation                       bssBANK1     00B8
_addToIncomingBuffer              text24       15A7
_buffer                           bssBANK3     01C2
_chkchr                           text23       1549
_cleanupBuffer                    text21       15FD
_clear_usart_errors               text22       1627
_completeMessage                  bssBANK3     01B2
_convertToReal                    text31       058F
_createTask                       text9        17C8
_currentPosition                  bssBANK1     00CC
_delayus_variable                 bssBANK1     00DA
_dpowers                          strings      086E
_dummy                            bssBANK1     00D8
_encoderStates                    bssBANK1     00A0
_error                            bssBANK1     00B4
_excitation                       bssBANK0     0069
_executeTasks                     text11       0A83
_framingError                     text20       1551
_initPic                          text10       1598
_initSys                          text1        1569
_initTasks                        text2        0899
_integralError                    bssBANK1     00C4
_interruptCounter                 bssCOMMON    007A
_isValid                          text19       16D9
_isValidCmd                       text18       16BA
_isr                              text44       07A0
_kDerivative                      bssBANK3     01BA
_kIntegral                        bssBANK3     01BE
_kProportional                    bssBANK1     00BC
_led_status                       bssBANK1     00D7
_led_task                         text12       15B7
_main                             maintext     1572
_menos1                           dataBANK0    006E
_message                          bssBANK3     01D6
_mot_init                         text8        1612
_mot_setExcitation                text36       08EA
_pid_clearError                   text30       15EA
_pid_init                         text7        1793
_pid_pid                          text32       0D43
_pid_scaleExcitation              text34       094B
_pid_setDerivativeGain            text29       1656
_pid_setIntegralGain              text28       166F
_pid_setPoint                     text27       1688
_pid_setProportionalGain          text26       16A1
_pid_task                         text13       07FA
_pos_currentEncoder               bssCOMMON    007D
_pos_currentPosition              bssBANK1     00D4
_pos_getCurrentPosition           text33       157E
_pos_inA                          bssCOMMON    007C
_pos_inB                          bssCOMMON    007B
_pos_init                         text6        09AC
_pos_previousEncoder              bssBANK0     006D
_pos_setCurrentPosition           text25       158B
_previousError                    bssBANK1     00C0
_pro_getMessage                   text15       0BB5
_pro_incoming                     bssBANK3     01A9
_pro_init                         text4        15C7
_pro_myAddress                    bssCOMMON    0079
_pro_ptr                          bssCOMMON    0078
_pro_setMyId                      text3        1559
_pro_status                       bssBANK0     006C
_protocol_task                    text14       0C6D
_putch                            text17       16F9
_serial_setup                     text5        163E
_setPoint                         bssBANK1     00C8
_toMsgType                        text16       1760
_tsk_elapsedTime                  bssBANK1     00D0
_tsk_task                         bssBANK1     00D9
_tsk_tasks                        bssBANK3     0190
_tsk_timeStamp                    bssBANK1     00D2
_value                            bssBANK1     00B0
addToIncomingBuffer@aChar         cstackBANK0  0021
btemp                             (abs)        007E
cleanupBuffer@i                   cstackBANK0  0021
clear_ram0                        clrtext      1561
convertToReal@chars               cstackBANK1  00EC
convertToReal@decimal             cstackBANK1  00DF
convertToReal@i                   cstackBANK1  00ED
convertToReal@potDez              cstackBANK1  00E4
convertToReal@signal              cstackBANK1  00DB
convertToReal@temp                cstackBANK1  00E0
convertToReal@value               cstackBANK1  00E8
createTask@scheduleInterval       cstackBANK0  0027
createTask@t                      cstackBANK0  0026
createTask@taskID                 cstackBANK0  0024
end_of_initialization             cinit        0038
executeTasks@i                    cstackBANK0  0068
fpbase                            functab      0041
fptable                           functab      003C
fptotal                           (abs)        0006
interrupt_function                intentry     0004
intlevel0                         functab      003C
intlevel1                         functab      003C
intlevel2                         functab      003C
intlevel3                         functab      003C
intlevel4                         functab      003C
intlevel5                         functab      003C
isValid@aChar                     cstackBANK0  0023
isValidCmd@aChar                  cstackBANK0  0023
mot_setExcitation@excitation      cstackBANK0  0020
mot_setExcitation@value           cstackBANK0  0024
pid_scaleExcitation@activation    cstackBANK0  002B
pid_setDerivativeGain@gain        cstackBANK0  0020
pid_setIntegralGain@gain          cstackBANK0  0020
pid_setPoint@position             cstackBANK0  0020
pid_setProportionalGain@gain      cstackBANK0  0020
pos_init@i                        cstackBANK0  0023
pos_init@j                        cstackBANK0  0024
pos_setCurrentPosition@pos        cstackBANK0  0020
pro_getMessage@i                  cstackBANK0  0030
pro_setMyId@id                    cstackBANK0  0021
putch@c                           cstackBANK0  0021
reset_vec                         reset_vec    0000
saved_w                           (abs)        007E
start                             init         000E
start_initialization              cinit        0011
toMsgType@aChar                   cstackBANK0  0023
wtemp0                            (abs)        007E


FUNCTION INFORMATION:

 *************** function _main *****************
 Defined at:
		line 133 in file "position_controller_main.c"
 Parameters:    Size  Location     Type
		None
 Auto vars:     Size  Location     Type
		None
 Return value:  Size  Location     Type
                  1    wreg      void 
 Registers used:
		wreg, fsr0l, fsr0h, status,2, status,0, btemp+1, pclath, cstack
 Tracked objects:
		On entry : 
		On exit  : 
		Unchanged: 
 Data sizes:     COMMON   BANK0   BANK1   BANK3   BANK2
      Params:         0       0       0       0       0
      Locals:         0       0       0       0       0
      Temps:          0       0       0       0       0
      Totals:         0       0       0       0       0
Total ram usage:        0 bytes
 Hardware stack levels required when called:    6
 This function calls:
		_executeTasks
		_initSys
 This function is called by:
		Startup code after reset
 This function uses a non-reentrant model


 *************** function _initSys *****************
 Defined at:
		line 124 in file "position_controller_main.c"
 Parameters:    Size  Location     Type
		None
 Auto vars:     Size  Location     Type
		None
 Return value:  Size  Location     Type
                  1    wreg      void 
 Registers used:
		wreg, fsr0l, fsr0h, status,2, status,0, pclath, cstack
 Tracked objects:
		On entry : 
		On exit  : 
		Unchanged: 
 Data sizes:     COMMON   BANK0   BANK1   BANK3   BANK2
      Params:         0       0       0       0       0
      Locals:         0       0       0       0       0
      Temps:          0       0       0       0       0
      Totals:         0       0       0       0       0
Total ram usage:        0 bytes
 Hardware stack levels used:    1
 Hardware stack levels required when called:    4
 This function calls:
		_initPic
		_initTasks
 This function is called by:
		_main
 This function uses a non-reentrant model


 *************** function _initTasks *****************
 Defined at:
		line 91 in file "tasks.c"
 Parameters:    Size  Location     Type
		None
 Auto vars:     Size  Location     Type
		None
 Return value:  Size  Location     Type
                  1    wreg      void 
 Registers used:
		wreg, fsr0l, fsr0h, status,2, status,0, pclath, cstack
 Tracked objects:
		On entry : 
		On exit  : 
		Unchanged: 
 Data sizes:     COMMON   BANK0   BANK1   BANK3   BANK2
      Params:         0       0       0       0       0
      Locals:         0       0       0       0       0
      Temps:          0       1       0       0       0
      Totals:         0       1       0       0       0
Total ram usage:        1 bytes
 Hardware stack levels used:    1
 Hardware stack levels required when called:    3
 This function calls:
		_createTask
		_mot_init
		_pid_init
		_pos_init
		_pro_init
		_pro_setMyId
 This function is called by:
		_initSys
 This function uses a non-reentrant model


 *************** function _pro_setMyId *****************
 Defined at:
		line 173 in file "protocol.c"
 Parameters:    Size  Location     Type
  id              1    wreg     unsigned char 
 Auto vars:     Size  Location     Type
  id              1    1[BANK0 ] unsigned char 
 Return value:  Size  Location     Type
                  1    wreg      void 
 Registers used:
		wreg
 Tracked objects:
		On entry : 
		On exit  : 
		Unchanged: 
 Data sizes:     COMMON   BANK0   BANK1   BANK3   BANK2
      Params:         0       0       0       0       0
      Locals:         0       1       0       0       0
      Temps:          0       1       0       0       0
      Totals:         0       2       0       0       0
Total ram usage:        2 bytes
 Hardware stack levels used:    1
 Hardware stack levels required when called:    1
 This function calls:
		Nothing
 This function is called by:
		_initTasks
 This function uses a non-reentrant model


 *************** function _pro_init *****************
 Defined at:
		line 162 in file "protocol.c"
 Parameters:    Size  Location     Type
		None
 Auto vars:     Size  Location     Type
		None
 Return value:  Size  Location     Type
                  1    wreg      void 
 Registers used:
		wreg, fsr0l, fsr0h, status,2, status,0, pclath, cstack
 Tracked objects:
		On entry : 
		On exit  : 
		Unchanged: 
 Data sizes:     COMMON   BANK0   BANK1   BANK3   BANK2
      Params:         0       0       0       0       0
      Locals:         0       0       0       0       0
      Temps:          0       0       0       0       0
      Totals:         0       0       0       0       0
Total ram usage:        0 bytes
 Hardware stack levels used:    1
 Hardware stack levels required when called:    2
 This function calls:
		_cleanupBuffer
		_serial_setup
 This function is called by:
		_initTasks
 This function uses a non-reentrant model


 *************** function _serial_setup *****************
 Defined at:
		line 28 in file "serial.c"
 Parameters:    Size  Location     Type
		None
 Auto vars:     Size  Location     Type
		None
 Return value:  Size  Location     Type
                  1    wreg      void 
 Registers used:
		wreg
 Tracked objects:
		On entry : 
		On exit  : 
		Unchanged: 
 Data sizes:     COMMON   BANK0   BANK1   BANK3   BANK2
      Params:         0       0       0       0       0
      Locals:         0       0       0       0       0
      Temps:          0       0       0       0       0
      Totals:         0       0       0       0       0
Total ram usage:        0 bytes
 Hardware stack levels used:    1
 Hardware stack levels required when called:    1
 This function calls:
		Nothing
 This function is called by:
		_pro_init
 This function uses a non-reentrant model


 *************** function _pos_init *****************
 Defined at:
		line 28 in file "position_sensor_implementation.h"
 Parameters:    Size  Location     Type
		None
 Auto vars:     Size  Location     Type
  j               1    4[BANK0 ] unsigned char 
  i               1    3[BANK0 ] unsigned char 
 Return value:  Size  Location     Type
                  1    wreg      void 
 Registers used:
		wreg, fsr0l, fsr0h, status,2, status,0
 Tracked objects:
		On entry : 
		On exit  : 
		Unchanged: 
 Data sizes:     COMMON   BANK0   BANK1   BANK3   BANK2
      Params:         0       0       0       0       0
      Locals:         0       2       0       0       0
      Temps:          0       3       0       0       0
      Totals:         0       5       0       0       0
Total ram usage:        5 bytes
 Hardware stack levels used:    1
 Hardware stack levels required when called:    1
 This function calls:
		Nothing
 This function is called by:
		_initTasks
 This function uses a non-reentrant model


 *************** function _pid_init *****************
 Defined at:
		line 87 in file "pid.c"
 Parameters:    Size  Location     Type
		None
 Auto vars:     Size  Location     Type
		None
 Return value:  Size  Location     Type
                  1    wreg      void 
 Registers used:
		wreg
 Tracked objects:
		On entry : 
		On exit  : 
		Unchanged: 
 Data sizes:     COMMON   BANK0   BANK1   BANK3   BANK2
      Params:         0       0       0       0       0
      Locals:         0       0       0       0       0
      Temps:          0       0       0       0       0
      Totals:         0       0       0       0       0
Total ram usage:        0 bytes
 Hardware stack levels used:    1
 Hardware stack levels required when called:    1
 This function calls:
		Nothing
 This function is called by:
		_initTasks
 This function uses a non-reentrant model


 *************** function _mot_init *****************
 Defined at:
		line 34 in file "motor.c"
 Parameters:    Size  Location     Type
		None
 Auto vars:     Size  Location     Type
		None
 Return value:  Size  Location     Type
                  1    wreg      void 
 Registers used:
		wreg, status,2, status,0, pclath, cstack
 Tracked objects:
		On entry : 
		On exit  : 
		Unchanged: 
 Data sizes:     COMMON   BANK0   BANK1   BANK3   BANK2
      Params:         0       0       0       0       0
      Locals:         0       0       0       0       0
      Temps:          0       0       0       0       0
      Totals:         0       0       0       0       0
Total ram usage:        0 bytes
 Hardware stack levels used:    1
 Hardware stack levels required when called:    2
 This function calls:
		_mot_setExcitation
 This function is called by:
		_initTasks
 This function uses a non-reentrant model


 *************** function _createTask *****************
 Defined at:
		line 26 in file "multitasking_implementation.h"
 Parameters:    Size  Location     Type
  taskID          2    4[BANK0 ] int 
  t               1    6[BANK0 ] PTR FTN()void 
		 -> led_task(1), protocol_task(1), pid_task(1), 
  scheduleInte    2    7[BANK0 ] int 
 Auto vars:     Size  Location     Type
		None
 Return value:  Size  Location     Type
                  1    wreg      void 
 Registers used:
		wreg, fsr0l, fsr0h, status,2, status,0, pclath, cstack
 Tracked objects:
		On entry : 
		On exit  : 
		Unchanged: 
 Data sizes:     COMMON   BANK0   BANK1   BANK3   BANK2
      Params:         0       5       0       0       0
      Locals:         0       0       0       0       0
      Temps:          0       2       0       0       0
      Totals:         0       7       0       0       0
Total ram usage:        7 bytes
 Hardware stack levels used:    1
 Hardware stack levels required when called:    2
 This function calls:
		___bmul
 This function is called by:
		_initTasks
 This function uses a non-reentrant model


 *************** function _initPic *****************
 Defined at:
		line 64 in file "position_controller_main.c"
 Parameters:    Size  Location     Type
		None
 Auto vars:     Size  Location     Type
		None
 Return value:  Size  Location     Type
                  1    wreg      void 
 Registers used:
		wreg, status,2
 Tracked objects:
		On entry : 
		On exit  : 
		Unchanged: 
 Data sizes:     COMMON   BANK0   BANK1   BANK3   BANK2
      Params:         0       0       0       0       0
      Locals:         0       0       0       0       0
      Temps:          0       0       0       0       0
      Totals:         0       0       0       0       0
Total ram usage:        0 bytes
 Hardware stack levels used:    1
 Hardware stack levels required when called:    1
 This function calls:
		Nothing
 This function is called by:
		_initSys
 This function uses a non-reentrant model


 *************** function _executeTasks *****************
 Defined at:
		line 32 in file "multitasking_implementation.h"
 Parameters:    Size  Location     Type
		None
 Auto vars:     Size  Location     Type
  i               1   72[BANK0 ] unsigned char 
 Return value:  Size  Location     Type
                  1    wreg      void 
 Registers used:
		wreg, fsr0l, fsr0h, status,2, status,0, btemp+1, pclath, cstack
 Tracked objects:
		On entry : 
		On exit  : 
		Unchanged: 
 Data sizes:     COMMON   BANK0   BANK1   BANK3   BANK2
      Params:         0       0       0       0       0
      Locals:         0       1       0       0       0
      Temps:          0       4       0       0       0
      Totals:         0       5       0       0       0
Total ram usage:        5 bytes
 Hardware stack levels used:    1
 Hardware stack levels required when called:    5
 This function calls:
		Absolute function
		___bmul
		_led_task
		_pid_task
		_protocol_task
 This function is called by:
		_main
 This function uses a non-reentrant model


 *************** function _led_task *****************
 Defined at:
		line 77 in file "tasks.c"
 Parameters:    Size  Location     Type
		None
 Auto vars:     Size  Location     Type
		None
 Return value:  Size  Location     Type
                  1    wreg      void 
 Registers used:
		wreg, status,2, status,0
 Tracked objects:
		On entry : 
		On exit  : 
		Unchanged: 
 Data sizes:     COMMON   BANK0   BANK1   BANK3   BANK2
      Params:         0       0       0       0       0
      Locals:         0       0       0       0       0
      Temps:          0       0       0       0       0
      Totals:         0       0       0       0       0
Total ram usage:        0 bytes
 Hardware stack levels used:    1
 Hardware stack levels required when called:    1
 This function calls:
		Nothing
 This function is called by:
		_initTasks
		_executeTasks
 This function uses a non-reentrant model


 *************** function _pid_task *****************
 Defined at:
		line 34 in file "tasks.c"
 Parameters:    Size  Location     Type
		None
 Auto vars:     Size  Location     Type
		None
 Return value:  Size  Location     Type
                  1    wreg      void 
 Registers used:
		wreg, status,2, status,0, btemp+1, pclath, cstack
 Tracked objects:
		On entry : 
		On exit  : 
		Unchanged: 
 Data sizes:     COMMON   BANK0   BANK1   BANK3   BANK2
      Params:         0       0       0       0       0
      Locals:         0       0       0       0       0
      Temps:          0       0       0       0       0
      Totals:         0       0       0       0       0
Total ram usage:        0 bytes
 Hardware stack levels used:    1
 Hardware stack levels required when called:    4
 This function calls:
		_pid_pid
 This function is called by:
		_initTasks
		_executeTasks
 This function uses a non-reentrant model


 *************** function _protocol_task *****************
 Defined at:
		line 44 in file "tasks.c"
 Parameters:    Size  Location     Type
		None
 Auto vars:     Size  Location     Type
		None
 Return value:  Size  Location     Type
                  1    wreg      void 
 Registers used:
		wreg, fsr0l, fsr0h, status,2, status,0, btemp+1, pclath, cstack
 Tracked objects:
		On entry : 
		On exit  : 
		Unchanged: 
 Data sizes:     COMMON   BANK0   BANK1   BANK3   BANK2
      Params:         0       0       0       0       0
      Locals:         0       0       0       0       0
      Temps:          0       4       0       0       0
      Totals:         0       4       0       0       0
Total ram usage:        4 bytes
 Hardware stack levels used:    1
 Hardware stack levels required when called:    4
 This function calls:
		_convertToReal
		_pid_clearError
		_pid_setDerivativeGain
		_pid_setIntegralGain
		_pid_setPoint
		_pid_setProportionalGain
		_pos_setCurrentPosition
		_pro_getMessage
 This function is called by:
		_initTasks
		_executeTasks
 This function uses a non-reentrant model


 *************** function _pro_getMessage *****************
 Defined at:
		line 96 in file "protocol.c"
 Parameters:    Size  Location     Type
		None
 Auto vars:     Size  Location     Type
  i               1   16[BANK0 ] unsigned char 
 Return value:  Size  Location     Type
                  8    4[BANK0 ] struct .
 Registers used:
		wreg, fsr0l, fsr0h, status,2, status,0, pclath, cstack
 Tracked objects:
		On entry : 
		On exit  : 
		Unchanged: 
 Data sizes:     COMMON   BANK0   BANK1   BANK3   BANK2
      Params:         0       8       0       0       0
      Locals:         0       1       0       0       0
      Temps:          0       4       0       0       0
      Totals:         0      13       0       0       0
Total ram usage:       13 bytes
 Hardware stack levels used:    1
 Hardware stack levels required when called:    3
 This function calls:
		_addToIncomingBuffer
		_chkchr
		_clear_usart_errors
		_framingError
		_isValid
		_isValidCmd
		_putch
		_toMsgType
 This function is called by:
		_protocol_task
 This function uses a non-reentrant model


 *************** function _toMsgType *****************
 Defined at:
		line 68 in file "protocol.c"
 Parameters:    Size  Location     Type
  aChar           1    wreg     unsigned char 
 Auto vars:     Size  Location     Type
  aChar           1    3[BANK0 ] unsigned char 
 Return value:  Size  Location     Type
                  2    0[BANK0 ] unsigned short 
 Registers used:
		wreg, status,2, status,0
 Tracked objects:
		On entry : 
		On exit  : 
		Unchanged: 
 Data sizes:     COMMON   BANK0   BANK1   BANK3   BANK2
      Params:         0       3       0       0       0
      Locals:         0       1       0       0       0
      Temps:          0       0       0       0       0
      Totals:         0       4       0       0       0
Total ram usage:        4 bytes
 Hardware stack levels used:    1
 Hardware stack levels required when called:    1
 This function calls:
		Nothing
 This function is called by:
		_pro_getMessage
 This function uses a non-reentrant model


 *************** function _putch *****************
 Defined at:
		line 97 in file "serial.c"
 Parameters:    Size  Location     Type
  c               1    wreg     unsigned char 
 Auto vars:     Size  Location     Type
  c               1    1[BANK0 ] unsigned char 
 Return value:  Size  Location     Type
                  1    wreg      void 
 Registers used:
		wreg
 Tracked objects:
		On entry : 
		On exit  : 
		Unchanged: 
 Data sizes:     COMMON   BANK0   BANK1   BANK3   BANK2
      Params:         0       0       0       0       0
      Locals:         0       1       0       0       0
      Temps:          0       1       0       0       0
      Totals:         0       2       0       0       0
Total ram usage:        2 bytes
 Hardware stack levels used:    1
 Hardware stack levels required when called:    1
 This function calls:
		Nothing
 This function is called by:
		_pro_getMessage
		_putchhex
		_putchdec
		_putst
 This function uses a non-reentrant model


 *************** function _isValidCmd *****************
 Defined at:
		line 53 in file "protocol.c"
 Parameters:    Size  Location     Type
  aChar           1    wreg     unsigned char 
 Auto vars:     Size  Location     Type
  aChar           1    3[BANK0 ] unsigned char 
 Return value:  Size  Location     Type
                  2    0[BANK0 ] int 
 Registers used:
		wreg, status,2, status,0
 Tracked objects:
		On entry : 
		On exit  : 
		Unchanged: 
 Data sizes:     COMMON   BANK0   BANK1   BANK3   BANK2
      Params:         0       3       0       0       0
      Locals:         0       1       0       0       0
      Temps:          0       0       0       0       0
      Totals:         0       4       0       0       0
Total ram usage:        4 bytes
 Hardware stack levels used:    1
 Hardware stack levels required when called:    1
 This function calls:
		Nothing
 This function is called by:
		_pro_getMessage
 This function uses a non-reentrant model


 *************** function _isValid *****************
 Defined at:
		line 83 in file "protocol.c"
 Parameters:    Size  Location     Type
  aChar           1    wreg     unsigned char 
 Auto vars:     Size  Location     Type
  aChar           1    3[BANK0 ] unsigned char 
 Return value:  Size  Location     Type
                  2    0[BANK0 ] int 
 Registers used:
		wreg, status,2, status,0
 Tracked objects:
		On entry : 
		On exit  : 
		Unchanged: 
 Data sizes:     COMMON   BANK0   BANK1   BANK3   BANK2
      Params:         0       3       0       0       0
      Locals:         0       1       0       0       0
      Temps:          0       0       0       0       0
      Totals:         0       4       0       0       0
Total ram usage:        4 bytes
 Hardware stack levels used:    1
 Hardware stack levels required when called:    1
 This function calls:
		Nothing
 This function is called by:
		_pro_getMessage
 This function uses a non-reentrant model


 *************** function _framingError *****************
 Defined at:
		line 47 in file "protocol.c"
 Parameters:    Size  Location     Type
		None
 Auto vars:     Size  Location     Type
		None
 Return value:  Size  Location     Type
                  1    wreg      void 
 Registers used:
		wreg, fsr0l, fsr0h, status,2, status,0, pclath, cstack
 Tracked objects:
		On entry : 
		On exit  : 
		Unchanged: 
 Data sizes:     COMMON   BANK0   BANK1   BANK3   BANK2
      Params:         0       0       0       0       0
      Locals:         0       0       0       0       0
      Temps:          0       0       0       0       0
      Totals:         0       0       0       0       0
Total ram usage:        0 bytes
 Hardware stack levels used:    1
 Hardware stack levels required when called:    2
 This function calls:
		_cleanupBuffer
 This function is called by:
		_pro_getMessage
 This function uses a non-reentrant model


 *************** function _cleanupBuffer *****************
 Defined at:
		line 38 in file "protocol.c"
 Parameters:    Size  Location     Type
		None
 Auto vars:     Size  Location     Type
  i               1    1[BANK0 ] unsigned char 
 Return value:  Size  Location     Type
                  1    wreg      void 
 Registers used:
		wreg, fsr0l, fsr0h, status,2, status,0
 Tracked objects:
		On entry : 
		On exit  : 
		Unchanged: 
 Data sizes:     COMMON   BANK0   BANK1   BANK3   BANK2
      Params:         0       0       0       0       0
      Locals:         0       1       0       0       0
      Temps:          0       1       0       0       0
      Totals:         0       2       0       0       0
Total ram usage:        2 bytes
 Hardware stack levels used:    1
 Hardware stack levels required when called:    1
 This function calls:
		Nothing
 This function is called by:
		_framingError
		_pro_init
 This function uses a non-reentrant model


 *************** function _clear_usart_errors *****************
 Defined at:
		line 151 in file "serial.c"
 Parameters:    Size  Location     Type
		None
 Auto vars:     Size  Location     Type
		None
 Return value:  Size  Location     Type
                  1    wreg      void 
 Registers used:
		wreg
 Tracked objects:
		On entry : 
		On exit  : 
		Unchanged: 
 Data sizes:     COMMON   BANK0   BANK1   BANK3   BANK2
      Params:         0       0       0       0       0
      Locals:         0       0       0       0       0
      Temps:          0       1       0       0       0
      Totals:         0       1       0       0       0
Total ram usage:        1 bytes
 Hardware stack levels used:    1
 Hardware stack levels required when called:    1
 This function calls:
		Nothing
 This function is called by:
		_pro_getMessage
 This function uses a non-reentrant model


 *************** function _chkchr *****************
 Defined at:
		line 144 in file "serial.c"
 Parameters:    Size  Location     Type
		None
 Auto vars:     Size  Location     Type
		None
 Return value:  Size  Location     Type
                  1    wreg      unsigned char 
 Registers used:
		wreg
 Tracked objects:
		On entry : 
		On exit  : 
		Unchanged: 
 Data sizes:     COMMON   BANK0   BANK1   BANK3   BANK2
      Params:         0       0       0       0       0
      Locals:         0       0       0       0       0
      Temps:          0       0       0       0       0
      Totals:         0       0       0       0       0
Total ram usage:        0 bytes
 Hardware stack levels used:    1
 Hardware stack levels required when called:    1
 This function calls:
		Nothing
 This function is called by:
		_pro_getMessage
 This function uses a non-reentrant model


 *************** function _addToIncomingBuffer *****************
 Defined at:
		line 63 in file "protocol.c"
 Parameters:    Size  Location     Type
  aChar           1    wreg     unsigned char 
 Auto vars:     Size  Location     Type
  aChar           1    1[BANK0 ] unsigned char 
 Return value:  Size  Location     Type
                  1    wreg      void 
 Registers used:
		wreg, fsr0l, fsr0h, status,2, status,0
 Tracked objects:
		On entry : 
		On exit  : 
		Unchanged: 
 Data sizes:     COMMON   BANK0   BANK1   BANK3   BANK2
      Params:         0       0       0       0       0
      Locals:         0       1       0       0       0
      Temps:          0       1       0       0       0
      Totals:         0       2       0       0       0
Total ram usage:        2 bytes
 Hardware stack levels used:    1
 Hardware stack levels required when called:    1
 This function calls:
		Nothing
 This function is called by:
		_pro_getMessage
 This function uses a non-reentrant model


 *************** function _pos_setCurrentPosition *****************
 Defined at:
		line 24 in file "position_sensor_implementation.h"
 Parameters:    Size  Location     Type
  pos             2    0[BANK0 ] int 
 Auto vars:     Size  Location     Type
		None
 Return value:  Size  Location     Type
                  1    wreg      void 
 Registers used:
		wreg
 Tracked objects:
		On entry : 
		On exit  : 
		Unchanged: 
 Data sizes:     COMMON   BANK0   BANK1   BANK3   BANK2
      Params:         0       2       0       0       0
      Locals:         0       0       0       0       0
      Temps:          0       0       0       0       0
      Totals:         0       2       0       0       0
Total ram usage:        2 bytes
 Hardware stack levels used:    1
 Hardware stack levels required when called:    1
 This function calls:
		Nothing
 This function is called by:
		_protocol_task
 This function uses a non-reentrant model


 *************** function _pid_setProportionalGain *****************
 Defined at:
		line 78 in file "pid.c"
 Parameters:    Size  Location     Type
  gain            4    0[BANK0 ] float 
 Auto vars:     Size  Location     Type
		None
 Return value:  Size  Location     Type
                  1    wreg      void 
 Registers used:
		wreg
 Tracked objects:
		On entry : 
		On exit  : 
		Unchanged: 
 Data sizes:     COMMON   BANK0   BANK1   BANK3   BANK2
      Params:         0       4       0       0       0
      Locals:         0       0       0       0       0
      Temps:          0       0       0       0       0
      Totals:         0       4       0       0       0
Total ram usage:        4 bytes
 Hardware stack levels used:    1
 Hardware stack levels required when called:    1
 This function calls:
		Nothing
 This function is called by:
		_protocol_task
 This function uses a non-reentrant model


 *************** function _pid_setPoint *****************
 Defined at:
		line 66 in file "pid.c"
 Parameters:    Size  Location     Type
  position        4    0[BANK0 ] float 
 Auto vars:     Size  Location     Type
		None
 Return value:  Size  Location     Type
                  1    wreg      void 
 Registers used:
		wreg
 Tracked objects:
		On entry : 
		On exit  : 
		Unchanged: 
 Data sizes:     COMMON   BANK0   BANK1   BANK3   BANK2
      Params:         0       4       0       0       0
      Locals:         0       0       0       0       0
      Temps:          0       0       0       0       0
      Totals:         0       4       0       0       0
Total ram usage:        4 bytes
 Hardware stack levels used:    1
 Hardware stack levels required when called:    1
 This function calls:
		Nothing
 This function is called by:
		_protocol_task
 This function uses a non-reentrant model


 *************** function _pid_setIntegralGain *****************
 Defined at:
		line 74 in file "pid.c"
 Parameters:    Size  Location     Type
  gain            4    0[BANK0 ] float 
 Auto vars:     Size  Location     Type
		None
 Return value:  Size  Location     Type
                  1    wreg      void 
 Registers used:
		wreg
 Tracked objects:
		On entry : 
		On exit  : 
		Unchanged: 
 Data sizes:     COMMON   BANK0   BANK1   BANK3   BANK2
      Params:         0       4       0       0       0
      Locals:         0       0       0       0       0
      Temps:          0       0       0       0       0
      Totals:         0       4       0       0       0
Total ram usage:        4 bytes
 Hardware stack levels used:    1
 Hardware stack levels required when called:    1
 This function calls:
		Nothing
 This function is called by:
		_protocol_task
 This function uses a non-reentrant model


 *************** function _pid_setDerivativeGain *****************
 Defined at:
		line 70 in file "pid.c"
 Parameters:    Size  Location     Type
  gain            4    0[BANK0 ] float 
 Auto vars:     Size  Location     Type
		None
 Return value:  Size  Location     Type
                  1    wreg      void 
 Registers used:
		wreg
 Tracked objects:
		On entry : 
		On exit  : 
		Unchanged: 
 Data sizes:     COMMON   BANK0   BANK1   BANK3   BANK2
      Params:         0       4       0       0       0
      Locals:         0       0       0       0       0
      Temps:          0       0       0       0       0
      Totals:         0       4       0       0       0
Total ram usage:        4 bytes
 Hardware stack levels used:    1
 Hardware stack levels required when called:    1
 This function calls:
		Nothing
 This function is called by:
		_protocol_task
 This function uses a non-reentrant model


 *************** function _pid_clearError *****************
 Defined at:
		line 82 in file "pid.c"
 Parameters:    Size  Location     Type
		None
 Auto vars:     Size  Location     Type
		None
 Return value:  Size  Location     Type
                  1    wreg      void 
 Registers used:
		wreg
 Tracked objects:
		On entry : 
		On exit  : 
		Unchanged: 
 Data sizes:     COMMON   BANK0   BANK1   BANK3   BANK2
      Params:         0       0       0       0       0
      Locals:         0       0       0       0       0
      Temps:          0       0       0       0       0
      Totals:         0       0       0       0       0
Total ram usage:        0 bytes
 Hardware stack levels used:    1
 Hardware stack levels required when called:    1
 This function calls:
		Nothing
 This function is called by:
		_protocol_task
 This function uses a non-reentrant model


 *************** function _convertToReal *****************
 Defined at:
		line 17 in file "utils.c"
 Parameters:    Size  Location     Type
  chars           1    wreg     PTR unsigned char 
		 -> message(8), 
 Auto vars:     Size  Location     Type
  chars           1   17[BANK1 ] PTR unsigned char 
		 -> message(8), 
  value           4   13[BANK1 ] float 
  potDez          4    9[BANK1 ] float 
  temp            4    5[BANK1 ] float 
  signal          4    0[BANK1 ] float 
  i               1   18[BANK1 ] unsigned char 
  decimal         1    4[BANK1 ] unsigned char 
 Return value:  Size  Location     Type
                  4   55[BANK0 ] float 
 Registers used:
		wreg, fsr0l, fsr0h, status,2, status,0, btemp+1, pclath, cstack
 Tracked objects:
		On entry : 
		On exit  : 
		Unchanged: 
 Data sizes:     COMMON   BANK0   BANK1   BANK3   BANK2
      Params:         0       4       0       0       0
      Locals:         0       0      19       0       0
      Temps:          0       5       0       0       0
      Totals:         0       9      19       0       0
Total ram usage:       28 bytes
 Hardware stack levels used:    1
 Hardware stack levels required when called:    3
 This function calls:
		___fladd
		___flmul
		___xxtofl
 This function is called by:
		_protocol_task
 This function uses a non-reentrant model


 *************** function _pid_pid *****************
 Defined at:
		line 43 in file "pid.c"
 Parameters:    Size  Location     Type
		None
 Auto vars:     Size  Location     Type
		None
 Return value:  Size  Location     Type
                  1    wreg      void 
 Registers used:
		wreg, status,2, status,0, btemp+1, pclath, cstack
 Tracked objects:
		On entry : 
		On exit  : 
		Unchanged: 
 Data sizes:     COMMON   BANK0   BANK1   BANK3   BANK2
      Params:         0       0       0       0       0
      Locals:         0       0       0       0       0
      Temps:          0       0       0       0       0
      Totals:         0       0       0       0       0
Total ram usage:        0 bytes
 Hardware stack levels used:    1
 Hardware stack levels required when called:    3
 This function calls:
		___fldiv
		___flmul
		___flsub
		___xxtofl
		_mot_setExcitation
		_pid_scaleExcitation
		_pos_getCurrentPosition
 This function is called by:
		_pid_task
 This function uses a non-reentrant model


 *************** function _pos_getCurrentPosition *****************
 Defined at:
		line 20 in file "position_sensor_implementation.h"
 Parameters:    Size  Location     Type
		None
 Auto vars:     Size  Location     Type
		None
 Return value:  Size  Location     Type
                  2    0[BANK0 ] int 
 Registers used:
		wreg
 Tracked objects:
		On entry : 
		On exit  : 
		Unchanged: 
 Data sizes:     COMMON   BANK0   BANK1   BANK3   BANK2
      Params:         0       2       0       0       0
      Locals:         0       0       0       0       0
      Temps:          0       0       0       0       0
      Totals:         0       2       0       0       0
Total ram usage:        2 bytes
 Hardware stack levels used:    1
 Hardware stack levels required when called:    1
 This function calls:
		Nothing
 This function is called by:
		_pid_pid
 This function uses a non-reentrant model


 *************** function _pid_scaleExcitation *****************
 Defined at:
		line 24 in file "pid.c"
 Parameters:    Size  Location     Type
  activation      4   11[BANK0 ] float 
 Auto vars:     Size  Location     Type
		None
 Return value:  Size  Location     Type
                  2   11[BANK0 ] int 
 Registers used:
		wreg, status,2, status,0, btemp+1, pclath, cstack
 Tracked objects:
		On entry : 
		On exit  : 
		Unchanged: 
 Data sizes:     COMMON   BANK0   BANK1   BANK3   BANK2
      Params:         0       4       0       0       0
      Locals:         0       0       0       0       0
      Temps:          0       0       0       0       0
      Totals:         0       4       0       0       0
Total ram usage:        4 bytes
 Hardware stack levels used:    1
 Hardware stack levels required when called:    2
 This function calls:
		___fltol
 This function is called by:
		_pid_pid
 This function uses a non-reentrant model


 *************** function ___fltol *****************
 Defined at:
		line 43 in file "D:\Microchip\xc8\v2.05\pic\sources\c90\common\fltol.c"
 Parameters:    Size  Location     Type
  f1              4    0[BANK0 ] int 
 Auto vars:     Size  Location     Type
  exp1            1   10[BANK0 ] unsigned char 
  sign1           1    9[BANK0 ] unsigned char 
 Return value:  Size  Location     Type
                  4    0[BANK0 ] long 
 Registers used:
		wreg, status,2, status,0
 Tracked objects:
		On entry : 
		On exit  : 
		Unchanged: 
 Data sizes:     COMMON   BANK0   BANK1   BANK3   BANK2
      Params:         0       4       0       0       0
      Locals:         0       2       0       0       0
      Temps:          0       5       0       0       0
      Totals:         0      11       0       0       0
Total ram usage:       11 bytes
 Hardware stack levels used:    1
 Hardware stack levels required when called:    1
 This function calls:
		Nothing
 This function is called by:
		_pid_scaleExcitation
		_sprintf
 This function uses a non-reentrant model


 *************** function _mot_setExcitation *****************
 Defined at:
		line 9 in file "motor.c"
 Parameters:    Size  Location     Type
  excitation      2    0[BANK0 ] int 
 Auto vars:     Size  Location     Type
  value           2    4[BANK0 ] int 
 Return value:  Size  Location     Type
                  1    wreg      void 
 Registers used:
		wreg, status,2, status,0
 Tracked objects:
		On entry : 
		On exit  : 
		Unchanged: 
 Data sizes:     COMMON   BANK0   BANK1   BANK3   BANK2
      Params:         0       2       0       0       0
      Locals:         0       2       0       0       0
      Temps:          0       2       0       0       0
      Totals:         0       6       0       0       0
Total ram usage:        6 bytes
 Hardware stack levels used:    1
 Hardware stack levels required when called:    1
 This function calls:
		Nothing
 This function is called by:
		_mot_init
		_pid_pid
 This function uses a non-reentrant model


 *************** function ___xxtofl *****************
 Defined at:
		line 10 in file "D:\Microchip\xc8\v2.05\pic\sources\c90\common\xxtofl.c"
 Parameters:    Size  Location     Type
  sign            1    wreg     unsigned char 
  val             4    2[BANK0 ] long 
 Auto vars:     Size  Location     Type
  sign            1   10[BANK0 ] unsigned char 
  arg             4   12[BANK0 ] unsigned long 
  exp             1   11[BANK0 ] unsigned char 
 Return value:  Size  Location     Type
                  4    2[BANK0 ] unsigned char 
 Registers used:
		wreg, status,2, status,0
 Tracked objects:
		On entry : 
		On exit  : 
		Unchanged: 
 Data sizes:     COMMON   BANK0   BANK1   BANK3   BANK2
      Params:         0       4       0       0       0
      Locals:         0       6       0       0       0
      Temps:          0       4       0       0       0
      Totals:         0      14       0       0       0
Total ram usage:       14 bytes
 Hardware stack levels used:    1
 Hardware stack levels required when called:    1
 This function calls:
		Nothing
 This function is called by:
		_pid_pid
		_convertToReal
		_sprintf
 This function uses a non-reentrant model


 *************** function ___flsub *****************
 Defined at:
		line 242 in file "D:\Microchip\xc8\v2.05\pic\sources\c90\common\sprcadd.c"
 Parameters:    Size  Location     Type
  a               4   55[BANK0 ] unsigned char 
  b               4   59[BANK0 ] unsigned char 
 Auto vars:     Size  Location     Type
		None
 Return value:  Size  Location     Type
                  4   55[BANK0 ] unsigned char 
 Registers used:
		wreg, status,2, status,0, btemp+1, pclath, cstack
 Tracked objects:
		On entry : 
		On exit  : 
		Unchanged: 
 Data sizes:     COMMON   BANK0   BANK1   BANK3   BANK2
      Params:         0       8       0       0       0
      Locals:         0       0       0       0       0
      Temps:          0       0       0       0       0
      Totals:         0       8       0       0       0
Total ram usage:        8 bytes
 Hardware stack levels used:    1
 Hardware stack levels required when called:    2
 This function calls:
		___fladd
 This function is called by:
		_pid_pid
		_sprintf
 This function uses a non-reentrant model


 *************** function ___fladd *****************
 Defined at:
		line 10 in file "D:\Microchip\xc8\v2.05\pic\sources\c90\common\sprcadd.c"
 Parameters:    Size  Location     Type
  b               4   35[BANK0 ] unsigned char 
  a               4   39[BANK0 ] unsigned char 
 Auto vars:     Size  Location     Type
  grs             1   54[BANK0 ] unsigned char 
  bexp            1   53[BANK0 ] unsigned char 
  aexp            1   52[BANK0 ] unsigned char 
  signs           1   51[BANK0 ] unsigned char 
 Return value:  Size  Location     Type
                  4   35[BANK0 ] unsigned char 
 Registers used:
		wreg, status,2, status,0, btemp+1
 Tracked objects:
		On entry : 
		On exit  : 
		Unchanged: 
 Data sizes:     COMMON   BANK0   BANK1   BANK3   BANK2
      Params:         0       8       0       0       0
      Locals:         0       4       0       0       0
      Temps:          0       8       0       0       0
      Totals:         0      20       0       0       0
Total ram usage:       20 bytes
 Hardware stack levels used:    1
 Hardware stack levels required when called:    1
 This function calls:
		Nothing
 This function is called by:
		_convertToReal
		___flsub
		_sprintf
 This function uses a non-reentrant model


 *************** function ___flmul *****************
 Defined at:
		line 8 in file "D:\Microchip\xc8\v2.05\pic\sources\c90\common\sprcmul.c"
 Parameters:    Size  Location     Type
  b               4    9[BANK0 ] unsigned char 
  a               4   13[BANK0 ] unsigned char 
 Auto vars:     Size  Location     Type
  prod            4   29[BANK0 ] struct .
  grs             4   23[BANK0 ] unsigned long 
  temp            2   33[BANK0 ] struct .
  bexp            1   28[BANK0 ] unsigned char 
  aexp            1   27[BANK0 ] unsigned char 
  sign            1   22[BANK0 ] unsigned char 
 Return value:  Size  Location     Type
                  4    9[BANK0 ] unsigned char 
 Registers used:
		wreg, status,2, status,0, btemp+1, pclath, cstack
 Tracked objects:
		On entry : 
		On exit  : 
		Unchanged: 
 Data sizes:     COMMON   BANK0   BANK1   BANK3   BANK2
      Params:         0       8       0       0       0
      Locals:         0      13       0       0       0
      Temps:          0       5       0       0       0
      Totals:         0      26       0       0       0
Total ram usage:       26 bytes
 Hardware stack levels used:    1
 Hardware stack levels required when called:    2
 This function calls:
		__Umul8_16
 This function is called by:
		_pid_pid
		_convertToReal
		_sprintf
		_scale
		_fround
 This function uses a non-reentrant model


 *************** function __Umul8_16 *****************
 Defined at:
		line 4 in file "D:\Microchip\xc8\v2.05\pic\sources\c90\common\Umul8_16.c"
 Parameters:    Size  Location     Type
  multiplier      1    wreg     unsigned char 
  multiplicand    1    0[BANK0 ] unsigned char 
 Auto vars:     Size  Location     Type
  multiplier      1    8[BANK0 ] unsigned char 
  word_mpld       2    6[BANK0 ] unsigned int 
  product         2    4[BANK0 ] unsigned int 
 Return value:  Size  Location     Type
                  2    0[BANK0 ] unsigned int 
 Registers used:
		wreg, status,2, status,0
 Tracked objects:
		On entry : 
		On exit  : 
		Unchanged: 
 Data sizes:     COMMON   BANK0   BANK1   BANK3   BANK2
      Params:         0       2       0       0       0
      Locals:         0       5       0       0       0
      Temps:          0       2       0       0       0
      Totals:         0       9       0       0       0
Total ram usage:        9 bytes
 Hardware stack levels used:    1
 Hardware stack levels required when called:    1
 This function calls:
		Nothing
 This function is called by:
		___flmul
 This function uses a non-reentrant model


 *************** function ___fldiv *****************
 Defined at:
		line 8 in file "D:\Microchip\xc8\v2.05\pic\sources\c90\common\sprcdiv.c"
 Parameters:    Size  Location     Type
  a               4    0[BANK0 ] unsigned int 
  b               4    4[BANK0 ] unsigned int 
 Auto vars:     Size  Location     Type
  grs             4   20[BANK0 ] unsigned long 
  rem             4   13[BANK0 ] unsigned long 
  new_exp         2   18[BANK0 ] int 
  aexp            1   25[BANK0 ] unsigned char 
  bexp            1   24[BANK0 ] unsigned char 
  sign            1   17[BANK0 ] unsigned char 
 Return value:  Size  Location     Type
                  4    0[BANK0 ] unsigned char 
 Registers used:
		wreg, status,2, status,0, btemp+1
 Tracked objects:
		On entry : 
		On exit  : 
		Unchanged: 
 Data sizes:     COMMON   BANK0   BANK1   BANK3   BANK2
      Params:         0       8       0       0       0
      Locals:         0      13       0       0       0
      Temps:          0       5       0       0       0
      Totals:         0      26       0       0       0
Total ram usage:       26 bytes
 Hardware stack levels used:    1
 Hardware stack levels required when called:    1
 This function calls:
		Nothing
 This function is called by:
		_pid_pid
 This function uses a non-reentrant model


 *************** function ___bmul *****************
 Defined at:
		line 4 in file "D:\Microchip\xc8\v2.05\pic\sources\c90\common\Umul8.c"
 Parameters:    Size  Location     Type
  multiplier      1    wreg     unsigned char 
  multiplicand    1    0[BANK0 ] unsigned char 
 Auto vars:     Size  Location     Type
  multiplier      1    3[BANK0 ] unsigned char 
  product         1    2[BANK0 ] unsigned char 
 Return value:  Size  Location     Type
                  1    wreg      unsigned char 
 Registers used:
		wreg, status,2, status,0
 Tracked objects:
		On entry : 
		On exit  : 
		Unchanged: 
 Data sizes:     COMMON   BANK0   BANK1   BANK3   BANK2
      Params:         0       1       0       0       0
      Locals:         0       2       0       0       0
      Temps:          0       1       0       0       0
      Totals:         0       4       0       0       0
Total ram usage:        4 bytes
 Hardware stack levels used:    1
 Hardware stack levels required when called:    1
 This function calls:
		Nothing
 This function is called by:
		_createTask
		_executeTasks
		_putchdec
 This function uses a non-reentrant model


 *************** function _isr *****************
 Defined at:
		line 89 in file "position_controller_main.c"
 Parameters:    Size  Location     Type
		None
 Auto vars:     Size  Location     Type
		None
 Return value:  Size  Location     Type
                  1    wreg      void 
 Registers used:
		wreg, fsr0l, fsr0h, status,2, status,0
 Tracked objects:
		On entry : 
		On exit  : 
		Unchanged: 
 Data sizes:     COMMON   BANK0   BANK1   BANK3   BANK2
      Params:         0       0       0       0       0
      Locals:         0       0       0       0       0
      Temps:          8       0       0       0       0
      Totals:         8       0       0       0       0
Total ram usage:        8 bytes
 Hardware stack levels used:    1
 This function calls:
		Nothing
 This function is called by:
		Interrupt level 1
 This function uses a non-reentrant model



MODULE INFORMATION

Module		Function		Class		Link	Load	Size
serial.c
		_putch         		CODE           	16F9	0000	33
		_chkchr        		CODE           	1549	0000	9
		_serial_setup  		CODE           	163E	0000	25
		_clear_usart_errors		CODE           	1627	0000	24

serial.c estimated size: 91

position_controller_main.c
		_initPic       		CODE           	1598	0000	16
		_initSys       		CODE           	1569	0000	10
		_main          		CODE           	1572	0000	13
		_isr           		CODE           	07A0	0000	91

position_controller_main.c estimated size: 130

multitasking_implementation.h
		_executeTasks  		CODE           	0A83	0000	142
		_createTask    		CODE           	17C8	0000	57

multitasking_implementation.h estimated size: 199

D:\Microchip\xc8\v2.05\pic\sources\c90\common\sprcmul.c
		___flmul       		CODE           	004B	0000	790

D:\Microchip\xc8\v2.05\pic\sources\c90\common\sprcmul.c estimated size: 790

motor.c
		_mot_setExcitation		CODE           	08EA	0000	98
		_mot_init      		CODE           	1612	0000	22

motor.c estimated size: 120

D:\Microchip\xc8\v2.05\pic\sources\c90\common\sprcdiv.c
		___fldiv       		CODE           	0E5D	0000	420

D:\Microchip\xc8\v2.05\pic\sources\c90\common\sprcdiv.c estimated size: 420

tasks.c
		_protocol_task 		CODE           	0C6D	0000	215
		_led_task      		CODE           	15B7	0000	17
		_pid_task      		CODE           	07FA	0000	5
		_initTasks     		CODE           	0899	0000	82

tasks.c estimated size: 319

protocol.c
		_pro_setMyId   		CODE           	1559	0000	9
		_isValid       		CODE           	16D9	0000	33
		_pro_getMessage		CODE           	0BB5	0000	185
		_isValidCmd    		CODE           	16BA	0000	32
		_cleanupBuffer 		CODE           	15FD	0000	22
		_toMsgType     		CODE           	1760	0000	52
		_pro_init      		CODE           	15C7	0000	17
		_addToIncomingBuffer		CODE           	15A7	0000	17
		_framingError  		CODE           	1551	0000	9

protocol.c estimated size: 376

shared
		__stringtab    		STRING         	0800	0000	7
		__powers_      		STRING         	0806	0000	53
		_dpowers       		STRING         	086E	0000	41
		__npowers_     		STRING         	083A	0000	53
		__initialization		CODE           	0011	0000	40
		__fptable      		ENTRY          	003C	0000	16

shared estimated size: 210

utils.c
		_convertToReal 		CODE           	058F	0000	530

utils.c estimated size: 530

D:\Microchip\xc8\v2.05\pic\sources\c90\common\fltol.c
		___fltol       		CODE           	0A16	0000	110

D:\Microchip\xc8\v2.05\pic\sources\c90\common\fltol.c estimated size: 110

D:\Microchip\xc8\v2.05\pic\sources\c90\common\Umul8_16.c
		__Umul8_16     		CODE           	173B	0000	38

D:\Microchip\xc8\v2.05\pic\sources\c90\common\Umul8_16.c estimated size: 38

D:\Microchip\xc8\v2.05\pic\sources\c90\common\sprcadd.c
		___flsub       		CODE           	1719	0000	35
		___fladd       		CODE           	0360	0000	560

D:\Microchip\xc8\v2.05\pic\sources\c90\common\sprcadd.c estimated size: 595

D:\Microchip\xc8\v2.05\pic\sources\c90\common\xxtofl.c
		___xxtofl      		CODE           	0B10	0000	166

D:\Microchip\xc8\v2.05\pic\sources\c90\common\xxtofl.c estimated size: 166

D:\Microchip\xc8\v2.05\pic\sources\c90\common\Umul8.c
		___bmul        		CODE           	15D7	0000	20

D:\Microchip\xc8\v2.05\pic\sources\c90\common\Umul8.c estimated size: 20

pid.c
		_pid_setProportionalGain		CODE           	16A1	0000	26
		_pid_init      		CODE           	1793	0000	54
		_pid_pid       		CODE           	0D43	0000	283
		_pid_setDerivativeGain		CODE           	1656	0000	26
		_pid_setIntegralGain		CODE           	166F	0000	26
		_pid_setPoint  		CODE           	1688	0000	26
		_pid_clearError		CODE           	15EA	0000	20
		_pid_scaleExcitation		CODE           	094B	0000	98

pid.c estimated size: 559

position_sensor_implementation.h
		_pos_getCurrentPosition		CODE           	157E	0000	14
		_pos_setCurrentPosition		CODE           	158B	0000	14
		_pos_init      		CODE           	09AC	0000	107

position_sensor_implementation.h estimated size: 135

