Archive member included to satisfy reference by file (symbol)

../Libraries\libCMSISv2_LPC17xx.a(system_LPC17xx.o)
                              ./src/drivers/uart/uart.o (SystemFrequency)
d:/nxp/lpcxpresso_8.2.2_650/lpcxpresso/tools/bin/../lib/gcc/arm-none-eabi/5.4.1/armv7-m\libgcc.a(_arm_addsubdf3.o)
                              ./src/pi7/comunicacao_pic/comunicacao_pic.o (__aeabi_f2d)
d:/nxp/lpcxpresso_8.2.2_650/lpcxpresso/tools/bin/../lib/gcc/arm-none-eabi/5.4.1/armv7-m\libgcc.a(_arm_muldivdf3.o)
                              ./src/pi7/comunicacao_pic/comunicacao_pic.o (__aeabi_dmul)
d:/nxp/lpcxpresso_8.2.2_650/lpcxpresso/tools/bin/../lib/gcc/arm-none-eabi/5.4.1/armv7-m\libgcc.a(_arm_fixdfsi.o)
                              ./src/pi7/comunicacao_pic/comunicacao_pic.o (__aeabi_d2iz)
d:/nxp/lpcxpresso_8.2.2_650/lpcxpresso/tools/bin/../lib/gcc/arm-none-eabi/5.4.1/armv7-m\libgcc.a(_arm_addsubsf3.o)
                              ./src/pi7/controlador_trajetoria/controlador_trajetoria.o (__aeabi_fadd)
d:/nxp/lpcxpresso_8.2.2_650/lpcxpresso/tools/bin/../lib/gcc/arm-none-eabi/5.4.1/armv7-m\libgcc.a(_arm_fixsfsi.o)
                              ./src/pi7/interpretador_comando/interpretador_comando.o (__aeabi_f2iz)
d:/nxp/lpcxpresso_8.2.2_650/lpcxpresso/tools/bin/../lib/gcc/arm-none-eabi/5.4.1/../../../../arm-none-eabi/lib/armv7-m\libc.a(lib_a-memcpy.o)
                              ./src/drivers/console/alloc.o (memcpy)
d:/nxp/lpcxpresso_8.2.2_650/lpcxpresso/tools/bin/../lib/gcc/arm-none-eabi/5.4.1/../../../../arm-none-eabi/lib/armv7-m\libc.a(lib_a-memset.o)
                              ./FreeRTOS_src/tasks.o (memset)
d:/nxp/lpcxpresso_8.2.2_650/lpcxpresso/tools/bin/../lib/gcc/arm-none-eabi/5.4.1/../../../../arm-none-eabi/lib/armv7-m\libc.a(lib_a-printf.o)
                              ./src/pi7/interpretador_comando/interpretador_comando.o (printf)
d:/nxp/lpcxpresso_8.2.2_650/lpcxpresso/tools/bin/../lib/gcc/arm-none-eabi/5.4.1/../../../../arm-none-eabi/lib/armv7-m\libc.a(lib_a-sprintf.o)
                              ./src/drivers/console/basic_io.o (sprintf)
d:/nxp/lpcxpresso_8.2.2_650/lpcxpresso/tools/bin/../lib/gcc/arm-none-eabi/5.4.1/../../../../arm-none-eabi/lib/armv7-m\libc.a(lib_a-strcat.o)
                              ./FreeRTOS_src/tasks.o (strcat)
d:/nxp/lpcxpresso_8.2.2_650/lpcxpresso/tools/bin/../lib/gcc/arm-none-eabi/5.4.1/../../../../arm-none-eabi/lib/armv7-m\libc.a(lib_a-strcpy.o)
                              d:/nxp/lpcxpresso_8.2.2_650/lpcxpresso/tools/bin/../lib/gcc/arm-none-eabi/5.4.1/../../../../arm-none-eabi/lib/armv7-m\libc.a(lib_a-strcat.o) (strcpy)
d:/nxp/lpcxpresso_8.2.2_650/lpcxpresso/tools/bin/../lib/gcc/arm-none-eabi/5.4.1/../../../../arm-none-eabi/lib/armv7-m\libc.a(lib_a-strlen-stub.o)
                              ./src/drivers/console/consoleprint.o (strlen)
d:/nxp/lpcxpresso_8.2.2_650/lpcxpresso/tools/bin/../lib/gcc/arm-none-eabi/5.4.1/../../../../arm-none-eabi/lib/armv7-m\libc.a(lib_a-strncpy.o)
                              ./FreeRTOS_src/tasks.o (strncpy)
d:/nxp/lpcxpresso_8.2.2_650/lpcxpresso/tools/bin/../lib/gcc/arm-none-eabi/5.4.1/../../../../arm-none-eabi/lib/armv7-m\libc.a(lib_a-svfprintf.o)
                              d:/nxp/lpcxpresso_8.2.2_650/lpcxpresso/tools/bin/../lib/gcc/arm-none-eabi/5.4.1/../../../../arm-none-eabi/lib/armv7-m\libc.a(lib_a-sprintf.o) (_svfprintf_r)
d:/nxp/lpcxpresso_8.2.2_650/lpcxpresso/tools/bin/../lib/gcc/arm-none-eabi/5.4.1/../../../../arm-none-eabi/lib/armv7-m\libc.a(lib_a-vfprintf.o)
                              d:/nxp/lpcxpresso_8.2.2_650/lpcxpresso/tools/bin/../lib/gcc/arm-none-eabi/5.4.1/../../../../arm-none-eabi/lib/armv7-m\libc.a(lib_a-printf.o) (_vfprintf_r)
d:/nxp/lpcxpresso_8.2.2_650/lpcxpresso/tools/bin/../lib/gcc/arm-none-eabi/5.4.1/../../../../arm-none-eabi/lib/armv7-m\libc.a(lib_a-wsetup.o)
                              d:/nxp/lpcxpresso_8.2.2_650/lpcxpresso/tools/bin/../lib/gcc/arm-none-eabi/5.4.1/../../../../arm-none-eabi/lib/armv7-m\libc.a(lib_a-vfprintf.o) (__swsetup_r)
d:/nxp/lpcxpresso_8.2.2_650/lpcxpresso/tools/bin/../lib/gcc/arm-none-eabi/5.4.1/../../../../arm-none-eabi/lib/armv7-m\libc.a(lib_a-dtoa.o)
                              d:/nxp/lpcxpresso_8.2.2_650/lpcxpresso/tools/bin/../lib/gcc/arm-none-eabi/5.4.1/../../../../arm-none-eabi/lib/armv7-m\libc.a(lib_a-svfprintf.o) (_dtoa_r)
d:/nxp/lpcxpresso_8.2.2_650/lpcxpresso/tools/bin/../lib/gcc/arm-none-eabi/5.4.1/../../../../arm-none-eabi/lib/armv7-m\libc.a(lib_a-fflush.o)
                              d:/nxp/lpcxpresso_8.2.2_650/lpcxpresso/tools/bin/../lib/gcc/arm-none-eabi/5.4.1/../../../../arm-none-eabi/lib/armv7-m\libc.a(lib_a-vfprintf.o) (_fflush_r)
d:/nxp/lpcxpresso_8.2.2_650/lpcxpresso/tools/bin/../lib/gcc/arm-none-eabi/5.4.1/../../../../arm-none-eabi/lib/armv7-m\libc.a(lib_a-findfp.o)
[...]
Memory Configuration

Name             Origin             Length             Attributes
MFlash512        0x00000000         0x00080000         xr
RamLoc32         0x10000000         0x00008000         xrw
RamAHB32         0x2007c000         0x00008000         xrw
*default*        0x00000000         0xffffffff

Linker script and memory map

LOAD ./src/pi7/programa_trajetoria/programa_trajetoria.o
LOAD ./src/pi7/interpretador_comando/interpretador_comando.o
LOAD ./src/pi7/estado_trajetoria/estado_trajetoria.o
LOAD ./src/pi7/controlador_trajetoria/controlador_trajetoria.o
LOAD ./src/pi7/comunicacao_pic/comunicacao_pic.o
LOAD ./src/pi7/comunicacao_pc/modbus.o
LOAD ./src/drivers/uart/uart.o
LOAD ./src/drivers/spi/spi.o
LOAD ./src/drivers/pwm/pwm.o
LOAD ./src/drivers/ledonboard/leds.o
LOAD ./src/drivers/console/alloc.o
LOAD ./src/drivers/console/basic_io.o
LOAD ./src/drivers/console/consoleprint.o
LOAD ./src/cr_startup_lpc17.o
LOAD ./src/main.o
LOAD ./FreeRTOS_src/croutine.o
LOAD ./FreeRTOS_src/list.o
LOAD ./FreeRTOS_src/queue.o
LOAD ./FreeRTOS_src/tasks.o
LOAD ./FreeRTOS_src/timers.o
LOAD ./FreeRTOS_portable/MemMang/heap_2.o
LOAD ./FreeRTOS_portable/port.o
LOAD ../Libraries\libCMSISv2_LPC17xx.a
START GROUP
LOAD d:/nxp/lpcxpresso_8.2.2_650/lpcxpresso/tools/bin/../lib/gcc/arm-none-eabi/5.4.1/armv7-m\libgcc.a
LOAD d:/nxp/lpcxpresso_8.2.2_650/lpcxpresso/tools/bin/../lib/gcc/arm-none-eabi/5.4.1/../../../../arm-none-eabi/lib/armv7-m\libc.a
LOAD d:/nxp/lpcxpresso_8.2.2_650/lpcxpresso/tools/bin/../lib/gcc/arm-none-eabi/5.4.1/../../../../arm-none-eabi/lib/armv7-m\libm.a
LOAD d:/nxp/lpcxpresso_8.2.2_650/lpcxpresso/tools/bin/../lib/gcc/arm-none-eabi/5.4.1/../../../../arm-none-eabi/lib/armv7-m\libcr_newlib_semihost.a
END GROUP
                0x00000000                __base_MFlash512 = 0x0
                0x00000000                __base_Flash = 0x0
                0x00080000                __top_MFlash512 = 0x80000
                0x00080000                __top_Flash = 0x80000
                0x10000000                __base_RamLoc32 = 0x10000000
                0x10000000                __base_RAM = 0x10000000
                0x10008000                __top_RamLoc32 = 0x10008000
                0x10008000                __top_RAM = 0x10008000
                0x2007c000                __base_RamAHB32 = 0x2007c000
                0x2007c000                __base_RAM2 = 0x2007c000
                0x20084000                __top_RamAHB32 = 0x20084000
                0x20084000                __top_RAM2 = 0x20084000

.text           0x00000000     0xbc30
 FILL mask 0xff
                0x00000000                __vectors_start__ = ABSOLUTE (.)
 *(.isr_vector)
 .isr_vector    0x00000000       0xcc ./src/cr_startup_lpc17.o
                0x00000000                g_pfnVectors
                0x000000cc                . = ALIGN (0x4)
                0x000000cc                __section_table_start = .
                0x000000cc                __data_section_table = .
                0x000000cc        0x4 LONG 0xbc38 LOADADDR (.data)
                0x000000d0        0x4 LONG 0x10000000 ADDR (.data)
                0x000000d4        0x4 LONG 0x4ec SIZEOF (.data)
                0x000000d8        0x4 LONG 0xbc38 LOADADDR (.data_RAM2)
                0x000000dc        0x4 LONG 0x2007c000 ADDR (.data_RAM2)
                0x000000e0        0x4 LONG 0x0 SIZEOF (.data_RAM2)
                0x000000e4                __data_section_table_end = .
                0x000000e4                __bss_section_table = .
                0x000000e4        0x4 LONG 0x100004f0 ADDR (.bss)
                0x000000e8        0x4 LONG 0x5c10 SIZEOF (.bss)
                0x000000ec        0x4 LONG 0x2007c000 ADDR (.bss_RAM2)
                0x000000f0        0x4 LONG 0x0 SIZEOF (.bss_RAM2)
                0x000000f4                __bss_section_table_end = .
                0x000000f4                __section_table_end = .
 *(.after_vectors*)
 *(.text*)
 .text          0x000000f4        0x0 ./src/pi7/programa_trajetoria/programa_trajetoria.o
 .text.ptj_storeProgram
                0x000000f4        0x2 ./src/pi7/programa_trajetoria/programa_trajetoria.o
                0x000000f4                ptj_storeProgram
 *fill*         0x000000f6        0x2 ff
 .text.ptj_getLine
                0x000000f8       0x1c ./src/pi7/programa_trajetoria/programa_trajetoria.o
                0x000000f8                ptj_getLine
 .text.ptj_init
                0x00000114       0x1c ./src/pi7/programa_trajetoria/programa_trajetoria.o
                0x00000114                ptj_init
 .text          0x00000130        0x0 ./src/pi7/interpretador_comando/interpretador_comando.o
 .text.setAUX   0x00000130        0xc ./src/pi7/interpretador_comando/interpretador_comando.o
                0x00000130                setAUX
 .text.getAUX   0x0000013c        0xc ./src/pi7/interpretador_comando/interpretador_comando.o
                0x0000013c                getAUX
 .text.ctl_ReadRegister
                0x00000148       0x44 ./src/pi7/interpretador_comando/interpretador_comando.o
                0x00000148                ctl_ReadRegister
 .text.ctl_WriteRegister
                0x0000018c       0xa4 ./src/pi7/interpretador_comando/interpretador_comando.o
                0x0000018c                ctl_WriteRegister
 .text.ctl_WriteProgram
                0x00000230        0x4 ./src/pi7/interpretador_comando/interpretador_comando.o
                0x00000230                ctl_WriteProgram
 .text.ctl_init
                0x00000234        0x2 ./src/pi7/interpretador_comando/interpretador_comando.o
                0x00000234                ctl_init
 .text          0x00000236        0x0 ./src/pi7/estado_trajetoria/estado_trajetoria.o
 *fill*         0x00000236        0x2 ff
 .text.stt_getCurrentLine
                0x00000238        0xc ./src/pi7/estado_trajetoria/estado_trajetoria.o
                0x00000238                stt_getCurrentLine
 .text.stt_setCurrentLine
                0x00000244        0xc ./src/pi7/estado_trajetoria/estado_trajetoria.o
                0x00000244                stt_setCurrentLine
 .text.stt_getX
                0x00000250        0xc ./src/pi7/estado_trajetoria/estado_trajetoria.o
                0x00000250                stt_getX
 .text.stt_getY
                0x0000025c        0xc ./src/pi7/estado_trajetoria/estado_trajetoria.o
                0x0000025c                stt_getY
 .text.stt_getZ
                0x00000268        0xc ./src/pi7/estado_trajetoria/estado_trajetoria.o
                0x00000268                stt_getZ
 .text.stt_setX
                0x00000274        0xc ./src/pi7/estado_trajetoria/estado_trajetoria.o
                0x00000274                stt_setX
 .text.stt_setY
                0x00000280        0xc ./src/pi7/estado_trajetoria/estado_trajetoria.o
                0x00000280                stt_setY
 .text.stt_setZ
                0x0000028c        0xc ./src/pi7/estado_trajetoria/estado_trajetoria.o
                0x0000028c                stt_setZ
 .text.stt_init
                0x00000298        0x2 ./src/pi7/estado_trajetoria/estado_trajetoria.o
                0x00000298                stt_init
 .text          0x0000029a        0x0 ./src/pi7/controlador_trajetoria/controlador_trajetoria.o
 *fill*         0x0000029a        0x2 ff
 .text.trj_generateSetpoint
                0x0000029c       0x54 ./src/pi7/controlador_trajetoria/controlador_trajetoria.o
                0x0000029c                trj_generateSetpoint
 .text.trj_processCommand
                0x000002f0       0xa4 ./src/pi7/controlador_trajetoria/controlador_trajetoria.o
                0x000002f0                trj_processCommand
 .text.trj_init
                0x00000394        0xc ./src/pi7/controlador_trajetoria/controlador_trajetoria.o
                0x00000394                trj_init
 .text          0x000003a0        0x0 ./src/pi7/comunicacao_pic/comunicacao_pic.o
 .text.pic_init
                0x000003a0        0x4 ./src/pi7/comunicacao_pic/comunicacao_pic.o
                0x000003a0                pic_init
 .text.xSend    0x000003a4       0x3c ./src/pi7/comunicacao_pic/comunicacao_pic.o
                0x000003a4                xSend
 .text.ySend    0x000003e0       0x24 ./src/pi7/comunicacao_pic/comunicacao_pic.o
                0x000003e0                ySend
 .text.pic_StopMotors
                0x00000404       0x1e ./src/pi7/comunicacao_pic/comunicacao_pic.o
                0x00000404                pic_StopMotors
 *fill*         0x00000422        0x6 ff
 .text.pic_sendToPIC
                0x00000428       0x84 ./src/pi7/comunicacao_pic/comunicacao_pic.o
                0x00000428                pic_sendToPIC
 .text          0x000004ac        0x0 ./src/pi7/comunicacao_pc/modbus.o
 .text.decode   0x000004ac       0x20 ./src/pi7/comunicacao_pc/modbus.o
                0x000004ac                decode
 .text.encodeLow
                0x000004cc        0xe ./src/pi7/comunicacao_pc/modbus.o
                0x000004cc                encodeLow
 .text.encodeHigh
                0x000004da        0xc ./src/pi7/comunicacao_pc/modbus.o
                0x000004da                encodeHigh
 *fill*         0x000004e6        0x2 ff
 .text.putCharToSerial
                0x000004e8       0x30 ./src/pi7/comunicacao_pc/modbus.o
                0x000004e8                putCharToSerial
 .text.getCharFromSerial
                0x00000518       0x34 ./src/pi7/comunicacao_pc/modbus.o
                0x00000518                getCharFromSerial
 .text.myLRC    0x0000054c       0x1c ./src/pi7/comunicacao_pc/modbus.o
                0x0000054c                myLRC
 .text.calculateLRC
                0x00000568        0x4 ./src/pi7/comunicacao_pc/modbus.o
                0x00000568                calculateLRC
 .text.checkLRC
                0x0000056c       0x50 ./src/pi7/comunicacao_pc/modbus.o
                0x0000056c                checkLRC
 .text.processReadRegister
                0x000005bc       0x78 ./src/pi7/comunicacao_pc/modbus.o
                0x000005bc                processReadRegister
 .text.processWriteRegister
                0x00000634       0x98 ./src/pi7/comunicacao_pc/modbus.o
                0x00000634                processWriteRegister
 .text.processWriteFile
                0x000006cc        0x2 ./src/pi7/comunicacao_pc/modbus.o
                0x000006cc                processWriteFile
 *fill*         0x000006ce        0x2 ff
 .text.decodeFunctionCode
                0x000006d0       0x14 ./src/pi7/comunicacao_pc/modbus.o
                0x000006d0                decodeFunctionCode
 .text.processMessage
                0x000006e4       0x2c ./src/pi7/comunicacao_pc/modbus.o
                0x000006e4                processMessage
 .text.receiveMessage
                0x00000710       0x70 ./src/pi7/comunicacao_pc/modbus.o
                0x00000710                receiveMessage
 .text.com_init
                0x00000780       0x1c ./src/pi7/comunicacao_pc/modbus.o
                0x00000780                com_init
 .text.com_executeCommunication
                0x0000079c       0x1c ./src/pi7/comunicacao_pc/modbus.o
                0x0000079c                com_executeCommunication
 .text          0x000007b8        0x0 ./src/drivers/uart/uart.o
 .text.UARTGetChar
                0x000007b8       0x3c ./src/drivers/uart/uart.o
                0x000007b8                UARTGetChar
 .text.UART0_IRQHandler
                0x000007f4       0xb8 ./src/drivers/uart/uart.o
                0x000007f4                UART0_IRQHandler
 .text.UART1_IRQHandler
                0x000008ac       0xb8 ./src/drivers/uart/uart.o
                0x000008ac                UART1_IRQHandler
 .text.UARTInit
                0x00000964      0x104 ./src/drivers/uart/uart.o
                0x00000964                UARTInit
 .text.UARTSend
                0x00000a68       0x50 ./src/drivers/uart/uart.o
                0x00000a68                UARTSend
 .text.UARTSendNullTerminated
                0x00000ab8       0x50 ./src/drivers/uart/uart.o
                0x00000ab8                UARTSendNullTerminated
 .text          0x00000b08        0x0 ./src/drivers/spi/spi.o
 .text.spi_init
                0x00000b08       0xa4 ./src/drivers/spi/spi.o
                0x00000b08                spi_init
 .text.spi_txrx
                0x00000bac       0x40 ./src/drivers/spi/spi.o
                0x00000bac                spi_txrx
 .text.spi_select
                0x00000bec       0x30 ./src/drivers/spi/spi.o
                0x00000bec                spi_select
 .text.spi_txrx2
                0x00000c1c       0x2c ./src/drivers/spi/spi.o
                0x00000c1c                spi_txrx2
 .text          0x00000c48        0x0 ./src/drivers/pwm/pwm.o
 .text.PWM1_IRQHandler
                0x00000c48       0x20 ./src/drivers/pwm/pwm.o
                0x00000c48                PWM1_IRQHandler
 .text.PWM_Init
                0x00000c68       0x70 ./src/drivers/pwm/pwm.o
                0x00000c68                PWM_Init
 .text.PWM_Set  0x00000cd8       0x1c ./src/drivers/pwm/pwm.o
                0x00000cd8                PWM_Set
 .text.PWM_Start
                0x00000cf4       0x18 ./src/drivers/pwm/pwm.o
                0x00000cf4                PWM_Start
 .text.PWM_Stop
                0x00000d0c       0x14 ./src/drivers/pwm/pwm.o
                0x00000d0c                PWM_Stop
 .text          0x00000d20        0x0 ./src/drivers/ledonboard/leds.o
 .text.led2_init
                0x00000d20       0x20 ./src/drivers/ledonboard/leds.o
                0x00000d20                led2_init
 .text.led2_on  0x00000d40       0x10 ./src/drivers/ledonboard/leds.o
                0x00000d40                led2_on
 .text.led2_off
                0x00000d50       0x10 ./src/drivers/ledonboard/leds.o
                0x00000d50                led2_off
 .text.led2_invert
                0x00000d60       0x18 ./src/drivers/ledonboard/leds.o
                0x00000d60                led2_invert
 .text.led2_from_button
                0x00000d78       0x1c ./src/drivers/ledonboard/leds.o
                0x00000d78                led2_from_button
 .text          0x00000d94        0x0 ./src/drivers/console/alloc.o
 .text._realloc_r
                0x00000d94       0x2a ./src/drivers/console/alloc.o
                0x00000d94                _realloc_r
 .text._calloc_r
                0x00000dbe        0x8 ./src/drivers/console/alloc.o
                0x00000dbe                _calloc_r
 .text._malloc_r
                0x00000dc6        0x6 ./src/drivers/console/alloc.o
                0x00000dc6                _malloc_r
 .text._free_r  0x00000dcc        0x6 ./src/drivers/console/alloc.o
                0x00000dcc                _free_r
 .text          0x00000dd2        0x0 ./src/drivers/console/basic_io.o
 *fill*         0x00000dd2        0x2 ff
 .text.vPrintString
                0x00000dd4       0x20 ./src/drivers/console/basic_io.o
                0x00000dd4                vPrintString
 .text.vPrintStringAndNumber
                0x00000df4       0x30 ./src/drivers/console/basic_io.o
                0x00000df4                vPrintStringAndNumber
 .text          0x00000e24        0x0 ./src/drivers/console/consoleprint.o
 .text.consoleprint
                0x00000e24       0x16 ./src/drivers/console/consoleprint.o
                0x00000e24                consoleprint
 .text          0x00000e3a        0x0 ./src/cr_startup_lpc17.o
 .text.NMI_Handler
                0x00000e3a        0x2 ./src/cr_startup_lpc17.o
                0x00000e3a                NMI_Handler
 .text.HardFault_Handler
                0x00000e3c        0x2 ./src/cr_startup_lpc17.o
                0x00000e3c                HardFault_Handler
 .text.MemManage_Handler
                0x00000e3e        0x2 ./src/cr_startup_lpc17.o
                0x00000e3e                MemManage_Handler
 .text.BusFault_Handler
                0x00000e40        0x2 ./src/cr_startup_lpc17.o
                0x00000e40                BusFault_Handler
 .text.UsageFault_Handler
                0x00000e42        0x2 ./src/cr_startup_lpc17.o
                0x00000e42                UsageFault_Handler
 .text.DebugMon_Handler
                0x00000e44        0x2 ./src/cr_startup_lpc17.o
                0x00000e44                DebugMon_Handler
 .text.IntDefaultHandler
                0x00000e46        0x2 ./src/cr_startup_lpc17.o
                0x00000e46                TIMER2_IRQHandler
                0x00000e46                RIT_IRQHandler
                0x00000e46                I2C0_IRQHandler
                0x00000e46                USBActivity_IRQHandler
                0x00000e46                I2C1_IRQHandler
                0x00000e46                EINT2_IRQHandler
                0x00000e46                EINT3_IRQHandler
                0x00000e46                CANActivity_IRQHandler
                0x00000e46                TIMER3_IRQHandler
                0x00000e46                IntDefaultHandler
                0x00000e46                PLL0_IRQHandler
                0x00000e46                CAN_IRQHandler
                0x00000e46                PLL1_IRQHandler
                0x00000e46                SSP0_IRQHandler
                0x00000e46                I2S_IRQHandler
                0x00000e46                I2C2_IRQHandler
                0x00000e46                RTC_IRQHandler
                0x00000e46                TIMER0_IRQHandler
                0x00000e46                SPI_IRQHandler
                0x00000e46                EINT1_IRQHandler
                0x00000e46                TIMER1_IRQHandler
                0x00000e46                UART2_IRQHandler
                0x00000e46                ADC_IRQHandler
                0x00000e46                SSP1_IRQHandler
                0x00000e46                USB_IRQHandler
                0x00000e46                BOD_IRQHandler
                0x00000e46                WDT_IRQHandler
                0x00000e46                QEI_IRQHandler
                0x00000e46                EINT0_IRQHandler
                0x00000e46                DMA_IRQHandler
                0x00000e46                UART3_IRQHandler
                0x00000e46                MCPWM_IRQHandler
                0x00000e46                ENET_IRQHandler
 .text.ResetISR
                0x00000e48       0x48 ./src/cr_startup_lpc17.o
                0x00000e48                ResetISR
 .text          0x00000e90        0x0 ./src/main.o
 .text.taskController
                0x00000e90       0x14 ./src/main.o
                0x00000e90                taskController
 .text.taskBlinkLed
                0x00000ea4       0x48 ./src/main.o
                0x00000ea4                taskBlinkLed
 .text.__error__
                0x00000eec        0x2 ./src/main.o
                0x00000eec                __error__
 *fill*         0x00000eee        0x2 ff
 .text.taskNCProcessing
                0x00000ef0       0x44 ./src/main.o
                0x00000ef0                taskNCProcessing
 .text.taskCommPIC
                0x00000f34       0x1c ./src/main.o
                0x00000f34                taskCommPIC
 .text.readEndStops
                0x00000f50       0x18 ./src/main.o
                0x00000f50                readEndStops
 .text.taskEmergencyController
                0x00000f68       0x14 ./src/main.o
                0x00000f68                taskEmergencyController
 .text.startup.main
                0x00000f7c       0xc0 ./src/main.o
                0x00000f7c                main
 .text          0x0000103c        0x0 ./FreeRTOS_src/croutine.o
 .text.xCoRoutineCreate
                0x0000103c       0xc4 ./FreeRTOS_src/croutine.o
                0x0000103c                xCoRoutineCreate
 .text.vCoRoutineAddToDelayedList
                0x00001100       0x4c ./FreeRTOS_src/croutine.o
                0x00001100                vCoRoutineAddToDelayedList
 .text.vCoRoutineSchedule
                0x0000114c      0x164 ./FreeRTOS_src/croutine.o
                0x0000114c                vCoRoutineSchedule
 .text.xCoRoutineRemoveFromEventList
                0x000012b0       0x34 ./FreeRTOS_src/croutine.o
                0x000012b0                xCoRoutineRemoveFromEventList
 .text          0x000012e4        0x0 ./FreeRTOS_src/list.o
 .text.vListInitialise
                0x000012e4       0x16 ./FreeRTOS_src/list.o
                0x000012e4                vListInitialise
 .text.vListInitialiseItem
                0x000012fa        0x6 ./FreeRTOS_src/list.o
                0x000012fa                vListInitialiseItem
 .text.vListInsertEnd
                0x00001300       0x1a ./FreeRTOS_src/list.o
                0x00001300                vListInsertEnd
 .text.vListInsert
                0x0000131a       0x30 ./FreeRTOS_src/list.o
                0x0000131a                vListInsert
 .text.vListRemove
                0x0000134a       0x20 ./FreeRTOS_src/list.o
                0x0000134a                vListRemove
 .text          0x0000136a        0x0 ./FreeRTOS_src/queue.o
 .text.prvCopyDataToQueue
                0x0000136a       0x58 ./FreeRTOS_src/queue.o
 .text.prvCopyDataFromQueue
                0x000013c2       0x26 ./FreeRTOS_src/queue.o
 .text.prvUnlockQueue
                0x000013e8       0x68 ./FreeRTOS_src/queue.o
 .text.xQueueCreate
                0x00001450       0x68 ./FreeRTOS_src/queue.o
                0x00001450                xQueueCreate
 .text.xQueueGenericSend
                0x000014b8       0xd0 ./FreeRTOS_src/queue.o
                0x000014b8                xQueueGenericSend
 .text.xQueueCreateMutex
                0x00001588       0x44 ./FreeRTOS_src/queue.o
                0x00001588                xQueueCreateMutex
 .text.xQueueGiveMutexRecursive
                0x000015cc       0x2a ./FreeRTOS_src/queue.o
                0x000015cc                xQueueGiveMutexRecursive
 .text.xQueueGenericSendFromISR
                0x000015f6       0x4e ./FreeRTOS_src/queue.o
                0x000015f6                xQueueGenericSendFromISR
 .text.xQueueGenericReceive
                0x00001644      0x104 ./FreeRTOS_src/queue.o
                0x00001644                xQueueGenericReceive
 .text.xQueueTakeMutexRecursive
                0x00001748       0x32 ./FreeRTOS_src/queue.o
                0x00001748                xQueueTakeMutexRecursive
 .text.xQueueReceiveFromISR
                0x0000177a       0x4a ./FreeRTOS_src/queue.o
                0x0000177a                xQueueReceiveFromISR
 .text.uxQueueMessagesWaiting
                0x000017c4       0x12 ./FreeRTOS_src/queue.o
                0x000017c4                uxQueueMessagesWaiting
 .text.uxQueueMessagesWaitingFromISR
                0x000017d6        0x4 ./FreeRTOS_src/queue.o
                0x000017d6                uxQueueMessagesWaitingFromISR
 *fill*         0x000017da        0x2 ff
 .text.vQueueDelete
                0x000017dc       0x38 ./FreeRTOS_src/queue.o
                0x000017dc                vQueueDelete
 .text.xQueueIsQueueEmptyFromISR
                0x00001814        0xa ./FreeRTOS_src/queue.o
                0x00001814                xQueueIsQueueEmptyFromISR
 .text.xQueueIsQueueFullFromISR
                0x0000181e        0xc ./FreeRTOS_src/queue.o
                0x0000181e                xQueueIsQueueFullFromISR
 *fill*         0x0000182a        0x2 ff
 .text.vQueueAddToRegistry
                0x0000182c       0x28 ./FreeRTOS_src/queue.o
                0x0000182c                vQueueAddToRegistry
 .text          0x00001854        0x0 ./FreeRTOS_src/tasks.o
 .text.prvAddCurrentTaskToDelayedList
                0x00001854       0x50 ./FreeRTOS_src/tasks.o
 .text.prvListTaskWithinSingleList
                0x000018a4       0x78 ./FreeRTOS_src/tasks.o
 .text.xTaskGenericCreate
                0x0000191c      0x194 ./FreeRTOS_src/tasks.o
                0x0000191c                xTaskGenericCreate
 .text.vTaskDelete
                0x00001ab0       0x70 ./FreeRTOS_src/tasks.o
                0x00001ab0                vTaskDelete
 .text.uxTaskPriorityGet
                0x00001b20       0x1c ./FreeRTOS_src/tasks.o
                0x00001b20                uxTaskPriorityGet
 .text.vTaskPrioritySet
                0x00001b3c       0x94 ./FreeRTOS_src/tasks.o
                0x00001b3c                vTaskPrioritySet
 .text.xTaskIsTaskSuspended
                0x00001bd0       0x24 ./FreeRTOS_src/tasks.o
                0x00001bd0                xTaskIsTaskSuspended
 .text.vTaskResume
                0x00001bf4       0x64 ./FreeRTOS_src/tasks.o
                0x00001bf4                vTaskResume
 .text.xTaskResumeFromISR
                0x00001c58       0x6c ./FreeRTOS_src/tasks.o
                0x00001c58                xTaskResumeFromISR
 .text.vTaskStartScheduler
                0x00001cc4       0x4c ./FreeRTOS_src/tasks.o
                0x00001cc4                vTaskStartScheduler
 .text.vTaskEndScheduler
                0x00001d10       0x18 ./FreeRTOS_src/tasks.o
                0x00001d10                vTaskEndScheduler
 .text.vTaskSuspendAll
                0x00001d28       0x10 ./FreeRTOS_src/tasks.o
                0x00001d28                vTaskSuspendAll
 .text.xTaskGetTickCount
                0x00001d38       0x18 ./FreeRTOS_src/tasks.o
                0x00001d38                xTaskGetTickCount
 .text.xTaskGetTickCountFromISR
                0x00001d50       0x1c ./FreeRTOS_src/tasks.o
                0x00001d50                xTaskGetTickCountFromISR
 .text.uxTaskGetNumberOfTasks
                0x00001d6c        0xc ./FreeRTOS_src/tasks.o
                0x00001d6c                uxTaskGetNumberOfTasks
 .text.vTaskStartTrace
                0x00001d78       0x38 ./FreeRTOS_src/tasks.o
                0x00001d78                vTaskStartTrace
 .text.ulTaskEndTrace
                0x00001db0       0x28 ./FreeRTOS_src/tasks.o
                0x00001db0                ulTaskEndTrace
 .text.vTaskIncrementTick
                0x00001dd8       0xe0 ./FreeRTOS_src/tasks.o
                0x00001dd8                vTaskIncrementTick
 .text.xTaskResumeAll
                0x00001eb8       0xc8 ./FreeRTOS_src/tasks.o
                0x00001eb8                xTaskResumeAll
 .text.vTaskDelayUntil
                0x00001f80       0x5c ./FreeRTOS_src/tasks.o
                0x00001f80                vTaskDelayUntil
 .text.vTaskDelay
                0x00001fdc       0x38 ./FreeRTOS_src/tasks.o
                0x00001fdc                vTaskDelay
 .text.prvIdleTask
                0x00002014       0x60 ./FreeRTOS_src/tasks.o
 .text.vTaskList
                0x00002074       0xa8 ./FreeRTOS_src/tasks.o
                0x00002074                vTaskList
 .text.vTaskSwitchContext
                0x0000211c       0xc4 ./FreeRTOS_src/tasks.o
                0x0000211c                vTaskSwitchContext
 .text.vTaskSuspend
                0x000021e0       0x74 ./FreeRTOS_src/tasks.o
                0x000021e0                vTaskSuspend
 .text.vTaskPlaceOnEventList
                0x00002254       0x44 ./FreeRTOS_src/tasks.o
                0x00002254                vTaskPlaceOnEventList
 .text.xTaskRemoveFromEventList
                0x00002298       0x64 ./FreeRTOS_src/tasks.o
                0x00002298                xTaskRemoveFromEventList
 .text.vTaskSetTimeOutState
                0x000022fc       0x18 ./FreeRTOS_src/tasks.o
                0x000022fc                vTaskSetTimeOutState
 .text.xTaskCheckForTimeOut
                0x00002314       0x54 ./FreeRTOS_src/tasks.o
                0x00002314                xTaskCheckForTimeOut
 .text.vTaskMissedYield
                0x00002368        0xc ./FreeRTOS_src/tasks.o
                0x00002368                vTaskMissedYield
 .text.uxTaskGetStackHighWaterMark
                0x00002374       0x20 ./FreeRTOS_src/tasks.o
                0x00002374                uxTaskGetStackHighWaterMark
 .text.xTaskGetCurrentTaskHandle
                0x00002394        0xc ./FreeRTOS_src/tasks.o
                0x00002394                xTaskGetCurrentTaskHandle
 .text.vTaskPriorityInherit
                0x000023a0       0x68 ./FreeRTOS_src/tasks.o
                0x000023a0                vTaskPriorityInherit
 .text.vTaskPriorityDisinherit
                0x00002408       0x48 ./FreeRTOS_src/tasks.o
                0x00002408                vTaskPriorityDisinherit
 .text          0x00002450        0x0 ./FreeRTOS_src/timers.o
 .text          0x00002450        0x0 ./FreeRTOS_portable/MemMang/heap_2.o
 .text.pvPortMalloc
                0x00002450       0xb4 ./FreeRTOS_portable/MemMang/heap_2.o
                0x00002450                pvPortMalloc
 .text.vPortFree
                0x00002504       0x40 ./FreeRTOS_portable/MemMang/heap_2.o
                0x00002504                vPortFree
 .text.xPortGetFreeHeapSize
                0x00002544        0xc ./FreeRTOS_portable/MemMang/heap_2.o
                0x00002544                xPortGetFreeHeapSize
 .text.vPortInitialiseBlocks
                0x00002550        0x2 ./FreeRTOS_portable/MemMang/heap_2.o
                0x00002550                vPortInitialiseBlocks
 .text          0x00002552        0x0 ./FreeRTOS_portable/port.o
 .text.pxPortInitialiseStack
                0x00002552       0x16 ./FreeRTOS_portable/port.o
                0x00002552                pxPortInitialiseStack
 .text.vPortSVCHandler
                0x00002568       0x20 ./FreeRTOS_portable/port.o
                0x00002568                vPortSVCHandler
 .text.vPortStartFirstTask
                0x00002588       0x14 ./FreeRTOS_portable/port.o
                0x00002588                vPortStartFirstTask
 .text.xPortStartScheduler
                0x0000259c       0x40 ./FreeRTOS_portable/port.o
                0x0000259c                xPortStartScheduler
 .text.vPortEndScheduler
                0x000025dc        0x2 ./FreeRTOS_portable/port.o
                0x000025dc                vPortEndScheduler
 *fill*         0x000025de        0x2 ff
 .text.vPortYieldFromISR
                0x000025e0       0x10 ./FreeRTOS_portable/port.o
                0x000025e0                vPortYieldFromISR
 .text.vPortEnterCritical
                0x000025f0       0x18 ./FreeRTOS_portable/port.o
                0x000025f0                vPortEnterCritical
 .text.vPortExitCritical
                0x00002608       0x18 ./FreeRTOS_portable/port.o
                0x00002608                vPortExitCritical
 .text.xPortPendSVHandler
                0x00002620       0x3c ./FreeRTOS_portable/port.o
                0x00002620                xPortPendSVHandler
 .text.xPortSysTickHandler
                0x0000265c       0x24 ./FreeRTOS_portable/port.o
                0x0000265c                xPortSysTickHandler
 .text          0x00002680        0x0 ../Libraries\libCMSISv2_LPC17xx.a(system_LPC17xx.o)
 .text.SystemInit
                0x00002680      0x1e4 ../Libraries\libCMSISv2_LPC17xx.a(system_LPC17xx.o)
                0x00002680                SystemInit
 .text.SystemClockUpdate
                0x00002864      0x224 ../Libraries\libCMSISv2_LPC17xx.a(system_LPC17xx.o)
                0x00002864                SystemClockUpdate
 .text          0x00002a88      0x370 d:/nxp/lpcxpresso_8.2.2_650/lpcxpresso/tools/bin/../lib/gcc/arm-none-eabi/5.4.1/armv7-m\libgcc.a(_arm_addsubdf3.o)
                0x00002a88                __aeabi_drsub
                0x00002a90                __aeabi_dsub
                0x00002a90                __subdf3
                0x00002a94                __aeabi_dadd
                0x00002a94                __adddf3
                0x00002d0c                __floatunsidf
                0x00002d0c                __aeabi_ui2d
                0x00002d2c                __floatsidf
                0x00002d2c                __aeabi_i2d
                0x00002d50                __aeabi_f2d
                0x00002d50                __extendsfdf2
                0x00002d8c                __floatundidf
                0x00002d8c                __aeabi_ul2d
                0x00002d9c                __floatdidf
                0x00002d9c                __aeabi_l2d
 .text          0x00002df8      0x424 d:/nxp/lpcxpresso_8.2.2_650/lpcxpresso/tools/bin/../lib/gcc/arm-none-eabi/5.4.1/armv7-m\libgcc.a(_arm_muldivdf3.o)
                0x00002df8                __aeabi_dmul
                0x00002df8                __muldf3
                0x0000304c                __divdf3
                0x0000304c                __aeabi_ddiv
 .text          0x0000321c       0x50 d:/nxp/lpcxpresso_8.2.2_650/lpcxpresso/tools/bin/../lib/gcc/arm-none-eabi/5.4.1/armv7-m\libgcc.a(_arm_fixdfsi.o)
                0x0000321c                __aeabi_d2iz
                0x0000321c                __fixdfsi
 .text          0x0000326c      0x21c d:/nxp/lpcxpresso_8.2.2_650/lpcxpresso/tools/bin/../lib/gcc/arm-none-eabi/5.4.1/armv7-m\libgcc.a(_arm_addsubsf3.o)
                0x0000326c                __aeabi_frsub
                0x00003274                __subsf3
                0x00003274                __aeabi_fsub
                0x00003278                __aeabi_fadd
                0x00003278                __addsf3
                0x000033d8                __aeabi_ui2f
                0x000033d8                __floatunsisf
                0x000033e0                __aeabi_i2f
                0x000033e0                __floatsisf
                0x000033fc                __aeabi_ul2f
                0x000033fc                __floatundisf
                0x0000340c                __aeabi_l2f
                0x0000340c                __floatdisf
 .text          0x00003488       0x4c d:/nxp/lpcxpresso_8.2.2_650/lpcxpresso/tools/bin/../lib/gcc/arm-none-eabi/5.4.1/armv7-m\libgcc.a(_arm_fixsfsi.o)
                0x00003488                __aeabi_f2iz
                0x00003488                __fixsfsi
 .text          0x000034d4       0xec d:/nxp/lpcxpresso_8.2.2_650/lpcxpresso/tools/bin/../lib/gcc/arm-none-eabi/5.4.1/../../../../arm-none-eabi/lib/armv7-m\libc.a(lib_a-memcpy.o)
                0x000034d4                memcpy
 .text          0x000035c0        0x0 d:/nxp/lpcxpresso_8.2.2_650/lpcxpresso/tools/bin/../lib/gcc/arm-none-eabi/5.4.1/../../../../arm-none-eabi/lib/armv7-m\libc.a(lib_a-memset.o)
 .text.memset   0x000035c0       0x9c d:/nxp/lpcxpresso_8.2.2_650/lpcxpresso/tools/bin/../lib/gcc/arm-none-eabi/5.4.1/../../../../arm-none-eabi/lib/armv7-m\libc.a(lib_a-memset.o)
                0x000035c0                memset
 .text          0x0000365c        0x0 d:/nxp/lpcxpresso_8.2.2_650/lpcxpresso/tools/bin/../lib/gcc/arm-none-eabi/5.4.1/../../../../arm-none-eabi/lib/armv7-m\libc.a(lib_a-printf.o)
 .text._printf_r
                0x0000365c       0x20 d:/nxp/lpcxpresso_8.2.2_650/lpcxpresso/tools/bin/../lib/gcc/arm-none-eabi/5.4.1/../../../../arm-none-eabi/lib/armv7-m\libc.a(lib_a-printf.o)
                0x0000365c                _printf_r
 .text.printf   0x0000367c       0x28 d:/nxp/lpcxpresso_8.2.2_650/lpcxpresso/tools/bin/../lib/gcc/arm-none-eabi/5.4.1/../../../../arm-none-eabi/lib/armv7-m\libc.a(lib_a-printf.o)
                0x0000367c                printf
 .text          0x000036a4        0x0 d:/nxp/lpcxpresso_8.2.2_650/lpcxpresso/tools/bin/../lib/gcc/arm-none-eabi/5.4.1/../../../../arm-none-eabi/lib/armv7-m\libc.a(lib_a-sprintf.o)
 .text._sprintf_r
                0x000036a4       0x44 d:/nxp/lpcxpresso_8.2.2_650/lpcxpresso/tools/bin/../lib/gcc/arm-none-eabi/5.4.1/../../../../arm-none-eabi/lib/armv7-m\libc.a(lib_a-sprintf.o)
                0x000036a4                _sprintf_r
 .text.sprintf  0x000036e8       0x4c d:/nxp/lpcxpresso_8.2.2_650/lpcxpresso/tools/bin/../lib/gcc/arm-none-eabi/5.4.1/../../../../arm-none-eabi/lib/armv7-m\libc.a(lib_a-sprintf.o)
                0x000036e8                sprintf
 .text          0x00003734        0x0 d:/nxp/lpcxpresso_8.2.2_650/lpcxpresso/tools/bin/../lib/gcc/arm-none-eabi/5.4.1/../../../../arm-none-eabi/lib/armv7-m\libc.a(lib_a-strcat.o)
 .text.strcat   0x00003734       0x40 d:/nxp/lpcxpresso_8.2.2_650/lpcxpresso/tools/bin/../lib/gcc/arm-none-eabi/5.4.1/../../../../arm-none-eabi/lib/armv7-m\libc.a(lib_a-strcat.o)
                0x00003734                strcat
 .text          0x00003774        0x0 d:/nxp/lpcxpresso_8.2.2_650/lpcxpresso/tools/bin/../lib/gcc/arm-none-eabi/5.4.1/../../../../arm-none-eabi/lib/armv7-m\libc.a(lib_a-strcpy.o)
 .text.strcpy   0x00003774       0xbc d:/nxp/lpcxpresso_8.2.2_650/lpcxpresso/tools/bin/../lib/gcc/arm-none-eabi/5.4.1/../../../../arm-none-eabi/lib/armv7-m\libc.a(lib_a-strcpy.o)
                0x00003774                strcpy
 .text          0x00003830        0x0 d:/nxp/lpcxpresso_8.2.2_650/lpcxpresso/tools/bin/../lib/gcc/arm-none-eabi/5.4.1/../../../../arm-none-eabi/lib/armv7-m\libc.a(lib_a-strlen-stub.o)
 .text.strlen   0x00003830       0x5c d:/nxp/lpcxpresso_8.2.2_650/lpcxpresso/tools/bin/../lib/gcc/arm-none-eabi/5.4.1/../../../../arm-none-eabi/lib/armv7-m\libc.a(lib_a-strlen-stub.o)
                0x00003830                strlen
 .text          0x0000388c        0x0 d:/nxp/lpcxpresso_8.2.2_650/lpcxpresso/tools/bin/../lib/gcc/arm-none-eabi/5.4.1/../../../../arm-none-eabi/lib/armv7-m\libc.a(lib_a-strncpy.o)
 .text.strncpy  0x0000388c       0x68 d:/nxp/lpcxpresso_8.2.2_650/lpcxpresso/tools/bin/../lib/gcc/arm-none-eabi/5.4.1/../../../../arm-none-eabi/lib/armv7-m\libc.a(lib_a-strncpy.o)
                0x0000388c                strncpy
 .text          0x000038f4        0x0 d:/nxp/lpcxpresso_8.2.2_650/lpcxpresso/tools/bin/../lib/gcc/arm-none-eabi/5.4.1/../../../../arm-none-eabi/lib/armv7-m\libc.a(lib_a-svfprintf.o)
 .text._svfprintf_r
                0x000038f4     0x175c d:/nxp/lpcxpresso_8.2.2_650/lpcxpresso/tools/bin/../lib/gcc/arm-none-eabi/5.4.1/../../../../arm-none-eabi/lib/armv7-m\libc.a(lib_a-svfprintf.o)
                0x000038f4                _svfprintf_r
 .text          0x00005050        0x0 d:/nxp/lpcxpresso_8.2.2_650/lpcxpresso/tools/bin/../lib/gcc/arm-none-eabi/5.4.1/../../../../arm-none-eabi/lib/armv7-m\libc.a(lib_a-vfprintf.o)
 .text._vfprintf_r
                0x00005050     0x1788 d:/nxp/lpcxpresso_8.2.2_650/lpcxpresso/tools/bin/../lib/gcc/arm-none-eabi/5.4.1/../../../../arm-none-eabi/lib/armv7-m\libc.a(lib_a-vfprintf.o)
                0x00005050                _vfprintf_r
 .text.vfprintf
                0x000067d8       0x18 d:/nxp/lpcxpresso_8.2.2_650/lpcxpresso/tools/bin/../lib/gcc/arm-none-eabi/5.4.1/../../../../arm-none-eabi/lib/armv7-m\libc.a(lib_a-vfprintf.o)
                0x000067d8                vfprintf
 .text.__sbprintf
                0x000067f0       0x6c d:/nxp/lpcxpresso_8.2.2_650/lpcxpresso/tools/bin/../lib/gcc/arm-none-eabi/5.4.1/../../../../arm-none-eabi/lib/armv7-m\libc.a(lib_a-vfprintf.o)
 .text          0x0000685c        0x0 d:/nxp/lpcxpresso_8.2.2_650/lpcxpresso/tools/bin/../lib/gcc/arm-none-eabi/5.4.1/../../../../arm-none-eabi/lib/armv7-m\libc.a(lib_a-wsetup.o)
 .text.__swsetup_r
                0x0000685c       0xc8 d:/nxp/lpcxpresso_8.2.2_650/lpcxpresso/tools/bin/../lib/gcc/arm-none-eabi/5.4.1/../../../../arm-none-eabi/lib/armv7-m\libc.a(lib_a-wsetup.o)
                0x0000685c                __swsetup_r
 .text          0x00006924        0x0 d:/nxp/lpcxpresso_8.2.2_650/lpcxpresso/tools/bin/../lib/gcc/arm-none-eabi/5.4.1/../../../../arm-none-eabi/lib/armv7-m\libc.a(lib_a-dtoa.o)
 .text.quorem   0x00006924      0x12c d:/nxp/lpcxpresso_8.2.2_650/lpcxpresso/tools/bin/../lib/gcc/arm-none-eabi/5.4.1/../../../../arm-none-eabi/lib/armv7-m\libc.a(lib_a-dtoa.o)
 .text._dtoa_r  0x00006a50      0xe4c d:/nxp/lpcxpresso_8.2.2_650/lpcxpresso/tools/bin/../lib/gcc/arm-none-eabi/5.4.1/../../../../arm-none-eabi/lib/armv7-m\libc.a(lib_a-dtoa.o)
                0x00006a50                _dtoa_r
 .text          0x0000789c        0x0 d:/nxp/lpcxpresso_8.2.2_650/lpcxpresso/tools/bin/../lib/gcc/arm-none-eabi/5.4.1/../../../../arm-none-eabi/lib/armv7-m\libc.a(lib_a-fflush.o)
 .text.__sflush_r
                0x0000789c      0x148 d:/nxp/lpcxpresso_8.2.2_650/lpcxpresso/tools/bin/../lib/gcc/arm-none-eabi/5.4.1/../../../../arm-none-eabi/lib/armv7-m\libc.a(lib_a-fflush.o)
                0x0000789c                __sflush_r
 .text._fflush_r
                0x000079e4       0x2c d:/nxp/lpcxpresso_8.2.2_650/lpcxpresso/tools/bin/../lib/gcc/arm-none-eabi/5.4.1/../../../../arm-none-eabi/lib/armv7-m\libc.a(lib_a-fflush.o)
                0x000079e4                _fflush_r
 .text.fflush   0x00007a10       0x24 d:/nxp/lpcxpresso_8.2.2_650/lpcxpresso/tools/bin/../lib/gcc/arm-none-eabi/5.4.1/../../../../arm-none-eabi/lib/armv7-m\libc.a(lib_a-fflush.o)
                0x00007a10                fflush
 .text          0x00007a34        0x0 d:/nxp/lpcxpresso_8.2.2_650/lpcxpresso/tools/bin/../lib/gcc/arm-none-eabi/5.4.1/../../../../arm-none-eabi/lib/armv7-m\libc.a(lib_a-findfp.o)
 .text.__fp_unlock
                0x00007a34        0x4 d:/nxp/lpcxpresso_8.2.2_650/lpcxpresso/tools/bin/../lib/gcc/arm-none-eabi/5.4.1/../../../../arm-none-eabi/lib/armv7-m\libc.a(lib_a-findfp.o)
 .text._cleanup_r
                0x00007a38        0xc d:/nxp/lpcxpresso_8.2.2_650/lpcxpresso/tools/bin/../lib/gcc/arm-none-eabi/5.4.1/../../../../arm-none-eabi/lib/armv7-m\libc.a(lib_a-findfp.o)
                0x00007a38                _cleanup_r
 .text.__sinit.part.1
                0x00007a44       0xf0 d:/nxp/lpcxpresso_8.2.2_650/lpcxpresso/tools/bin/../lib/gcc/arm-none-eabi/5.4.1/../../../../arm-none-eabi/lib/armv7-m\libc.a(lib_a-findfp.o)
 .text.__fp_lock
                0x00007b34        0x4 d:/nxp/lpcxpresso_8.2.2_650/lpcxpresso/tools/bin/../lib/gcc/arm-none-eabi/5.4.1/../../../../arm-none-eabi/lib/armv7-m\libc.a(lib_a-findfp.o)
 .text.__sfmoreglue
                0x00007b38       0x30 d:/nxp/lpcxpresso_8.2.2_650/lpcxpresso/tools/bin/../lib/gcc/arm-none-eabi/5.4.1/../../../../arm-none-eabi/lib/armv7-m\libc.a(lib_a-findfp.o)
                0x00007b38                __sfmoreglue
 .text.__sfp    0x00007b68       0x88 d:/nxp/lpcxpresso_8.2.2_650/lpcxpresso/tools/bin/../lib/gcc/arm-none-eabi/5.4.1/../../../../arm-none-eabi/lib/armv7-m\libc.a(lib_a-findfp.o)
                0x00007b68                __sfp
 .text._cleanup
                0x00007bf0       0x14 d:/nxp/lpcxpresso_8.2.2_650/lpcxpresso/tools/bin/../lib/gcc/arm-none-eabi/5.4.1/../../../../arm-none-eabi/lib/armv7-m\libc.a(lib_a-findfp.o)
                0x00007bf0                _cleanup
 .text.__sinit  0x00007c04        0xc d:/nxp/lpcxpresso_8.2.2_650/lpcxpresso/tools/bin/../lib/gcc/arm-none-eabi/5.4.1/../../../../arm-none-eabi/lib/armv7-m\libc.a(lib_a-findfp.o)
                0x00007c04                __sinit
 .text.__sfp_lock_acquire
                0x00007c10        0x4 d:/nxp/lpcxpresso_8.2.2_650/lpcxpresso/tools/bin/../lib/gcc/arm-none-eabi/5.4.1/../../../../arm-none-eabi/lib/armv7-m\libc.a(lib_a-findfp.o)
                0x00007c10                __sfp_lock_acquire
 .text.__sfp_lock_release
                0x00007c14        0x4 d:/nxp/lpcxpresso_8.2.2_650/lpcxpresso/tools/bin/../lib/gcc/arm-none-eabi/5.4.1/../../../../arm-none-eabi/lib/armv7-m\libc.a(lib_a-findfp.o)
                0x00007c14                __sfp_lock_release
 .text.__sinit_lock_acquire
                0x00007c18        0x4 d:/nxp/lpcxpresso_8.2.2_650/lpcxpresso/tools/bin/../lib/gcc/arm-none-eabi/5.4.1/../../../../arm-none-eabi/lib/armv7-m\libc.a(lib_a-findfp.o)
                0x00007c18                __sinit_lock_acquire
 .text.__sinit_lock_release
                0x00007c1c        0x4 d:/nxp/lpcxpresso_8.2.2_650/lpcxpresso/tools/bin/../lib/gcc/arm-none-eabi/5.4.1/../../../../arm-none-eabi/lib/armv7-m\libc.a(lib_a-findfp.o)
                0x00007c1c                __sinit_lock_release
 .text.__fp_lock_all
                0x00007c20       0x14 d:/nxp/lpcxpresso_8.2.2_650/lpcxpresso/tools/bin/../lib/gcc/arm-none-eabi/5.4.1/../../../../arm-none-eabi/lib/armv7-m\libc.a(lib_a-findfp.o)
                0x00007c20                __fp_lock_all
 .text.__fp_unlock_all
                0x00007c34       0x14 d:/nxp/lpcxpresso_8.2.2_650/lpcxpresso/tools/bin/../lib/gcc/arm-none-eabi/5.4.1/../../../../arm-none-eabi/lib/armv7-m\libc.a(lib_a-findfp.o)
                0x00007c34                __fp_unlock_all
 .text          0x00007c48        0x0 d:/nxp/lpcxpresso_8.2.2_650/lpcxpresso/tools/bin/../lib/gcc/arm-none-eabi/5.4.1/../../../../arm-none-eabi/lib/armv7-m\libc.a(lib_a-fwalk.o)
 .text._fwalk   0x00007c48       0x48 d:/nxp/lpcxpresso_8.2.2_650/lpcxpresso/tools/bin/../lib/gcc/arm-none-eabi/5.4.1/../../../../arm-none-eabi/lib/armv7-m\libc.a(lib_a-fwalk.o)
                0x00007c48                _fwalk
 .text._fwalk_reent
                0x00007c90       0x50 d:/nxp/lpcxpresso_8.2.2_650/lpcxpresso/tools/bin/../lib/gcc/arm-none-eabi/5.4.1/../../../../arm-none-eabi/lib/armv7-m\libc.a(lib_a-fwalk.o)
                0x00007c90                _fwalk_reent
 .text          0x00007ce0        0x0 d:/nxp/lpcxpresso_8.2.2_650/lpcxpresso/tools/bin/../lib/gcc/arm-none-eabi/5.4.1/../../../../arm-none-eabi/lib/armv7-m\libc.a(lib_a-impure.o)
 .text          0x00007ce0        0x0 d:/nxp/lpcxpresso_8.2.2_650/lpcxpresso/tools/bin/../lib/gcc/arm-none-eabi/5.4.1/../../../../arm-none-eabi/lib/armv7-m\libc.a(lib_a-locale.o)
 .text._setlocale_r
                0x00007ce0       0x40 d:/nxp/lpcxpresso_8.2.2_650/lpcxpresso/tools/bin/../lib/gcc/arm-none-eabi/5.4.1/../../../../arm-none-eabi/lib/armv7-m\libc.a(lib_a-locale.o)
                0x00007ce0                _setlocale_r
 .text.__locale_charset
                0x00007d20        0x8 d:/nxp/lpcxpresso_8.2.2_650/lpcxpresso/tools/bin/../lib/gcc/arm-none-eabi/5.4.1/../../../../arm-none-eabi/lib/armv7-m\libc.a(lib_a-locale.o)
                0x00007d20                __locale_charset
 .text.__locale_mb_cur_max
                0x00007d28        0xc d:/nxp/lpcxpresso_8.2.2_650/lpcxpresso/tools/bin/../lib/gcc/arm-none-eabi/5.4.1/../../../../arm-none-eabi/lib/armv7-m\libc.a(lib_a-locale.o)
                0x00007d28                __locale_mb_cur_max
 .text.__locale_msgcharset
                0x00007d34        0x8 d:/nxp/lpcxpresso_8.2.2_650/lpcxpresso/tools/bin/../lib/gcc/arm-none-eabi/5.4.1/../../../../arm-none-eabi/lib/armv7-m\libc.a(lib_a-locale.o)
                0x00007d34                __locale_msgcharset
 .text.__locale_cjk_lang
                0x00007d3c        0x4 d:/nxp/lpcxpresso_8.2.2_650/lpcxpresso/tools/bin/../lib/gcc/arm-none-eabi/5.4.1/../../../../arm-none-eabi/lib/armv7-m\libc.a(lib_a-locale.o)
                0x00007d3c                __locale_cjk_lang
 .text._localeconv_r
                0x00007d40        0x8 d:/nxp/lpcxpresso_8.2.2_650/lpcxpresso/tools/bin/../lib/gcc/arm-none-eabi/5.4.1/../../../../arm-none-eabi/lib/armv7-m\libc.a(lib_a-locale.o)
                0x00007d40                _localeconv_r
 .text.setlocale
                0x00007d48       0x10 d:/nxp/lpcxpresso_8.2.2_650/lpcxpresso/tools/bin/../lib/gcc/arm-none-eabi/5.4.1/../../../../arm-none-eabi/lib/armv7-m\libc.a(lib_a-locale.o)
                0x00007d48                setlocale
 .text.localeconv
                0x00007d58        0x8 d:/nxp/lpcxpresso_8.2.2_650/lpcxpresso/tools/bin/../lib/gcc/arm-none-eabi/5.4.1/../../../../arm-none-eabi/lib/armv7-m\libc.a(lib_a-locale.o)
                0x00007d58                localeconv
 .text          0x00007d60        0x0 d:/nxp/lpcxpresso_8.2.2_650/lpcxpresso/tools/bin/../lib/gcc/arm-none-eabi/5.4.1/../../../../arm-none-eabi/lib/armv7-m\libc.a(lib_a-makebuf.o)
 .text.__swhatbuf_r
                0x00007d60       0x60 d:/nxp/lpcxpresso_8.2.2_650/lpcxpresso/tools/bin/../lib/gcc/arm-none-eabi/5.4.1/../../../../arm-none-eabi/lib/armv7-m\libc.a(lib_a-makebuf.o)
                0x00007d60                __swhatbuf_r
 .text.__smakebuf_r
                0x00007dc0       0x88 d:/nxp/lpcxpresso_8.2.2_650/lpcxpresso/tools/bin/../lib/gcc/arm-none-eabi/5.4.1/../../../../arm-none-eabi/lib/armv7-m\libc.a(lib_a-makebuf.o)
                0x00007dc0                __smakebuf_r
 .text          0x00007e48        0x0 d:/nxp/lpcxpresso_8.2.2_650/lpcxpresso/tools/bin/../lib/gcc/arm-none-eabi/5.4.1/../../../../arm-none-eabi/lib/armv7-m\libc.a(lib_a-memchr-stub.o)
 .text.memchr   0x00007e48       0x8c d:/nxp/lpcxpresso_8.2.2_650/lpcxpresso/tools/bin/../lib/gcc/arm-none-eabi/5.4.1/../../../../arm-none-eabi/lib/armv7-m\libc.a(lib_a-memchr-stub.o)
                0x00007e48                memchr
 .text          0x00007ed4        0x0 d:/nxp/lpcxpresso_8.2.2_650/lpcxpresso/tools/bin/../lib/gcc/arm-none-eabi/5.4.1/../../../../arm-none-eabi/lib/armv7-m\libc.a(lib_a-mprec.o)
 .text._Balloc  0x00007ed4       0x50 d:/nxp/lpcxpresso_8.2.2_650/lpcxpresso/tools/bin/../lib/gcc/arm-none-eabi/5.4.1/../../../../arm-none-eabi/lib/armv7-m\libc.a(lib_a-mprec.o)
                0x00007ed4                _Balloc
 .text._Bfree   0x00007f24       0x14 d:/nxp/lpcxpresso_8.2.2_650/lpcxpresso/tools/bin/../lib/gcc/arm-none-eabi/5.4.1/../../../../arm-none-eabi/lib/armv7-m\libc.a(lib_a-mprec.o)
                0x00007f24                _Bfree
 .text.__multadd
                0x00007f38       0x80 d:/nxp/lpcxpresso_8.2.2_650/lpcxpresso/tools/bin/../lib/gcc/arm-none-eabi/5.4.1/../../../../arm-none-eabi/lib/armv7-m\libc.a(lib_a-mprec.o)
                0x00007f38                __multadd
 .text.__s2b    0x00007fb8       0x98 d:/nxp/lpcxpresso_8.2.2_650/lpcxpresso/tools/bin/../lib/gcc/arm-none-eabi/5.4.1/../../../../arm-none-eabi/lib/armv7-m\libc.a(lib_a-mprec.o)
                0x00007fb8                __s2b
 .text.__hi0bits
                0x00008050       0x40 d:/nxp/lpcxpresso_8.2.2_650/lpcxpresso/tools/bin/../lib/gcc/arm-none-eabi/5.4.1/../../../../arm-none-eabi/lib/armv7-m\libc.a(lib_a-mprec.o)
                0x00008050                __hi0bits
 .text.__lo0bits
                0x00008090       0x5c d:/nxp/lpcxpresso_8.2.2_650/lpcxpresso/tools/bin/../lib/gcc/arm-none-eabi/5.4.1/../../../../arm-none-eabi/lib/armv7-m\libc.a(lib_a-mprec.o)
                0x00008090                __lo0bits
 .text.__i2b    0x000080ec       0x14 d:/nxp/lpcxpresso_8.2.2_650/lpcxpresso/tools/bin/../lib/gcc/arm-none-eabi/5.4.1/../../../../arm-none-eabi/lib/armv7-m\libc.a(lib_a-mprec.o)
                0x000080ec                __i2b
 .text.__multiply
                0x00008100      0x13c d:/nxp/lpcxpresso_8.2.2_650/lpcxpresso/tools/bin/../lib/gcc/arm-none-eabi/5.4.1/../../../../arm-none-eabi/lib/armv7-m\libc.a(lib_a-mprec.o)
                0x00008100                __multiply
 .text.__pow5mult
                0x0000823c       0xa0 d:/nxp/lpcxpresso_8.2.2_650/lpcxpresso/tools/bin/../lib/gcc/arm-none-eabi/5.4.1/../../../../arm-none-eabi/lib/armv7-m\libc.a(lib_a-mprec.o)
                0x0000823c                __pow5mult
 .text.__lshift
                0x000082dc       0xac d:/nxp/lpcxpresso_8.2.2_650/lpcxpresso/tools/bin/../lib/gcc/arm-none-eabi/5.4.1/../../../../arm-none-eabi/lib/armv7-m\libc.a(lib_a-mprec.o)
                0x000082dc                __lshift
 .text.__mcmp   0x00008388       0x40 d:/nxp/lpcxpresso_8.2.2_650/lpcxpresso/tools/bin/../lib/gcc/arm-none-eabi/5.4.1/../../../../arm-none-eabi/lib/armv7-m\libc.a(lib_a-mprec.o)
                0x00008388                __mcmp
 .text.__mdiff  0x000083c8      0x128 d:/nxp/lpcxpresso_8.2.2_650/lpcxpresso/tools/bin/../lib/gcc/arm-none-eabi/5.4.1/../../../../arm-none-eabi/lib/armv7-m\libc.a(lib_a-mprec.o)
                0x000083c8                __mdiff
 .text.__ulp    0x000084f0       0x44 d:/nxp/lpcxpresso_8.2.2_650/lpcxpresso/tools/bin/../lib/gcc/arm-none-eabi/5.4.1/../../../../arm-none-eabi/lib/armv7-m\libc.a(lib_a-mprec.o)
                0x000084f0                __ulp
 .text.__b2d    0x00008534       0xd4 d:/nxp/lpcxpresso_8.2.2_650/lpcxpresso/tools/bin/../lib/gcc/arm-none-eabi/5.4.1/../../../../arm-none-eabi/lib/armv7-m\libc.a(lib_a-mprec.o)
                0x00008534                __b2d
 .text.__d2b    0x00008608       0xa8 d:/nxp/lpcxpresso_8.2.2_650/lpcxpresso/tools/bin/../lib/gcc/arm-none-eabi/5.4.1/../../../../arm-none-eabi/lib/armv7-m\libc.a(lib_a-mprec.o)
                0x00008608                __d2b
 .text.__ratio  0x000086b0       0x54 d:/nxp/lpcxpresso_8.2.2_650/lpcxpresso/tools/bin/../lib/gcc/arm-none-eabi/5.4.1/../../../../arm-none-eabi/lib/armv7-m\libc.a(lib_a-mprec.o)
                0x000086b0                __ratio
 .text._mprec_log10
                0x00008704       0x34 d:/nxp/lpcxpresso_8.2.2_650/lpcxpresso/tools/bin/../lib/gcc/arm-none-eabi/5.4.1/../../../../arm-none-eabi/lib/armv7-m\libc.a(lib_a-mprec.o)
                0x00008704                _mprec_log10
 .text.__copybits
                0x00008738       0x48 d:/nxp/lpcxpresso_8.2.2_650/lpcxpresso/tools/bin/../lib/gcc/arm-none-eabi/5.4.1/../../../../arm-none-eabi/lib/armv7-m\libc.a(lib_a-mprec.o)
                0x00008738                __copybits
 .text.__any_on
                0x00008780       0x5c d:/nxp/lpcxpresso_8.2.2_650/lpcxpresso/tools/bin/../lib/gcc/arm-none-eabi/5.4.1/../../../../arm-none-eabi/lib/armv7-m\libc.a(lib_a-mprec.o)
                0x00008780                __any_on
 .text          0x000087dc        0x0 d:/nxp/lpcxpresso_8.2.2_650/lpcxpresso/tools/bin/../lib/gcc/arm-none-eabi/5.4.1/../../../../arm-none-eabi/lib/armv7-m\libc.a(lib_a-stdio.o)
 .text.__sread  0x000087dc       0x24 d:/nxp/lpcxpresso_8.2.2_650/lpcxpresso/tools/bin/../lib/gcc/arm-none-eabi/5.4.1/../../../../arm-none-eabi/lib/armv7-m\libc.a(lib_a-stdio.o)
                0x000087dc                __sread
 .text.__seofread
                0x00008800        0x4 d:/nxp/lpcxpresso_8.2.2_650/lpcxpresso/tools/bin/../lib/gcc/arm-none-eabi/5.4.1/../../../../arm-none-eabi/lib/armv7-m\libc.a(lib_a-stdio.o)
                0x00008800                __seofread
 .text.__swrite
                0x00008804       0x3c d:/nxp/lpcxpresso_8.2.2_650/lpcxpresso/tools/bin/../lib/gcc/arm-none-eabi/5.4.1/../../../../arm-none-eabi/lib/armv7-m\libc.a(lib_a-stdio.o)
                0x00008804                __swrite
 .text.__sseek  0x00008840       0x20 d:/nxp/lpcxpresso_8.2.2_650/lpcxpresso/tools/bin/../lib/gcc/arm-none-eabi/5.4.1/../../../../arm-none-eabi/lib/armv7-m\libc.a(lib_a-stdio.o)
                0x00008840                __sseek
 .text.__sclose
                0x00008860        0x8 d:/nxp/lpcxpresso_8.2.2_650/lpcxpresso/tools/bin/../lib/gcc/arm-none-eabi/5.4.1/../../../../arm-none-eabi/lib/armv7-m\libc.a(lib_a-stdio.o)
                0x00008860                __sclose
 .text          0x00008868      0x1bc d:/nxp/lpcxpresso_8.2.2_650/lpcxpresso/tools/bin/../lib/gcc/arm-none-eabi/5.4.1/../../../../arm-none-eabi/lib/armv7-m\libc.a(lib_a-strcmp.o)
                0x00008868                strcmp
 .text          0x00008a24        0x0 d:/nxp/lpcxpresso_8.2.2_650/lpcxpresso/tools/bin/../lib/gcc/arm-none-eabi/5.4.1/../../../../arm-none-eabi/lib/armv7-m\libc.a(lib_a-svfiprintf.o)
 .text.__ssprint_r
                0x00008a24      0x100 d:/nxp/lpcxpresso_8.2.2_650/lpcxpresso/tools/bin/../lib/gcc/arm-none-eabi/5.4.1/../../../../arm-none-eabi/lib/armv7-m\libc.a(lib_a-svfiprintf.o)
                0x00008a24                __ssprint_r
 .text._svfiprintf_r
                0x00008b24      0xc4c d:/nxp/lpcxpresso_8.2.2_650/lpcxpresso/tools/bin/../lib/gcc/arm-none-eabi/5.4.1/../../../../arm-none-eabi/lib/armv7-m\libc.a(lib_a-svfiprintf.o)
                0x00008b24                _svfiprintf_r
 .text          0x00009770        0x0 d:/nxp/lpcxpresso_8.2.2_650/lpcxpresso/tools/bin/../lib/gcc/arm-none-eabi/5.4.1/../../../../arm-none-eabi/lib/armv7-m\libc.a(lib_a-vfiprintf.o)
 .text.__sprint_r.part.0
                0x00009770       0x78 d:/nxp/lpcxpresso_8.2.2_650/lpcxpresso/tools/bin/../lib/gcc/arm-none-eabi/5.4.1/../../../../arm-none-eabi/lib/armv7-m\libc.a(lib_a-vfiprintf.o)
 .text.__sprint_r
                0x000097e8       0x14 d:/nxp/lpcxpresso_8.2.2_650/lpcxpresso/tools/bin/../lib/gcc/arm-none-eabi/5.4.1/../../../../arm-none-eabi/lib/armv7-m\libc.a(lib_a-vfiprintf.o)
                0x000097e8                __sprint_r
 .text._vfiprintf_r
                0x000097fc      0xde8 d:/nxp/lpcxpresso_8.2.2_650/lpcxpresso/tools/bin/../lib/gcc/arm-none-eabi/5.4.1/../../../../arm-none-eabi/lib/armv7-m\libc.a(lib_a-vfiprintf.o)
                0x000097fc                _vfiprintf_r
 .text.vfiprintf
                0x0000a5e4       0x18 d:/nxp/lpcxpresso_8.2.2_650/lpcxpresso/tools/bin/../lib/gcc/arm-none-eabi/5.4.1/../../../../arm-none-eabi/lib/armv7-m\libc.a(lib_a-vfiprintf.o)
                0x0000a5e4                vfiprintf
 .text.__sbprintf
                0x0000a5fc       0x6c d:/nxp/lpcxpresso_8.2.2_650/lpcxpresso/tools/bin/../lib/gcc/arm-none-eabi/5.4.1/../../../../arm-none-eabi/lib/armv7-m\libc.a(lib_a-vfiprintf.o)
 .text          0x0000a668        0x0 d:/nxp/lpcxpresso_8.2.2_650/lpcxpresso/tools/bin/../lib/gcc/arm-none-eabi/5.4.1/../../../../arm-none-eabi/lib/armv7-m\libc.a(lib_a-writer.o)
 .text._write_r
                0x0000a668       0x2c d:/nxp/lpcxpresso_8.2.2_650/lpcxpresso/tools/bin/../lib/gcc/arm-none-eabi/5.4.1/../../../../arm-none-eabi/lib/armv7-m\libc.a(lib_a-writer.o)
                0x0000a668                _write_r
 .text          0x0000a694        0x0 d:/nxp/lpcxpresso_8.2.2_650/lpcxpresso/tools/bin/../lib/gcc/arm-none-eabi/5.4.1/../../../../arm-none-eabi/lib/armv7-m\libc.a(lib_a-closer.o)
 .text._close_r
                0x0000a694       0x24 d:/nxp/lpcxpresso_8.2.2_650/lpcxpresso/tools/bin/../lib/gcc/arm-none-eabi/5.4.1/../../../../arm-none-eabi/lib/armv7-m\libc.a(lib_a-closer.o)
                0x0000a694                _close_r
 .text          0x0000a6b8        0x0 d:/nxp/lpcxpresso_8.2.2_650/lpcxpresso/tools/bin/../lib/gcc/arm-none-eabi/5.4.1/../../../../arm-none-eabi/lib/armv7-m\libc.a(lib_a-fclose.o)
 .text._fclose_r
                0x0000a6b8       0x84 d:/nxp/lpcxpresso_8.2.2_650/lpcxpresso/tools/bin/../lib/gcc/arm-none-eabi/5.4.1/../../../../arm-none-eabi/lib/armv7-m\libc.a(lib_a-fclose.o)
                0x0000a6b8                _fclose_r
 .text.fclose   0x0000a73c       0x10 d:/nxp/lpcxpresso_8.2.2_650/lpcxpresso/tools/bin/../lib/gcc/arm-none-eabi/5.4.1/../../../../arm-none-eabi/lib/armv7-m\libc.a(lib_a-fclose.o)
                0x0000a73c                fclose
 .text          0x0000a74c        0x0 d:/nxp/lpcxpresso_8.2.2_650/lpcxpresso/tools/bin/../lib/gcc/arm-none-eabi/5.4.1/../../../../arm-none-eabi/lib/armv7-m\libc.a(lib_a-fputwc.o)
 .text.__fputwc
                0x0000a74c       0x94 d:/nxp/lpcxpresso_8.2.2_650/lpcxpresso/tools/bin/../lib/gcc/arm-none-eabi/5.4.1/../../../../arm-none-eabi/lib/armv7-m\libc.a(lib_a-fputwc.o)
                0x0000a74c                __fputwc
 .text._fputwc_r
                0x0000a7e0       0x24 d:/nxp/lpcxpresso_8.2.2_650/lpcxpresso/tools/bin/../lib/gcc/arm-none-eabi/5.4.1/../../../../arm-none-eabi/lib/armv7-m\libc.a(lib_a-fputwc.o)
                0x0000a7e0                _fputwc_r
 .text.fputwc   0x0000a804       0x40 d:/nxp/lpcxpresso_8.2.2_650/lpcxpresso/tools/bin/../lib/gcc/arm-none-eabi/5.4.1/../../../../arm-none-eabi/lib/armv7-m\libc.a(lib_a-fputwc.o)
                0x0000a804                fputwc
 .text          0x0000a844        0x0 d:/nxp/lpcxpresso_8.2.2_650/lpcxpresso/tools/bin/../lib/gcc/arm-none-eabi/5.4.1/../../../../arm-none-eabi/lib/armv7-m\libc.a(lib_a-fstatr.o)
 .text._fstat_r
                0x0000a844       0x28 d:/nxp/lpcxpresso_8.2.2_650/lpcxpresso/tools/bin/../lib/gcc/arm-none-eabi/5.4.1/../../../../arm-none-eabi/lib/armv7-m\libc.a(lib_a-fstatr.o)
                0x0000a844                _fstat_r
 .text          0x0000a86c        0x0 d:/nxp/lpcxpresso_8.2.2_650/lpcxpresso/tools/bin/../lib/gcc/arm-none-eabi/5.4.1/../../../../arm-none-eabi/lib/armv7-m\libc.a(lib_a-fvwrite.o)
 .text.__sfvwrite_r
                0x0000a86c      0x308 d:/nxp/lpcxpresso_8.2.2_650/lpcxpresso/tools/bin/../lib/gcc/arm-none-eabi/5.4.1/../../../../arm-none-eabi/lib/armv7-m\libc.a(lib_a-fvwrite.o)
                0x0000a86c                __sfvwrite_r
 .text          0x0000ab74        0x0 d:/nxp/lpcxpresso_8.2.2_650/lpcxpresso/tools/bin/../lib/gcc/arm-none-eabi/5.4.1/../../../../arm-none-eabi/lib/armv7-m\libc.a(lib_a-isattyr.o)
 .text._isatty_r
                0x0000ab74       0x24 d:/nxp/lpcxpresso_8.2.2_650/lpcxpresso/tools/bin/../lib/gcc/arm-none-eabi/5.4.1/../../../../arm-none-eabi/lib/armv7-m\libc.a(lib_a-isattyr.o)
                0x0000ab74                _isatty_r
 .text          0x0000ab98        0x0 d:/nxp/lpcxpresso_8.2.2_650/lpcxpresso/tools/bin/../lib/gcc/arm-none-eabi/5.4.1/../../../../arm-none-eabi/lib/armv7-m\libc.a(lib_a-lseekr.o)
 .text._lseek_r
                0x0000ab98       0x2c d:/nxp/lpcxpresso_8.2.2_650/lpcxpresso/tools/bin/../lib/gcc/arm-none-eabi/5.4.1/../../../../arm-none-eabi/lib/armv7-m\libc.a(lib_a-lseekr.o)
                0x0000ab98                _lseek_r
 .text          0x0000abc4        0x0 d:/nxp/lpcxpresso_8.2.2_650/lpcxpresso/tools/bin/../lib/gcc/arm-none-eabi/5.4.1/../../../../arm-none-eabi/lib/armv7-m\libc.a(lib_a-memmove.o)
 .text.memmove  0x0000abc4       0xc8 d:/nxp/lpcxpresso_8.2.2_650/lpcxpresso/tools/bin/../lib/gcc/arm-none-eabi/5.4.1/../../../../arm-none-eabi/lib/armv7-m\libc.a(lib_a-memmove.o)
                0x0000abc4                memmove
 .text          0x0000ac8c        0x0 d:/nxp/lpcxpresso_8.2.2_650/lpcxpresso/tools/bin/../lib/gcc/arm-none-eabi/5.4.1/../../../../arm-none-eabi/lib/armv7-m\libc.a(lib_a-readr.o)
 .text._read_r  0x0000ac8c       0x2c d:/nxp/lpcxpresso_8.2.2_650/lpcxpresso/tools/bin/../lib/gcc/arm-none-eabi/5.4.1/../../../../arm-none-eabi/lib/armv7-m\libc.a(lib_a-readr.o)
                0x0000ac8c                _read_r
 .text          0x0000acb8        0x0 d:/nxp/lpcxpresso_8.2.2_650/lpcxpresso/tools/bin/../lib/gcc/arm-none-eabi/5.4.1/../../../../arm-none-eabi/lib/armv7-m\libc.a(lib_a-reent.o)
 .text.cleanup_glue
                0x0000acb8       0x1c d:/nxp/lpcxpresso_8.2.2_650/lpcxpresso/tools/bin/../lib/gcc/arm-none-eabi/5.4.1/../../../../arm-none-eabi/lib/armv7-m\libc.a(lib_a-reent.o)
                0x0000acb8                cleanup_glue
 .text._reclaim_reent
                0x0000acd4       0x88 d:/nxp/lpcxpresso_8.2.2_650/lpcxpresso/tools/bin/../lib/gcc/arm-none-eabi/5.4.1/../../../../arm-none-eabi/lib/armv7-m\libc.a(lib_a-reent.o)
                0x0000acd4                _reclaim_reent
 .text          0x0000ad5c        0x0 d:/nxp/lpcxpresso_8.2.2_650/lpcxpresso/tools/bin/../lib/gcc/arm-none-eabi/5.4.1/../../../../arm-none-eabi/lib/armv7-m\libc.a(lib_a-wbuf.o)
 .text.__swbuf_r
                0x0000ad5c       0xac d:/nxp/lpcxpresso_8.2.2_650/lpcxpresso/tools/bin/../lib/gcc/arm-none-eabi/5.4.1/../../../../arm-none-eabi/lib/armv7-m\libc.a(lib_a-wbuf.o)
                0x0000ad5c                __swbuf_r
 .text.__swbuf  0x0000ae08       0x10 d:/nxp/lpcxpresso_8.2.2_650/lpcxpresso/tools/bin/../lib/gcc/arm-none-eabi/5.4.1/../../../../arm-none-eabi/lib/armv7-m\libc.a(lib_a-wbuf.o)
                0x0000ae08                __swbuf
 .text          0x0000ae18        0x0 d:/nxp/lpcxpresso_8.2.2_650/lpcxpresso/tools/bin/../lib/gcc/arm-none-eabi/5.4.1/../../../../arm-none-eabi/lib/armv7-m\libc.a(lib_a-wcrtomb.o)
 .text._wcrtomb_r
                0x0000ae18       0x54 d:/nxp/lpcxpresso_8.2.2_650/lpcxpresso/tools/bin/../lib/gcc/arm-none-eabi/5.4.1/../../../../arm-none-eabi/lib/armv7-m\libc.a(lib_a-wcrtomb.o)
                0x0000ae18                _wcrtomb_r
 .text.wcrtomb  0x0000ae6c       0x58 d:/nxp/lpcxpresso_8.2.2_650/lpcxpresso/tools/bin/../lib/gcc/arm-none-eabi/5.4.1/../../../../arm-none-eabi/lib/armv7-m\libc.a(lib_a-wcrtomb.o)
                0x0000ae6c                wcrtomb
 .text          0x0000aec4        0x0 d:/nxp/lpcxpresso_8.2.2_650/lpcxpresso/tools/bin/../lib/gcc/arm-none-eabi/5.4.1/../../../../arm-none-eabi/lib/armv7-m\libc.a(lib_a-wctomb_r.o)
 .text.__ascii_wctomb
                0x0000aec4       0x1c d:/nxp/lpcxpresso_8.2.2_650/lpcxpresso/tools/bin/../lib/gcc/arm-none-eabi/5.4.1/../../../../arm-none-eabi/lib/armv7-m\libc.a(lib_a-wctomb_r.o)
                0x0000aec4                __ascii_wctomb
 .text._wctomb_r
                0x0000aee0       0x30 d:/nxp/lpcxpresso_8.2.2_650/lpcxpresso/tools/bin/../lib/gcc/arm-none-eabi/5.4.1/../../../../arm-none-eabi/lib/armv7-m\libc.a(lib_a-wctomb_r.o)
                0x0000aee0                _wctomb_r
 .text          0x0000af10        0x0 d:/nxp/lpcxpresso_8.2.2_650/lpcxpresso/tools/bin/../lib/gcc/arm-none-eabi/5.4.1/../../../../arm-none-eabi/lib/armv7-m\libcr_newlib_semihost.a(syscalls.o)
 .text.error    0x0000af10       0x1c d:/nxp/lpcxpresso_8.2.2_650/lpcxpresso/tools/bin/../lib/gcc/arm-none-eabi/5.4.1/../../../../arm-none-eabi/lib/armv7-m\libcr_newlib_semihost.a(syscalls.o)
 .text.initialise_monitor_handles.part.0
                0x0000af2c       0xa8 d:/nxp/lpcxpresso_8.2.2_650/lpcxpresso/tools/bin/../lib/gcc/arm-none-eabi/5.4.1/../../../../arm-none-eabi/lib/armv7-m\libcr_newlib_semihost.a(syscalls.o)
 .text.findslot
                0x0000afd4       0x30 d:/nxp/lpcxpresso_8.2.2_650/lpcxpresso/tools/bin/../lib/gcc/arm-none-eabi/5.4.1/../../../../arm-none-eabi/lib/armv7-m\libcr_newlib_semihost.a(syscalls.o)
 .text.checkerror
                0x0000b004       0x20 d:/nxp/lpcxpresso_8.2.2_650/lpcxpresso/tools/bin/../lib/gcc/arm-none-eabi/5.4.1/../../../../arm-none-eabi/lib/armv7-m\libcr_newlib_semihost.a(syscalls.o)
 .text._swiread
                0x0000b024       0x20 d:/nxp/lpcxpresso_8.2.2_650/lpcxpresso/tools/bin/../lib/gcc/arm-none-eabi/5.4.1/../../../../arm-none-eabi/lib/armv7-m\libcr_newlib_semihost.a(syscalls.o)
                0x0000b024                _swiread
 .text._read    0x0000b044       0x34 d:/nxp/lpcxpresso_8.2.2_650/lpcxpresso/tools/bin/../lib/gcc/arm-none-eabi/5.4.1/../../../../arm-none-eabi/lib/armv7-m\libcr_newlib_semihost.a(syscalls.o)
                0x0000b044                _read
 .text._swilseek
                0x0000b078       0x7a d:/nxp/lpcxpresso_8.2.2_650/lpcxpresso/tools/bin/../lib/gcc/arm-none-eabi/5.4.1/../../../../arm-none-eabi/lib/armv7-m\libcr_newlib_semihost.a(syscalls.o)
                0x0000b078                _swilseek
 .text._lseek   0x0000b0f2        0x4 d:/nxp/lpcxpresso_8.2.2_650/lpcxpresso/tools/bin/../lib/gcc/arm-none-eabi/5.4.1/../../../../arm-none-eabi/lib/armv7-m\libcr_newlib_semihost.a(syscalls.o)
                0x0000b0f2                _lseek
 .text._swiwrite
                0x0000b0f6       0x20 d:/nxp/lpcxpresso_8.2.2_650/lpcxpresso/tools/bin/../lib/gcc/arm-none-eabi/5.4.1/../../../../arm-none-eabi/lib/armv7-m\libcr_newlib_semihost.a(syscalls.o)
                0x0000b0f6                _swiwrite
 .text._write   0x0000b116       0x42 d:/nxp/lpcxpresso_8.2.2_650/lpcxpresso/tools/bin/../lib/gcc/arm-none-eabi/5.4.1/../../../../arm-none-eabi/lib/armv7-m\libcr_newlib_semihost.a(syscalls.o)
                0x0000b116                _write
 .text._swiclose
                0x0000b158       0x1c d:/nxp/lpcxpresso_8.2.2_650/lpcxpresso/tools/bin/../lib/gcc/arm-none-eabi/5.4.1/../../../../arm-none-eabi/lib/armv7-m\libcr_newlib_semihost.a(syscalls.o)
                0x0000b158                _swiclose
 .text._close   0x0000b174       0x48 d:/nxp/lpcxpresso_8.2.2_650/lpcxpresso/tools/bin/../lib/gcc/arm-none-eabi/5.4.1/../../../../arm-none-eabi/lib/armv7-m\libcr_newlib_semihost.a(syscalls.o)
                0x0000b174                _close
 .text._getpid  0x0000b1bc        0x4 d:/nxp/lpcxpresso_8.2.2_650/lpcxpresso/tools/bin/../lib/gcc/arm-none-eabi/5.4.1/../../../../arm-none-eabi/lib/armv7-m\libcr_newlib_semihost.a(syscalls.o)
                0x0000b1bc                _getpid
 .text._swistat
                0x0000b1c0       0x42 d:/nxp/lpcxpresso_8.2.2_650/lpcxpresso/tools/bin/../lib/gcc/arm-none-eabi/5.4.1/../../../../arm-none-eabi/lib/armv7-m\libcr_newlib_semihost.a(syscalls.o)
                0x0000b1c0                _swistat
 .text._fstat   0x0000b202       0x1c d:/nxp/lpcxpresso_8.2.2_650/lpcxpresso/tools/bin/../lib/gcc/arm-none-eabi/5.4.1/../../../../arm-none-eabi/lib/armv7-m\libcr_newlib_semihost.a(syscalls.o)
                0x0000b202                _fstat
 .text._stat    0x0000b21e       0x3a d:/nxp/lpcxpresso_8.2.2_650/lpcxpresso/tools/bin/../lib/gcc/arm-none-eabi/5.4.1/../../../../arm-none-eabi/lib/armv7-m\libcr_newlib_semihost.a(syscalls.o)
                0x0000b21e                _stat
 .text._swiopen
                0x0000b258       0xc8 d:/nxp/lpcxpresso_8.2.2_650/lpcxpresso/tools/bin/../lib/gcc/arm-none-eabi/5.4.1/../../../../arm-none-eabi/lib/armv7-m\libcr_newlib_semihost.a(syscalls.o)
                0x0000b258                _swiopen
 .text._open    0x0000b320       0x12 d:/nxp/lpcxpresso_8.2.2_650/lpcxpresso/tools/bin/../lib/gcc/arm-none-eabi/5.4.1/../../../../arm-none-eabi/lib/armv7-m\libcr_newlib_semihost.a(syscalls.o)
                0x0000b320                _open
 .text._link    0x0000b332       0x10 d:/nxp/lpcxpresso_8.2.2_650/lpcxpresso/tools/bin/../lib/gcc/arm-none-eabi/5.4.1/../../../../arm-none-eabi/lib/armv7-m\libcr_newlib_semihost.a(syscalls.o)
                0x0000b332                _link
 .text._unlink  0x0000b342       0x28 d:/nxp/lpcxpresso_8.2.2_650/lpcxpresso/tools/bin/../lib/gcc/arm-none-eabi/5.4.1/../../../../arm-none-eabi/lib/armv7-m\libcr_newlib_semihost.a(syscalls.o)
                0x0000b342                _unlink
 .text._gettimeofday
                0x0000b36a       0x24 d:/nxp/lpcxpresso_8.2.2_650/lpcxpresso/tools/bin/../lib/gcc/arm-none-eabi/5.4.1/../../../../arm-none-eabi/lib/armv7-m\libcr_newlib_semihost.a(syscalls.o)
                0x0000b36a                _gettimeofday
 .text._clock   0x0000b38e       0x12 d:/nxp/lpcxpresso_8.2.2_650/lpcxpresso/tools/bin/../lib/gcc/arm-none-eabi/5.4.1/../../../../arm-none-eabi/lib/armv7-m\libcr_newlib_semihost.a(syscalls.o)
                0x0000b38e                _clock
 .text._times   0x0000b3a0       0x16 d:/nxp/lpcxpresso_8.2.2_650/lpcxpresso/tools/bin/../lib/gcc/arm-none-eabi/5.4.1/../../../../arm-none-eabi/lib/armv7-m\libcr_newlib_semihost.a(syscalls.o)
                0x0000b3a0                _times
 .text._isatty  0x0000b3b6       0x2a d:/nxp/lpcxpresso_8.2.2_650/lpcxpresso/tools/bin/../lib/gcc/arm-none-eabi/5.4.1/../../../../arm-none-eabi/lib/armv7-m\libcr_newlib_semihost.a(syscalls.o)
                0x0000b3b6                _isatty
 .text._system  0x0000b3e0       0x3c d:/nxp/lpcxpresso_8.2.2_650/lpcxpresso/tools/bin/../lib/gcc/arm-none-eabi/5.4.1/../../../../arm-none-eabi/lib/armv7-m\libcr_newlib_semihost.a(syscalls.o)
                0x0000b3e0                _system
 .text._rename  0x0000b41c       0x36 d:/nxp/lpcxpresso_8.2.2_650/lpcxpresso/tools/bin/../lib/gcc/arm-none-eabi/5.4.1/../../../../arm-none-eabi/lib/armv7-m\libcr_newlib_semihost.a(syscalls.o)
                0x0000b41c                _rename
 *fill*         0x0000b452        0x2 ff
 .text          0x0000b454      0x110 d:/nxp/lpcxpresso_8.2.2_650/lpcxpresso/tools/bin/../lib/gcc/arm-none-eabi/5.4.1/armv7-m\libgcc.a(_arm_cmpdf2.o)
                0x0000b454                __gtdf2
                0x0000b454                __gedf2
                0x0000b45c                __ltdf2
                0x0000b45c                __ledf2
                0x0000b464                __nedf2
                0x0000b464                __eqdf2
                0x0000b464                __cmpdf2
                0x0000b4e0                __aeabi_cdrcmple
                0x0000b4f0                __aeabi_cdcmpeq
                0x0000b4f0                __aeabi_cdcmple
                0x0000b500                __aeabi_dcmpeq
                0x0000b514                __aeabi_dcmplt
                0x0000b528                __aeabi_dcmple
                0x0000b53c                __aeabi_dcmpge
                0x0000b550                __aeabi_dcmpgt
 .text          0x0000b564       0x2c d:/nxp/lpcxpresso_8.2.2_650/lpcxpresso/tools/bin/../lib/gcc/arm-none-eabi/5.4.1/armv7-m\libgcc.a(_arm_unorddf2.o)
                0x0000b564                __unorddf2
                0x0000b564                __aeabi_dcmpun
 .text          0x0000b590       0x30 d:/nxp/lpcxpresso_8.2.2_650/lpcxpresso/tools/bin/../lib/gcc/arm-none-eabi/5.4.1/armv7-m\libgcc.a(_aeabi_uldivmod.o)
                0x0000b590                __aeabi_uldivmod
 .text          0x0000b5c0      0x2ec d:/nxp/lpcxpresso_8.2.2_650/lpcxpresso/tools/bin/../lib/gcc/arm-none-eabi/5.4.1/armv7-m\libgcc.a(_udivmoddi4.o)
                0x0000b5c0                __udivmoddi4
 .text          0x0000b8ac        0x4 d:/nxp/lpcxpresso_8.2.2_650/lpcxpresso/tools/bin/../lib/gcc/arm-none-eabi/5.4.1/armv7-m\libgcc.a(_dvmd_tls.o)
                0x0000b8ac                __aeabi_idiv0
                0x0000b8ac                __aeabi_ldiv0
 .text          0x0000b8b0        0x0 d:/nxp/lpcxpresso_8.2.2_650/lpcxpresso/tools/bin/../lib/gcc/arm-none-eabi/5.4.1/../../../../arm-none-eabi/lib/armv7-m\libc.a(lib_a-errno.o)
 .text.__errno  0x0000b8b0        0xc d:/nxp/lpcxpresso_8.2.2_650/lpcxpresso/tools/bin/../lib/gcc/arm-none-eabi/5.4.1/../../../../arm-none-eabi/lib/armv7-m\libc.a(lib_a-errno.o)
                0x0000b8b0                __errno
 *(.rodata .rodata.* .constdata .constdata.*)
 .rodata.str1.1
                0x0000b8bc       0x7d ./src/pi7/interpretador_comando/interpretador_comando.o
 .rodata.str1.1
                0x0000b939       0x22 ./src/pi7/controlador_trajetoria/controlador_trajetoria.o
 .rodata.str1.1
                0x0000b95b       0x21 ./src/pi7/comunicacao_pic/comunicacao_pic.o
 .rodata.str1.1
                0x0000b97c       0x1e ./src/pi7/comunicacao_pc/modbus.o
 .rodata.str1.1
                0x0000b99a        0xb ./src/drivers/console/basic_io.o
 *fill*         0x0000b9a5        0x3 ff
 .rodata.DELAY_1MS
                0x0000b9a8        0x4 ./src/main.o
                0x0000b9a8                DELAY_1MS
 .rodata.DELAY_1SEC
                0x0000b9ac        0x4 ./src/main.o
                0x0000b9ac                DELAY_1SEC
 .rodata.DELAY_500MS
                0x0000b9b0        0x4 ./src/main.o
                0x0000b9b0                DELAY_500MS
 .rodata.str1.1
                0x0000b9b4       0x46 ./src/main.o
 *fill*         0x0000b9fa        0x2 ff
 .rodata.DELAY_200MS
                0x0000b9fc        0x4 ./src/main.o
                0x0000b9fc                DELAY_200MS
 .rodata.str1.1
                0x0000ba00       0x17 ./FreeRTOS_src/tasks.o
                                 0x1a (size before relaxing)
 *fill*         0x0000ba17        0x1 ff
 .rodata.ulKernelPriority
                0x0000ba18        0x4 ./FreeRTOS_portable/port.o
                0x0000ba18                ulKernelPriority
 .rodata.blanks.7055
                0x0000ba1c       0x10 d:/nxp/lpcxpresso_8.2.2_650/lpcxpresso/tools/bin/../lib/gcc/arm-none-eabi/5.4.1/../../../../arm-none-eabi/lib/armv7-m\libc.a(lib_a-svfprintf.o)
 .rodata.str1.4
                0x0000ba2c       0x42 d:/nxp/lpcxpresso_8.2.2_650/lpcxpresso/tools/bin/../lib/gcc/arm-none-eabi/5.4.1/../../../../arm-none-eabi/lib/armv7-m\libc.a(lib_a-svfprintf.o)
 *fill*         0x0000ba6e        0x2 ff
 .rodata.zeroes.7056
                0x0000ba70       0x10 d:/nxp/lpcxpresso_8.2.2_650/lpcxpresso/tools/bin/../lib/gcc/arm-none-eabi/5.4.1/../../../../arm-none-eabi/lib/armv7-m\libc.a(lib_a-svfprintf.o)
 .rodata.blanks.7070
                0x0000ba80       0x10 d:/nxp/lpcxpresso_8.2.2_650/lpcxpresso/tools/bin/../lib/gcc/arm-none-eabi/5.4.1/../../../../arm-none-eabi/lib/armv7-m\libc.a(lib_a-vfprintf.o)
 .rodata.str1.4
                0x0000ba90       0x42 d:/nxp/lpcxpresso_8.2.2_650/lpcxpresso/tools/bin/../lib/gcc/arm-none-eabi/5.4.1/../../../../arm-none-eabi/lib/armv7-m\libc.a(lib_a-vfprintf.o)
 .rodata.zeroes.7071
                0x0000ba90       0x10 d:/nxp/lpcxpresso_8.2.2_650/lpcxpresso/tools/bin/../lib/gcc/arm-none-eabi/5.4.1/../../../../arm-none-eabi/lib/armv7-m\libc.a(lib_a-vfprintf.o)
 .rodata.str1.4
                0x0000baa0       0x10 d:/nxp/lpcxpresso_8.2.2_650/lpcxpresso/tools/bin/../lib/gcc/arm-none-eabi/5.4.1/../../../../arm-none-eabi/lib/armv7-m\libc.a(lib_a-dtoa.o)
                                 0x12 (size before relaxing)
 .rodata.str1.4
                0x0000bab0        0x2 d:/nxp/lpcxpresso_8.2.2_650/lpcxpresso/tools/bin/../lib/gcc/arm-none-eabi/5.4.1/../../../../arm-none-eabi/lib/armv7-m\libc.a(lib_a-impure.o)
 *fill*         0x0000bab2        0x2 ff
 .rodata._global_impure_ptr
                0x0000bab4        0x4 d:/nxp/lpcxpresso_8.2.2_650/lpcxpresso/tools/bin/../lib/gcc/arm-none-eabi/5.4.1/../../../../arm-none-eabi/lib/armv7-m\libc.a(lib_a-impure.o)
                0x0000bab4                _global_impure_ptr
 .rodata.str1.4
                0x0000bab8        0xc d:/nxp/lpcxpresso_8.2.2_650/lpcxpresso/tools/bin/../lib/gcc/arm-none-eabi/5.4.1/../../../../arm-none-eabi/lib/armv7-m\libc.a(lib_a-locale.o)
                                 0x12 (size before relaxing)
 *fill*         0x0000bac4        0x4 ff
 .rodata.__mprec_tens
                0x0000bac8       0xc8 d:/nxp/lpcxpresso_8.2.2_650/lpcxpresso/tools/bin/../lib/gcc/arm-none-eabi/5.4.1/../../../../arm-none-eabi/lib/armv7-m\libc.a(lib_a-mprec.o)
                0x0000bac8                __mprec_tens
 .rodata.__mprec_bigtens
                0x0000bb90       0x28 d:/nxp/lpcxpresso_8.2.2_650/lpcxpresso/tools/bin/../lib/gcc/arm-none-eabi/5.4.1/../../../../arm-none-eabi/lib/armv7-m\libc.a(lib_a-mprec.o)
                0x0000bb90                __mprec_bigtens
 .rodata.__mprec_tinytens
                0x0000bbb8       0x28 d:/nxp/lpcxpresso_8.2.2_650/lpcxpresso/tools/bin/../lib/gcc/arm-none-eabi/5.4.1/../../../../arm-none-eabi/lib/armv7-m\libc.a(lib_a-mprec.o)
                0x0000bbb8                __mprec_tinytens
 .rodata.p05.5396
                0x0000bbe0        0xc d:/nxp/lpcxpresso_8.2.2_650/lpcxpresso/tools/bin/../lib/gcc/arm-none-eabi/5.4.1/../../../../arm-none-eabi/lib/armv7-m\libc.a(lib_a-mprec.o)
 .rodata.blanks.6999
                0x0000bbec       0x10 d:/nxp/lpcxpresso_8.2.2_650/lpcxpresso/tools/bin/../lib/gcc/arm-none-eabi/5.4.1/../../../../arm-none-eabi/lib/armv7-m\libc.a(lib_a-svfiprintf.o)
 .rodata.str1.4
                0x0000bbfc       0x2f d:/nxp/lpcxpresso_8.2.2_650/lpcxpresso/tools/bin/../lib/gcc/arm-none-eabi/5.4.1/../../../../arm-none-eabi/lib/armv7-m\libc.a(lib_a-svfiprintf.o)
 .rodata.zeroes.7000
                0x0000bbfc       0x10 d:/nxp/lpcxpresso_8.2.2_650/lpcxpresso/tools/bin/../lib/gcc/arm-none-eabi/5.4.1/../../../../arm-none-eabi/lib/armv7-m\libc.a(lib_a-svfiprintf.o)
 .rodata.blanks.7013
                0x0000bc0c       0x10 d:/nxp/lpcxpresso_8.2.2_650/lpcxpresso/tools/bin/../lib/gcc/arm-none-eabi/5.4.1/../../../../arm-none-eabi/lib/armv7-m\libc.a(lib_a-vfiprintf.o)
 .rodata.str1.4
                0x0000bc1c       0x2f d:/nxp/lpcxpresso_8.2.2_650/lpcxpresso/tools/bin/../lib/gcc/arm-none-eabi/5.4.1/../../../../arm-none-eabi/lib/armv7-m\libc.a(lib_a-vfiprintf.o)
 .rodata.zeroes.7014
                0x0000bc1c       0x10 d:/nxp/lpcxpresso_8.2.2_650/lpcxpresso/tools/bin/../lib/gcc/arm-none-eabi/5.4.1/../../../../arm-none-eabi/lib/armv7-m\libc.a(lib_a-vfiprintf.o)
 .rodata.str1.1
                0x0000bc2c        0x4 d:/nxp/lpcxpresso_8.2.2_650/lpcxpresso/tools/bin/../lib/gcc/arm-none-eabi/5.4.1/../../../../arm-none-eabi/lib/armv7-m\libcr_newlib_semihost.a(syscalls.o)
                0x0000bc4c                . = ALIGN (0x4)

.glue_7         0x0000bc30        0x0
 .glue_7        0x0000bc30        0x0 linker stubs

.glue_7t        0x0000bc30        0x0
 .glue_7t       0x0000bc30        0x0 linker stubs

.vfp11_veneer   0x0000bc30        0x0
 .vfp11_veneer  0x0000bc30        0x0 linker stubs

.v4_bx          0x0000bc30        0x0
 .v4_bx         0x0000bc30        0x0 linker stubs

.iplt           0x0000bc30        0x0
 .iplt          0x0000bc30        0x0 ./src/pi7/programa_trajetoria/programa_trajetoria.o

.ARM.extab      0x0000bc30        0x0
 *(.ARM.extab* .gnu.linkonce.armextab.*)
 .ARM.extab     0x0000bc30        0x0 d:/nxp/lpcxpresso_8.2.2_650/lpcxpresso/tools/bin/../lib/gcc/arm-none-eabi/5.4.1/armv7-m\libgcc.a(_udivmoddi4.o)
                0x0000bc30                __exidx_start = .

.ARM.exidx      0x0000bc30        0x8
 *(.ARM.exidx* .gnu.linkonce.armexidx.*)
 .ARM.exidx     0x0000bc30        0x8 d:/nxp/lpcxpresso_8.2.2_650/lpcxpresso/tools/bin/../lib/gcc/arm-none-eabi/5.4.1/armv7-m\libgcc.a(_udivmoddi4.o)
                0x0000bc38                __exidx_end = .
                0x0000bc38                _etext = .

.rel.dyn        0x0000bc38        0x0
 .rel.iplt      0x0000bc38        0x0 ./src/pi7/programa_trajetoria/programa_trajetoria.o

.data_RAM2      0x2007c000        0x0 load address 0x0000bc38
 FILL mask 0xff
                [!provide]                PROVIDE (__start_data_RAM2, .)
 *(.ramfunc.$RAM2)
 *(.ramfunc.$RamAHB32)
 *(.data.$RAM2*)
 *(.data.$RamAHB32*)
                0x2007c000                . = ALIGN (0x4)
                [!provide]                PROVIDE (__end_data_RAM2, .)

.uninit_RESERVED
                0x10000000        0x0
 *(.bss.$RESERVED*)
                0x10000000                . = ALIGN (0x4)
                0x10000000                _end_uninit_RESERVED = .

.data           0x10000000      0x4ec load address 0x0000bc38
 FILL mask 0xff
                0x10000000                _data = .
 *(vtable)
 *(.ramfunc*)
 *(.data*)
 .data          0x10000000        0x0 ./src/pi7/programa_trajetoria/programa_trajetoria.o
 .data          0x10000000        0x0 ./src/pi7/interpretador_comando/interpretador_comando.o
 .data          0x10000000        0x0 ./src/pi7/estado_trajetoria/estado_trajetoria.o
 .data.stt_x    0x10000000        0x4 ./src/pi7/estado_trajetoria/estado_trajetoria.o
                0x10000000                stt_x
 .data.stt_y    0x10000004        0x4 ./src/pi7/estado_trajetoria/estado_trajetoria.o
                0x10000004                stt_y
 .data.stt_z    0x10000008        0x4 ./src/pi7/estado_trajetoria/estado_trajetoria.o
                0x10000008                stt_z
 .data          0x1000000c        0x0 ./src/pi7/controlador_trajetoria/controlador_trajetoria.o
 .data          0x1000000c        0x0 ./src/pi7/comunicacao_pic/comunicacao_pic.o
 .data          0x1000000c        0x0 ./src/pi7/comunicacao_pc/modbus.o
 .data          0x1000000c        0x0 ./src/drivers/uart/uart.o
 .data.UART0TxEmpty
                0x1000000c        0x1 ./src/drivers/uart/uart.o
                0x1000000c                UART0TxEmpty
 .data.UART1TxEmpty
                0x1000000d        0x1 ./src/drivers/uart/uart.o
                0x1000000d                UART1TxEmpty
 .data          0x1000000e        0x0 ./src/drivers/spi/spi.o
 .data          0x1000000e        0x0 ./src/drivers/pwm/pwm.o
 .data          0x1000000e        0x0 ./src/drivers/ledonboard/leds.o
 .data          0x1000000e        0x0 ./src/drivers/console/alloc.o
 .data          0x1000000e        0x0 ./src/drivers/console/basic_io.o
 .data          0x1000000e        0x0 ./src/drivers/console/consoleprint.o
 .data          0x1000000e        0x0 ./src/cr_startup_lpc17.o
 .data          0x1000000e        0x0 ./src/main.o
 .data.msgReadRegister
                0x1000000e        0xd ./src/main.o
                0x1000000e                msgReadRegister
 .data.msgWriteRegister
                0x1000001b        0xf ./src/main.o
                0x1000001b                msgWriteRegister
 .data          0x1000002a        0x0 ./FreeRTOS_src/croutine.o
 .data          0x1000002a        0x0 ./FreeRTOS_src/list.o
 .data          0x1000002a        0x0 ./FreeRTOS_src/queue.o
 .data          0x1000002a        0x0 ./FreeRTOS_src/tasks.o
 *fill*         0x1000002a        0x2 ff
 .data.uxPreviousTask
                0x1000002c        0x4 ./FreeRTOS_src/tasks.o
 .data.xNextTaskUnblockTime
                0x10000030        0x4 ./FreeRTOS_src/tasks.o
 .data          0x10000034        0x0 ./FreeRTOS_src/timers.o
 .data          0x10000034        0x0 ./FreeRTOS_portable/MemMang/heap_2.o
 .data.xFreeBytesRemaining
                0x10000034        0x4 ./FreeRTOS_portable/MemMang/heap_2.o
 .data          0x10000038        0x0 ./FreeRTOS_portable/port.o
 .data.uxCriticalNesting
                0x10000038        0x4 ./FreeRTOS_portable/port.o
 .data          0x1000003c        0x4 ../Libraries\libCMSISv2_LPC17xx.a(system_LPC17xx.o)
                0x1000003c                SystemFrequency
 .data          0x10000040        0x0 d:/nxp/lpcxpresso_8.2.2_650/lpcxpresso/tools/bin/../lib/gcc/arm-none-eabi/5.4.1/armv7-m\libgcc.a(_arm_addsubdf3.o)
 .data          0x10000040        0x0 d:/nxp/lpcxpresso_8.2.2_650/lpcxpresso/tools/bin/../lib/gcc/arm-none-eabi/5.4.1/armv7-m\libgcc.a(_arm_muldivdf3.o)
 .data          0x10000040        0x0 d:/nxp/lpcxpresso_8.2.2_650/lpcxpresso/tools/bin/../lib/gcc/arm-none-eabi/5.4.1/armv7-m\libgcc.a(_arm_fixdfsi.o)
 .data          0x10000040        0x0 d:/nxp/lpcxpresso_8.2.2_650/lpcxpresso/tools/bin/../lib/gcc/arm-none-eabi/5.4.1/armv7-m\libgcc.a(_arm_addsubsf3.o)
 .data          0x10000040        0x0 d:/nxp/lpcxpresso_8.2.2_650/lpcxpresso/tools/bin/../lib/gcc/arm-none-eabi/5.4.1/armv7-m\libgcc.a(_arm_fixsfsi.o)
 .data          0x10000040        0x0 d:/nxp/lpcxpresso_8.2.2_650/lpcxpresso/tools/bin/../lib/gcc/arm-none-eabi/5.4.1/../../../../arm-none-eabi/lib/armv7-m\libc.a(lib_a-memcpy.o)
 .data          0x10000040        0x0 d:/nxp/lpcxpresso_8.2.2_650/lpcxpresso/tools/bin/../lib/gcc/arm-none-eabi/5.4.1/../../../../arm-none-eabi/lib/armv7-m\libc.a(lib_a-memset.o)
 .data          0x10000040        0x0 d:/nxp/lpcxpresso_8.2.2_650/lpcxpresso/tools/bin/../lib/gcc/arm-none-eabi/5.4.1/../../../../arm-none-eabi/lib/armv7-m\libc.a(lib_a-printf.o)
 .data          0x10000040        0x0 d:/nxp/lpcxpresso_8.2.2_650/lpcxpresso/tools/bin/../lib/gcc/arm-none-eabi/5.4.1/../../../../arm-none-eabi/lib/armv7-m\libc.a(lib_a-sprintf.o)
 .data          0x10000040        0x0 d:/nxp/lpcxpresso_8.2.2_650/lpcxpresso/tools/bin/../lib/gcc/arm-none-eabi/5.4.1/../../../../arm-none-eabi/lib/armv7-m\libc.a(lib_a-strcat.o)
 .data          0x10000040        0x0 d:/nxp/lpcxpresso_8.2.2_650/lpcxpresso/tools/bin/../lib/gcc/arm-none-eabi/5.4.1/../../../../arm-none-eabi/lib/armv7-m\libc.a(lib_a-strcpy.o)
 .data          0x10000040        0x0 d:/nxp/lpcxpresso_8.2.2_650/lpcxpresso/tools/bin/../lib/gcc/arm-none-eabi/5.4.1/../../../../arm-none-eabi/lib/armv7-m\libc.a(lib_a-strlen-stub.o)
 .data          0x10000040        0x0 d:/nxp/lpcxpresso_8.2.2_650/lpcxpresso/tools/bin/../lib/gcc/arm-none-eabi/5.4.1/../../../../arm-none-eabi/lib/armv7-m\libc.a(lib_a-strncpy.o)
 .data          0x10000040        0x0 d:/nxp/lpcxpresso_8.2.2_650/lpcxpresso/tools/bin/../lib/gcc/arm-none-eabi/5.4.1/../../../../arm-none-eabi/lib/armv7-m\libc.a(lib_a-svfprintf.o)
 .data          0x10000040        0x0 d:/nxp/lpcxpresso_8.2.2_650/lpcxpresso/tools/bin/../lib/gcc/arm-none-eabi/5.4.1/../../../../arm-none-eabi/lib/armv7-m\libc.a(lib_a-vfprintf.o)
 .data          0x10000040        0x0 d:/nxp/lpcxpresso_8.2.2_650/lpcxpresso/tools/bin/../lib/gcc/arm-none-eabi/5.4.1/../../../../arm-none-eabi/lib/armv7-m\libc.a(lib_a-wsetup.o)
 .data          0x10000040        0x0 d:/nxp/lpcxpresso_8.2.2_650/lpcxpresso/tools/bin/../lib/gcc/arm-none-eabi/5.4.1/../../../../arm-none-eabi/lib/armv7-m\libc.a(lib_a-dtoa.o)
 .data          0x10000040        0x0 d:/nxp/lpcxpresso_8.2.2_650/lpcxpresso/tools/bin/../lib/gcc/arm-none-eabi/5.4.1/../../../../arm-none-eabi/lib/armv7-m\libc.a(lib_a-fflush.o)
 .data          0x10000040        0x0 d:/nxp/lpcxpresso_8.2.2_650/lpcxpresso/tools/bin/../lib/gcc/arm-none-eabi/5.4.1/../../../../arm-none-eabi/lib/armv7-m\libc.a(lib_a-findfp.o)
 .data          0x10000040        0x0 d:/nxp/lpcxpresso_8.2.2_650/lpcxpresso/tools/bin/../lib/gcc/arm-none-eabi/5.4.1/../../../../arm-none-eabi/lib/armv7-m\libc.a(lib_a-fwalk.o)
 .data          0x10000040        0x0 d:/nxp/lpcxpresso_8.2.2_650/lpcxpresso/tools/bin/../lib/gcc/arm-none-eabi/5.4.1/../../../../arm-none-eabi/lib/armv7-m\libc.a(lib_a-impure.o)
 .data.impure_data
                0x10000040      0x428 d:/nxp/lpcxpresso_8.2.2_650/lpcxpresso/tools/bin/../lib/gcc/arm-none-eabi/5.4.1/../../../../arm-none-eabi/lib/armv7-m\libc.a(lib_a-impure.o)
 .data._impure_ptr
                0x10000468        0x4 d:/nxp/lpcxpresso_8.2.2_650/lpcxpresso/tools/bin/../lib/gcc/arm-none-eabi/5.4.1/../../../../arm-none-eabi/lib/armv7-m\libc.a(lib_a-impure.o)
                0x10000468                _impure_ptr
 .data          0x1000046c        0x0 d:/nxp/lpcxpresso_8.2.2_650/lpcxpresso/tools/bin/../lib/gcc/arm-none-eabi/5.4.1/../../../../arm-none-eabi/lib/armv7-m\libc.a(lib_a-locale.o)
 .data.lc_message_charset
                0x1000046c       0x20 d:/nxp/lpcxpresso_8.2.2_650/lpcxpresso/tools/bin/../lib/gcc/arm-none-eabi/5.4.1/../../../../arm-none-eabi/lib/armv7-m\libc.a(lib_a-locale.o)
 .data.lconv    0x1000048c       0x38 d:/nxp/lpcxpresso_8.2.2_650/lpcxpresso/tools/bin/../lib/gcc/arm-none-eabi/5.4.1/../../../../arm-none-eabi/lib/armv7-m\libc.a(lib_a-locale.o)
 .data.lc_ctype_charset
                0x100004c4       0x20 d:/nxp/lpcxpresso_8.2.2_650/lpcxpresso/tools/bin/../lib/gcc/arm-none-eabi/5.4.1/../../../../arm-none-eabi/lib/armv7-m\libc.a(lib_a-locale.o)
 .data.__mb_cur_max
                0x100004e4        0x4 d:/nxp/lpcxpresso_8.2.2_650/lpcxpresso/tools/bin/../lib/gcc/arm-none-eabi/5.4.1/../../../../arm-none-eabi/lib/armv7-m\libc.a(lib_a-locale.o)
                0x100004e4                __mb_cur_max
 .data          0x100004e8        0x0 d:/nxp/lpcxpresso_8.2.2_650/lpcxpresso/tools/bin/../lib/gcc/arm-none-eabi/5.4.1/../../../../arm-none-eabi/lib/armv7-m\libc.a(lib_a-makebuf.o)
 .data          0x100004e8        0x0 d:/nxp/lpcxpresso_8.2.2_650/lpcxpresso/tools/bin/../lib/gcc/arm-none-eabi/5.4.1/../../../../arm-none-eabi/lib/armv7-m\libc.a(lib_a-memchr-stub.o)
 .data          0x100004e8        0x0 d:/nxp/lpcxpresso_8.2.2_650/lpcxpresso/tools/bin/../lib/gcc/arm-none-eabi/5.4.1/../../../../arm-none-eabi/lib/armv7-m\libc.a(lib_a-mprec.o)
 .data          0x100004e8        0x0 d:/nxp/lpcxpresso_8.2.2_650/lpcxpresso/tools/bin/../lib/gcc/arm-none-eabi/5.4.1/../../../../arm-none-eabi/lib/armv7-m\libc.a(lib_a-stdio.o)
 .data          0x100004e8        0x0 d:/nxp/lpcxpresso_8.2.2_650/lpcxpresso/tools/bin/../lib/gcc/arm-none-eabi/5.4.1/../../../../arm-none-eabi/lib/armv7-m\libc.a(lib_a-strcmp.o)
 .data          0x100004e8        0x0 d:/nxp/lpcxpresso_8.2.2_650/lpcxpresso/tools/bin/../lib/gcc/arm-none-eabi/5.4.1/../../../../arm-none-eabi/lib/armv7-m\libc.a(lib_a-svfiprintf.o)
 .data          0x100004e8        0x0 d:/nxp/lpcxpresso_8.2.2_650/lpcxpresso/tools/bin/../lib/gcc/arm-none-eabi/5.4.1/../../../../arm-none-eabi/lib/armv7-m\libc.a(lib_a-vfiprintf.o)
 .data          0x100004e8        0x0 d:/nxp/lpcxpresso_8.2.2_650/lpcxpresso/tools/bin/../lib/gcc/arm-none-eabi/5.4.1/../../../../arm-none-eabi/lib/armv7-m\libc.a(lib_a-writer.o)
 .data          0x100004e8        0x0 d:/nxp/lpcxpresso_8.2.2_650/lpcxpresso/tools/bin/../lib/gcc/arm-none-eabi/5.4.1/../../../../arm-none-eabi/lib/armv7-m\libc.a(lib_a-closer.o)
 .data          0x100004e8        0x0 d:/nxp/lpcxpresso_8.2.2_650/lpcxpresso/tools/bin/../lib/gcc/arm-none-eabi/5.4.1/../../../../arm-none-eabi/lib/armv7-m\libc.a(lib_a-fclose.o)
 .data          0x100004e8        0x0 d:/nxp/lpcxpresso_8.2.2_650/lpcxpresso/tools/bin/../lib/gcc/arm-none-eabi/5.4.1/../../../../arm-none-eabi/lib/armv7-m\libc.a(lib_a-fputwc.o)
 .data          0x100004e8        0x0 d:/nxp/lpcxpresso_8.2.2_650/lpcxpresso/tools/bin/../lib/gcc/arm-none-eabi/5.4.1/../../../../arm-none-eabi/lib/armv7-m\libc.a(lib_a-fstatr.o)
 .data          0x100004e8        0x0 d:/nxp/lpcxpresso_8.2.2_650/lpcxpresso/tools/bin/../lib/gcc/arm-none-eabi/5.4.1/../../../../arm-none-eabi/lib/armv7-m\libc.a(lib_a-fvwrite.o)
 .data          0x100004e8        0x0 d:/nxp/lpcxpresso_8.2.2_650/lpcxpresso/tools/bin/../lib/gcc/arm-none-eabi/5.4.1/../../../../arm-none-eabi/lib/armv7-m\libc.a(lib_a-isattyr.o)
 .data          0x100004e8        0x0 d:/nxp/lpcxpresso_8.2.2_650/lpcxpresso/tools/bin/../lib/gcc/arm-none-eabi/5.4.1/../../../../arm-none-eabi/lib/armv7-m\libc.a(lib_a-lseekr.o)
 .data          0x100004e8        0x0 d:/nxp/lpcxpresso_8.2.2_650/lpcxpresso/tools/bin/../lib/gcc/arm-none-eabi/5.4.1/../../../../arm-none-eabi/lib/armv7-m\libc.a(lib_a-memmove.o)
 .data          0x100004e8        0x0 d:/nxp/lpcxpresso_8.2.2_650/lpcxpresso/tools/bin/../lib/gcc/arm-none-eabi/5.4.1/../../../../arm-none-eabi/lib/armv7-m\libc.a(lib_a-readr.o)
 .data          0x100004e8        0x0 d:/nxp/lpcxpresso_8.2.2_650/lpcxpresso/tools/bin/../lib/gcc/arm-none-eabi/5.4.1/../../../../arm-none-eabi/lib/armv7-m\libc.a(lib_a-reent.o)
 .data          0x100004e8        0x0 d:/nxp/lpcxpresso_8.2.2_650/lpcxpresso/tools/bin/../lib/gcc/arm-none-eabi/5.4.1/../../../../arm-none-eabi/lib/armv7-m\libc.a(lib_a-wbuf.o)
 .data          0x100004e8        0x0 d:/nxp/lpcxpresso_8.2.2_650/lpcxpresso/tools/bin/../lib/gcc/arm-none-eabi/5.4.1/../../../../arm-none-eabi/lib/armv7-m\libc.a(lib_a-wcrtomb.o)
 .data          0x100004e8        0x0 d:/nxp/lpcxpresso_8.2.2_650/lpcxpresso/tools/bin/../lib/gcc/arm-none-eabi/5.4.1/../../../../arm-none-eabi/lib/armv7-m\libc.a(lib_a-wctomb_r.o)
 .data.__wctomb
                0x100004e8        0x4 d:/nxp/lpcxpresso_8.2.2_650/lpcxpresso/tools/bin/../lib/gcc/arm-none-eabi/5.4.1/../../../../arm-none-eabi/lib/armv7-m\libc.a(lib_a-wctomb_r.o)
                0x100004e8                __wctomb
 .data          0x100004ec        0x0 d:/nxp/lpcxpresso_8.2.2_650/lpcxpresso/tools/bin/../lib/gcc/arm-none-eabi/5.4.1/../../../../arm-none-eabi/lib/armv7-m\libcr_newlib_semihost.a(syscalls.o)
 .data          0x100004ec        0x0 d:/nxp/lpcxpresso_8.2.2_650/lpcxpresso/tools/bin/../lib/gcc/arm-none-eabi/5.4.1/armv7-m\libgcc.a(_arm_cmpdf2.o)
 .data          0x100004ec        0x0 d:/nxp/lpcxpresso_8.2.2_650/lpcxpresso/tools/bin/../lib/gcc/arm-none-eabi/5.4.1/armv7-m\libgcc.a(_arm_unorddf2.o)
 .data          0x100004ec        0x0 d:/nxp/lpcxpresso_8.2.2_650/lpcxpresso/tools/bin/../lib/gcc/arm-none-eabi/5.4.1/armv7-m\libgcc.a(_aeabi_uldivmod.o)
 .data          0x100004ec        0x0 d:/nxp/lpcxpresso_8.2.2_650/lpcxpresso/tools/bin/../lib/gcc/arm-none-eabi/5.4.1/armv7-m\libgcc.a(_udivmoddi4.o)
 .data          0x100004ec        0x0 d:/nxp/lpcxpresso_8.2.2_650/lpcxpresso/tools/bin/../lib/gcc/arm-none-eabi/5.4.1/armv7-m\libgcc.a(_dvmd_tls.o)