Archive member included to satisfy reference by file (symbol)

../Libraries\libCMSISv2_LPC17xx.a(system_LPC17xx.o)
                              ./src/drivers/uart/uart.o (SystemFrequency)
c:/nxp/lpcxpresso_8.2.2_650/lpcxpresso/tools/bin/../lib/gcc/arm-none-eabi/5.4.1/armv7-m\libgcc.a(_arm_addsubdf3.o)
                              ./src/pi7/comunicacao_pic/comunicacao_pic.o (__aeabi_f2d)
c:/nxp/lpcxpresso_8.2.2_650/lpcxpresso/tools/bin/../lib/gcc/arm-none-eabi/5.4.1/armv7-m\libgcc.a(_arm_fixsfsi.o)
                              ./src/pi7/interpretador_comando/interpretador_comando.o (__aeabi_f2iz)
c:/nxp/lpcxpresso_8.2.2_650/lpcxpresso/tools/bin/../lib/gcc/arm-none-eabi/5.4.1/../../../../arm-none-eabi/lib/armv7-m\libc.a(lib_a-memcpy.o)
                              ./src/drivers/console/alloc.o (memcpy)
c:/nxp/lpcxpresso_8.2.2_650/lpcxpresso/tools/bin/../lib/gcc/arm-none-eabi/5.4.1/../../../../arm-none-eabi/lib/armv7-m\libc.a(lib_a-memset.o)
                              ./FreeRTOS_src/tasks.o (memset)
c:/nxp/lpcxpresso_8.2.2_650/lpcxpresso/tools/bin/../lib/gcc/arm-none-eabi/5.4.1/../../../../arm-none-eabi/lib/armv7-m\libc.a(lib_a-printf.o)
                              ./src/pi7/interpretador_comando/interpretador_comando.o (printf)
c:/nxp/lpcxpresso_8.2.2_650/lpcxpresso/tools/bin/../lib/gcc/arm-none-eabi/5.4.1/../../../../arm-none-eabi/lib/armv7-m\libc.a(lib_a-sprintf.o)
                              ./src/drivers/console/basic_io.o (sprintf)
c:/nxp/lpcxpresso_8.2.2_650/lpcxpresso/tools/bin/../lib/gcc/arm-none-eabi/5.4.1/../../../../arm-none-eabi/lib/armv7-m\libc.a(lib_a-strcat.o)
                              ./FreeRTOS_src/tasks.o (strcat)
c:/nxp/lpcxpresso_8.2.2_650/lpcxpresso/tools/bin/../lib/gcc/arm-none-eabi/5.4.1/../../../../arm-none-eabi/lib/armv7-m\libc.a(lib_a-strcpy.o)
                              c:/nxp/lpcxpresso_8.2.2_650/lpcxpresso/tools/bin/../lib/gcc/arm-none-eabi/5.4.1/../../../../arm-none-eabi/lib/armv7-m\libc.a(lib_a-strcat.o) (strcpy)
c:/nxp/lpcxpresso_8.2.2_650/lpcxpresso/tools/bin/../lib/gcc/arm-none-eabi/5.4.1/../../../../arm-none-eabi/lib/armv7-m\libc.a(lib_a-strlen-stub.o)
                              ./src/drivers/console/consoleprint.o (strlen)
c:/nxp/lpcxpresso_8.2.2_650/lpcxpresso/tools/bin/../lib/gcc/arm-none-eabi/5.4.1/../../../../arm-none-eabi/lib/armv7-m\libc.a(lib_a-strncpy.o)
                              ./FreeRTOS_src/tasks.o (strncpy)
c:/nxp/lpcxpresso_8.2.2_650/lpcxpresso/tools/bin/../lib/gcc/arm-none-eabi/5.4.1/../../../../arm-none-eabi/lib/armv7-m\libc.a(lib_a-svfprintf.o)
                              c:/nxp/lpcxpresso_8.2.2_650/lpcxpresso/tools/bin/../lib/gcc/arm-none-eabi/5.4.1/../../../../arm-none-eabi/lib/armv7-m\libc.a(lib_a-sprintf.o) (_svfprintf_r)
c:/nxp/lpcxpresso_8.2.2_650/lpcxpresso/tools/bin/../lib/gcc/arm-none-eabi/5.4.1/../../../../arm-none-eabi/lib/armv7-m\libc.a(lib_a-vfprintf.o)
                              c:/nxp/lpcxpresso_8.2.2_650/lpcxpresso/tools/bin/../lib/gcc/arm-none-eabi/5.4.1/../../../../arm-none-eabi/lib/armv7-m\libc.a(lib_a-printf.o) (_vfprintf_r)
c:/nxp/lpcxpresso_8.2.2_650/lpcxpresso/tools/bin/../lib/gcc/arm-none-eabi/5.4.1/../../../../arm-none-eabi/lib/armv7-m\libc.a(lib_a-wsetup.o)
                              c:/nxp/lpcxpresso_8.2.2_650/lpcxpresso/tools/bin/../lib/gcc/arm-none-eabi/5.4.1/../../../../arm-none-eabi/lib/armv7-m\libc.a(lib_a-vfprintf.o) (__swsetup_r)
c:/nxp/lpcxpresso_8.2.2_650/lpcxpresso/tools/bin/../lib/gcc/arm-none-eabi/5.4.1/../../../../arm-none-eabi/lib/armv7-m\libc.a(lib_a-dtoa.o)
                              c:/nxp/lpcxpresso_8.2.2_650/lpcxpresso/tools/bin/../lib/gcc/arm-none-eabi/5.4.1/../../../../arm-none-eabi/lib/armv7-m\libc.a(lib_a-svfprintf.o) (_dtoa_r)
c:/nxp/lpcxpresso_8.2.2_650/lpcxpresso/tools/bin/../lib/gcc/arm-none-eabi/5.4.1/../../../../arm-none-eabi/lib/armv7-m\libc.a(lib_a-fflush.o)
                              c:/nxp/lpcxpresso_8.2.2_650/lpcxpresso/tools/bin/../lib/gcc/arm-none-eabi/5.4.1/../../../../arm-none-eabi/lib/armv7-m\libc.a(lib_a-vfprintf.o) (_fflush_r)
c:/nxp/lpcxpresso_8.2.2_650/lpcxpresso/tools/bin/../lib/gcc/arm-none-eabi/5.4.1/../../../../arm-none-eabi/lib/armv7-m\libc.a(lib_a-findfp.o)
                              c:/nxp/lpcxpresso_8.2.2_650/lpcxpresso/tools/bin/../lib/gcc/arm-none-eabi/5.4.1/../../../../arm-none-eabi/lib/armv7-m\libc.a(lib_a-vfprintf.o) (__sinit)
c:/nxp/lpcxpresso_8.2.2_650/lpcxpresso/tools/bin/../lib/gcc/arm-none-eabi/5.4.1/../../../../arm-none-eabi/lib/armv7-m\libc.a(lib_a-fwalk.o)
                              c:/nxp/lpcxpresso_8.2.2_650/lpcxpresso/tools/bin/../lib/gcc/arm-none-eabi/5.4.1/../../../../arm-none-eabi/lib/armv7-m\libc.a(lib_a-findfp.o) (_fwalk)
c:/nxp/lpcxpresso_8.2.2_650/lpcxpresso/tools/bin/../lib/gcc/arm-none-eabi/5.4.1/../../../../arm-none-eabi/lib/armv7-m\libc.a(lib_a-impure.o)
[...]
Memory Configuration

Name             Origin             Length             Attributes
MFlash512        0x00000000         0x00080000         xr
RamLoc32         0x10000000         0x00008000         xrw
RamAHB32         0x2007c000         0x00008000         xrw
*default*        0x00000000         0xffffffff

Linker script and memory map

LOAD ./src/pi7/programa_trajetoria/programa_trajetoria.o
LOAD ./src/pi7/interpretador_comando/interpretador_comando.o
LOAD ./src/pi7/estado_trajetoria/estado_trajetoria.o
LOAD ./src/pi7/controlador_trajetoria/controlador_trajetoria.o
LOAD ./src/pi7/comunicacao_pic/comunicacao_pic.o
LOAD ./src/pi7/comunicacao_pc/modbus.o
LOAD ./src/drivers/uart/uart.o
LOAD ./src/drivers/pwm/pwm.o
LOAD ./src/drivers/ledonboard/leds.o
LOAD ./src/drivers/console/alloc.o
LOAD ./src/drivers/console/basic_io.o
LOAD ./src/drivers/console/consoleprint.o
LOAD ./src/cr_startup_lpc17.o
LOAD ./src/main.o
LOAD ./FreeRTOS_src/croutine.o
LOAD ./FreeRTOS_src/list.o
LOAD ./FreeRTOS_src/queue.o
LOAD ./FreeRTOS_src/tasks.o
LOAD ./FreeRTOS_src/timers.o
LOAD ./FreeRTOS_portable/MemMang/heap_2.o
LOAD ./FreeRTOS_portable/port.o
LOAD ../Libraries\libCMSISv2_LPC17xx.a
START GROUP
LOAD c:/nxp/lpcxpresso_8.2.2_650/lpcxpresso/tools/bin/../lib/gcc/arm-none-eabi/5.4.1/armv7-m\libgcc.a
LOAD c:/nxp/lpcxpresso_8.2.2_650/lpcxpresso/tools/bin/../lib/gcc/arm-none-eabi/5.4.1/../../../../arm-none-eabi/lib/armv7-m\libc.a
LOAD c:/nxp/lpcxpresso_8.2.2_650/lpcxpresso/tools/bin/../lib/gcc/arm-none-eabi/5.4.1/../../../../arm-none-eabi/lib/armv7-m\libm.a
LOAD c:/nxp/lpcxpresso_8.2.2_650/lpcxpresso/tools/bin/../lib/gcc/arm-none-eabi/5.4.1/../../../../arm-none-eabi/lib/armv7-m\libcr_newlib_semihost.a
END GROUP
                0x00000000                __base_MFlash512 = 0x0
                0x00000000                __base_Flash = 0x0
                0x00080000                __top_MFlash512 = 0x80000
                0x00080000                __top_Flash = 0x80000
                0x10000000                __base_RamLoc32 = 0x10000000
                0x10000000                __base_RAM = 0x10000000
                0x10008000                __top_RamLoc32 = 0x10008000
                0x10008000                __top_RAM = 0x10008000
                0x2007c000                __base_RamAHB32 = 0x2007c000
                0x2007c000                __base_RAM2 = 0x2007c000
                0x20084000                __top_RamAHB32 = 0x20084000
                0x20084000                __top_RAM2 = 0x20084000

.text           0x00000000     0xb678
 FILL mask 0xff
                0x00000000                __vectors_start__ = ABSOLUTE (.)
 *(.isr_vector)
 .isr_vector    0x00000000       0xcc ./src/cr_startup_lpc17.o
                0x00000000                g_pfnVectors
                0x000000cc                . = ALIGN (0x4)
                0x000000cc                __section_table_start = .
                0x000000cc                __data_section_table = .
                0x000000cc        0x4 LONG 0xb680 LOADADDR (.data)
                0x000000d0        0x4 LONG 0x10000000 ADDR (.data)
                0x000000d4        0x4 LONG 0x4e4 SIZEOF (.data)
                0x000000d8        0x4 LONG 0xb680 LOADADDR (.data_RAM2)
                0x000000dc        0x4 LONG 0x2007c000 ADDR (.data_RAM2)
                0x000000e0        0x4 LONG 0x0 SIZEOF (.data_RAM2)
                0x000000e4                __data_section_table_end = .
                0x000000e4                __bss_section_table = .
                0x000000e4        0x4 LONG 0x100004e8 ADDR (.bss)
                0x000000e8        0x4 LONG 0x59bc SIZEOF (.bss)
                0x000000ec        0x4 LONG 0x2007c000 ADDR (.bss_RAM2)
                0x000000f0        0x4 LONG 0x0 SIZEOF (.bss_RAM2)
                0x000000f4                __bss_section_table_end = .
                0x000000f4                __section_table_end = .
 *(.after_vectors*)
 *(.text*)
 .text          0x000000f4        0x0 ./src/pi7/programa_trajetoria/programa_trajetoria.o
 .text.ptj_storeProgram
                0x000000f4        0x2 ./src/pi7/programa_trajetoria/programa_trajetoria.o
                0x000000f4                ptj_storeProgram
 *fill*         0x000000f6        0x2 ff
 .text.ptj_getLine
                0x000000f8       0x1c ./src/pi7/programa_trajetoria/programa_trajetoria.o
                0x000000f8                ptj_getLine
 .text.ptj_init
                0x00000114       0x1c ./src/pi7/programa_trajetoria/programa_trajetoria.o
                0x00000114                ptj_init
 .text          0x00000130        0x0 ./src/pi7/interpretador_comando/interpretador_comando.o
 .text.ctl_ReadRegister
                0x00000130       0x32 ./src/pi7/interpretador_comando/interpretador_comando.o
                0x00000130                ctl_ReadRegister
 *fill*         0x00000162        0x2 ff
 .text.ctl_WriteRegister
                0x00000164       0x4c ./src/pi7/interpretador_comando/interpretador_comando.o
                0x00000164                ctl_WriteRegister
 .text.ctl_WriteProgram
                0x000001b0        0x4 ./src/pi7/interpretador_comando/interpretador_comando.o
                0x000001b0                ctl_WriteProgram
 .text.ctl_init
                0x000001b4        0x2 ./src/pi7/interpretador_comando/interpretador_comando.o
                0x000001b4                ctl_init
 .text          0x000001b6        0x0 ./src/pi7/estado_trajetoria/estado_trajetoria.o
 *fill*         0x000001b6        0x2 ff
 .text.stt_getCurrentLine
                0x000001b8        0xc ./src/pi7/estado_trajetoria/estado_trajetoria.o
                0x000001b8                stt_getCurrentLine
 .text.stt_setCurrentLine
                0x000001c4        0xc ./src/pi7/estado_trajetoria/estado_trajetoria.o
                0x000001c4                stt_setCurrentLine
 .text.stt_getX
                0x000001d0        0xc ./src/pi7/estado_trajetoria/estado_trajetoria.o
                0x000001d0                stt_getX
 .text.stt_getY
                0x000001dc        0xc ./src/pi7/estado_trajetoria/estado_trajetoria.o
                0x000001dc                stt_getY
 .text.stt_getZ
                0x000001e8        0xc ./src/pi7/estado_trajetoria/estado_trajetoria.o
                0x000001e8                stt_getZ
 .text.stt_setX
                0x000001f4        0xc ./src/pi7/estado_trajetoria/estado_trajetoria.o
                0x000001f4                stt_setX
 .text.stt_setY
                0x00000200        0xc ./src/pi7/estado_trajetoria/estado_trajetoria.o
                0x00000200                stt_setY
 .text.stt_setZ
                0x0000020c        0xc ./src/pi7/estado_trajetoria/estado_trajetoria.o
                0x0000020c                stt_setZ
 .text.stt_init
                0x00000218        0x2 ./src/pi7/estado_trajetoria/estado_trajetoria.o
                0x00000218                stt_init
 .text          0x0000021a        0x0 ./src/pi7/controlador_trajetoria/controlador_trajetoria.o
 *fill*         0x0000021a        0x2 ff
 .text.trj_generateSetpoint
                0x0000021c       0x54 ./src/pi7/controlador_trajetoria/controlador_trajetoria.o
                0x0000021c                trj_generateSetpoint
 .text.trj_processCommand
                0x00000270       0x3c ./src/pi7/controlador_trajetoria/controlador_trajetoria.o
                0x00000270                trj_processCommand
 .text.trj_init
                0x000002ac        0xc ./src/pi7/controlador_trajetoria/controlador_trajetoria.o
                0x000002ac                trj_init
 .text          0x000002b8        0x0 ./src/pi7/comunicacao_pic/comunicacao_pic.o
 .text.pic_sendToPIC
                0x000002b8       0x3c ./src/pi7/comunicacao_pic/comunicacao_pic.o
                0x000002b8                pic_sendToPIC
 .text.pic_init
                0x000002f4        0x2 ./src/pi7/comunicacao_pic/comunicacao_pic.o
                0x000002f4                pic_init
 .text          0x000002f6        0x0 ./src/pi7/comunicacao_pc/modbus.o
 .text.decode   0x000002f6       0x20 ./src/pi7/comunicacao_pc/modbus.o
                0x000002f6                decode
 .text.encodeLow
                0x00000316        0xe ./src/pi7/comunicacao_pc/modbus.o
                0x00000316                encodeLow
 .text.encodeHigh
                0x00000324        0xc ./src/pi7/comunicacao_pc/modbus.o
                0x00000324                encodeHigh
 .text.putCharToSerial
                0x00000330       0x30 ./src/pi7/comunicacao_pc/modbus.o
                0x00000330                putCharToSerial
 .text.getCharFromSerial
                0x00000360       0x34 ./src/pi7/comunicacao_pc/modbus.o
                0x00000360                getCharFromSerial
 .text.calculateLRC
                0x00000394       0x1c ./src/pi7/comunicacao_pc/modbus.o
                0x00000394                calculateLRC
 .text.checkLRC
                0x000003b0       0x50 ./src/pi7/comunicacao_pc/modbus.o
                0x000003b0                checkLRC
 .text.processReadRegister
                0x00000400       0x70 ./src/pi7/comunicacao_pc/modbus.o
                0x00000400                processReadRegister
 .text.processWriteRegister
                0x00000470       0x90 ./src/pi7/comunicacao_pc/modbus.o
                0x00000470                processWriteRegister
 .text.processWriteFile
                0x00000500        0x2 ./src/pi7/comunicacao_pc/modbus.o
                0x00000500                processWriteFile
 *fill*         0x00000502        0x2 ff
 .text.decodeFunctionCode
                0x00000504       0x14 ./src/pi7/comunicacao_pc/modbus.o
                0x00000504                decodeFunctionCode
 .text.processMessage
                0x00000518       0x2c ./src/pi7/comunicacao_pc/modbus.o
                0x00000518                processMessage
 .text.receiveMessage
                0x00000544       0x6c ./src/pi7/comunicacao_pc/modbus.o
                0x00000544                receiveMessage
 .text.com_init
                0x000005b0       0x14 ./src/pi7/comunicacao_pc/modbus.o
                0x000005b0                com_init
 .text.com_executeCommunication
                0x000005c4       0x1c ./src/pi7/comunicacao_pc/modbus.o
                0x000005c4                com_executeCommunication
 .text          0x000005e0        0x0 ./src/drivers/uart/uart.o
 .text.UARTGetChar
                0x000005e0       0x3c ./src/drivers/uart/uart.o
                0x000005e0                UARTGetChar
 .text.UART0_IRQHandler
                0x0000061c       0xb8 ./src/drivers/uart/uart.o
                0x0000061c                UART0_IRQHandler
 .text.UART1_IRQHandler
                0x000006d4       0xb8 ./src/drivers/uart/uart.o
                0x000006d4                UART1_IRQHandler
 .text.UARTInit
                0x0000078c      0x104 ./src/drivers/uart/uart.o
                0x0000078c                UARTInit
 .text.UARTSend
                0x00000890       0x50 ./src/drivers/uart/uart.o
                0x00000890                UARTSend
 .text.UARTSendNullTerminated
                0x000008e0       0x50 ./src/drivers/uart/uart.o
                0x000008e0                UARTSendNullTerminated
 .text          0x00000930        0x0 ./src/drivers/pwm/pwm.o
 .text.PWM1_IRQHandler
                0x00000930       0x20 ./src/drivers/pwm/pwm.o
                0x00000930                PWM1_IRQHandler
 .text.PWM_Init
                0x00000950       0x6c ./src/drivers/pwm/pwm.o
                0x00000950                PWM_Init
 .text.PWM_Set  0x000009bc       0x48 ./src/drivers/pwm/pwm.o
                0x000009bc                PWM_Set
 .text.PWM_Start
                0x00000a04       0x18 ./src/drivers/pwm/pwm.o
                0x00000a04                PWM_Start
 .text.PWM_Stop
                0x00000a1c       0x14 ./src/drivers/pwm/pwm.o
                0x00000a1c                PWM_Stop
 .text          0x00000a30        0x0 ./src/drivers/ledonboard/leds.o
 .text.led2_init
                0x00000a30       0x20 ./src/drivers/ledonboard/leds.o
                0x00000a30                led2_init
 .text.led2_on  0x00000a50       0x10 ./src/drivers/ledonboard/leds.o
                0x00000a50                led2_on
 .text.led2_off
                0x00000a60       0x10 ./src/drivers/ledonboard/leds.o
                0x00000a60                led2_off
 .text.led2_invert
                0x00000a70       0x18 ./src/drivers/ledonboard/leds.o
                0x00000a70                led2_invert
 .text          0x00000a88        0x0 ./src/drivers/console/alloc.o
 .text._realloc_r
                0x00000a88       0x2a ./src/drivers/console/alloc.o
                0x00000a88                _realloc_r
 .text._calloc_r
                0x00000ab2        0x8 ./src/drivers/console/alloc.o
                0x00000ab2                _calloc_r
 .text._malloc_r
                0x00000aba        0x6 ./src/drivers/console/alloc.o
                0x00000aba                _malloc_r
 .text._free_r  0x00000ac0        0x6 ./src/drivers/console/alloc.o
                0x00000ac0                _free_r
 .text          0x00000ac6        0x0 ./src/drivers/console/basic_io.o
 *fill*         0x00000ac6        0x2 ff
 .text.vPrintString
                0x00000ac8       0x20 ./src/drivers/console/basic_io.o
                0x00000ac8                vPrintString
 .text.vPrintStringAndNumber
                0x00000ae8       0x30 ./src/drivers/console/basic_io.o
                0x00000ae8                vPrintStringAndNumber
 .text          0x00000b18        0x0 ./src/drivers/console/consoleprint.o
 .text.consoleprint
                0x00000b18       0x16 ./src/drivers/console/consoleprint.o
                0x00000b18                consoleprint
 .text          0x00000b2e        0x0 ./src/cr_startup_lpc17.o
 .text.NMI_Handler
                0x00000b2e        0x2 ./src/cr_startup_lpc17.o
                0x00000b2e                NMI_Handler
 .text.HardFault_Handler
                0x00000b30        0x2 ./src/cr_startup_lpc17.o
                0x00000b30                HardFault_Handler
 .text.MemManage_Handler
                0x00000b32        0x2 ./src/cr_startup_lpc17.o
                0x00000b32                MemManage_Handler
 .text.BusFault_Handler
                0x00000b34        0x2 ./src/cr_startup_lpc17.o
                0x00000b34                BusFault_Handler
 .text.UsageFault_Handler
                0x00000b36        0x2 ./src/cr_startup_lpc17.o
                0x00000b36                UsageFault_Handler
 .text.DebugMon_Handler
                0x00000b38        0x2 ./src/cr_startup_lpc17.o
                0x00000b38                DebugMon_Handler
 .text.IntDefaultHandler
                0x00000b3a        0x2 ./src/cr_startup_lpc17.o
                0x00000b3a                TIMER2_IRQHandler
                0x00000b3a                RIT_IRQHandler
                0x00000b3a                I2C0_IRQHandler
                0x00000b3a                USBActivity_IRQHandler
                0x00000b3a                I2C1_IRQHandler
                0x00000b3a                EINT2_IRQHandler
                0x00000b3a                EINT3_IRQHandler
                0x00000b3a                CANActivity_IRQHandler
                0x00000b3a                TIMER3_IRQHandler
                0x00000b3a                IntDefaultHandler
                0x00000b3a                PLL0_IRQHandler
                0x00000b3a                CAN_IRQHandler
                0x00000b3a                PLL1_IRQHandler
                0x00000b3a                SSP0_IRQHandler
                0x00000b3a                I2S_IRQHandler
                0x00000b3a                I2C2_IRQHandler
                0x00000b3a                RTC_IRQHandler
                0x00000b3a                TIMER0_IRQHandler
                0x00000b3a                SPI_IRQHandler
                0x00000b3a                EINT1_IRQHandler
                0x00000b3a                TIMER1_IRQHandler
                0x00000b3a                UART2_IRQHandler
                0x00000b3a                ADC_IRQHandler
                0x00000b3a                SSP1_IRQHandler
                0x00000b3a                USB_IRQHandler
                0x00000b3a                BOD_IRQHandler
                0x00000b3a                WDT_IRQHandler
                0x00000b3a                QEI_IRQHandler
                0x00000b3a                EINT0_IRQHandler
                0x00000b3a                DMA_IRQHandler
                0x00000b3a                UART3_IRQHandler
                0x00000b3a                MCPWM_IRQHandler
                0x00000b3a                ENET_IRQHandler
 .text.ResetISR
                0x00000b3c       0x48 ./src/cr_startup_lpc17.o
                0x00000b3c                ResetISR
 .text          0x00000b84        0x0 ./src/main.o
 .text.taskController
                0x00000b84        0x8 ./src/main.o
                0x00000b84                taskController
 .text.taskNCProcessing
                0x00000b8c       0x3c ./src/main.o
                0x00000b8c                taskNCProcessing
 .text.taskCommPIC
                0x00000bc8       0x24 ./src/main.o
                0x00000bc8                taskCommPIC
 .text.taskBlinkLed
                0x00000bec       0x10 ./src/main.o
                0x00000bec                taskBlinkLed
 .text.__error__
                0x00000bfc        0x2 ./src/main.o
                0x00000bfc                __error__
 *fill*         0x00000bfe        0x2 ff
 .text.startup.main
                0x00000c00       0xe4 ./src/main.o
                0x00000c00                main
 .text          0x00000ce4        0x0 ./FreeRTOS_src/croutine.o
 .text.xCoRoutineCreate
                0x00000ce4       0xc4 ./FreeRTOS_src/croutine.o
                0x00000ce4                xCoRoutineCreate
 .text.vCoRoutineAddToDelayedList
                0x00000da8       0x4c ./FreeRTOS_src/croutine.o
                0x00000da8                vCoRoutineAddToDelayedList
 .text.vCoRoutineSchedule
                0x00000df4      0x164 ./FreeRTOS_src/croutine.o
                0x00000df4                vCoRoutineSchedule
 .text.xCoRoutineRemoveFromEventList
                0x00000f58       0x34 ./FreeRTOS_src/croutine.o
                0x00000f58                xCoRoutineRemoveFromEventList
 .text          0x00000f8c        0x0 ./FreeRTOS_src/list.o
 .text.vListInitialise
                0x00000f8c       0x16 ./FreeRTOS_src/list.o
                0x00000f8c                vListInitialise
 .text.vListInitialiseItem
                0x00000fa2        0x6 ./FreeRTOS_src/list.o
                0x00000fa2                vListInitialiseItem
 .text.vListInsertEnd
                0x00000fa8       0x1a ./FreeRTOS_src/list.o
                0x00000fa8                vListInsertEnd
 .text.vListInsert
                0x00000fc2       0x30 ./FreeRTOS_src/list.o
                0x00000fc2                vListInsert
 .text.vListRemove
                0x00000ff2       0x20 ./FreeRTOS_src/list.o
                0x00000ff2                vListRemove
 .text          0x00001012        0x0 ./FreeRTOS_src/queue.o
 .text.prvCopyDataToQueue
                0x00001012       0x58 ./FreeRTOS_src/queue.o
 .text.prvCopyDataFromQueue
                0x0000106a       0x26 ./FreeRTOS_src/queue.o
 .text.prvUnlockQueue
                0x00001090       0x68 ./FreeRTOS_src/queue.o
 .text.xQueueCreate
                0x000010f8       0x68 ./FreeRTOS_src/queue.o
                0x000010f8                xQueueCreate
 .text.xQueueGenericSend
                0x00001160       0xd0 ./FreeRTOS_src/queue.o
                0x00001160                xQueueGenericSend
 .text.xQueueCreateMutex
                0x00001230       0x44 ./FreeRTOS_src/queue.o
                0x00001230                xQueueCreateMutex
 .text.xQueueGiveMutexRecursive
                0x00001274       0x2a ./FreeRTOS_src/queue.o
                0x00001274                xQueueGiveMutexRecursive
 .text.xQueueGenericSendFromISR
                0x0000129e       0x4e ./FreeRTOS_src/queue.o
                0x0000129e                xQueueGenericSendFromISR
 .text.xQueueGenericReceive
                0x000012ec      0x104 ./FreeRTOS_src/queue.o
                0x000012ec                xQueueGenericReceive
 .text.xQueueTakeMutexRecursive
                0x000013f0       0x32 ./FreeRTOS_src/queue.o
                0x000013f0                xQueueTakeMutexRecursive
 .text.xQueueReceiveFromISR
                0x00001422       0x4a ./FreeRTOS_src/queue.o
                0x00001422                xQueueReceiveFromISR
 .text.uxQueueMessagesWaiting
                0x0000146c       0x12 ./FreeRTOS_src/queue.o
                0x0000146c                uxQueueMessagesWaiting
 .text.uxQueueMessagesWaitingFromISR
                0x0000147e        0x4 ./FreeRTOS_src/queue.o
                0x0000147e                uxQueueMessagesWaitingFromISR
 *fill*         0x00001482        0x2 ff
 .text.vQueueDelete
                0x00001484       0x38 ./FreeRTOS_src/queue.o
                0x00001484                vQueueDelete
 .text.xQueueIsQueueEmptyFromISR
                0x000014bc        0xa ./FreeRTOS_src/queue.o
                0x000014bc                xQueueIsQueueEmptyFromISR
 .text.xQueueIsQueueFullFromISR
                0x000014c6        0xc ./FreeRTOS_src/queue.o
                0x000014c6                xQueueIsQueueFullFromISR
 *fill*         0x000014d2        0x2 ff
 .text.vQueueAddToRegistry
                0x000014d4       0x28 ./FreeRTOS_src/queue.o
                0x000014d4                vQueueAddToRegistry
 .text          0x000014fc        0x0 ./FreeRTOS_src/tasks.o
 .text.prvAddCurrentTaskToDelayedList
                0x000014fc       0x50 ./FreeRTOS_src/tasks.o
 .text.prvListTaskWithinSingleList
                0x0000154c       0x78 ./FreeRTOS_src/tasks.o
 .text.xTaskGenericCreate
                0x000015c4      0x194 ./FreeRTOS_src/tasks.o
                0x000015c4                xTaskGenericCreate
 .text.vTaskDelete
                0x00001758       0x70 ./FreeRTOS_src/tasks.o
                0x00001758                vTaskDelete
 .text.uxTaskPriorityGet
                0x000017c8       0x1c ./FreeRTOS_src/tasks.o
                0x000017c8                uxTaskPriorityGet
 .text.vTaskPrioritySet
                0x000017e4       0x94 ./FreeRTOS_src/tasks.o
                0x000017e4                vTaskPrioritySet
 .text.xTaskIsTaskSuspended
                0x00001878       0x24 ./FreeRTOS_src/tasks.o
                0x00001878                xTaskIsTaskSuspended
 .text.vTaskResume
                0x0000189c       0x64 ./FreeRTOS_src/tasks.o
                0x0000189c                vTaskResume
 .text.xTaskResumeFromISR
                0x00001900       0x6c ./FreeRTOS_src/tasks.o
                0x00001900                xTaskResumeFromISR
 .text.vTaskStartScheduler
                0x0000196c       0x4c ./FreeRTOS_src/tasks.o
                0x0000196c                vTaskStartScheduler
 .text.vTaskEndScheduler
                0x000019b8       0x18 ./FreeRTOS_src/tasks.o
                0x000019b8                vTaskEndScheduler
 .text.vTaskSuspendAll
                0x000019d0       0x10 ./FreeRTOS_src/tasks.o
                0x000019d0                vTaskSuspendAll
 .text.xTaskGetTickCount
                0x000019e0       0x18 ./FreeRTOS_src/tasks.o
                0x000019e0                xTaskGetTickCount
 .text.xTaskGetTickCountFromISR
                0x000019f8       0x1c ./FreeRTOS_src/tasks.o
                0x000019f8                xTaskGetTickCountFromISR
 .text.uxTaskGetNumberOfTasks
                0x00001a14        0xc ./FreeRTOS_src/tasks.o
                0x00001a14                uxTaskGetNumberOfTasks
 .text.vTaskStartTrace
                0x00001a20       0x38 ./FreeRTOS_src/tasks.o
                0x00001a20                vTaskStartTrace
 .text.ulTaskEndTrace
                0x00001a58       0x28 ./FreeRTOS_src/tasks.o
                0x00001a58                ulTaskEndTrace
 .text.vTaskIncrementTick
                0x00001a80       0xe0 ./FreeRTOS_src/tasks.o
                0x00001a80                vTaskIncrementTick
 .text.xTaskResumeAll
                0x00001b60       0xc8 ./FreeRTOS_src/tasks.o
                0x00001b60                xTaskResumeAll
 .text.vTaskDelayUntil
                0x00001c28       0x5c ./FreeRTOS_src/tasks.o
                0x00001c28                vTaskDelayUntil
 .text.vTaskDelay
                0x00001c84       0x38 ./FreeRTOS_src/tasks.o
                0x00001c84                vTaskDelay
 .text.prvIdleTask
                0x00001cbc       0x60 ./FreeRTOS_src/tasks.o
 .text.vTaskList
                0x00001d1c       0xa8 ./FreeRTOS_src/tasks.o
                0x00001d1c                vTaskList
 .text.vTaskSwitchContext
                0x00001dc4       0xc4 ./FreeRTOS_src/tasks.o
                0x00001dc4                vTaskSwitchContext
 .text.vTaskSuspend
                0x00001e88       0x74 ./FreeRTOS_src/tasks.o
                0x00001e88                vTaskSuspend
 .text.vTaskPlaceOnEventList
                0x00001efc       0x44 ./FreeRTOS_src/tasks.o
                0x00001efc                vTaskPlaceOnEventList
 .text.xTaskRemoveFromEventList
                0x00001f40       0x64 ./FreeRTOS_src/tasks.o
                0x00001f40                xTaskRemoveFromEventList
 .text.vTaskSetTimeOutState
                0x00001fa4       0x18 ./FreeRTOS_src/tasks.o
                0x00001fa4                vTaskSetTimeOutState
 .text.xTaskCheckForTimeOut
                0x00001fbc       0x54 ./FreeRTOS_src/tasks.o
                0x00001fbc                xTaskCheckForTimeOut
 .text.vTaskMissedYield
                0x00002010        0xc ./FreeRTOS_src/tasks.o
                0x00002010                vTaskMissedYield
 .text.uxTaskGetStackHighWaterMark
                0x0000201c       0x20 ./FreeRTOS_src/tasks.o
                0x0000201c                uxTaskGetStackHighWaterMark
 .text.xTaskGetCurrentTaskHandle
                0x0000203c        0xc ./FreeRTOS_src/tasks.o
                0x0000203c                xTaskGetCurrentTaskHandle
 .text.vTaskPriorityInherit
                0x00002048       0x68 ./FreeRTOS_src/tasks.o
                0x00002048                vTaskPriorityInherit
 .text.vTaskPriorityDisinherit
                0x000020b0       0x48 ./FreeRTOS_src/tasks.o
                0x000020b0                vTaskPriorityDisinherit
 .text          0x000020f8        0x0 ./FreeRTOS_src/timers.o
 .text          0x000020f8        0x0 ./FreeRTOS_portable/MemMang/heap_2.o
 .text.pvPortMalloc
                0x000020f8       0xb4 ./FreeRTOS_portable/MemMang/heap_2.o
                0x000020f8                pvPortMalloc
 .text.vPortFree
                0x000021ac       0x40 ./FreeRTOS_portable/MemMang/heap_2.o
                0x000021ac                vPortFree
 .text.xPortGetFreeHeapSize
                0x000021ec        0xc ./FreeRTOS_portable/MemMang/heap_2.o
                0x000021ec                xPortGetFreeHeapSize
 .text.vPortInitialiseBlocks
                0x000021f8        0x2 ./FreeRTOS_portable/MemMang/heap_2.o
                0x000021f8                vPortInitialiseBlocks
 .text          0x000021fa        0x0 ./FreeRTOS_portable/port.o
 .text.pxPortInitialiseStack
                0x000021fa       0x16 ./FreeRTOS_portable/port.o
                0x000021fa                pxPortInitialiseStack
 .text.vPortSVCHandler
                0x00002210       0x20 ./FreeRTOS_portable/port.o
                0x00002210                vPortSVCHandler
 .text.vPortStartFirstTask
                0x00002230       0x14 ./FreeRTOS_portable/port.o
                0x00002230                vPortStartFirstTask
 .text.xPortStartScheduler
                0x00002244       0x40 ./FreeRTOS_portable/port.o
                0x00002244                xPortStartScheduler
 .text.vPortEndScheduler
                0x00002284        0x2 ./FreeRTOS_portable/port.o
                0x00002284                vPortEndScheduler
 *fill*         0x00002286        0x2 ff
 .text.vPortYieldFromISR
                0x00002288       0x10 ./FreeRTOS_portable/port.o
                0x00002288                vPortYieldFromISR
 .text.vPortEnterCritical
                0x00002298       0x18 ./FreeRTOS_portable/port.o
                0x00002298                vPortEnterCritical
 .text.vPortExitCritical
                0x000022b0       0x18 ./FreeRTOS_portable/port.o
                0x000022b0                vPortExitCritical
 .text.xPortPendSVHandler
                0x000022c8       0x3c ./FreeRTOS_portable/port.o
                0x000022c8                xPortPendSVHandler
 .text.xPortSysTickHandler
                0x00002304       0x24 ./FreeRTOS_portable/port.o
                0x00002304                xPortSysTickHandler
 .text          0x00002328        0x0 ../Libraries\libCMSISv2_LPC17xx.a(system_LPC17xx.o)
 .text.SystemInit
                0x00002328      0x1e4 ../Libraries\libCMSISv2_LPC17xx.a(system_LPC17xx.o)
                0x00002328                SystemInit
 .text.SystemClockUpdate
                0x0000250c      0x224 ../Libraries\libCMSISv2_LPC17xx.a(system_LPC17xx.o)
                0x0000250c                SystemClockUpdate
 .text          0x00002730      0x370 c:/nxp/lpcxpresso_8.2.2_650/lpcxpresso/tools/bin/../lib/gcc/arm-none-eabi/5.4.1/armv7-m\libgcc.a(_arm_addsubdf3.o)
                0x00002730                __aeabi_drsub
                0x00002738                __aeabi_dsub
                0x00002738                __subdf3
                0x0000273c                __aeabi_dadd
                0x0000273c                __adddf3
                0x000029b4                __floatunsidf
                0x000029b4                __aeabi_ui2d
                0x000029d4                __floatsidf
                0x000029d4                __aeabi_i2d
                0x000029f8                __aeabi_f2d
                0x000029f8                __extendsfdf2
                0x00002a34                __floatundidf
                0x00002a34                __aeabi_ul2d
                0x00002a44                __floatdidf
                0x00002a44                __aeabi_l2d
 .text          0x00002aa0       0x4c c:/nxp/lpcxpresso_8.2.2_650/lpcxpresso/tools/bin/../lib/gcc/arm-none-eabi/5.4.1/armv7-m\libgcc.a(_arm_fixsfsi.o)
                0x00002aa0                __aeabi_f2iz
                0x00002aa0                __fixsfsi
 .text          0x00002aec       0xec c:/nxp/lpcxpresso_8.2.2_650/lpcxpresso/tools/bin/../lib/gcc/arm-none-eabi/5.4.1/../../../../arm-none-eabi/lib/armv7-m\libc.a(lib_a-memcpy.o)
                0x00002aec                memcpy
 .text          0x00002bd8        0x0 c:/nxp/lpcxpresso_8.2.2_650/lpcxpresso/tools/bin/../lib/gcc/arm-none-eabi/5.4.1/../../../../arm-none-eabi/lib/armv7-m\libc.a(lib_a-memset.o)
 .text.memset   0x00002bd8       0x9c c:/nxp/lpcxpresso_8.2.2_650/lpcxpresso/tools/bin/../lib/gcc/arm-none-eabi/5.4.1/../../../../arm-none-eabi/lib/armv7-m\libc.a(lib_a-memset.o)
                0x00002bd8                memset
 .text          0x00002c74        0x0 c:/nxp/lpcxpresso_8.2.2_650/lpcxpresso/tools/bin/../lib/gcc/arm-none-eabi/5.4.1/../../../../arm-none-eabi/lib/armv7-m\libc.a(lib_a-printf.o)
 .text._printf_r
                0x00002c74       0x20 c:/nxp/lpcxpresso_8.2.2_650/lpcxpresso/tools/bin/../lib/gcc/arm-none-eabi/5.4.1/../../../../arm-none-eabi/lib/armv7-m\libc.a(lib_a-printf.o)
                0x00002c74                _printf_r
 .text.printf   0x00002c94       0x28 c:/nxp/lpcxpresso_8.2.2_650/lpcxpresso/tools/bin/../lib/gcc/arm-none-eabi/5.4.1/../../../../arm-none-eabi/lib/armv7-m\libc.a(lib_a-printf.o)
                0x00002c94                printf
 .text          0x00002cbc        0x0 c:/nxp/lpcxpresso_8.2.2_650/lpcxpresso/tools/bin/../lib/gcc/arm-none-eabi/5.4.1/../../../../arm-none-eabi/lib/armv7-m\libc.a(lib_a-sprintf.o)
 .text._sprintf_r
                0x00002cbc       0x44 c:/nxp/lpcxpresso_8.2.2_650/lpcxpresso/tools/bin/../lib/gcc/arm-none-eabi/5.4.1/../../../../arm-none-eabi/lib/armv7-m\libc.a(lib_a-sprintf.o)
                0x00002cbc                _sprintf_r
 .text.sprintf  0x00002d00       0x4c c:/nxp/lpcxpresso_8.2.2_650/lpcxpresso/tools/bin/../lib/gcc/arm-none-eabi/5.4.1/../../../../arm-none-eabi/lib/armv7-m\libc.a(lib_a-sprintf.o)
                0x00002d00                sprintf
 .text          0x00002d4c        0x0 c:/nxp/lpcxpresso_8.2.2_650/lpcxpresso/tools/bin/../lib/gcc/arm-none-eabi/5.4.1/../../../../arm-none-eabi/lib/armv7-m\libc.a(lib_a-strcat.o)
 .text.strcat   0x00002d4c       0x40 c:/nxp/lpcxpresso_8.2.2_650/lpcxpresso/tools/bin/../lib/gcc/arm-none-eabi/5.4.1/../../../../arm-none-eabi/lib/armv7-m\libc.a(lib_a-strcat.o)
                0x00002d4c                strcat
 .text          0x00002d8c        0x0 c:/nxp/lpcxpresso_8.2.2_650/lpcxpresso/tools/bin/../lib/gcc/arm-none-eabi/5.4.1/../../../../arm-none-eabi/lib/armv7-m\libc.a(lib_a-strcpy.o)
 .text.strcpy   0x00002d8c       0xbc c:/nxp/lpcxpresso_8.2.2_650/lpcxpresso/tools/bin/../lib/gcc/arm-none-eabi/5.4.1/../../../../arm-none-eabi/lib/armv7-m\libc.a(lib_a-strcpy.o)
                0x00002d8c                strcpy
 .text          0x00002e48        0x0 c:/nxp/lpcxpresso_8.2.2_650/lpcxpresso/tools/bin/../lib/gcc/arm-none-eabi/5.4.1/../../../../arm-none-eabi/lib/armv7-m\libc.a(lib_a-strlen-stub.o)
 .text.strlen   0x00002e48       0x5c c:/nxp/lpcxpresso_8.2.2_650/lpcxpresso/tools/bin/../lib/gcc/arm-none-eabi/5.4.1/../../../../arm-none-eabi/lib/armv7-m\libc.a(lib_a-strlen-stub.o)
                0x00002e48                strlen
 .text          0x00002ea4        0x0 c:/nxp/lpcxpresso_8.2.2_650/lpcxpresso/tools/bin/../lib/gcc/arm-none-eabi/5.4.1/../../../../arm-none-eabi/lib/armv7-m\libc.a(lib_a-strncpy.o)
 .text.strncpy  0x00002ea4       0x68 c:/nxp/lpcxpresso_8.2.2_650/lpcxpresso/tools/bin/../lib/gcc/arm-none-eabi/5.4.1/../../../../arm-none-eabi/lib/armv7-m\libc.a(lib_a-strncpy.o)
                0x00002ea4                strncpy
 .text          0x00002f0c        0x0 c:/nxp/lpcxpresso_8.2.2_650/lpcxpresso/tools/bin/../lib/gcc/arm-none-eabi/5.4.1/../../../../arm-none-eabi/lib/armv7-m\libc.a(lib_a-svfprintf.o)
 .text._svfprintf_r
                0x00002f0c     0x175c c:/nxp/lpcxpresso_8.2.2_650/lpcxpresso/tools/bin/../lib/gcc/arm-none-eabi/5.4.1/../../../../arm-none-eabi/lib/armv7-m\libc.a(lib_a-svfprintf.o)
                0x00002f0c                _svfprintf_r
 .text          0x00004668        0x0 c:/nxp/lpcxpresso_8.2.2_650/lpcxpresso/tools/bin/../lib/gcc/arm-none-eabi/5.4.1/../../../../arm-none-eabi/lib/armv7-m\libc.a(lib_a-vfprintf.o)
 .text._vfprintf_r
                0x00004668     0x1788 c:/nxp/lpcxpresso_8.2.2_650/lpcxpresso/tools/bin/../lib/gcc/arm-none-eabi/5.4.1/../../../../arm-none-eabi/lib/armv7-m\libc.a(lib_a-vfprintf.o)
                0x00004668                _vfprintf_r
 .text.vfprintf
                0x00005df0       0x18 c:/nxp/lpcxpresso_8.2.2_650/lpcxpresso/tools/bin/../lib/gcc/arm-none-eabi/5.4.1/../../../../arm-none-eabi/lib/armv7-m\libc.a(lib_a-vfprintf.o)
                0x00005df0                vfprintf
 .text.__sbprintf
                0x00005e08       0x6c c:/nxp/lpcxpresso_8.2.2_650/lpcxpresso/tools/bin/../lib/gcc/arm-none-eabi/5.4.1/../../../../arm-none-eabi/lib/armv7-m\libc.a(lib_a-vfprintf.o)
 .text          0x00005e74        0x0 c:/nxp/lpcxpresso_8.2.2_650/lpcxpresso/tools/bin/../lib/gcc/arm-none-eabi/5.4.1/../../../../arm-none-eabi/lib/armv7-m\libc.a(lib_a-wsetup.o)
 .text.__swsetup_r
                0x00005e74       0xc8 c:/nxp/lpcxpresso_8.2.2_650/lpcxpresso/tools/bin/../lib/gcc/arm-none-eabi/5.4.1/../../../../arm-none-eabi/lib/armv7-m\libc.a(lib_a-wsetup.o)
                0x00005e74                __swsetup_r
 .text          0x00005f3c        0x0 c:/nxp/lpcxpresso_8.2.2_650/lpcxpresso/tools/bin/../lib/gcc/arm-none-eabi/5.4.1/../../../../arm-none-eabi/lib/armv7-m\libc.a(lib_a-dtoa.o)
 .text.quorem   0x00005f3c      0x12c c:/nxp/lpcxpresso_8.2.2_650/lpcxpresso/tools/bin/../lib/gcc/arm-none-eabi/5.4.1/../../../../arm-none-eabi/lib/armv7-m\libc.a(lib_a-dtoa.o)
 .text._dtoa_r  0x00006068      0xe4c c:/nxp/lpcxpresso_8.2.2_650/lpcxpresso/tools/bin/../lib/gcc/arm-none-eabi/5.4.1/../../../../arm-none-eabi/lib/armv7-m\libc.a(lib_a-dtoa.o)
                0x00006068                _dtoa_r
 .text          0x00006eb4        0x0 c:/nxp/lpcxpresso_8.2.2_650/lpcxpresso/tools/bin/../lib/gcc/arm-none-eabi/5.4.1/../../../../arm-none-eabi/lib/armv7-m\libc.a(lib_a-fflush.o)
 .text.__sflush_r
                0x00006eb4      0x148 c:/nxp/lpcxpresso_8.2.2_650/lpcxpresso/tools/bin/../lib/gcc/arm-none-eabi/5.4.1/../../../../arm-none-eabi/lib/armv7-m\libc.a(lib_a-fflush.o)
                0x00006eb4                __sflush_r
 .text._fflush_r
                0x00006ffc       0x2c c:/nxp/lpcxpresso_8.2.2_650/lpcxpresso/tools/bin/../lib/gcc/arm-none-eabi/5.4.1/../../../../arm-none-eabi/lib/armv7-m\libc.a(lib_a-fflush.o)
                0x00006ffc                _fflush_r
 .text.fflush   0x00007028       0x24 c:/nxp/lpcxpresso_8.2.2_650/lpcxpresso/tools/bin/../lib/gcc/arm-none-eabi/5.4.1/../../../../arm-none-eabi/lib/armv7-m\libc.a(lib_a-fflush.o)
                0x00007028                fflush
 .text          0x0000704c        0x0 c:/nxp/lpcxpresso_8.2.2_650/lpcxpresso/tools/bin/../lib/gcc/arm-none-eabi/5.4.1/../../../../arm-none-eabi/lib/armv7-m\libc.a(lib_a-findfp.o)
 .text.__fp_unlock
                0x0000704c        0x4 c:/nxp/lpcxpresso_8.2.2_650/lpcxpresso/tools/bin/../lib/gcc/arm-none-eabi/5.4.1/../../../../arm-none-eabi/lib/armv7-m\libc.a(lib_a-findfp.o)
 .text._cleanup_r
                0x00007050        0xc c:/nxp/lpcxpresso_8.2.2_650/lpcxpresso/tools/bin/../lib/gcc/arm-none-eabi/5.4.1/../../../../arm-none-eabi/lib/armv7-m\libc.a(lib_a-findfp.o)
                0x00007050                _cleanup_r
 .text.__sinit.part.1
                0x0000705c       0xf0 c:/nxp/lpcxpresso_8.2.2_650/lpcxpresso/tools/bin/../lib/gcc/arm-none-eabi/5.4.1/../../../../arm-none-eabi/lib/armv7-m\libc.a(lib_a-findfp.o)
 .text.__fp_lock
                0x0000714c        0x4 c:/nxp/lpcxpresso_8.2.2_650/lpcxpresso/tools/bin/../lib/gcc/arm-none-eabi/5.4.1/../../../../arm-none-eabi/lib/armv7-m\libc.a(lib_a-findfp.o)
 .text.__sfmoreglue
                0x00007150       0x30 c:/nxp/lpcxpresso_8.2.2_650/lpcxpresso/tools/bin/../lib/gcc/arm-none-eabi/5.4.1/../../../../arm-none-eabi/lib/armv7-m\libc.a(lib_a-findfp.o)
                0x00007150                __sfmoreglue
 .text.__sfp    0x00007180       0x88 c:/nxp/lpcxpresso_8.2.2_650/lpcxpresso/tools/bin/../lib/gcc/arm-none-eabi/5.4.1/../../../../arm-none-eabi/lib/armv7-m\libc.a(lib_a-findfp.o)
                0x00007180                __sfp
 .text._cleanup
                0x00007208       0x14 c:/nxp/lpcxpresso_8.2.2_650/lpcxpresso/tools/bin/../lib/gcc/arm-none-eabi/5.4.1/../../../../arm-none-eabi/lib/armv7-m\libc.a(lib_a-findfp.o)
                0x00007208                _cleanup
 .text.__sinit  0x0000721c        0xc c:/nxp/lpcxpresso_8.2.2_650/lpcxpresso/tools/bin/../lib/gcc/arm-none-eabi/5.4.1/../../../../arm-none-eabi/lib/armv7-m\libc.a(lib_a-findfp.o)
                0x0000721c                __sinit
 .text.__sfp_lock_acquire
                0x00007228        0x4 c:/nxp/lpcxpresso_8.2.2_650/lpcxpresso/tools/bin/../lib/gcc/arm-none-eabi/5.4.1/../../../../arm-none-eabi/lib/armv7-m\libc.a(lib_a-findfp.o)
                0x00007228                __sfp_lock_acquire
 .text.__sfp_lock_release
                0x0000722c        0x4 c:/nxp/lpcxpresso_8.2.2_650/lpcxpresso/tools/bin/../lib/gcc/arm-none-eabi/5.4.1/../../../../arm-none-eabi/lib/armv7-m\libc.a(lib_a-findfp.o)
                0x0000722c                __sfp_lock_release
 .text.__sinit_lock_acquire
                0x00007230        0x4 c:/nxp/lpcxpresso_8.2.2_650/lpcxpresso/tools/bin/../lib/gcc/arm-none-eabi/5.4.1/../../../../arm-none-eabi/lib/armv7-m\libc.a(lib_a-findfp.o)
                0x00007230                __sinit_lock_acquire
 .text.__sinit_lock_release
                0x00007234        0x4 c:/nxp/lpcxpresso_8.2.2_650/lpcxpresso/tools/bin/../lib/gcc/arm-none-eabi/5.4.1/../../../../arm-none-eabi/lib/armv7-m\libc.a(lib_a-findfp.o)
                0x00007234                __sinit_lock_release
 .text.__fp_lock_all
                0x00007238       0x14 c:/nxp/lpcxpresso_8.2.2_650/lpcxpresso/tools/bin/../lib/gcc/arm-none-eabi/5.4.1/../../../../arm-none-eabi/lib/armv7-m\libc.a(lib_a-findfp.o)
                0x00007238                __fp_lock_all
 .text.__fp_unlock_all
                0x0000724c       0x14 c:/nxp/lpcxpresso_8.2.2_650/lpcxpresso/tools/bin/../lib/gcc/arm-none-eabi/5.4.1/../../../../arm-none-eabi/lib/armv7-m\libc.a(lib_a-findfp.o)
                0x0000724c                __fp_unlock_all
 .text          0x00007260        0x0 c:/nxp/lpcxpresso_8.2.2_650/lpcxpresso/tools/bin/../lib/gcc/arm-none-eabi/5.4.1/../../../../arm-none-eabi/lib/armv7-m\libc.a(lib_a-fwalk.o)
 .text._fwalk   0x00007260       0x48 c:/nxp/lpcxpresso_8.2.2_650/lpcxpresso/tools/bin/../lib/gcc/arm-none-eabi/5.4.1/../../../../arm-none-eabi/lib/armv7-m\libc.a(lib_a-fwalk.o)
                0x00007260                _fwalk
 .text._fwalk_reent
                0x000072a8       0x50 c:/nxp/lpcxpresso_8.2.2_650/lpcxpresso/tools/bin/../lib/gcc/arm-none-eabi/5.4.1/../../../../arm-none-eabi/lib/armv7-m\libc.a(lib_a-fwalk.o)
                0x000072a8                _fwalk_reent
 .text          0x000072f8        0x0 c:/nxp/lpcxpresso_8.2.2_650/lpcxpresso/tools/bin/../lib/gcc/arm-none-eabi/5.4.1/../../../../arm-none-eabi/lib/armv7-m\libc.a(lib_a-impure.o)
 .text          0x000072f8        0x0 c:/nxp/lpcxpresso_8.2.2_650/lpcxpresso/tools/bin/../lib/gcc/arm-none-eabi/5.4.1/../../../../arm-none-eabi/lib/armv7-m\libc.a(lib_a-locale.o)
 .text._setlocale_r
                0x000072f8       0x40 c:/nxp/lpcxpresso_8.2.2_650/lpcxpresso/tools/bin/../lib/gcc/arm-none-eabi/5.4.1/../../../../arm-none-eabi/lib/armv7-m\libc.a(lib_a-locale.o)
                0x000072f8                _setlocale_r
 .text.__locale_charset
                0x00007338        0x8 c:/nxp/lpcxpresso_8.2.2_650/lpcxpresso/tools/bin/../lib/gcc/arm-none-eabi/5.4.1/../../../../arm-none-eabi/lib/armv7-m\libc.a(lib_a-locale.o)
                0x00007338                __locale_charset
 .text.__locale_mb_cur_max
                0x00007340        0xc c:/nxp/lpcxpresso_8.2.2_650/lpcxpresso/tools/bin/../lib/gcc/arm-none-eabi/5.4.1/../../../../arm-none-eabi/lib/armv7-m\libc.a(lib_a-locale.o)
                0x00007340                __locale_mb_cur_max
 .text.__locale_msgcharset
                0x0000734c        0x8 c:/nxp/lpcxpresso_8.2.2_650/lpcxpresso/tools/bin/../lib/gcc/arm-none-eabi/5.4.1/../../../../arm-none-eabi/lib/armv7-m\libc.a(lib_a-locale.o)
                0x0000734c                __locale_msgcharset
 .text.__locale_cjk_lang
                0x00007354        0x4 c:/nxp/lpcxpresso_8.2.2_650/lpcxpresso/tools/bin/../lib/gcc/arm-none-eabi/5.4.1/../../../../arm-none-eabi/lib/armv7-m\libc.a(lib_a-locale.o)
                0x00007354                __locale_cjk_lang
 .text._localeconv_r
                0x00007358        0x8 c:/nxp/lpcxpresso_8.2.2_650/lpcxpresso/tools/bin/../lib/gcc/arm-none-eabi/5.4.1/../../../../arm-none-eabi/lib/armv7-m\libc.a(lib_a-locale.o)
                0x00007358                _localeconv_r
 .text.setlocale
                0x00007360       0x10 c:/nxp/lpcxpresso_8.2.2_650/lpcxpresso/tools/bin/../lib/gcc/arm-none-eabi/5.4.1/../../../../arm-none-eabi/lib/armv7-m\libc.a(lib_a-locale.o)
                0x00007360                setlocale
 .text.localeconv
                0x00007370        0x8 c:/nxp/lpcxpresso_8.2.2_650/lpcxpresso/tools/bin/../lib/gcc/arm-none-eabi/5.4.1/../../../../arm-none-eabi/lib/armv7-m\libc.a(lib_a-locale.o)
                0x00007370                localeconv
 .text          0x00007378        0x0 c:/nxp/lpcxpresso_8.2.2_650/lpcxpresso/tools/bin/../lib/gcc/arm-none-eabi/5.4.1/../../../../arm-none-eabi/lib/armv7-m\libc.a(lib_a-makebuf.o)
 .text.__swhatbuf_r
                0x00007378       0x60 c:/nxp/lpcxpresso_8.2.2_650/lpcxpresso/tools/bin/../lib/gcc/arm-none-eabi/5.4.1/../../../../arm-none-eabi/lib/armv7-m\libc.a(lib_a-makebuf.o)
                0x00007378                __swhatbuf_r
 .text.__smakebuf_r
                0x000073d8       0x88 c:/nxp/lpcxpresso_8.2.2_650/lpcxpresso/tools/bin/../lib/gcc/arm-none-eabi/5.4.1/../../../../arm-none-eabi/lib/armv7-m\libc.a(lib_a-makebuf.o)
                0x000073d8                __smakebuf_r
 .text          0x00007460        0x0 c:/nxp/lpcxpresso_8.2.2_650/lpcxpresso/tools/bin/../lib/gcc/arm-none-eabi/5.4.1/../../../../arm-none-eabi/lib/armv7-m\libc.a(lib_a-memchr-stub.o)
 .text.memchr   0x00007460       0x8c c:/nxp/lpcxpresso_8.2.2_650/lpcxpresso/tools/bin/../lib/gcc/arm-none-eabi/5.4.1/../../../../arm-none-eabi/lib/armv7-m\libc.a(lib_a-memchr-stub.o)
                0x00007460                memchr
 .text          0x000074ec        0x0 c:/nxp/lpcxpresso_8.2.2_650/lpcxpresso/tools/bin/../lib/gcc/arm-none-eabi/5.4.1/../../../../arm-none-eabi/lib/armv7-m\libc.a(lib_a-mprec.o)
 .text._Balloc  0x000074ec       0x50 c:/nxp/lpcxpresso_8.2.2_650/lpcxpresso/tools/bin/../lib/gcc/arm-none-eabi/5.4.1/../../../../arm-none-eabi/lib/armv7-m\libc.a(lib_a-mprec.o)
                0x000074ec                _Balloc
 .text._Bfree   0x0000753c       0x14 c:/nxp/lpcxpresso_8.2.2_650/lpcxpresso/tools/bin/../lib/gcc/arm-none-eabi/5.4.1/../../../../arm-none-eabi/lib/armv7-m\libc.a(lib_a-mprec.o)
                0x0000753c                _Bfree
 .text.__multadd
                0x00007550       0x80 c:/nxp/lpcxpresso_8.2.2_650/lpcxpresso/tools/bin/../lib/gcc/arm-none-eabi/5.4.1/../../../../arm-none-eabi/lib/armv7-m\libc.a(lib_a-mprec.o)
                0x00007550                __multadd
 .text.__s2b    0x000075d0       0x98 c:/nxp/lpcxpresso_8.2.2_650/lpcxpresso/tools/bin/../lib/gcc/arm-none-eabi/5.4.1/../../../../arm-none-eabi/lib/armv7-m\libc.a(lib_a-mprec.o)
                0x000075d0                __s2b
 .text.__hi0bits
                0x00007668       0x40 c:/nxp/lpcxpresso_8.2.2_650/lpcxpresso/tools/bin/../lib/gcc/arm-none-eabi/5.4.1/../../../../arm-none-eabi/lib/armv7-m\libc.a(lib_a-mprec.o)
                0x00007668                __hi0bits
 .text.__lo0bits
                0x000076a8       0x5c c:/nxp/lpcxpresso_8.2.2_650/lpcxpresso/tools/bin/../lib/gcc/arm-none-eabi/5.4.1/../../../../arm-none-eabi/lib/armv7-m\libc.a(lib_a-mprec.o)
                0x000076a8                __lo0bits
 .text.__i2b    0x00007704       0x14 c:/nxp/lpcxpresso_8.2.2_650/lpcxpresso/tools/bin/../lib/gcc/arm-none-eabi/5.4.1/../../../../arm-none-eabi/lib/armv7-m\libc.a(lib_a-mprec.o)
                0x00007704                __i2b
 .text.__multiply
                0x00007718      0x13c c:/nxp/lpcxpresso_8.2.2_650/lpcxpresso/tools/bin/../lib/gcc/arm-none-eabi/5.4.1/../../../../arm-none-eabi/lib/armv7-m\libc.a(lib_a-mprec.o)
                0x00007718                __multiply
 .text.__pow5mult
                0x00007854       0xa0 c:/nxp/lpcxpresso_8.2.2_650/lpcxpresso/tools/bin/../lib/gcc/arm-none-eabi/5.4.1/../../../../arm-none-eabi/lib/armv7-m\libc.a(lib_a-mprec.o)
                0x00007854                __pow5mult
 .text.__lshift
                0x000078f4       0xac c:/nxp/lpcxpresso_8.2.2_650/lpcxpresso/tools/bin/../lib/gcc/arm-none-eabi/5.4.1/../../../../arm-none-eabi/lib/armv7-m\libc.a(lib_a-mprec.o)
                0x000078f4                __lshift
 .text.__mcmp   0x000079a0       0x40 c:/nxp/lpcxpresso_8.2.2_650/lpcxpresso/tools/bin/../lib/gcc/arm-none-eabi/5.4.1/../../../../arm-none-eabi/lib/armv7-m\libc.a(lib_a-mprec.o)
                0x000079a0                __mcmp
 .text.__mdiff  0x000079e0      0x128 c:/nxp/lpcxpresso_8.2.2_650/lpcxpresso/tools/bin/../lib/gcc/arm-none-eabi/5.4.1/../../../../arm-none-eabi/lib/armv7-m\libc.a(lib_a-mprec.o)
                0x000079e0                __mdiff
 .text.__ulp    0x00007b08       0x44 c:/nxp/lpcxpresso_8.2.2_650/lpcxpresso/tools/bin/../lib/gcc/arm-none-eabi/5.4.1/../../../../arm-none-eabi/lib/armv7-m\libc.a(lib_a-mprec.o)
                0x00007b08                __ulp
 .text.__b2d    0x00007b4c       0xd4 c:/nxp/lpcxpresso_8.2.2_650/lpcxpresso/tools/bin/../lib/gcc/arm-none-eabi/5.4.1/../../../../arm-none-eabi/lib/armv7-m\libc.a(lib_a-mprec.o)
                0x00007b4c                __b2d
 .text.__d2b    0x00007c20       0xa8 c:/nxp/lpcxpresso_8.2.2_650/lpcxpresso/tools/bin/../lib/gcc/arm-none-eabi/5.4.1/../../../../arm-none-eabi/lib/armv7-m\libc.a(lib_a-mprec.o)
                0x00007c20                __d2b
 .text.__ratio  0x00007cc8       0x54 c:/nxp/lpcxpresso_8.2.2_650/lpcxpresso/tools/bin/../lib/gcc/arm-none-eabi/5.4.1/../../../../arm-none-eabi/lib/armv7-m\libc.a(lib_a-mprec.o)
                0x00007cc8                __ratio
 .text._mprec_log10
                0x00007d1c       0x34 c:/nxp/lpcxpresso_8.2.2_650/lpcxpresso/tools/bin/../lib/gcc/arm-none-eabi/5.4.1/../../../../arm-none-eabi/lib/armv7-m\libc.a(lib_a-mprec.o)
                0x00007d1c                _mprec_log10
 .text.__copybits
                0x00007d50       0x48 c:/nxp/lpcxpresso_8.2.2_650/lpcxpresso/tools/bin/../lib/gcc/arm-none-eabi/5.4.1/../../../../arm-none-eabi/lib/armv7-m\libc.a(lib_a-mprec.o)
                0x00007d50                __copybits
 .text.__any_on
                0x00007d98       0x5c c:/nxp/lpcxpresso_8.2.2_650/lpcxpresso/tools/bin/../lib/gcc/arm-none-eabi/5.4.1/../../../../arm-none-eabi/lib/armv7-m\libc.a(lib_a-mprec.o)
                0x00007d98                __any_on
 .text          0x00007df4        0x0 c:/nxp/lpcxpresso_8.2.2_650/lpcxpresso/tools/bin/../lib/gcc/arm-none-eabi/5.4.1/../../../../arm-none-eabi/lib/armv7-m\libc.a(lib_a-stdio.o)
 .text.__sread  0x00007df4       0x24 c:/nxp/lpcxpresso_8.2.2_650/lpcxpresso/tools/bin/../lib/gcc/arm-none-eabi/5.4.1/../../../../arm-none-eabi/lib/armv7-m\libc.a(lib_a-stdio.o)
                0x00007df4                __sread
 .text.__seofread
                0x00007e18        0x4 c:/nxp/lpcxpresso_8.2.2_650/lpcxpresso/tools/bin/../lib/gcc/arm-none-eabi/5.4.1/../../../../arm-none-eabi/lib/armv7-m\libc.a(lib_a-stdio.o)
                0x00007e18                __seofread
 .text.__swrite
                0x00007e1c       0x3c c:/nxp/lpcxpresso_8.2.2_650/lpcxpresso/tools/bin/../lib/gcc/arm-none-eabi/5.4.1/../../../../arm-none-eabi/lib/armv7-m\libc.a(lib_a-stdio.o)
                0x00007e1c                __swrite
 .text.__sseek  0x00007e58       0x20 c:/nxp/lpcxpresso_8.2.2_650/lpcxpresso/tools/bin/../lib/gcc/arm-none-eabi/5.4.1/../../../../arm-none-eabi/lib/armv7-m\libc.a(lib_a-stdio.o)
                0x00007e58                __sseek
 .text.__sclose
                0x00007e78        0x8 c:/nxp/lpcxpresso_8.2.2_650/lpcxpresso/tools/bin/../lib/gcc/arm-none-eabi/5.4.1/../../../../arm-none-eabi/lib/armv7-m\libc.a(lib_a-stdio.o)
                0x00007e78                __sclose
 .text          0x00007e80      0x1bc c:/nxp/lpcxpresso_8.2.2_650/lpcxpresso/tools/bin/../lib/gcc/arm-none-eabi/5.4.1/../../../../arm-none-eabi/lib/armv7-m\libc.a(lib_a-strcmp.o)
                0x00007e80                strcmp
 .text          0x0000803c        0x0 c:/nxp/lpcxpresso_8.2.2_650/lpcxpresso/tools/bin/../lib/gcc/arm-none-eabi/5.4.1/../../../../arm-none-eabi/lib/armv7-m\libc.a(lib_a-svfiprintf.o)
 .text.__ssprint_r
                0x0000803c      0x100 c:/nxp/lpcxpresso_8.2.2_650/lpcxpresso/tools/bin/../lib/gcc/arm-none-eabi/5.4.1/../../../../arm-none-eabi/lib/armv7-m\libc.a(lib_a-svfiprintf.o)
                0x0000803c                __ssprint_r
 .text._svfiprintf_r
                0x0000813c      0xc4c c:/nxp/lpcxpresso_8.2.2_650/lpcxpresso/tools/bin/../lib/gcc/arm-none-eabi/5.4.1/../../../../arm-none-eabi/lib/armv7-m\libc.a(lib_a-svfiprintf.o)
                0x0000813c                _svfiprintf_r
 .text          0x00008d88        0x0 c:/nxp/lpcxpresso_8.2.2_650/lpcxpresso/tools/bin/../lib/gcc/arm-none-eabi/5.4.1/../../../../arm-none-eabi/lib/armv7-m\libc.a(lib_a-vfiprintf.o)
 .text.__sprint_r.part.0
                0x00008d88       0x78 c:/nxp/lpcxpresso_8.2.2_650/lpcxpresso/tools/bin/../lib/gcc/arm-none-eabi/5.4.1/../../../../arm-none-eabi/lib/armv7-m\libc.a(lib_a-vfiprintf.o)
 .text.__sprint_r
                0x00008e00       0x14 c:/nxp/lpcxpresso_8.2.2_650/lpcxpresso/tools/bin/../lib/gcc/arm-none-eabi/5.4.1/../../../../arm-none-eabi/lib/armv7-m\libc.a(lib_a-vfiprintf.o)
                0x00008e00                __sprint_r
 .text._vfiprintf_r
                0x00008e14      0xde8 c:/nxp/lpcxpresso_8.2.2_650/lpcxpresso/tools/bin/../lib/gcc/arm-none-eabi/5.4.1/../../../../arm-none-eabi/lib/armv7-m\libc.a(lib_a-vfiprintf.o)
                0x00008e14                _vfiprintf_r
 .text.vfiprintf
                0x00009bfc       0x18 c:/nxp/lpcxpresso_8.2.2_650/lpcxpresso/tools/bin/../lib/gcc/arm-none-eabi/5.4.1/../../../../arm-none-eabi/lib/armv7-m\libc.a(lib_a-vfiprintf.o)
                0x00009bfc                vfiprintf
 .text.__sbprintf
                0x00009c14       0x6c c:/nxp/lpcxpresso_8.2.2_650/lpcxpresso/tools/bin/../lib/gcc/arm-none-eabi/5.4.1/../../../../arm-none-eabi/lib/armv7-m\libc.a(lib_a-vfiprintf.o)
 .text          0x00009c80        0x0 c:/nxp/lpcxpresso_8.2.2_650/lpcxpresso/tools/bin/../lib/gcc/arm-none-eabi/5.4.1/../../../../arm-none-eabi/lib/armv7-m\libc.a(lib_a-writer.o)
 .text._write_r
                0x00009c80       0x2c c:/nxp/lpcxpresso_8.2.2_650/lpcxpresso/tools/bin/../lib/gcc/arm-none-eabi/5.4.1/../../../../arm-none-eabi/lib/armv7-m\libc.a(lib_a-writer.o)
                0x00009c80                _write_r
 .text          0x00009cac        0x0 c:/nxp/lpcxpresso_8.2.2_650/lpcxpresso/tools/bin/../lib/gcc/arm-none-eabi/5.4.1/../../../../arm-none-eabi/lib/armv7-m\libc.a(lib_a-closer.o)
 .text._close_r
                0x00009cac       0x24 c:/nxp/lpcxpresso_8.2.2_650/lpcxpresso/tools/bin/../lib/gcc/arm-none-eabi/5.4.1/../../../../arm-none-eabi/lib/armv7-m\libc.a(lib_a-closer.o)
                0x00009cac                _close_r
 .text          0x00009cd0        0x0 c:/nxp/lpcxpresso_8.2.2_650/lpcxpresso/tools/bin/../lib/gcc/arm-none-eabi/5.4.1/../../../../arm-none-eabi/lib/armv7-m\libc.a(lib_a-fclose.o)
 .text._fclose_r
                0x00009cd0       0x84 c:/nxp/lpcxpresso_8.2.2_650/lpcxpresso/tools/bin/../lib/gcc/arm-none-eabi/5.4.1/../../../../arm-none-eabi/lib/armv7-m\libc.a(lib_a-fclose.o)
                0x00009cd0                _fclose_r
 .text.fclose   0x00009d54       0x10 c:/nxp/lpcxpresso_8.2.2_650/lpcxpresso/tools/bin/../lib/gcc/arm-none-eabi/5.4.1/../../../../arm-none-eabi/lib/armv7-m\libc.a(lib_a-fclose.o)
                0x00009d54                fclose
 .text          0x00009d64        0x0 c:/nxp/lpcxpresso_8.2.2_650/lpcxpresso/tools/bin/../lib/gcc/arm-none-eabi/5.4.1/../../../../arm-none-eabi/lib/armv7-m\libc.a(lib_a-fputwc.o)
 .text.__fputwc
                0x00009d64       0x94 c:/nxp/lpcxpresso_8.2.2_650/lpcxpresso/tools/bin/../lib/gcc/arm-none-eabi/5.4.1/../../../../arm-none-eabi/lib/armv7-m\libc.a(lib_a-fputwc.o)
                0x00009d64                __fputwc
 .text._fputwc_r
                0x00009df8       0x24 c:/nxp/lpcxpresso_8.2.2_650/lpcxpresso/tools/bin/../lib/gcc/arm-none-eabi/5.4.1/../../../../arm-none-eabi/lib/armv7-m\libc.a(lib_a-fputwc.o)
                0x00009df8                _fputwc_r
 .text.fputwc   0x00009e1c       0x40 c:/nxp/lpcxpresso_8.2.2_650/lpcxpresso/tools/bin/../lib/gcc/arm-none-eabi/5.4.1/../../../../arm-none-eabi/lib/armv7-m\libc.a(lib_a-fputwc.o)
                0x00009e1c                fputwc
 .text          0x00009e5c        0x0 c:/nxp/lpcxpresso_8.2.2_650/lpcxpresso/tools/bin/../lib/gcc/arm-none-eabi/5.4.1/../../../../arm-none-eabi/lib/armv7-m\libc.a(lib_a-fstatr.o)
 .text._fstat_r
                0x00009e5c       0x28 c:/nxp/lpcxpresso_8.2.2_650/lpcxpresso/tools/bin/../lib/gcc/arm-none-eabi/5.4.1/../../../../arm-none-eabi/lib/armv7-m\libc.a(lib_a-fstatr.o)
                0x00009e5c                _fstat_r
 .text          0x00009e84        0x0 c:/nxp/lpcxpresso_8.2.2_650/lpcxpresso/tools/bin/../lib/gcc/arm-none-eabi/5.4.1/../../../../arm-none-eabi/lib/armv7-m\libc.a(lib_a-fvwrite.o)
 .text.__sfvwrite_r
                0x00009e84      0x308 c:/nxp/lpcxpresso_8.2.2_650/lpcxpresso/tools/bin/../lib/gcc/arm-none-eabi/5.4.1/../../../../arm-none-eabi/lib/armv7-m\libc.a(lib_a-fvwrite.o)
                0x00009e84                __sfvwrite_r
 .text          0x0000a18c        0x0 c:/nxp/lpcxpresso_8.2.2_650/lpcxpresso/tools/bin/../lib/gcc/arm-none-eabi/5.4.1/../../../../arm-none-eabi/lib/armv7-m\libc.a(lib_a-isattyr.o)
 .text._isatty_r
                0x0000a18c       0x24 c:/nxp/lpcxpresso_8.2.2_650/lpcxpresso/tools/bin/../lib/gcc/arm-none-eabi/5.4.1/../../../../arm-none-eabi/lib/armv7-m\libc.a(lib_a-isattyr.o)
                0x0000a18c                _isatty_r
 .text          0x0000a1b0        0x0 c:/nxp/lpcxpresso_8.2.2_650/lpcxpresso/tools/bin/../lib/gcc/arm-none-eabi/5.4.1/../../../../arm-none-eabi/lib/armv7-m\libc.a(lib_a-lseekr.o)
 .text._lseek_r
                0x0000a1b0       0x2c c:/nxp/lpcxpresso_8.2.2_650/lpcxpresso/tools/bin/../lib/gcc/arm-none-eabi/5.4.1/../../../../arm-none-eabi/lib/armv7-m\libc.a(lib_a-lseekr.o)
                0x0000a1b0                _lseek_r
 .text          0x0000a1dc        0x0 c:/nxp/lpcxpresso_8.2.2_650/lpcxpresso/tools/bin/../lib/gcc/arm-none-eabi/5.4.1/../../../../arm-none-eabi/lib/armv7-m\libc.a(lib_a-memmove.o)
 .text.memmove  0x0000a1dc       0xc8 c:/nxp/lpcxpresso_8.2.2_650/lpcxpresso/tools/bin/../lib/gcc/arm-none-eabi/5.4.1/../../../../arm-none-eabi/lib/armv7-m\libc.a(lib_a-memmove.o)
                0x0000a1dc                memmove
 .text          0x0000a2a4        0x0 c:/nxp/lpcxpresso_8.2.2_650/lpcxpresso/tools/bin/../lib/gcc/arm-none-eabi/5.4.1/../../../../arm-none-eabi/lib/armv7-m\libc.a(lib_a-readr.o)
 .text._read_r  0x0000a2a4       0x2c c:/nxp/lpcxpresso_8.2.2_650/lpcxpresso/tools/bin/../lib/gcc/arm-none-eabi/5.4.1/../../../../arm-none-eabi/lib/armv7-m\libc.a(lib_a-readr.o)
                0x0000a2a4                _read_r
 .text          0x0000a2d0        0x0 c:/nxp/lpcxpresso_8.2.2_650/lpcxpresso/tools/bin/../lib/gcc/arm-none-eabi/5.4.1/../../../../arm-none-eabi/lib/armv7-m\libc.a(lib_a-reent.o)
 .text.cleanup_glue
                0x0000a2d0       0x1c c:/nxp/lpcxpresso_8.2.2_650/lpcxpresso/tools/bin/../lib/gcc/arm-none-eabi/5.4.1/../../../../arm-none-eabi/lib/armv7-m\libc.a(lib_a-reent.o)
                0x0000a2d0                cleanup_glue
 .text._reclaim_reent
                0x0000a2ec       0x88 c:/nxp/lpcxpresso_8.2.2_650/lpcxpresso/tools/bin/../lib/gcc/arm-none-eabi/5.4.1/../../../../arm-none-eabi/lib/armv7-m\libc.a(lib_a-reent.o)
                0x0000a2ec                _reclaim_reent
 .text          0x0000a374        0x0 c:/nxp/lpcxpresso_8.2.2_650/lpcxpresso/tools/bin/../lib/gcc/arm-none-eabi/5.4.1/../../../../arm-none-eabi/lib/armv7-m\libc.a(lib_a-wbuf.o)
 .text.__swbuf_r
                0x0000a374       0xac c:/nxp/lpcxpresso_8.2.2_650/lpcxpresso/tools/bin/../lib/gcc/arm-none-eabi/5.4.1/../../../../arm-none-eabi/lib/armv7-m\libc.a(lib_a-wbuf.o)
                0x0000a374                __swbuf_r
 .text.__swbuf  0x0000a420       0x10 c:/nxp/lpcxpresso_8.2.2_650/lpcxpresso/tools/bin/../lib/gcc/arm-none-eabi/5.4.1/../../../../arm-none-eabi/lib/armv7-m\libc.a(lib_a-wbuf.o)
                0x0000a420                __swbuf
 .text          0x0000a430        0x0 c:/nxp/lpcxpresso_8.2.2_650/lpcxpresso/tools/bin/../lib/gcc/arm-none-eabi/5.4.1/../../../../arm-none-eabi/lib/armv7-m\libc.a(lib_a-wcrtomb.o)
 .text._wcrtomb_r
                0x0000a430       0x54 c:/nxp/lpcxpresso_8.2.2_650/lpcxpresso/tools/bin/../lib/gcc/arm-none-eabi/5.4.1/../../../../arm-none-eabi/lib/armv7-m\libc.a(lib_a-wcrtomb.o)
                0x0000a430                _wcrtomb_r
 .text.wcrtomb  0x0000a484       0x58 c:/nxp/lpcxpresso_8.2.2_650/lpcxpresso/tools/bin/../lib/gcc/arm-none-eabi/5.4.1/../../../../arm-none-eabi/lib/armv7-m\libc.a(lib_a-wcrtomb.o)
                0x0000a484                wcrtomb
 .text          0x0000a4dc        0x0 c:/nxp/lpcxpresso_8.2.2_650/lpcxpresso/tools/bin/../lib/gcc/arm-none-eabi/5.4.1/../../../../arm-none-eabi/lib/armv7-m\libc.a(lib_a-wctomb_r.o)
 .text.__ascii_wctomb
                0x0000a4dc       0x1c c:/nxp/lpcxpresso_8.2.2_650/lpcxpresso/tools/bin/../lib/gcc/arm-none-eabi/5.4.1/../../../../arm-none-eabi/lib/armv7-m\libc.a(lib_a-wctomb_r.o)
                0x0000a4dc                __ascii_wctomb
 .text._wctomb_r
                0x0000a4f8       0x30 c:/nxp/lpcxpresso_8.2.2_650/lpcxpresso/tools/bin/../lib/gcc/arm-none-eabi/5.4.1/../../../../arm-none-eabi/lib/armv7-m\libc.a(lib_a-wctomb_r.o)
                0x0000a4f8                _wctomb_r
 .text          0x0000a528        0x0 c:/nxp/lpcxpresso_8.2.2_650/lpcxpresso/tools/bin/../lib/gcc/arm-none-eabi/5.4.1/../../../../arm-none-eabi/lib/armv7-m\libcr_newlib_semihost.a(syscalls.o)
 .text.error    0x0000a528       0x1c c:/nxp/lpcxpresso_8.2.2_650/lpcxpresso/tools/bin/../lib/gcc/arm-none-eabi/5.4.1/../../../../arm-none-eabi/lib/armv7-m\libcr_newlib_semihost.a(syscalls.o)
 .text.initialise_monitor_handles.part.0
                0x0000a544       0xa8 c:/nxp/lpcxpresso_8.2.2_650/lpcxpresso/tools/bin/../lib/gcc/arm-none-eabi/5.4.1/../../../../arm-none-eabi/lib/armv7-m\libcr_newlib_semihost.a(syscalls.o)
 .text.findslot
                0x0000a5ec       0x30 c:/nxp/lpcxpresso_8.2.2_650/lpcxpresso/tools/bin/../lib/gcc/arm-none-eabi/5.4.1/../../../../arm-none-eabi/lib/armv7-m\libcr_newlib_semihost.a(syscalls.o)
 .text.checkerror
                0x0000a61c       0x20 c:/nxp/lpcxpresso_8.2.2_650/lpcxpresso/tools/bin/../lib/gcc/arm-none-eabi/5.4.1/../../../../arm-none-eabi/lib/armv7-m\libcr_newlib_semihost.a(syscalls.o)
 .text._swiread
                0x0000a63c       0x20 c:/nxp/lpcxpresso_8.2.2_650/lpcxpresso/tools/bin/../lib/gcc/arm-none-eabi/5.4.1/../../../../arm-none-eabi/lib/armv7-m\libcr_newlib_semihost.a(syscalls.o)
                0x0000a63c                _swiread
 .text._read    0x0000a65c       0x34 c:/nxp/lpcxpresso_8.2.2_650/lpcxpresso/tools/bin/../lib/gcc/arm-none-eabi/5.4.1/../../../../arm-none-eabi/lib/armv7-m\libcr_newlib_semihost.a(syscalls.o)
                0x0000a65c                _read
 .text._swilseek
                0x0000a690       0x7a c:/nxp/lpcxpresso_8.2.2_650/lpcxpresso/tools/bin/../lib/gcc/arm-none-eabi/5.4.1/../../../../arm-none-eabi/lib/armv7-m\libcr_newlib_semihost.a(syscalls.o)
                0x0000a690                _swilseek
 .text._lseek   0x0000a70a        0x4 c:/nxp/lpcxpresso_8.2.2_650/lpcxpresso/tools/bin/../lib/gcc/arm-none-eabi/5.4.1/../../../../arm-none-eabi/lib/armv7-m\libcr_newlib_semihost.a(syscalls.o)
                0x0000a70a                _lseek
 .text._swiwrite
                0x0000a70e       0x20 c:/nxp/lpcxpresso_8.2.2_650/lpcxpresso/tools/bin/../lib/gcc/arm-none-eabi/5.4.1/../../../../arm-none-eabi/lib/armv7-m\libcr_newlib_semihost.a(syscalls.o)
                0x0000a70e                _swiwrite
 .text._write   0x0000a72e       0x42 c:/nxp/lpcxpresso_8.2.2_650/lpcxpresso/tools/bin/../lib/gcc/arm-none-eabi/5.4.1/../../../../arm-none-eabi/lib/armv7-m\libcr_newlib_semihost.a(syscalls.o)
                0x0000a72e                _write
 .text._swiclose
                0x0000a770       0x1c c:/nxp/lpcxpresso_8.2.2_650/lpcxpresso/tools/bin/../lib/gcc/arm-none-eabi/5.4.1/../../../../arm-none-eabi/lib/armv7-m\libcr_newlib_semihost.a(syscalls.o)
                0x0000a770                _swiclose
 .text._close   0x0000a78c       0x48 c:/nxp/lpcxpresso_8.2.2_650/lpcxpresso/tools/bin/../lib/gcc/arm-none-eabi/5.4.1/../../../../arm-none-eabi/lib/armv7-m\libcr_newlib_semihost.a(syscalls.o)
                0x0000a78c                _close
 .text._getpid  0x0000a7d4        0x4 c:/nxp/lpcxpresso_8.2.2_650/lpcxpresso/tools/bin/../lib/gcc/arm-none-eabi/5.4.1/../../../../arm-none-eabi/lib/armv7-m\libcr_newlib_semihost.a(syscalls.o)
                0x0000a7d4                _getpid
 .text._swistat
                0x0000a7d8       0x42 c:/nxp/lpcxpresso_8.2.2_650/lpcxpresso/tools/bin/../lib/gcc/arm-none-eabi/5.4.1/../../../../arm-none-eabi/lib/armv7-m\libcr_newlib_semihost.a(syscalls.o)
                0x0000a7d8                _swistat
 .text._fstat   0x0000a81a       0x1c c:/nxp/lpcxpresso_8.2.2_650/lpcxpresso/tools/bin/../lib/gcc/arm-none-eabi/5.4.1/../../../../arm-none-eabi/lib/armv7-m\libcr_newlib_semihost.a(syscalls.o)
                0x0000a81a                _fstat
 .text._stat    0x0000a836       0x3a c:/nxp/lpcxpresso_8.2.2_650/lpcxpresso/tools/bin/../lib/gcc/arm-none-eabi/5.4.1/../../../../arm-none-eabi/lib/armv7-m\libcr_newlib_semihost.a(syscalls.o)
                0x0000a836                _stat
 .text._swiopen
                0x0000a870       0xc8 c:/nxp/lpcxpresso_8.2.2_650/lpcxpresso/tools/bin/../lib/gcc/arm-none-eabi/5.4.1/../../../../arm-none-eabi/lib/armv7-m\libcr_newlib_semihost.a(syscalls.o)
                0x0000a870                _swiopen
 .text._open    0x0000a938       0x12 c:/nxp/lpcxpresso_8.2.2_650/lpcxpresso/tools/bin/../lib/gcc/arm-none-eabi/5.4.1/../../../../arm-none-eabi/lib/armv7-m\libcr_newlib_semihost.a(syscalls.o)
                0x0000a938                _open
 .text._link    0x0000a94a       0x10 c:/nxp/lpcxpresso_8.2.2_650/lpcxpresso/tools/bin/../lib/gcc/arm-none-eabi/5.4.1/../../../../arm-none-eabi/lib/armv7-m\libcr_newlib_semihost.a(syscalls.o)
                0x0000a94a                _link
 .text._unlink  0x0000a95a       0x28 c:/nxp/lpcxpresso_8.2.2_650/lpcxpresso/tools/bin/../lib/gcc/arm-none-eabi/5.4.1/../../../../arm-none-eabi/lib/armv7-m\libcr_newlib_semihost.a(syscalls.o)
                0x0000a95a                _unlink
 .text._gettimeofday
                0x0000a982       0x24 c:/nxp/lpcxpresso_8.2.2_650/lpcxpresso/tools/bin/../lib/gcc/arm-none-eabi/5.4.1/../../../../arm-none-eabi/lib/armv7-m\libcr_newlib_semihost.a(syscalls.o)
                0x0000a982                _gettimeofday
 .text._clock   0x0000a9a6       0x12 c:/nxp/lpcxpresso_8.2.2_650/lpcxpresso/tools/bin/../lib/gcc/arm-none-eabi/5.4.1/../../../../arm-none-eabi/lib/armv7-m\libcr_newlib_semihost.a(syscalls.o)
                0x0000a9a6                _clock
 .text._times   0x0000a9b8       0x16 c:/nxp/lpcxpresso_8.2.2_650/lpcxpresso/tools/bin/../lib/gcc/arm-none-eabi/5.4.1/../../../../arm-none-eabi/lib/armv7-m\libcr_newlib_semihost.a(syscalls.o)
                0x0000a9b8                _times
 .text._isatty  0x0000a9ce       0x2a c:/nxp/lpcxpresso_8.2.2_650/lpcxpresso/tools/bin/../lib/gcc/arm-none-eabi/5.4.1/../../../../arm-none-eabi/lib/armv7-m\libcr_newlib_semihost.a(syscalls.o)
                0x0000a9ce                _isatty
 .text._system  0x0000a9f8       0x3c c:/nxp/lpcxpresso_8.2.2_650/lpcxpresso/tools/bin/../lib/gcc/arm-none-eabi/5.4.1/../../../../arm-none-eabi/lib/armv7-m\libcr_newlib_semihost.a(syscalls.o)
                0x0000a9f8                _system
 .text._rename  0x0000aa34       0x36 c:/nxp/lpcxpresso_8.2.2_650/lpcxpresso/tools/bin/../lib/gcc/arm-none-eabi/5.4.1/../../../../arm-none-eabi/lib/armv7-m\libcr_newlib_semihost.a(syscalls.o)
                0x0000aa34                _rename
 *fill*         0x0000aa6a        0x2 ff
 .text          0x0000aa6c      0x424 c:/nxp/lpcxpresso_8.2.2_650/lpcxpresso/tools/bin/../lib/gcc/arm-none-eabi/5.4.1/armv7-m\libgcc.a(_arm_muldivdf3.o)
                0x0000aa6c                __aeabi_dmul
                0x0000aa6c                __muldf3
                0x0000acc0                __divdf3
                0x0000acc0                __aeabi_ddiv
 .text          0x0000ae90      0x110 c:/nxp/lpcxpresso_8.2.2_650/lpcxpresso/tools/bin/../lib/gcc/arm-none-eabi/5.4.1/armv7-m\libgcc.a(_arm_cmpdf2.o)
                0x0000ae90                __gtdf2
                0x0000ae90                __gedf2
                0x0000ae98                __ltdf2
                0x0000ae98                __ledf2
                0x0000aea0                __nedf2
                0x0000aea0                __eqdf2
                0x0000aea0                __cmpdf2
                0x0000af1c                __aeabi_cdrcmple
                0x0000af2c                __aeabi_cdcmpeq
                0x0000af2c                __aeabi_cdcmple
                0x0000af3c                __aeabi_dcmpeq
                0x0000af50                __aeabi_dcmplt
                0x0000af64                __aeabi_dcmple
                0x0000af78                __aeabi_dcmpge
                0x0000af8c                __aeabi_dcmpgt
 .text          0x0000afa0       0x2c c:/nxp/lpcxpresso_8.2.2_650/lpcxpresso/tools/bin/../lib/gcc/arm-none-eabi/5.4.1/armv7-m\libgcc.a(_arm_unorddf2.o)
                0x0000afa0                __unorddf2
                0x0000afa0                __aeabi_dcmpun
 .text          0x0000afcc       0x50 c:/nxp/lpcxpresso_8.2.2_650/lpcxpresso/tools/bin/../lib/gcc/arm-none-eabi/5.4.1/armv7-m\libgcc.a(_arm_fixdfsi.o)
                0x0000afcc                __aeabi_d2iz
                0x0000afcc                __fixdfsi
 .text          0x0000b01c       0x30 c:/nxp/lpcxpresso_8.2.2_650/lpcxpresso/tools/bin/../lib/gcc/arm-none-eabi/5.4.1/armv7-m\libgcc.a(_aeabi_uldivmod.o)
                0x0000b01c                __aeabi_uldivmod
 .text          0x0000b04c      0x2ec c:/nxp/lpcxpresso_8.2.2_650/lpcxpresso/tools/bin/../lib/gcc/arm-none-eabi/5.4.1/armv7-m\libgcc.a(_udivmoddi4.o)
                0x0000b04c                __udivmoddi4
 .text          0x0000b338        0x4 c:/nxp/lpcxpresso_8.2.2_650/lpcxpresso/tools/bin/../lib/gcc/arm-none-eabi/5.4.1/armv7-m\libgcc.a(_dvmd_tls.o)
                0x0000b338                __aeabi_idiv0
                0x0000b338                __aeabi_ldiv0
 .text          0x0000b33c        0x0 c:/nxp/lpcxpresso_8.2.2_650/lpcxpresso/tools/bin/../lib/gcc/arm-none-eabi/5.4.1/../../../../arm-none-eabi/lib/armv7-m\libc.a(lib_a-errno.o)
 .text.__errno  0x0000b33c        0xc c:/nxp/lpcxpresso_8.2.2_650/lpcxpresso/tools/bin/../lib/gcc/arm-none-eabi/5.4.1/../../../../arm-none-eabi/lib/armv7-m\libc.a(lib_a-errno.o)
                0x0000b33c                __errno
 *(.rodata .rodata.* .constdata .constdata.*)
 .rodata.str1.1
                0x0000b348       0x40 ./src/pi7/interpretador_comando/interpretador_comando.o
 .rodata.str1.1
                0x0000b388       0x22 ./src/pi7/controlador_trajetoria/controlador_trajetoria.o
 .rodata.str1.1
                0x0000b3aa       0x10 ./src/pi7/comunicacao_pic/comunicacao_pic.o
 .rodata.str1.1
                0x0000b3ba       0x1e ./src/pi7/comunicacao_pc/modbus.o
 .rodata.str1.1
                0x0000b3d8        0xb ./src/drivers/console/basic_io.o
 *fill*         0x0000b3e3        0x1 ff
 .rodata.DELAY_1SEC
                0x0000b3e4        0x4 ./src/main.o
                0x0000b3e4                DELAY_1SEC
 .rodata.DELAY_500MS
                0x0000b3e8        0x4 ./src/main.o
                0x0000b3e8                DELAY_500MS
 .rodata.str1.1
                0x0000b3ec       0x5b ./src/main.o
 *fill*         0x0000b447        0x1 ff
 .rodata.DELAY_200MS
                0x0000b448        0x4 ./src/main.o
                0x0000b448                DELAY_200MS
 .rodata.str1.1
                0x0000b44c       0x17 ./FreeRTOS_src/tasks.o
                                 0x1a (size before relaxing)
 *fill*         0x0000b463        0x1 ff
 .rodata.ulKernelPriority
                0x0000b464        0x4 ./FreeRTOS_portable/port.o
                0x0000b464                ulKernelPriority
 .rodata.blanks.7055
                0x0000b468       0x10 c:/nxp/lpcxpresso_8.2.2_650/lpcxpresso/tools/bin/../lib/gcc/arm-none-eabi/5.4.1/../../../../arm-none-eabi/lib/armv7-m\libc.a(lib_a-svfprintf.o)
 .rodata.str1.4
                0x0000b478       0x42 c:/nxp/lpcxpresso_8.2.2_650/lpcxpresso/tools/bin/../lib/gcc/arm-none-eabi/5.4.1/../../../../arm-none-eabi/lib/armv7-m\libc.a(lib_a-svfprintf.o)
 *fill*         0x0000b4ba        0x2 ff
 .rodata.zeroes.7056
                0x0000b4bc       0x10 c:/nxp/lpcxpresso_8.2.2_650/lpcxpresso/tools/bin/../lib/gcc/arm-none-eabi/5.4.1/../../../../arm-none-eabi/lib/armv7-m\libc.a(lib_a-svfprintf.o)
 .rodata.blanks.7070
                0x0000b4cc       0x10 c:/nxp/lpcxpresso_8.2.2_650/lpcxpresso/tools/bin/../lib/gcc/arm-none-eabi/5.4.1/../../../../arm-none-eabi/lib/armv7-m\libc.a(lib_a-vfprintf.o)
 .rodata.str1.4
                0x0000b4dc       0x42 c:/nxp/lpcxpresso_8.2.2_650/lpcxpresso/tools/bin/../lib/gcc/arm-none-eabi/5.4.1/../../../../arm-none-eabi/lib/armv7-m\libc.a(lib_a-vfprintf.o)
 .rodata.zeroes.7071
                0x0000b4dc       0x10 c:/nxp/lpcxpresso_8.2.2_650/lpcxpresso/tools/bin/../lib/gcc/arm-none-eabi/5.4.1/../../../../arm-none-eabi/lib/armv7-m\libc.a(lib_a-vfprintf.o)
 .rodata.str1.4
                0x0000b4ec       0x10 c:/nxp/lpcxpresso_8.2.2_650/lpcxpresso/tools/bin/../lib/gcc/arm-none-eabi/5.4.1/../../../../arm-none-eabi/lib/armv7-m\libc.a(lib_a-dtoa.o)
                                 0x12 (size before relaxing)
 .rodata.str1.4
                0x0000b4fc        0x2 c:/nxp/lpcxpresso_8.2.2_650/lpcxpresso/tools/bin/../lib/gcc/arm-none-eabi/5.4.1/../../../../arm-none-eabi/lib/armv7-m\libc.a(lib_a-impure.o)
 *fill*         0x0000b4fe        0x2 ff
 .rodata._global_impure_ptr
                0x0000b500        0x4 c:/nxp/lpcxpresso_8.2.2_650/lpcxpresso/tools/bin/../lib/gcc/arm-none-eabi/5.4.1/../../../../arm-none-eabi/lib/armv7-m\libc.a(lib_a-impure.o)
                0x0000b500                _global_impure_ptr
 .rodata.str1.4
                0x0000b504        0xc c:/nxp/lpcxpresso_8.2.2_650/lpcxpresso/tools/bin/../lib/gcc/arm-none-eabi/5.4.1/../../../../arm-none-eabi/lib/armv7-m\libc.a(lib_a-locale.o)
                                 0x12 (size before relaxing)
 .rodata.__mprec_tens
                0x0000b510       0xc8 c:/nxp/lpcxpresso_8.2.2_650/lpcxpresso/tools/bin/../lib/gcc/arm-none-eabi/5.4.1/../../../../arm-none-eabi/lib/armv7-m\libc.a(lib_a-mprec.o)
                0x0000b510                __mprec_tens
 .rodata.__mprec_bigtens
                0x0000b5d8       0x28 c:/nxp/lpcxpresso_8.2.2_650/lpcxpresso/tools/bin/../lib/gcc/arm-none-eabi/5.4.1/../../../../arm-none-eabi/lib/armv7-m\libc.a(lib_a-mprec.o)
                0x0000b5d8                __mprec_bigtens
 .rodata.__mprec_tinytens
                0x0000b600       0x28 c:/nxp/lpcxpresso_8.2.2_650/lpcxpresso/tools/bin/../lib/gcc/arm-none-eabi/5.4.1/../../../../arm-none-eabi/lib/armv7-m\libc.a(lib_a-mprec.o)
                0x0000b600                __mprec_tinytens
 .rodata.p05.5396
                0x0000b628        0xc c:/nxp/lpcxpresso_8.2.2_650/lpcxpresso/tools/bin/../lib/gcc/arm-none-eabi/5.4.1/../../../../arm-none-eabi/lib/armv7-m\libc.a(lib_a-mprec.o)
 .rodata.blanks.6999
                0x0000b634       0x10 c:/nxp/lpcxpresso_8.2.2_650/lpcxpresso/tools/bin/../lib/gcc/arm-none-eabi/5.4.1/../../../../arm-none-eabi/lib/armv7-m\libc.a(lib_a-svfiprintf.o)
 .rodata.str1.4
                0x0000b644       0x2f c:/nxp/lpcxpresso_8.2.2_650/lpcxpresso/tools/bin/../lib/gcc/arm-none-eabi/5.4.1/../../../../arm-none-eabi/lib/armv7-m\libc.a(lib_a-svfiprintf.o)
 .rodata.zeroes.7000
                0x0000b644       0x10 c:/nxp/lpcxpresso_8.2.2_650/lpcxpresso/tools/bin/../lib/gcc/arm-none-eabi/5.4.1/../../../../arm-none-eabi/lib/armv7-m\libc.a(lib_a-svfiprintf.o)
 .rodata.blanks.7013
                0x0000b654       0x10 c:/nxp/lpcxpresso_8.2.2_650/lpcxpresso/tools/bin/../lib/gcc/arm-none-eabi/5.4.1/../../../../arm-none-eabi/lib/armv7-m\libc.a(lib_a-vfiprintf.o)
 .rodata.str1.4
                0x0000b664       0x2f c:/nxp/lpcxpresso_8.2.2_650/lpcxpresso/tools/bin/../lib/gcc/arm-none-eabi/5.4.1/../../../../arm-none-eabi/lib/armv7-m\libc.a(lib_a-vfiprintf.o)
 .rodata.zeroes.7014
                0x0000b664       0x10 c:/nxp/lpcxpresso_8.2.2_650/lpcxpresso/tools/bin/../lib/gcc/arm-none-eabi/5.4.1/../../../../arm-none-eabi/lib/armv7-m\libc.a(lib_a-vfiprintf.o)
 .rodata.str1.1
                0x0000b674        0x4 c:/nxp/lpcxpresso_8.2.2_650/lpcxpresso/tools/bin/../lib/gcc/arm-none-eabi/5.4.1/../../../../arm-none-eabi/lib/armv7-m\libcr_newlib_semihost.a(syscalls.o)
                0x0000b694                . = ALIGN (0x4)

.glue_7         0x0000b678        0x0
 .glue_7        0x0000b678        0x0 linker stubs

.glue_7t        0x0000b678        0x0
 .glue_7t       0x0000b678        0x0 linker stubs

.vfp11_veneer   0x0000b678        0x0
 .vfp11_veneer  0x0000b678        0x0 linker stubs

.v4_bx          0x0000b678        0x0
 .v4_bx         0x0000b678        0x0 linker stubs

.iplt           0x0000b678        0x0
 .iplt          0x0000b678        0x0 ./src/pi7/programa_trajetoria/programa_trajetoria.o

.ARM.extab      0x0000b678        0x0
 *(.ARM.extab* .gnu.linkonce.armextab.*)
 .ARM.extab     0x0000b678        0x0 c:/nxp/lpcxpresso_8.2.2_650/lpcxpresso/tools/bin/../lib/gcc/arm-none-eabi/5.4.1/armv7-m\libgcc.a(_udivmoddi4.o)
                0x0000b678                __exidx_start = .

.ARM.exidx      0x0000b678        0x8
 *(.ARM.exidx* .gnu.linkonce.armexidx.*)
 .ARM.exidx     0x0000b678        0x8 c:/nxp/lpcxpresso_8.2.2_650/lpcxpresso/tools/bin/../lib/gcc/arm-none-eabi/5.4.1/armv7-m\libgcc.a(_udivmoddi4.o)
                0x0000b680                __exidx_end = .
                0x0000b680                _etext = .

.rel.dyn        0x0000b680        0x0
 .rel.iplt      0x0000b680        0x0 ./src/pi7/programa_trajetoria/programa_trajetoria.o

.data_RAM2      0x2007c000        0x0 load address 0x0000b680
 FILL mask 0xff
                [!provide]                PROVIDE (__start_data_RAM2, .)
 *(.ramfunc.$RAM2)
 *(.ramfunc.$RamAHB32)
 *(.data.$RAM2*)
 *(.data.$RamAHB32*)
                0x2007c000                . = ALIGN (0x4)
                [!provide]                PROVIDE (__end_data_RAM2, .)

.uninit_RESERVED
                0x10000000        0x0
 *(.bss.$RESERVED*)
                0x10000000                . = ALIGN (0x4)
                0x10000000                _end_uninit_RESERVED = .

.data           0x10000000      0x4e4 load address 0x0000b680
 FILL mask 0xff
                0x10000000                _data = .
 *(vtable)
 *(.ramfunc*)
 *(.data*)
 .data          0x10000000        0x0 ./src/pi7/programa_trajetoria/programa_trajetoria.o
 .data          0x10000000        0x0 ./src/pi7/interpretador_comando/interpretador_comando.o
 .data          0x10000000        0x0 ./src/pi7/estado_trajetoria/estado_trajetoria.o
 .data          0x10000000        0x0 ./src/pi7/controlador_trajetoria/controlador_trajetoria.o
 .data          0x10000000        0x0 ./src/pi7/comunicacao_pic/comunicacao_pic.o
 .data          0x10000000        0x0 ./src/pi7/comunicacao_pc/modbus.o
 .data          0x10000000        0x0 ./src/drivers/uart/uart.o
 .data.UART0TxEmpty
                0x10000000        0x1 ./src/drivers/uart/uart.o
                0x10000000                UART0TxEmpty
 .data.UART1TxEmpty
                0x10000001        0x1 ./src/drivers/uart/uart.o
                0x10000001                UART1TxEmpty
 .data          0x10000002        0x0 ./src/drivers/pwm/pwm.o
 .data          0x10000002        0x0 ./src/drivers/ledonboard/leds.o
 .data          0x10000002        0x0 ./src/drivers/console/alloc.o
 .data          0x10000002        0x0 ./src/drivers/console/basic_io.o
 .data          0x10000002        0x0 ./src/drivers/console/consoleprint.o
 .data          0x10000002        0x0 ./src/cr_startup_lpc17.o
 .data          0x10000002        0x0 ./src/main.o
 .data.msgReadRegister
                0x10000002        0xd ./src/main.o
                0x10000002                msgReadRegister
 .data.msgWriteRegister
                0x1000000f        0xf ./src/main.o
                0x1000000f                msgWriteRegister
 .data          0x1000001e        0x0 ./FreeRTOS_src/croutine.o
 .data          0x1000001e        0x0 ./FreeRTOS_src/list.o
 .data          0x1000001e        0x0 ./FreeRTOS_src/queue.o
 .data          0x1000001e        0x0 ./FreeRTOS_src/tasks.o
 *fill*         0x1000001e        0x2 ff
 .data.uxPreviousTask
                0x10000020        0x4 ./FreeRTOS_src/tasks.o
 .data.xNextTaskUnblockTime
                0x10000024        0x4 ./FreeRTOS_src/tasks.o
 .data          0x10000028        0x0 ./FreeRTOS_src/timers.o
 .data          0x10000028        0x0 ./FreeRTOS_portable/MemMang/heap_2.o
 .data.xFreeBytesRemaining
                0x10000028        0x4 ./FreeRTOS_portable/MemMang/heap_2.o
 .data          0x1000002c        0x0 ./FreeRTOS_portable/port.o
 .data.uxCriticalNesting
                0x1000002c        0x4 ./FreeRTOS_portable/port.o
 .data          0x10000030        0x4 ../Libraries\libCMSISv2_LPC17xx.a(system_LPC17xx.o)
                0x10000030                SystemFrequency
 .data          0x10000034        0x0 c:/nxp/lpcxpresso_8.2.2_650/lpcxpresso/tools/bin/../lib/gcc/arm-none-eabi/5.4.1/armv7-m\libgcc.a(_arm_addsubdf3.o)
 .data          0x10000034        0x0 c:/nxp/lpcxpresso_8.2.2_650/lpcxpresso/tools/bin/../lib/gcc/arm-none-eabi/5.4.1/armv7-m\libgcc.a(_arm_fixsfsi.o)
 .data          0x10000034        0x0 c:/nxp/lpcxpresso_8.2.2_650/lpcxpresso/tools/bin/../lib/gcc/arm-none-eabi/5.4.1/../../../../arm-none-eabi/lib/armv7-m\libc.a(lib_a-memcpy.o)
 .data          0x10000034        0x0 c:/nxp/lpcxpresso_8.2.2_650/lpcxpresso/tools/bin/../lib/gcc/arm-none-eabi/5.4.1/../../../../arm-none-eabi/lib/armv7-m\libc.a(lib_a-memset.o)
 .data          0x10000034        0x0 c:/nxp/lpcxpresso_8.2.2_650/lpcxpresso/tools/bin/../lib/gcc/arm-none-eabi/5.4.1/../../../../arm-none-eabi/lib/armv7-m\libc.a(lib_a-printf.o)
 .data          0x10000034        0x0 c:/nxp/lpcxpresso_8.2.2_650/lpcxpresso/tools/bin/../lib/gcc/arm-none-eabi/5.4.1/../../../../arm-none-eabi/lib/armv7-m\libc.a(lib_a-sprintf.o)
 .data          0x10000034        0x0 c:/nxp/lpcxpresso_8.2.2_650/lpcxpresso/tools/bin/../lib/gcc/arm-none-eabi/5.4.1/../../../../arm-none-eabi/lib/armv7-m\libc.a(lib_a-strcat.o)
 .data          0x10000034        0x0 c:/nxp/lpcxpresso_8.2.2_650/lpcxpresso/tools/bin/../lib/gcc/arm-none-eabi/5.4.1/../../../../arm-none-eabi/lib/armv7-m\libc.a(lib_a-strcpy.o)
 .data          0x10000034        0x0 c:/nxp/lpcxpresso_8.2.2_650/lpcxpresso/tools/bin/../lib/gcc/arm-none-eabi/5.4.1/../../../../arm-none-eabi/lib/armv7-m\libc.a(lib_a-strlen-stub.o)
 .data          0x10000034        0x0 c:/nxp/lpcxpresso_8.2.2_650/lpcxpresso/tools/bin/../lib/gcc/arm-none-eabi/5.4.1/../../../../arm-none-eabi/lib/armv7-m\libc.a(lib_a-strncpy.o)
 .data          0x10000034        0x0 c:/nxp/lpcxpresso_8.2.2_650/lpcxpresso/tools/bin/../lib/gcc/arm-none-eabi/5.4.1/../../../../arm-none-eabi/lib/armv7-m\libc.a(lib_a-svfprintf.o)
 .data          0x10000034        0x0 c:/nxp/lpcxpresso_8.2.2_650/lpcxpresso/tools/bin/../lib/gcc/arm-none-eabi/5.4.1/../../../../arm-none-eabi/lib/armv7-m\libc.a(lib_a-vfprintf.o)
 .data          0x10000034        0x0 c:/nxp/lpcxpresso_8.2.2_650/lpcxpresso/tools/bin/../lib/gcc/arm-none-eabi/5.4.1/../../../../arm-none-eabi/lib/armv7-m\libc.a(lib_a-wsetup.o)
 .data          0x10000034        0x0 c:/nxp/lpcxpresso_8.2.2_650/lpcxpresso/tools/bin/../lib/gcc/arm-none-eabi/5.4.1/../../../../arm-none-eabi/lib/armv7-m\libc.a(lib_a-dtoa.o)
 .data          0x10000034        0x0 c:/nxp/lpcxpresso_8.2.2_650/lpcxpresso/tools/bin/../lib/gcc/arm-none-eabi/5.4.1/../../../../arm-none-eabi/lib/armv7-m\libc.a(lib_a-fflush.o)
 .data          0x10000034        0x0 c:/nxp/lpcxpresso_8.2.2_650/lpcxpresso/tools/bin/../lib/gcc/arm-none-eabi/5.4.1/../../../../arm-none-eabi/lib/armv7-m\libc.a(lib_a-findfp.o)
 .data          0x10000034        0x0 c:/nxp/lpcxpresso_8.2.2_650/lpcxpresso/tools/bin/../lib/gcc/arm-none-eabi/5.4.1/../../../../arm-none-eabi/lib/armv7-m\libc.a(lib_a-fwalk.o)
 .data          0x10000034        0x0 c:/nxp/lpcxpresso_8.2.2_650/lpcxpresso/tools/bin/../lib/gcc/arm-none-eabi/5.4.1/../../../../arm-none-eabi/lib/armv7-m\libc.a(lib_a-impure.o)
 *fill*         0x10000034        0x4 ff
 .data.impure_data
                0x10000038      0x428 c:/nxp/lpcxpresso_8.2.2_650/lpcxpresso/tools/bin/../lib/gcc/arm-none-eabi/5.4.1/../../../../arm-none-eabi/lib/armv7-m\libc.a(lib_a-impure.o)
 .data._impure_ptr
                0x10000460        0x4 c:/nxp/lpcxpresso_8.2.2_650/lpcxpresso/tools/bin/../lib/gcc/arm-none-eabi/5.4.1/../../../../arm-none-eabi/lib/armv7-m\libc.a(lib_a-impure.o)
                0x10000460                _impure_ptr
 .data          0x10000464        0x0 c:/nxp/lpcxpresso_8.2.2_650/lpcxpresso/tools/bin/../lib/gcc/arm-none-eabi/5.4.1/../../../../arm-none-eabi/lib/armv7-m\libc.a(lib_a-locale.o)
 .data.lc_message_charset
                0x10000464       0x20 c:/nxp/lpcxpresso_8.2.2_650/lpcxpresso/tools/bin/../lib/gcc/arm-none-eabi/5.4.1/../../../../arm-none-eabi/lib/armv7-m\libc.a(lib_a-locale.o)
 .data.lconv    0x10000484       0x38 c:/nxp/lpcxpresso_8.2.2_650/lpcxpresso/tools/bin/../lib/gcc/arm-none-eabi/5.4.1/../../../../arm-none-eabi/lib/armv7-m\libc.a(lib_a-locale.o)
 .data.lc_ctype_charset
                0x100004bc       0x20 c:/nxp/lpcxpresso_8.2.2_650/lpcxpresso/tools/bin/../lib/gcc/arm-none-eabi/5.4.1/../../../../arm-none-eabi/lib/armv7-m\libc.a(lib_a-locale.o)
 .data.__mb_cur_max
                0x100004dc        0x4 c:/nxp/lpcxpresso_8.2.2_650/lpcxpresso/tools/bin/../lib/gcc/arm-none-eabi/5.4.1/../../../../arm-none-eabi/lib/armv7-m\libc.a(lib_a-locale.o)
                0x100004dc                __mb_cur_max
 .data          0x100004e0        0x0 c:/nxp/lpcxpresso_8.2.2_650/lpcxpresso/tools/bin/../lib/gcc/arm-none-eabi/5.4.1/../../../../arm-none-eabi/lib/armv7-m\libc.a(lib_a-makebuf.o)
 .data          0x100004e0        0x0 c:/nxp/lpcxpresso_8.2.2_650/lpcxpresso/tools/bin/../lib/gcc/arm-none-eabi/5.4.1/../../../../arm-none-eabi/lib/armv7-m\libc.a(lib_a-memchr-stub.o)
 .data          0x100004e0        0x0 c:/nxp/lpcxpresso_8.2.2_650/lpcxpresso/tools/bin/../lib/gcc/arm-none-eabi/5.4.1/../../../../arm-none-eabi/lib/armv7-m\libc.a(lib_a-mprec.o)
 .data          0x100004e0        0x0 c:/nxp/lpcxpresso_8.2.2_650/lpcxpresso/tools/bin/../lib/gcc/arm-none-eabi/5.4.1/../../../../arm-none-eabi/lib/armv7-m\libc.a(lib_a-stdio.o)
 .data          0x100004e0        0x0 c:/nxp/lpcxpresso_8.2.2_650/lpcxpresso/tools/bin/../lib/gcc/arm-none-eabi/5.4.1/../../../../arm-none-eabi/lib/armv7-m\libc.a(lib_a-strcmp.o)
 .data          0x100004e0        0x0 c:/nxp/lpcxpresso_8.2.2_650/lpcxpresso/tools/bin/../lib/gcc/arm-none-eabi/5.4.1/../../../../arm-none-eabi/lib/armv7-m\libc.a(lib_a-svfiprintf.o)
 .data          0x100004e0        0x0 c:/nxp/lpcxpresso_8.2.2_650/lpcxpresso/tools/bin/../lib/gcc/arm-none-eabi/5.4.1/../../../../arm-none-eabi/lib/armv7-m\libc.a(lib_a-vfiprintf.o)
 .data          0x100004e0        0x0 c:/nxp/lpcxpresso_8.2.2_650/lpcxpresso/tools/bin/../lib/gcc/arm-none-eabi/5.4.1/../../../../arm-none-eabi/lib/armv7-m\libc.a(lib_a-writer.o)
 .data          0x100004e0        0x0 c:/nxp/lpcxpresso_8.2.2_650/lpcxpresso/tools/bin/../lib/gcc/arm-none-eabi/5.4.1/../../../../arm-none-eabi/lib/armv7-m\libc.a(lib_a-closer.o)
 .data          0x100004e0        0x0 c:/nxp/lpcxpresso_8.2.2_650/lpcxpresso/tools/bin/../lib/gcc/arm-none-eabi/5.4.1/../../../../arm-none-eabi/lib/armv7-m\libc.a(lib_a-fclose.o)
 .data          0x100004e0        0x0 c:/nxp/lpcxpresso_8.2.2_650/lpcxpresso/tools/bin/../lib/gcc/arm-none-eabi/5.4.1/../../../../arm-none-eabi/lib/armv7-m\libc.a(lib_a-fputwc.o)
 .data          0x100004e0        0x0 c:/nxp/lpcxpresso_8.2.2_650/lpcxpresso/tools/bin/../lib/gcc/arm-none-eabi/5.4.1/../../../../arm-none-eabi/lib/armv7-m\libc.a(lib_a-fstatr.o)
 .data          0x100004e0        0x0 c:/nxp/lpcxpresso_8.2.2_650/lpcxpresso/tools/bin/../lib/gcc/arm-none-eabi/5.4.1/../../../../arm-none-eabi/lib/armv7-m\libc.a(lib_a-fvwrite.o)
 .data          0x100004e0        0x0 c:/nxp/lpcxpresso_8.2.2_650/lpcxpresso/tools/bin/../lib/gcc/arm-none-eabi/5.4.1/../../../../arm-none-eabi/lib/armv7-m\libc.a(lib_a-isattyr.o)
 .data          0x100004e0        0x0 c:/nxp/lpcxpresso_8.2.2_650/lpcxpresso/tools/bin/../lib/gcc/arm-none-eabi/5.4.1/../../../../arm-none-eabi/lib/armv7-m\libc.a(lib_a-lseekr.o)
 .data          0x100004e0        0x0 c:/nxp/lpcxpresso_8.2.2_650/lpcxpresso/tools/bin/../lib/gcc/arm-none-eabi/5.4.1/../../../../arm-none-eabi/lib/armv7-m\libc.a(lib_a-memmove.o)
 .data          0x100004e0        0x0 c:/nxp/lpcxpresso_8.2.2_650/lpcxpresso/tools/bin/../lib/gcc/arm-none-eabi/5.4.1/../../../../arm-none-eabi/lib/armv7-m\libc.a(lib_a-readr.o)
 .data          0x100004e0        0x0 c:/nxp/lpcxpresso_8.2.2_650/lpcxpresso/tools/bin/../lib/gcc/arm-none-eabi/5.4.1/../../../../arm-none-eabi/lib/armv7-m\libc.a(lib_a-reent.o)
 .data          0x100004e0        0x0 c:/nxp/lpcxpresso_8.2.2_650/lpcxpresso/tools/bin/../lib/gcc/arm-none-eabi/5.4.1/../../../../arm-none-eabi/lib/armv7-m\libc.a(lib_a-wbuf.o)
 .data          0x100004e0        0x0 c:/nxp/lpcxpresso_8.2.2_650/lpcxpresso/tools/bin/../lib/gcc/arm-none-eabi/5.4.1/../../../../arm-none-eabi/lib/armv7-m\libc.a(lib_a-wcrtomb.o)
 .data          0x100004e0        0x0 c:/nxp/lpcxpresso_8.2.2_650/lpcxpresso/tools/bin/../lib/gcc/arm-none-eabi/5.4.1/../../../../arm-none-eabi/lib/armv7-m\libc.a(lib_a-wctomb_r.o)
 .data.__wctomb
                0x100004e0        0x4 c:/nxp/lpcxpresso_8.2.2_650/lpcxpresso/tools/bin/../lib/gcc/arm-none-eabi/5.4.1/../../../../arm-none-eabi/lib/armv7-m\libc.a(lib_a-wctomb_r.o)
                0x100004e0                __wctomb
 .data          0x100004e4        0x0 c:/nxp/lpcxpresso_8.2.2_650/lpcxpresso/tools/bin/../lib/gcc/arm-none-eabi/5.4.1/../../../../arm-none-eabi/lib/armv7-m\libcr_newlib_semihost.a(syscalls.o)
 .data          0x100004e4        0x0 c:/nxp/lpcxpresso_8.2.2_650/lpcxpresso/tools/bin/../lib/gcc/arm-none-eabi/5.4.1/armv7-m\libgcc.a(_arm_muldivdf3.o)
 .data          0x100004e4        0x0 c:/nxp/lpcxpresso_8.2.2_650/lpcxpresso/tools/bin/../lib/gcc/arm-none-eabi/5.4.1/armv7-m\libgcc.a(_arm_cmpdf2.o)
 .data          0x100004e4        0x0 c:/nxp/lpcxpresso_8.2.2_650/lpcxpresso/tools/bin/../lib/gcc/arm-none-eabi/5.4.1/armv7-m\libgcc.a(_arm_unorddf2.o)
 .data          0x100004e4        0x0 c:/nxp/lpcxpresso_8.2.2_650/lpcxpresso/tools/bin/../lib/gcc/arm-none-eabi/5.4.1/armv7-m\libgcc.a(_arm_fixdfsi.o)
 .data          0x100004e4        0x0 c:/nxp/lpcxpresso_8.2.2_650/lpcxpresso/tools/bin/../lib/gcc/arm-none-eabi/5.4.1/armv7-m\libgcc.a(_aeabi_uldivmod.o)
 .data          0x100004e4        0x0 c:/nxp/lpcxpresso_8.2.2_650/lpcxpresso/tools/bin/../lib/gcc/arm-none-eabi/5.4.1/armv7-m\libgcc.a(_udivmoddi4.o)
 .data          0x100004e4        0x0 c:/nxp/lpcxpresso_8.2.2_650/lpcxpresso/tools/bin/../lib/gcc/arm-none-eabi/5.4.1/armv7-m\libgcc.a(_dvmd_tls.o)
 .data          0x100004e4        0x0 c:/nxp/lpcxpresso_8.2.2_650/lpcxpresso/tools/bin/../lib/gcc/arm-none-eabi/5.4.1/../../../../arm-none-eabi/lib/armv7-m\libc.a(lib_a-errno.o)
                0x100004e4                . = ALIGN (0x4)
                0x100004e4                _edata = .

.igot.plt       0x100004e4        0x0 load address 0x0000bb64
 .igot.plt      0x100004e4        0x0 ./src/pi7/programa_trajetoria/programa_trajetoria.o

.bss_RAM2       0x2007c000        0x0
                [!provide]                PROVIDE (__start_bss_RAM2, .)
 *(.bss.$RAM2*)
 *(.bss.$RamAHB32*)
                0x2007c000                . = ALIGN ((. != 0x0)?0x4:0x1)
                [!provide]                PROVIDE (__end_bss_RAM2, .)

.bss            0x100004e8     0x59bc
                0x100004e8                _bss = .
 *(.bss*)
 .bss           0x100004e8        0x0 ./src/pi7/programa_trajetoria/programa_trajetoria.o
 .bss           0x100004e8        0x0 ./src/pi7/interpretador_comando/interpretador_comando.o
 .bss           0x100004e8        0x0 ./src/pi7/estado_trajetoria/estado_trajetoria.o
 .bss           0x100004e8        0x0 ./src/pi7/controlador_trajetoria/controlador_trajetoria.o
 .bss           0x100004e8        0x0 ./src/pi7/comunicacao_pic/comunicacao_pic.o
 .bss           0x100004e8        0x0 ./src/pi7/comunicacao_pc/modbus.o
 .bss           0x100004e8        0x0 ./src/drivers/uart/uart.o
 .bss.UART1Count
                0x100004e8        0x4 ./src/drivers/uart/uart.o
                0x100004e8                UART1Count
 .bss.UART0Count
                0x100004ec        0x4 ./src/drivers/uart/uart.o
                0x100004ec                UART0Count
 .bss           0x100004f0        0x0 ./src/drivers/pwm/pwm.o
 .bss           0x100004f0        0x0 ./src/drivers/ledonboard/leds.o
 .bss           0x100004f0        0x0 ./src/drivers/console/alloc.o
 .bss           0x100004f0        0x0 ./src/drivers/console/basic_io.o
 .bss.cBuffer   0x100004f0       0x32 ./src/drivers/console/basic_io.o
 .bss           0x10000522        0x0 ./src/drivers/console/consoleprint.o
 .bss           0x10000522        0x0 ./src/cr_startup_lpc17.o
 .bss           0x10000522        0x0 ./src/main.o
 .bss           0x10000522        0x0 ./FreeRTOS_src/croutine.o
 *fill*         0x10000522        0x2 
 .bss.xDelayedCoRoutineList1
                0x10000524       0x14 ./FreeRTOS_src/croutine.o
 .bss.xPassedTicks
                0x10000538        0x4 ./FreeRTOS_src/croutine.o
 .bss.xPendingReadyCoRoutineList
                0x1000053c       0x14 ./FreeRTOS_src/croutine.o
 .bss.pxCurrentCoRoutine
                0x10000550        0x4 ./FreeRTOS_src/croutine.o
                0x10000550                pxCurrentCoRoutine
 .bss.xDelayedCoRoutineList2
                0x10000554       0x14 ./FreeRTOS_src/croutine.o
 .bss.xCoRoutineTickCount
                0x10000568        0x4 ./FreeRTOS_src/croutine.o
 .bss.xLastTickCount
                0x1000056c        0x4 ./FreeRTOS_src/croutine.o
 .bss.pxDelayedCoRoutineList
                0x10000570        0x4 ./FreeRTOS_src/croutine.o
 .bss.pxReadyCoRoutineLists
                0x10000574       0x28 ./FreeRTOS_src/croutine.o
 .bss.uxTopCoRoutineReadyPriority
                0x1000059c        0x4 ./FreeRTOS_src/croutine.o
 .bss.pxOverflowDelayedCoRoutineList
                0x100005a0        0x4 ./FreeRTOS_src/croutine.o
 .bss           0x100005a4        0x0 ./FreeRTOS_src/list.o
 .bss           0x100005a4        0x0 ./FreeRTOS_src/queue.o
 .bss           0x100005a4        0x0 ./FreeRTOS_src/tasks.o
 .bss.xPendingReadyList