Archive member included to satisfy reference by file (symbol)

../Libraries\libCMSISv2_LPC17xx.a(system_LPC17xx.o)
                              ./src/drivers/uart/uart.o (SystemFrequency)
d:/nxp/lpcxpresso_8.2.2_650/lpcxpresso/tools/bin/../lib/gcc/arm-none-eabi/5.4.1/armv7-m\libgcc.a(_arm_addsubdf3.o)
                              ./src/pi7/controlador_trajetoria/controlador_trajetoria.o (__aeabi_f2d)
d:/nxp/lpcxpresso_8.2.2_650/lpcxpresso/tools/bin/../lib/gcc/arm-none-eabi/5.4.1/armv7-m\libgcc.a(_arm_truncdfsf2.o)
                              ./src/pi7/controlador_trajetoria/controlador_trajetoria.o (__aeabi_d2f)
d:/nxp/lpcxpresso_8.2.2_650/lpcxpresso/tools/bin/../lib/gcc/arm-none-eabi/5.4.1/armv7-m\libgcc.a(_arm_addsubsf3.o)
                              ./src/pi7/controlador_trajetoria/controlador_trajetoria.o (__aeabi_fadd)
d:/nxp/lpcxpresso_8.2.2_650/lpcxpresso/tools/bin/../lib/gcc/arm-none-eabi/5.4.1/armv7-m\libgcc.a(_arm_muldivsf3.o)
                              ./src/pi7/controlador_trajetoria/controlador_trajetoria.o (__aeabi_fmul)
d:/nxp/lpcxpresso_8.2.2_650/lpcxpresso/tools/bin/../lib/gcc/arm-none-eabi/5.4.1/armv7-m\libgcc.a(_arm_fixsfsi.o)
                              ./src/pi7/controlador_trajetoria/controlador_trajetoria.o (__aeabi_f2iz)
d:/nxp/lpcxpresso_8.2.2_650/lpcxpresso/tools/bin/../lib/gcc/arm-none-eabi/5.4.1/../../../../arm-none-eabi/lib/armv7-m\libc.a(lib_a-memcpy.o)
                              ./FreeRTOS_src/queue.o (memcpy)
d:/nxp/lpcxpresso_8.2.2_650/lpcxpresso/tools/bin/../lib/gcc/arm-none-eabi/5.4.1/../../../../arm-none-eabi/lib/armv7-m\libc.a(lib_a-memset.o)
                              ./FreeRTOS_src/tasks.o (memset)
d:/nxp/lpcxpresso_8.2.2_650/lpcxpresso/tools/bin/../lib/gcc/arm-none-eabi/5.4.1/../../../../arm-none-eabi/lib/armv7-m\libc.a(lib_a-printf.o)
                              ./src/pi7/interpretador_comando/interpretador_comando.o (printf)
d:/nxp/lpcxpresso_8.2.2_650/lpcxpresso/tools/bin/../lib/gcc/arm-none-eabi/5.4.1/../../../../arm-none-eabi/lib/armv7-m\libc.a(lib_a-sprintf.o)
                              ./src/pi7/comunicacao_pc/modbus.o (sprintf)
d:/nxp/lpcxpresso_8.2.2_650/lpcxpresso/tools/bin/../lib/gcc/arm-none-eabi/5.4.1/../../../../arm-none-eabi/lib/armv7-m\libc.a(lib_a-strcat.o)
                              ./FreeRTOS_src/tasks.o (strcat)
d:/nxp/lpcxpresso_8.2.2_650/lpcxpresso/tools/bin/../lib/gcc/arm-none-eabi/5.4.1/../../../../arm-none-eabi/lib/armv7-m\libc.a(lib_a-strcpy.o)
                              d:/nxp/lpcxpresso_8.2.2_650/lpcxpresso/tools/bin/../lib/gcc/arm-none-eabi/5.4.1/../../../../arm-none-eabi/lib/armv7-m\libc.a(lib_a-strcat.o) (strcpy)
d:/nxp/lpcxpresso_8.2.2_650/lpcxpresso/tools/bin/../lib/gcc/arm-none-eabi/5.4.1/../../../../arm-none-eabi/lib/armv7-m\libc.a(lib_a-strncpy.o)
                              ./FreeRTOS_src/tasks.o (strncpy)
d:/nxp/lpcxpresso_8.2.2_650/lpcxpresso/tools/bin/../lib/gcc/arm-none-eabi/5.4.1/../../../../arm-none-eabi/lib/armv7-m\libc.a(lib_a-svfprintf.o)
                              d:/nxp/lpcxpresso_8.2.2_650/lpcxpresso/tools/bin/../lib/gcc/arm-none-eabi/5.4.1/../../../../arm-none-eabi/lib/armv7-m\libc.a(lib_a-sprintf.o) (_svfprintf_r)
d:/nxp/lpcxpresso_8.2.2_650/lpcxpresso/tools/bin/../lib/gcc/arm-none-eabi/5.4.1/../../../../arm-none-eabi/lib/armv7-m\libc.a(lib_a-vfprintf.o)
                              d:/nxp/lpcxpresso_8.2.2_650/lpcxpresso/tools/bin/../lib/gcc/arm-none-eabi/5.4.1/../../../../arm-none-eabi/lib/armv7-m\libc.a(lib_a-printf.o) (_vfprintf_r)
d:/nxp/lpcxpresso_8.2.2_650/lpcxpresso/tools/bin/../lib/gcc/arm-none-eabi/5.4.1/../../../../arm-none-eabi/lib/armv7-m\libc.a(lib_a-wsetup.o)
                              d:/nxp/lpcxpresso_8.2.2_650/lpcxpresso/tools/bin/../lib/gcc/arm-none-eabi/5.4.1/../../../../arm-none-eabi/lib/armv7-m\libc.a(lib_a-vfprintf.o) (__swsetup_r)
d:/nxp/lpcxpresso_8.2.2_650/lpcxpresso/tools/bin/../lib/gcc/arm-none-eabi/5.4.1/../../../../arm-none-eabi/lib/armv7-m\libc.a(lib_a-dtoa.o)
                              d:/nxp/lpcxpresso_8.2.2_650/lpcxpresso/tools/bin/../lib/gcc/arm-none-eabi/5.4.1/../../../../arm-none-eabi/lib/armv7-m\libc.a(lib_a-svfprintf.o) (_dtoa_r)
d:/nxp/lpcxpresso_8.2.2_650/lpcxpresso/tools/bin/../lib/gcc/arm-none-eabi/5.4.1/../../../../arm-none-eabi/lib/armv7-m\libc.a(lib_a-fflush.o)
                              d:/nxp/lpcxpresso_8.2.2_650/lpcxpresso/tools/bin/../lib/gcc/arm-none-eabi/5.4.1/../../../../arm-none-eabi/lib/armv7-m\libc.a(lib_a-vfprintf.o) (_fflush_r)
d:/nxp/lpcxpresso_8.2.2_650/lpcxpresso/tools/bin/../lib/gcc/arm-none-eabi/5.4.1/../../../../arm-none-eabi/lib/armv7-m\libc.a(lib_a-findfp.o)
                              d:/nxp/lpcxpresso_8.2.2_650/lpcxpresso/tools/bin/../lib/gcc/arm-none-eabi/5.4.1/../../../../arm-none-eabi/lib/armv7-m\libc.a(lib_a-vfprintf.o) (__sinit)
d:/nxp/lpcxpresso_8.2.2_650/lpcxpresso/tools/bin/../lib/gcc/arm-none-eabi/5.4.1/../../../../arm-none-eabi/lib/armv7-m\libc.a(lib_a-freer.o)
[...]
Memory Configuration

Name             Origin             Length             Attributes
MFlash512        0x00000000         0x00080000         xr
RamLoc32         0x10000000         0x00008000         xrw
RamAHB32         0x2007c000         0x00008000         xrw
*default*        0x00000000         0xffffffff

Linker script and memory map

LOAD ./src/pi7/programa_trajetoria/programa_trajetoria.o
LOAD ./src/pi7/interpretador_comando/interpretador_comando.o
LOAD ./src/pi7/estado_trajetoria/estado_trajetoria.o
LOAD ./src/pi7/controlador_trajetoria/controlador_trajetoria.o
LOAD ./src/pi7/comunicacao_pic/comunicacao_pic.o
LOAD ./src/pi7/comunicacao_pc/modbus.o
LOAD ./src/drivers/uart/uart.o
LOAD ./src/drivers/spi/spi.o
LOAD ./src/drivers/pwm/pwm.o
LOAD ./src/drivers/ledonboard/leds.o
LOAD ./src/cr_startup_lpc17.o
LOAD ./src/main.o
LOAD ./FreeRTOS_src/croutine.o
LOAD ./FreeRTOS_src/list.o
LOAD ./FreeRTOS_src/queue.o
LOAD ./FreeRTOS_src/tasks.o
LOAD ./FreeRTOS_src/timers.o
LOAD ./FreeRTOS_portable/MemMang/heap_2.o
LOAD ./FreeRTOS_portable/port.o
LOAD ../Libraries\libCMSISv2_LPC17xx.a
START GROUP
LOAD d:/nxp/lpcxpresso_8.2.2_650/lpcxpresso/tools/bin/../lib/gcc/arm-none-eabi/5.4.1/armv7-m\libgcc.a
LOAD d:/nxp/lpcxpresso_8.2.2_650/lpcxpresso/tools/bin/../lib/gcc/arm-none-eabi/5.4.1/../../../../arm-none-eabi/lib/armv7-m\libc.a
LOAD d:/nxp/lpcxpresso_8.2.2_650/lpcxpresso/tools/bin/../lib/gcc/arm-none-eabi/5.4.1/../../../../arm-none-eabi/lib/armv7-m\libm.a
LOAD d:/nxp/lpcxpresso_8.2.2_650/lpcxpresso/tools/bin/../lib/gcc/arm-none-eabi/5.4.1/../../../../arm-none-eabi/lib/armv7-m\libcr_newlib_nohost.a
END GROUP
                0x00000000                __base_MFlash512 = 0x0
                0x00000000                __base_Flash = 0x0
                0x00080000                __top_MFlash512 = 0x80000
                0x00080000                __top_Flash = 0x80000
                0x10000000                __base_RamLoc32 = 0x10000000
                0x10000000                __base_RAM = 0x10000000
                0x10008000                __top_RamLoc32 = 0x10008000
                0x10008000                __top_RAM = 0x10008000
                0x2007c000                __base_RamAHB32 = 0x2007c000
                0x2007c000                __base_RAM2 = 0x2007c000
                0x20084000                __top_RamAHB32 = 0x20084000
                0x20084000                __top_RAM2 = 0x20084000

.text           0x00000000     0xcb94
 FILL mask 0xff
                0x00000000                __vectors_start__ = ABSOLUTE (.)
 *(.isr_vector)
 .isr_vector    0x00000000       0xcc ./src/cr_startup_lpc17.o
                0x00000000                g_pfnVectors
                0x000000cc                . = ALIGN (0x4)
                0x000000cc                __section_table_start = .
                0x000000cc                __data_section_table = .
                0x000000cc        0x4 LONG 0xcb9c LOADADDR (.data)
                0x000000d0        0x4 LONG 0x10000000 ADDR (.data)
                0x000000d4        0x4 LONG 0x8f8 SIZEOF (.data)
                0x000000d8        0x4 LONG 0xcb9c LOADADDR (.data_RAM2)
                0x000000dc        0x4 LONG 0x2007c000 ADDR (.data_RAM2)
                0x000000e0        0x4 LONG 0x0 SIZEOF (.data_RAM2)
                0x000000e4                __data_section_table_end = .
                0x000000e4                __bss_section_table = .
                0x000000e4        0x4 LONG 0x100008f8 ADDR (.bss)
                0x000000e8        0x4 LONG 0x6550 SIZEOF (.bss)
                0x000000ec        0x4 LONG 0x2007c000 ADDR (.bss_RAM2)
                0x000000f0        0x4 LONG 0x0 SIZEOF (.bss_RAM2)
                0x000000f4                __bss_section_table_end = .
                0x000000f4                __section_table_end = .
 *(.after_vectors*)
 *(.text*)
 .text          0x000000f4        0x0 ./src/pi7/programa_trajetoria/programa_trajetoria.o
 .text.ptj_storeProgram
                0x000000f4       0x38 ./src/pi7/programa_trajetoria/programa_trajetoria.o
                0x000000f4                ptj_storeProgram
 .text.ptj_getLine
                0x0000012c       0x1c ./src/pi7/programa_trajetoria/programa_trajetoria.o
                0x0000012c                ptj_getLine
 .text.ptj_init
                0x00000148       0x1c ./src/pi7/programa_trajetoria/programa_trajetoria.o
                0x00000148                ptj_init
 .text.ptj_startFile
                0x00000164       0x18 ./src/pi7/programa_trajetoria/programa_trajetoria.o
                0x00000164                ptj_startFile
 .text          0x0000017c        0x0 ./src/pi7/interpretador_comando/interpretador_comando.o
 .text.setAUX   0x0000017c        0xc ./src/pi7/interpretador_comando/interpretador_comando.o
                0x0000017c                setAUX
 .text.getAUX   0x00000188        0xc ./src/pi7/interpretador_comando/interpretador_comando.o
                0x00000188                getAUX
 .text.ctl_ReadRegister
                0x00000194       0x48 ./src/pi7/interpretador_comando/interpretador_comando.o
                0x00000194                ctl_ReadRegister
 .text.ctl_WriteRegister
                0x000001dc      0x104 ./src/pi7/interpretador_comando/interpretador_comando.o
                0x000001dc                ctl_WriteRegister
 .text.ctl_WriteProgram
                0x000002e0        0x4 ./src/pi7/interpretador_comando/interpretador_comando.o
                0x000002e0                ctl_WriteProgram
 .text.ctl_init
                0x000002e4        0x2 ./src/pi7/interpretador_comando/interpretador_comando.o
                0x000002e4                ctl_init
 .text          0x000002e6        0x0 ./src/pi7/estado_trajetoria/estado_trajetoria.o
 *fill*         0x000002e6        0x2 ff
 .text.stt_getCurrentLine
                0x000002e8        0xc ./src/pi7/estado_trajetoria/estado_trajetoria.o
                0x000002e8                stt_getCurrentLine
 .text.stt_setCurrentLine
                0x000002f4        0xc ./src/pi7/estado_trajetoria/estado_trajetoria.o
                0x000002f4                stt_setCurrentLine
 .text.stt_setProgLen
                0x00000300        0xc ./src/pi7/estado_trajetoria/estado_trajetoria.o
                0x00000300                stt_setProgLen
 .text.stt_getProgLen
                0x0000030c        0xc ./src/pi7/estado_trajetoria/estado_trajetoria.o
                0x0000030c                stt_getProgLen
 .text.stt_getX
                0x00000318        0xc ./src/pi7/estado_trajetoria/estado_trajetoria.o
                0x00000318                stt_getX
 .text.stt_getY
                0x00000324        0xc ./src/pi7/estado_trajetoria/estado_trajetoria.o
                0x00000324                stt_getY
 .text.stt_getZ
                0x00000330        0xc ./src/pi7/estado_trajetoria/estado_trajetoria.o
                0x00000330                stt_getZ
 .text.stt_setX
                0x0000033c        0xc ./src/pi7/estado_trajetoria/estado_trajetoria.o
                0x0000033c                stt_setX
 .text.stt_setY
                0x00000348        0xc ./src/pi7/estado_trajetoria/estado_trajetoria.o
                0x00000348                stt_setY
 .text.stt_setZ
                0x00000354        0xc ./src/pi7/estado_trajetoria/estado_trajetoria.o
                0x00000354                stt_setZ
 .text.stt_init
                0x00000360        0x2 ./src/pi7/estado_trajetoria/estado_trajetoria.o
                0x00000360                stt_init
 .text          0x00000362        0x0 ./src/pi7/controlador_trajetoria/controlador_trajetoria.o
 *fill*         0x00000362        0x2 ff
 .text.trj_generateSetpoint
                0x00000364      0x148 ./src/pi7/controlador_trajetoria/controlador_trajetoria.o
                0x00000364                trj_generateSetpoint
 .text.trj_processCommand
                0x000004ac       0xc4 ./src/pi7/controlador_trajetoria/controlador_trajetoria.o
                0x000004ac                trj_processCommand
 .text.trj_init
                0x00000570        0xc ./src/pi7/controlador_trajetoria/controlador_trajetoria.o
                0x00000570                trj_init
 .text          0x0000057c        0x0 ./src/pi7/comunicacao_pic/comunicacao_pic.o
 .text.pic_init
                0x0000057c       0x54 ./src/pi7/comunicacao_pic/comunicacao_pic.o
                0x0000057c                pic_init
 .text.pic_StopMotors
                0x000005d0       0x14 ./src/pi7/comunicacao_pic/comunicacao_pic.o
                0x000005d0                pic_StopMotors
 .text.pic_ResetMotors
                0x000005e4       0x18 ./src/pi7/comunicacao_pic/comunicacao_pic.o
                0x000005e4                pic_ResetMotors
 .text.sendSteps
                0x000005fc       0x64 ./src/pi7/comunicacao_pic/comunicacao_pic.o
                0x000005fc                sendSteps
 .text.pic_sendToPIC
                0x00000660       0x5c ./src/pi7/comunicacao_pic/comunicacao_pic.o
                0x00000660                pic_sendToPIC
 .text          0x000006bc        0x0 ./src/pi7/comunicacao_pc/modbus.o
 .text.decode   0x000006bc       0x20 ./src/pi7/comunicacao_pc/modbus.o
                0x000006bc                decode
 .text.encodeLow
                0x000006dc        0xe ./src/pi7/comunicacao_pc/modbus.o
                0x000006dc                encodeLow
 .text.encodeHigh
                0x000006ea        0xc ./src/pi7/comunicacao_pc/modbus.o
                0x000006ea                encodeHigh
 .text.putCharToSerial
                0x000006f6        0x2 ./src/pi7/comunicacao_pc/modbus.o
                0x000006f6                putCharToSerial
 .text.getCharFromSerial
                0x000006f8       0x34 ./src/pi7/comunicacao_pc/modbus.o
                0x000006f8                getCharFromSerial
 .text.myLRC    0x0000072c       0x1c ./src/pi7/comunicacao_pc/modbus.o
                0x0000072c                myLRC
 .text.calculateLRC
                0x00000748        0x4 ./src/pi7/comunicacao_pc/modbus.o
                0x00000748                calculateLRC
 .text.checkLRC
                0x0000074c       0x40 ./src/pi7/comunicacao_pc/modbus.o
                0x0000074c                checkLRC
 .text.processReadRegister
                0x0000078c       0x88 ./src/pi7/comunicacao_pc/modbus.o
                0x0000078c                processReadRegister
 .text.processWriteRegister
                0x00000814       0x90 ./src/pi7/comunicacao_pc/modbus.o
                0x00000814                processWriteRegister
 .text.processWriteFile
                0x000008a4       0x60 ./src/pi7/comunicacao_pc/modbus.o
                0x000008a4                processWriteFile
 .text.decodeFunctionCode
                0x00000904       0x14 ./src/pi7/comunicacao_pc/modbus.o
                0x00000904                decodeFunctionCode
 .text.processMessage
                0x00000918       0x34 ./src/pi7/comunicacao_pc/modbus.o
                0x00000918                processMessage
 .text.receiveMessage
                0x0000094c       0x70 ./src/pi7/comunicacao_pc/modbus.o
                0x0000094c                receiveMessage
 .text.com_init
                0x000009bc       0x1c ./src/pi7/comunicacao_pc/modbus.o
                0x000009bc                com_init
 .text.com_executeCommunication
                0x000009d8       0x1c ./src/pi7/comunicacao_pc/modbus.o
                0x000009d8                com_executeCommunication
 .text.sendReport
                0x000009f4       0x48 ./src/pi7/comunicacao_pc/modbus.o
                0x000009f4                sendReport
 .text          0x00000a3c        0x0 ./src/drivers/uart/uart.o
 .text.UARTGetChar
                0x00000a3c       0x3c ./src/drivers/uart/uart.o
                0x00000a3c                UARTGetChar
 .text.UART0_IRQHandler
                0x00000a78       0xb8 ./src/drivers/uart/uart.o
                0x00000a78                UART0_IRQHandler
 .text.UART1_IRQHandler
                0x00000b30       0xb8 ./src/drivers/uart/uart.o
                0x00000b30                UART1_IRQHandler
 .text.UARTInit
                0x00000be8      0x104 ./src/drivers/uart/uart.o
                0x00000be8                UARTInit
 .text.UARTSend
                0x00000cec       0x50 ./src/drivers/uart/uart.o
                0x00000cec                UARTSend
 .text.UARTSendNullTerminated
                0x00000d3c       0x50 ./src/drivers/uart/uart.o
                0x00000d3c                UARTSendNullTerminated
 .text          0x00000d8c        0x0 ./src/drivers/spi/spi.o
 .text.spi_init
                0x00000d8c       0xa4 ./src/drivers/spi/spi.o
                0x00000d8c                spi_init
 .text.spi_txrx
                0x00000e30       0x40 ./src/drivers/spi/spi.o
                0x00000e30                spi_txrx
 .text.spi_select
                0x00000e70       0x30 ./src/drivers/spi/spi.o
                0x00000e70                spi_select
 .text.spi_bytetx
                0x00000ea0       0x2c ./src/drivers/spi/spi.o
                0x00000ea0                spi_bytetx
 .text          0x00000ecc        0x0 ./src/drivers/pwm/pwm.o
 .text.PWM_Set.part.0
                0x00000ecc       0x18 ./src/drivers/pwm/pwm.o
 .text.PWM1_IRQHandler
                0x00000ee4       0x20 ./src/drivers/pwm/pwm.o
                0x00000ee4                PWM1_IRQHandler
 .text.PWM_Init
                0x00000f04       0x70 ./src/drivers/pwm/pwm.o
                0x00000f04                PWM_Init
 .text.PWM_Set  0x00000f74        0xc ./src/drivers/pwm/pwm.o
                0x00000f74                PWM_Set
 .text.PWM_Start
                0x00000f80       0x18 ./src/drivers/pwm/pwm.o
                0x00000f80                PWM_Start
 .text.PWM_Stop
                0x00000f98       0x14 ./src/drivers/pwm/pwm.o
                0x00000f98                PWM_Stop
 .text.penSet   0x00000fac       0x20 ./src/drivers/pwm/pwm.o
                0x00000fac                penSet
 .text          0x00000fcc        0x0 ./src/drivers/ledonboard/leds.o
 .text.led2_init
                0x00000fcc       0x20 ./src/drivers/ledonboard/leds.o
                0x00000fcc                led2_init
 .text.led2_on  0x00000fec       0x10 ./src/drivers/ledonboard/leds.o
                0x00000fec                led2_on
 .text.led2_off
                0x00000ffc       0x10 ./src/drivers/ledonboard/leds.o
                0x00000ffc                led2_off
 .text.led2_invert
                0x0000100c       0x18 ./src/drivers/ledonboard/leds.o
                0x0000100c                led2_invert
 .text.led2_from_button
                0x00001024       0x1c ./src/drivers/ledonboard/leds.o
                0x00001024                led2_from_button
 .text          0x00001040        0x0 ./src/cr_startup_lpc17.o
 .text.NMI_Handler
                0x00001040        0x2 ./src/cr_startup_lpc17.o
                0x00001040                NMI_Handler
 .text.HardFault_Handler
                0x00001042        0x2 ./src/cr_startup_lpc17.o
                0x00001042                HardFault_Handler
 .text.MemManage_Handler
                0x00001044        0x2 ./src/cr_startup_lpc17.o
                0x00001044                MemManage_Handler
 .text.BusFault_Handler
                0x00001046        0x2 ./src/cr_startup_lpc17.o
                0x00001046                BusFault_Handler
 .text.UsageFault_Handler
                0x00001048        0x2 ./src/cr_startup_lpc17.o
                0x00001048                UsageFault_Handler
 .text.DebugMon_Handler
                0x0000104a        0x2 ./src/cr_startup_lpc17.o
                0x0000104a                DebugMon_Handler
 .text.IntDefaultHandler
                0x0000104c        0x2 ./src/cr_startup_lpc17.o
                0x0000104c                TIMER2_IRQHandler
                0x0000104c                RIT_IRQHandler
                0x0000104c                I2C0_IRQHandler
                0x0000104c                USBActivity_IRQHandler
                0x0000104c                I2C1_IRQHandler
                0x0000104c                EINT2_IRQHandler
                0x0000104c                EINT3_IRQHandler
                0x0000104c                CANActivity_IRQHandler
                0x0000104c                TIMER3_IRQHandler
                0x0000104c                IntDefaultHandler
                0x0000104c                PLL0_IRQHandler
                0x0000104c                CAN_IRQHandler
                0x0000104c                PLL1_IRQHandler
                0x0000104c                SSP0_IRQHandler
                0x0000104c                I2S_IRQHandler
                0x0000104c                I2C2_IRQHandler
                0x0000104c                RTC_IRQHandler
                0x0000104c                TIMER0_IRQHandler
                0x0000104c                SPI_IRQHandler
                0x0000104c                EINT1_IRQHandler
                0x0000104c                TIMER1_IRQHandler
                0x0000104c                UART2_IRQHandler
                0x0000104c                ADC_IRQHandler
                0x0000104c                SSP1_IRQHandler
                0x0000104c                USB_IRQHandler
                0x0000104c                BOD_IRQHandler
                0x0000104c                WDT_IRQHandler
                0x0000104c                QEI_IRQHandler
                0x0000104c                EINT0_IRQHandler
                0x0000104c                DMA_IRQHandler
                0x0000104c                UART3_IRQHandler
                0x0000104c                MCPWM_IRQHandler
                0x0000104c                ENET_IRQHandler
 *fill*         0x0000104e        0x2 ff
 .text.ResetISR
                0x00001050       0x48 ./src/cr_startup_lpc17.o
                0x00001050                ResetISR
 .text          0x00001098        0x0 ./src/main.o
 .text.taskController
                0x00001098        0x8 ./src/main.o
                0x00001098                taskController
 .text.taskNCProcessing
                0x000010a0       0x44 ./src/main.o
                0x000010a0                taskNCProcessing
 .text.taskCommPIC
                0x000010e4       0x34 ./src/main.o
                0x000010e4                taskCommPIC
 .text.taskBlinkLed
                0x00001118        0xe ./src/main.o
                0x00001118                taskBlinkLed
 .text.taskReporter
                0x00001126        0xe ./src/main.o
                0x00001126                taskReporter
 .text.__error__
                0x00001134        0x2 ./src/main.o
                0x00001134                __error__
 *fill*         0x00001136        0x2 ff
 .text.readEndStops
                0x00001138       0x18 ./src/main.o
                0x00001138                readEndStops
 .text.startup.main
                0x00001150      0x11c ./src/main.o
                0x00001150                main
 .text          0x0000126c        0x0 ./FreeRTOS_src/croutine.o
 .text.xCoRoutineCreate
                0x0000126c       0xc4 ./FreeRTOS_src/croutine.o
                0x0000126c                xCoRoutineCreate
 .text.vCoRoutineAddToDelayedList
                0x00001330       0x4c ./FreeRTOS_src/croutine.o
                0x00001330                vCoRoutineAddToDelayedList
 .text.vCoRoutineSchedule
                0x0000137c      0x164 ./FreeRTOS_src/croutine.o
                0x0000137c                vCoRoutineSchedule
 .text.xCoRoutineRemoveFromEventList
                0x000014e0       0x34 ./FreeRTOS_src/croutine.o
                0x000014e0                xCoRoutineRemoveFromEventList
 .text          0x00001514        0x0 ./FreeRTOS_src/list.o
 .text.vListInitialise
                0x00001514       0x16 ./FreeRTOS_src/list.o
                0x00001514                vListInitialise
 .text.vListInitialiseItem
                0x0000152a        0x6 ./FreeRTOS_src/list.o
                0x0000152a                vListInitialiseItem
 .text.vListInsertEnd
                0x00001530       0x1a ./FreeRTOS_src/list.o
                0x00001530                vListInsertEnd
 .text.vListInsert
                0x0000154a       0x30 ./FreeRTOS_src/list.o
                0x0000154a                vListInsert
 .text.vListRemove
                0x0000157a       0x20 ./FreeRTOS_src/list.o
                0x0000157a                vListRemove
 .text          0x0000159a        0x0 ./FreeRTOS_src/queue.o
 .text.prvCopyDataToQueue
                0x0000159a       0x58 ./FreeRTOS_src/queue.o
 .text.prvCopyDataFromQueue
                0x000015f2       0x26 ./FreeRTOS_src/queue.o
 .text.prvUnlockQueue
                0x00001618       0x68 ./FreeRTOS_src/queue.o
 .text.xQueueCreate
                0x00001680       0x68 ./FreeRTOS_src/queue.o
                0x00001680                xQueueCreate
 .text.xQueueGenericSend
                0x000016e8       0xd0 ./FreeRTOS_src/queue.o
                0x000016e8                xQueueGenericSend
 .text.xQueueCreateMutex
                0x000017b8       0x44 ./FreeRTOS_src/queue.o
                0x000017b8                xQueueCreateMutex
 .text.xQueueGiveMutexRecursive
                0x000017fc       0x2a ./FreeRTOS_src/queue.o
                0x000017fc                xQueueGiveMutexRecursive
 .text.xQueueGenericSendFromISR
                0x00001826       0x4e ./FreeRTOS_src/queue.o
                0x00001826                xQueueGenericSendFromISR
 .text.xQueueGenericReceive
                0x00001874      0x104 ./FreeRTOS_src/queue.o
                0x00001874                xQueueGenericReceive
 .text.xQueueTakeMutexRecursive
                0x00001978       0x32 ./FreeRTOS_src/queue.o
                0x00001978                xQueueTakeMutexRecursive
 .text.xQueueReceiveFromISR
                0x000019aa       0x4a ./FreeRTOS_src/queue.o
                0x000019aa                xQueueReceiveFromISR
 .text.uxQueueMessagesWaiting
                0x000019f4       0x12 ./FreeRTOS_src/queue.o
                0x000019f4                uxQueueMessagesWaiting
 .text.uxQueueMessagesWaitingFromISR
                0x00001a06        0x4 ./FreeRTOS_src/queue.o
                0x00001a06                uxQueueMessagesWaitingFromISR
 *fill*         0x00001a0a        0x2 ff
 .text.vQueueDelete
                0x00001a0c       0x38 ./FreeRTOS_src/queue.o
                0x00001a0c                vQueueDelete
 .text.xQueueIsQueueEmptyFromISR
                0x00001a44        0xa ./FreeRTOS_src/queue.o
                0x00001a44                xQueueIsQueueEmptyFromISR
 .text.xQueueIsQueueFullFromISR
                0x00001a4e        0xc ./FreeRTOS_src/queue.o
                0x00001a4e                xQueueIsQueueFullFromISR
 *fill*         0x00001a5a        0x2 ff
 .text.vQueueAddToRegistry
                0x00001a5c       0x28 ./FreeRTOS_src/queue.o
                0x00001a5c                vQueueAddToRegistry
 .text          0x00001a84        0x0 ./FreeRTOS_src/tasks.o
 .text.prvAddCurrentTaskToDelayedList
                0x00001a84       0x50 ./FreeRTOS_src/tasks.o
 .text.prvListTaskWithinSingleList
                0x00001ad4       0x78 ./FreeRTOS_src/tasks.o
 .text.xTaskGenericCreate
                0x00001b4c      0x194 ./FreeRTOS_src/tasks.o
                0x00001b4c                xTaskGenericCreate
 .text.vTaskDelete
                0x00001ce0       0x70 ./FreeRTOS_src/tasks.o
                0x00001ce0                vTaskDelete
 .text.uxTaskPriorityGet
                0x00001d50       0x1c ./FreeRTOS_src/tasks.o
                0x00001d50                uxTaskPriorityGet
 .text.vTaskPrioritySet
                0x00001d6c       0x94 ./FreeRTOS_src/tasks.o
                0x00001d6c                vTaskPrioritySet
 .text.xTaskIsTaskSuspended
                0x00001e00       0x24 ./FreeRTOS_src/tasks.o
                0x00001e00                xTaskIsTaskSuspended
 .text.vTaskResume
                0x00001e24       0x64 ./FreeRTOS_src/tasks.o
                0x00001e24                vTaskResume
 .text.xTaskResumeFromISR
                0x00001e88       0x6c ./FreeRTOS_src/tasks.o
                0x00001e88                xTaskResumeFromISR
 .text.vTaskStartScheduler
                0x00001ef4       0x4c ./FreeRTOS_src/tasks.o
                0x00001ef4                vTaskStartScheduler
 .text.vTaskEndScheduler
                0x00001f40       0x18 ./FreeRTOS_src/tasks.o
                0x00001f40                vTaskEndScheduler
 .text.vTaskSuspendAll
                0x00001f58       0x10 ./FreeRTOS_src/tasks.o
                0x00001f58                vTaskSuspendAll
 .text.xTaskGetTickCount
                0x00001f68       0x18 ./FreeRTOS_src/tasks.o
                0x00001f68                xTaskGetTickCount
 .text.xTaskGetTickCountFromISR
                0x00001f80       0x1c ./FreeRTOS_src/tasks.o
                0x00001f80                xTaskGetTickCountFromISR
 .text.uxTaskGetNumberOfTasks
                0x00001f9c        0xc ./FreeRTOS_src/tasks.o
                0x00001f9c                uxTaskGetNumberOfTasks
 .text.vTaskStartTrace
                0x00001fa8       0x38 ./FreeRTOS_src/tasks.o
                0x00001fa8                vTaskStartTrace
 .text.ulTaskEndTrace
                0x00001fe0       0x28 ./FreeRTOS_src/tasks.o
                0x00001fe0                ulTaskEndTrace
 .text.vTaskIncrementTick
                0x00002008       0xe0 ./FreeRTOS_src/tasks.o
                0x00002008                vTaskIncrementTick
 .text.xTaskResumeAll
                0x000020e8       0xc8 ./FreeRTOS_src/tasks.o
                0x000020e8                xTaskResumeAll
 .text.vTaskDelayUntil
                0x000021b0       0x5c ./FreeRTOS_src/tasks.o
                0x000021b0                vTaskDelayUntil
 .text.vTaskDelay
                0x0000220c       0x38 ./FreeRTOS_src/tasks.o
                0x0000220c                vTaskDelay
 .text.prvIdleTask
                0x00002244       0x60 ./FreeRTOS_src/tasks.o
 .text.vTaskList
                0x000022a4       0xa8 ./FreeRTOS_src/tasks.o
                0x000022a4                vTaskList
 .text.vTaskSwitchContext
                0x0000234c       0xc4 ./FreeRTOS_src/tasks.o
                0x0000234c                vTaskSwitchContext
 .text.vTaskSuspend
                0x00002410       0x74 ./FreeRTOS_src/tasks.o
                0x00002410                vTaskSuspend
 .text.vTaskPlaceOnEventList
                0x00002484       0x44 ./FreeRTOS_src/tasks.o
                0x00002484                vTaskPlaceOnEventList
 .text.xTaskRemoveFromEventList
                0x000024c8       0x64 ./FreeRTOS_src/tasks.o
                0x000024c8                xTaskRemoveFromEventList
 .text.vTaskSetTimeOutState
                0x0000252c       0x18 ./FreeRTOS_src/tasks.o
                0x0000252c                vTaskSetTimeOutState
 .text.xTaskCheckForTimeOut
                0x00002544       0x54 ./FreeRTOS_src/tasks.o
                0x00002544                xTaskCheckForTimeOut
 .text.vTaskMissedYield
                0x00002598        0xc ./FreeRTOS_src/tasks.o
                0x00002598                vTaskMissedYield
 .text.uxTaskGetStackHighWaterMark
                0x000025a4       0x20 ./FreeRTOS_src/tasks.o
                0x000025a4                uxTaskGetStackHighWaterMark
 .text.xTaskGetCurrentTaskHandle
                0x000025c4        0xc ./FreeRTOS_src/tasks.o
                0x000025c4                xTaskGetCurrentTaskHandle
 .text.vTaskPriorityInherit
                0x000025d0       0x68 ./FreeRTOS_src/tasks.o
                0x000025d0                vTaskPriorityInherit
 .text.vTaskPriorityDisinherit
                0x00002638       0x48 ./FreeRTOS_src/tasks.o
                0x00002638                vTaskPriorityDisinherit
 .text          0x00002680        0x0 ./FreeRTOS_src/timers.o
 .text          0x00002680        0x0 ./FreeRTOS_portable/MemMang/heap_2.o
 .text.pvPortMalloc
                0x00002680       0xb4 ./FreeRTOS_portable/MemMang/heap_2.o
                0x00002680                pvPortMalloc
 .text.vPortFree
                0x00002734       0x40 ./FreeRTOS_portable/MemMang/heap_2.o
                0x00002734                vPortFree
 .text.xPortGetFreeHeapSize
                0x00002774        0xc ./FreeRTOS_portable/MemMang/heap_2.o
                0x00002774                xPortGetFreeHeapSize
 .text.vPortInitialiseBlocks
                0x00002780        0x2 ./FreeRTOS_portable/MemMang/heap_2.o
                0x00002780                vPortInitialiseBlocks
 .text          0x00002782        0x0 ./FreeRTOS_portable/port.o
 .text.pxPortInitialiseStack
                0x00002782       0x16 ./FreeRTOS_portable/port.o
                0x00002782                pxPortInitialiseStack
 .text.vPortSVCHandler
                0x00002798       0x20 ./FreeRTOS_portable/port.o
                0x00002798                vPortSVCHandler
 .text.vPortStartFirstTask
                0x000027b8       0x14 ./FreeRTOS_portable/port.o
                0x000027b8                vPortStartFirstTask
 .text.xPortStartScheduler
                0x000027cc       0x40 ./FreeRTOS_portable/port.o
                0x000027cc                xPortStartScheduler
 .text.vPortEndScheduler
                0x0000280c        0x2 ./FreeRTOS_portable/port.o
                0x0000280c                vPortEndScheduler
 *fill*         0x0000280e        0x2 ff
 .text.vPortYieldFromISR
                0x00002810       0x10 ./FreeRTOS_portable/port.o
                0x00002810                vPortYieldFromISR
 .text.vPortEnterCritical
                0x00002820       0x18 ./FreeRTOS_portable/port.o
                0x00002820                vPortEnterCritical
 .text.vPortExitCritical
                0x00002838       0x18 ./FreeRTOS_portable/port.o
                0x00002838                vPortExitCritical
 .text.xPortPendSVHandler
                0x00002850       0x3c ./FreeRTOS_portable/port.o
                0x00002850                xPortPendSVHandler
 .text.xPortSysTickHandler
                0x0000288c       0x24 ./FreeRTOS_portable/port.o
                0x0000288c                xPortSysTickHandler
 .text          0x000028b0        0x0 ../Libraries\libCMSISv2_LPC17xx.a(system_LPC17xx.o)
 .text.SystemInit
                0x000028b0      0x1e4 ../Libraries\libCMSISv2_LPC17xx.a(system_LPC17xx.o)
                0x000028b0                SystemInit
 .text.SystemClockUpdate
                0x00002a94      0x224 ../Libraries\libCMSISv2_LPC17xx.a(system_LPC17xx.o)
                0x00002a94                SystemClockUpdate
 .text          0x00002cb8      0x370 d:/nxp/lpcxpresso_8.2.2_650/lpcxpresso/tools/bin/../lib/gcc/arm-none-eabi/5.4.1/armv7-m\libgcc.a(_arm_addsubdf3.o)
                0x00002cb8                __aeabi_drsub
                0x00002cc0                __aeabi_dsub
                0x00002cc0                __subdf3
                0x00002cc4                __aeabi_dadd
                0x00002cc4                __adddf3
                0x00002f3c                __floatunsidf
                0x00002f3c                __aeabi_ui2d
                0x00002f5c                __floatsidf
                0x00002f5c                __aeabi_i2d
                0x00002f80                __aeabi_f2d
                0x00002f80                __extendsfdf2
                0x00002fbc                __floatundidf
                0x00002fbc                __aeabi_ul2d
                0x00002fcc                __floatdidf
                0x00002fcc                __aeabi_l2d
 .text          0x00003028       0xa0 d:/nxp/lpcxpresso_8.2.2_650/lpcxpresso/tools/bin/../lib/gcc/arm-none-eabi/5.4.1/armv7-m\libgcc.a(_arm_truncdfsf2.o)
                0x00003028                __truncdfsf2
                0x00003028                __aeabi_d2f
 .text          0x000030c8      0x21c d:/nxp/lpcxpresso_8.2.2_650/lpcxpresso/tools/bin/../lib/gcc/arm-none-eabi/5.4.1/armv7-m\libgcc.a(_arm_addsubsf3.o)
                0x000030c8                __aeabi_frsub
                0x000030d0                __subsf3
                0x000030d0                __aeabi_fsub
                0x000030d4                __aeabi_fadd
                0x000030d4                __addsf3
                0x00003234                __aeabi_ui2f
                0x00003234                __floatunsisf
                0x0000323c                __aeabi_i2f
                0x0000323c                __floatsisf
                0x00003258                __aeabi_ul2f
                0x00003258                __floatundisf
                0x00003268                __aeabi_l2f
                0x00003268                __floatdisf
 .text          0x000032e4      0x2a0 d:/nxp/lpcxpresso_8.2.2_650/lpcxpresso/tools/bin/../lib/gcc/arm-none-eabi/5.4.1/armv7-m\libgcc.a(_arm_muldivsf3.o)
                0x000032e4                __mulsf3
                0x000032e4                __aeabi_fmul
                0x0000344c                __aeabi_fdiv
                0x0000344c                __divsf3
 .text          0x00003584       0x4c d:/nxp/lpcxpresso_8.2.2_650/lpcxpresso/tools/bin/../lib/gcc/arm-none-eabi/5.4.1/armv7-m\libgcc.a(_arm_fixsfsi.o)
                0x00003584                __aeabi_f2iz
                0x00003584                __fixsfsi
 .text          0x000035d0       0xec d:/nxp/lpcxpresso_8.2.2_650/lpcxpresso/tools/bin/../lib/gcc/arm-none-eabi/5.4.1/../../../../arm-none-eabi/lib/armv7-m\libc.a(lib_a-memcpy.o)
                0x000035d0                memcpy
 .text          0x000036bc        0x0 d:/nxp/lpcxpresso_8.2.2_650/lpcxpresso/tools/bin/../lib/gcc/arm-none-eabi/5.4.1/../../../../arm-none-eabi/lib/armv7-m\libc.a(lib_a-memset.o)
 .text.memset   0x000036bc       0x9c d:/nxp/lpcxpresso_8.2.2_650/lpcxpresso/tools/bin/../lib/gcc/arm-none-eabi/5.4.1/../../../../arm-none-eabi/lib/armv7-m\libc.a(lib_a-memset.o)
                0x000036bc                memset
 .text          0x00003758        0x0 d:/nxp/lpcxpresso_8.2.2_650/lpcxpresso/tools/bin/../lib/gcc/arm-none-eabi/5.4.1/../../../../arm-none-eabi/lib/armv7-m\libc.a(lib_a-printf.o)
 .text._printf_r
                0x00003758       0x20 d:/nxp/lpcxpresso_8.2.2_650/lpcxpresso/tools/bin/../lib/gcc/arm-none-eabi/5.4.1/../../../../arm-none-eabi/lib/armv7-m\libc.a(lib_a-printf.o)
                0x00003758                _printf_r
 .text.printf   0x00003778       0x28 d:/nxp/lpcxpresso_8.2.2_650/lpcxpresso/tools/bin/../lib/gcc/arm-none-eabi/5.4.1/../../../../arm-none-eabi/lib/armv7-m\libc.a(lib_a-printf.o)
                0x00003778                printf
 .text          0x000037a0        0x0 d:/nxp/lpcxpresso_8.2.2_650/lpcxpresso/tools/bin/../lib/gcc/arm-none-eabi/5.4.1/../../../../arm-none-eabi/lib/armv7-m\libc.a(lib_a-sprintf.o)
 .text._sprintf_r
                0x000037a0       0x44 d:/nxp/lpcxpresso_8.2.2_650/lpcxpresso/tools/bin/../lib/gcc/arm-none-eabi/5.4.1/../../../../arm-none-eabi/lib/armv7-m\libc.a(lib_a-sprintf.o)
                0x000037a0                _sprintf_r
 .text.sprintf  0x000037e4       0x4c d:/nxp/lpcxpresso_8.2.2_650/lpcxpresso/tools/bin/../lib/gcc/arm-none-eabi/5.4.1/../../../../arm-none-eabi/lib/armv7-m\libc.a(lib_a-sprintf.o)
                0x000037e4                sprintf
 .text          0x00003830        0x0 d:/nxp/lpcxpresso_8.2.2_650/lpcxpresso/tools/bin/../lib/gcc/arm-none-eabi/5.4.1/../../../../arm-none-eabi/lib/armv7-m\libc.a(lib_a-strcat.o)
 .text.strcat   0x00003830       0x40 d:/nxp/lpcxpresso_8.2.2_650/lpcxpresso/tools/bin/../lib/gcc/arm-none-eabi/5.4.1/../../../../arm-none-eabi/lib/armv7-m\libc.a(lib_a-strcat.o)
                0x00003830                strcat
 .text          0x00003870        0x0 d:/nxp/lpcxpresso_8.2.2_650/lpcxpresso/tools/bin/../lib/gcc/arm-none-eabi/5.4.1/../../../../arm-none-eabi/lib/armv7-m\libc.a(lib_a-strcpy.o)
 .text.strcpy   0x00003870       0xbc d:/nxp/lpcxpresso_8.2.2_650/lpcxpresso/tools/bin/../lib/gcc/arm-none-eabi/5.4.1/../../../../arm-none-eabi/lib/armv7-m\libc.a(lib_a-strcpy.o)
                0x00003870                strcpy
 .text          0x0000392c        0x0 d:/nxp/lpcxpresso_8.2.2_650/lpcxpresso/tools/bin/../lib/gcc/arm-none-eabi/5.4.1/../../../../arm-none-eabi/lib/armv7-m\libc.a(lib_a-strncpy.o)
 .text.strncpy  0x0000392c       0x68 d:/nxp/lpcxpresso_8.2.2_650/lpcxpresso/tools/bin/../lib/gcc/arm-none-eabi/5.4.1/../../../../arm-none-eabi/lib/armv7-m\libc.a(lib_a-strncpy.o)
                0x0000392c                strncpy
 .text          0x00003994        0x0 d:/nxp/lpcxpresso_8.2.2_650/lpcxpresso/tools/bin/../lib/gcc/arm-none-eabi/5.4.1/../../../../arm-none-eabi/lib/armv7-m\libc.a(lib_a-svfprintf.o)
 .text._svfprintf_r
                0x00003994     0x175c d:/nxp/lpcxpresso_8.2.2_650/lpcxpresso/tools/bin/../lib/gcc/arm-none-eabi/5.4.1/../../../../arm-none-eabi/lib/armv7-m\libc.a(lib_a-svfprintf.o)
                0x00003994                _svfprintf_r
 .text          0x000050f0        0x0 d:/nxp/lpcxpresso_8.2.2_650/lpcxpresso/tools/bin/../lib/gcc/arm-none-eabi/5.4.1/../../../../arm-none-eabi/lib/armv7-m\libc.a(lib_a-vfprintf.o)
 .text._vfprintf_r
                0x000050f0     0x1788 d:/nxp/lpcxpresso_8.2.2_650/lpcxpresso/tools/bin/../lib/gcc/arm-none-eabi/5.4.1/../../../../arm-none-eabi/lib/armv7-m\libc.a(lib_a-vfprintf.o)
                0x000050f0                _vfprintf_r
 .text.vfprintf
                0x00006878       0x18 d:/nxp/lpcxpresso_8.2.2_650/lpcxpresso/tools/bin/../lib/gcc/arm-none-eabi/5.4.1/../../../../arm-none-eabi/lib/armv7-m\libc.a(lib_a-vfprintf.o)
                0x00006878                vfprintf
 .text.__sbprintf
                0x00006890       0x6c d:/nxp/lpcxpresso_8.2.2_650/lpcxpresso/tools/bin/../lib/gcc/arm-none-eabi/5.4.1/../../../../arm-none-eabi/lib/armv7-m\libc.a(lib_a-vfprintf.o)
 .text          0x000068fc        0x0 d:/nxp/lpcxpresso_8.2.2_650/lpcxpresso/tools/bin/../lib/gcc/arm-none-eabi/5.4.1/../../../../arm-none-eabi/lib/armv7-m\libc.a(lib_a-wsetup.o)
 .text.__swsetup_r
                0x000068fc       0xc8 d:/nxp/lpcxpresso_8.2.2_650/lpcxpresso/tools/bin/../lib/gcc/arm-none-eabi/5.4.1/../../../../arm-none-eabi/lib/armv7-m\libc.a(lib_a-wsetup.o)
                0x000068fc                __swsetup_r
 .text          0x000069c4        0x0 d:/nxp/lpcxpresso_8.2.2_650/lpcxpresso/tools/bin/../lib/gcc/arm-none-eabi/5.4.1/../../../../arm-none-eabi/lib/armv7-m\libc.a(lib_a-dtoa.o)
 .text.quorem   0x000069c4      0x12c d:/nxp/lpcxpresso_8.2.2_650/lpcxpresso/tools/bin/../lib/gcc/arm-none-eabi/5.4.1/../../../../arm-none-eabi/lib/armv7-m\libc.a(lib_a-dtoa.o)
 .text._dtoa_r  0x00006af0      0xe4c d:/nxp/lpcxpresso_8.2.2_650/lpcxpresso/tools/bin/../lib/gcc/arm-none-eabi/5.4.1/../../../../arm-none-eabi/lib/armv7-m\libc.a(lib_a-dtoa.o)
                0x00006af0                _dtoa_r
 .text          0x0000793c        0x0 d:/nxp/lpcxpresso_8.2.2_650/lpcxpresso/tools/bin/../lib/gcc/arm-none-eabi/5.4.1/../../../../arm-none-eabi/lib/armv7-m\libc.a(lib_a-fflush.o)
 .text.__sflush_r
                0x0000793c      0x148 d:/nxp/lpcxpresso_8.2.2_650/lpcxpresso/tools/bin/../lib/gcc/arm-none-eabi/5.4.1/../../../../arm-none-eabi/lib/armv7-m\libc.a(lib_a-fflush.o)
                0x0000793c                __sflush_r
 .text._fflush_r
                0x00007a84       0x2c d:/nxp/lpcxpresso_8.2.2_650/lpcxpresso/tools/bin/../lib/gcc/arm-none-eabi/5.4.1/../../../../arm-none-eabi/lib/armv7-m\libc.a(lib_a-fflush.o)
                0x00007a84                _fflush_r
 .text.fflush   0x00007ab0       0x24 d:/nxp/lpcxpresso_8.2.2_650/lpcxpresso/tools/bin/../lib/gcc/arm-none-eabi/5.4.1/../../../../arm-none-eabi/lib/armv7-m\libc.a(lib_a-fflush.o)
                0x00007ab0                fflush
 .text          0x00007ad4        0x0 d:/nxp/lpcxpresso_8.2.2_650/lpcxpresso/tools/bin/../lib/gcc/arm-none-eabi/5.4.1/../../../../arm-none-eabi/lib/armv7-m\libc.a(lib_a-findfp.o)
 .text.__fp_unlock
                0x00007ad4        0x4 d:/nxp/lpcxpresso_8.2.2_650/lpcxpresso/tools/bin/../lib/gcc/arm-none-eabi/5.4.1/../../../../arm-none-eabi/lib/armv7-m\libc.a(lib_a-findfp.o)
 .text._cleanup_r
                0x00007ad8        0xc d:/nxp/lpcxpresso_8.2.2_650/lpcxpresso/tools/bin/../lib/gcc/arm-none-eabi/5.4.1/../../../../arm-none-eabi/lib/armv7-m\libc.a(lib_a-findfp.o)
                0x00007ad8                _cleanup_r
 .text.__sinit.part.1
                0x00007ae4       0xf0 d:/nxp/lpcxpresso_8.2.2_650/lpcxpresso/tools/bin/../lib/gcc/arm-none-eabi/5.4.1/../../../../arm-none-eabi/lib/armv7-m\libc.a(lib_a-findfp.o)
 .text.__fp_lock
                0x00007bd4        0x4 d:/nxp/lpcxpresso_8.2.2_650/lpcxpresso/tools/bin/../lib/gcc/arm-none-eabi/5.4.1/../../../../arm-none-eabi/lib/armv7-m\libc.a(lib_a-findfp.o)
 .text.__sfmoreglue
                0x00007bd8       0x30 d:/nxp/lpcxpresso_8.2.2_650/lpcxpresso/tools/bin/../lib/gcc/arm-none-eabi/5.4.1/../../../../arm-none-eabi/lib/armv7-m\libc.a(lib_a-findfp.o)
                0x00007bd8                __sfmoreglue
 .text.__sfp    0x00007c08       0x88 d:/nxp/lpcxpresso_8.2.2_650/lpcxpresso/tools/bin/../lib/gcc/arm-none-eabi/5.4.1/../../../../arm-none-eabi/lib/armv7-m\libc.a(lib_a-findfp.o)
                0x00007c08                __sfp
 .text._cleanup
                0x00007c90       0x14 d:/nxp/lpcxpresso_8.2.2_650/lpcxpresso/tools/bin/../lib/gcc/arm-none-eabi/5.4.1/../../../../arm-none-eabi/lib/armv7-m\libc.a(lib_a-findfp.o)
                0x00007c90                _cleanup
 .text.__sinit  0x00007ca4        0xc d:/nxp/lpcxpresso_8.2.2_650/lpcxpresso/tools/bin/../lib/gcc/arm-none-eabi/5.4.1/../../../../arm-none-eabi/lib/armv7-m\libc.a(lib_a-findfp.o)
                0x00007ca4                __sinit
 .text.__sfp_lock_acquire
                0x00007cb0        0x4 d:/nxp/lpcxpresso_8.2.2_650/lpcxpresso/tools/bin/../lib/gcc/arm-none-eabi/5.4.1/../../../../arm-none-eabi/lib/armv7-m\libc.a(lib_a-findfp.o)
                0x00007cb0                __sfp_lock_acquire
 .text.__sfp_lock_release
                0x00007cb4        0x4 d:/nxp/lpcxpresso_8.2.2_650/lpcxpresso/tools/bin/../lib/gcc/arm-none-eabi/5.4.1/../../../../arm-none-eabi/lib/armv7-m\libc.a(lib_a-findfp.o)
                0x00007cb4                __sfp_lock_release
 .text.__sinit_lock_acquire
                0x00007cb8        0x4 d:/nxp/lpcxpresso_8.2.2_650/lpcxpresso/tools/bin/../lib/gcc/arm-none-eabi/5.4.1/../../../../arm-none-eabi/lib/armv7-m\libc.a(lib_a-findfp.o)
                0x00007cb8                __sinit_lock_acquire
 .text.__sinit_lock_release
                0x00007cbc        0x4 d:/nxp/lpcxpresso_8.2.2_650/lpcxpresso/tools/bin/../lib/gcc/arm-none-eabi/5.4.1/../../../../arm-none-eabi/lib/armv7-m\libc.a(lib_a-findfp.o)
                0x00007cbc                __sinit_lock_release
 .text.__fp_lock_all
                0x00007cc0       0x14 d:/nxp/lpcxpresso_8.2.2_650/lpcxpresso/tools/bin/../lib/gcc/arm-none-eabi/5.4.1/../../../../arm-none-eabi/lib/armv7-m\libc.a(lib_a-findfp.o)
                0x00007cc0                __fp_lock_all
 .text.__fp_unlock_all
                0x00007cd4       0x14 d:/nxp/lpcxpresso_8.2.2_650/lpcxpresso/tools/bin/../lib/gcc/arm-none-eabi/5.4.1/../../../../arm-none-eabi/lib/armv7-m\libc.a(lib_a-findfp.o)
                0x00007cd4                __fp_unlock_all
 .text          0x00007ce8        0x0 d:/nxp/lpcxpresso_8.2.2_650/lpcxpresso/tools/bin/../lib/gcc/arm-none-eabi/5.4.1/../../../../arm-none-eabi/lib/armv7-m\libc.a(lib_a-freer.o)
 .text._malloc_trim_r
                0x00007ce8       0x9c d:/nxp/lpcxpresso_8.2.2_650/lpcxpresso/tools/bin/../lib/gcc/arm-none-eabi/5.4.1/../../../../arm-none-eabi/lib/armv7-m\libc.a(lib_a-freer.o)
                0x00007ce8                _malloc_trim_r
 .text._free_r  0x00007d84      0x1d0 d:/nxp/lpcxpresso_8.2.2_650/lpcxpresso/tools/bin/../lib/gcc/arm-none-eabi/5.4.1/../../../../arm-none-eabi/lib/armv7-m\libc.a(lib_a-freer.o)
                0x00007d84                _free_r
 .text          0x00007f54        0x0 d:/nxp/lpcxpresso_8.2.2_650/lpcxpresso/tools/bin/../lib/gcc/arm-none-eabi/5.4.1/../../../../arm-none-eabi/lib/armv7-m\libc.a(lib_a-fwalk.o)
 .text._fwalk   0x00007f54       0x48 d:/nxp/lpcxpresso_8.2.2_650/lpcxpresso/tools/bin/../lib/gcc/arm-none-eabi/5.4.1/../../../../arm-none-eabi/lib/armv7-m\libc.a(lib_a-fwalk.o)
                0x00007f54                _fwalk
 .text._fwalk_reent
                0x00007f9c       0x50 d:/nxp/lpcxpresso_8.2.2_650/lpcxpresso/tools/bin/../lib/gcc/arm-none-eabi/5.4.1/../../../../arm-none-eabi/lib/armv7-m\libc.a(lib_a-fwalk.o)
                0x00007f9c                _fwalk_reent
 .text          0x00007fec        0x0 d:/nxp/lpcxpresso_8.2.2_650/lpcxpresso/tools/bin/../lib/gcc/arm-none-eabi/5.4.1/../../../../arm-none-eabi/lib/armv7-m\libc.a(lib_a-impure.o)
 .text          0x00007fec        0x0 d:/nxp/lpcxpresso_8.2.2_650/lpcxpresso/tools/bin/../lib/gcc/arm-none-eabi/5.4.1/../../../../arm-none-eabi/lib/armv7-m\libc.a(lib_a-locale.o)
 .text._setlocale_r
                0x00007fec       0x40 d:/nxp/lpcxpresso_8.2.2_650/lpcxpresso/tools/bin/../lib/gcc/arm-none-eabi/5.4.1/../../../../arm-none-eabi/lib/armv7-m\libc.a(lib_a-locale.o)
                0x00007fec                _setlocale_r
 .text.__locale_charset
                0x0000802c        0x8 d:/nxp/lpcxpresso_8.2.2_650/lpcxpresso/tools/bin/../lib/gcc/arm-none-eabi/5.4.1/../../../../arm-none-eabi/lib/armv7-m\libc.a(lib_a-locale.o)
                0x0000802c                __locale_charset
 .text.__locale_mb_cur_max
                0x00008034        0xc d:/nxp/lpcxpresso_8.2.2_650/lpcxpresso/tools/bin/../lib/gcc/arm-none-eabi/5.4.1/../../../../arm-none-eabi/lib/armv7-m\libc.a(lib_a-locale.o)
                0x00008034                __locale_mb_cur_max
 .text.__locale_msgcharset
                0x00008040        0x8 d:/nxp/lpcxpresso_8.2.2_650/lpcxpresso/tools/bin/../lib/gcc/arm-none-eabi/5.4.1/../../../../arm-none-eabi/lib/armv7-m\libc.a(lib_a-locale.o)
                0x00008040                __locale_msgcharset
 .text.__locale_cjk_lang
                0x00008048        0x4 d:/nxp/lpcxpresso_8.2.2_650/lpcxpresso/tools/bin/../lib/gcc/arm-none-eabi/5.4.1/../../../../arm-none-eabi/lib/armv7-m\libc.a(lib_a-locale.o)
                0x00008048                __locale_cjk_lang
 .text._localeconv_r
                0x0000804c        0x8 d:/nxp/lpcxpresso_8.2.2_650/lpcxpresso/tools/bin/../lib/gcc/arm-none-eabi/5.4.1/../../../../arm-none-eabi/lib/armv7-m\libc.a(lib_a-locale.o)
                0x0000804c                _localeconv_r
 .text.setlocale
                0x00008054       0x10 d:/nxp/lpcxpresso_8.2.2_650/lpcxpresso/tools/bin/../lib/gcc/arm-none-eabi/5.4.1/../../../../arm-none-eabi/lib/armv7-m\libc.a(lib_a-locale.o)
                0x00008054                setlocale
 .text.localeconv
                0x00008064        0x8 d:/nxp/lpcxpresso_8.2.2_650/lpcxpresso/tools/bin/../lib/gcc/arm-none-eabi/5.4.1/../../../../arm-none-eabi/lib/armv7-m\libc.a(lib_a-locale.o)
                0x00008064                localeconv
 .text          0x0000806c        0x0 d:/nxp/lpcxpresso_8.2.2_650/lpcxpresso/tools/bin/../lib/gcc/arm-none-eabi/5.4.1/../../../../arm-none-eabi/lib/armv7-m\libc.a(lib_a-makebuf.o)
 .text.__swhatbuf_r
                0x0000806c       0x60 d:/nxp/lpcxpresso_8.2.2_650/lpcxpresso/tools/bin/../lib/gcc/arm-none-eabi/5.4.1/../../../../arm-none-eabi/lib/armv7-m\libc.a(lib_a-makebuf.o)
                0x0000806c                __swhatbuf_r
 .text.__smakebuf_r
                0x000080cc       0x88 d:/nxp/lpcxpresso_8.2.2_650/lpcxpresso/tools/bin/../lib/gcc/arm-none-eabi/5.4.1/../../../../arm-none-eabi/lib/armv7-m\libc.a(lib_a-makebuf.o)
                0x000080cc                __smakebuf_r
 .text          0x00008154        0x0 d:/nxp/lpcxpresso_8.2.2_650/lpcxpresso/tools/bin/../lib/gcc/arm-none-eabi/5.4.1/../../../../arm-none-eabi/lib/armv7-m\libc.a(lib_a-mallocr.o)
 .text._malloc_r
                0x00008154      0x558 d:/nxp/lpcxpresso_8.2.2_650/lpcxpresso/tools/bin/../lib/gcc/arm-none-eabi/5.4.1/../../../../arm-none-eabi/lib/armv7-m\libc.a(lib_a-mallocr.o)
                0x00008154                _malloc_r
 .text          0x000086ac        0x0 d:/nxp/lpcxpresso_8.2.2_650/lpcxpresso/tools/bin/../lib/gcc/arm-none-eabi/5.4.1/../../../../arm-none-eabi/lib/armv7-m\libc.a(lib_a-memchr-stub.o)
 .text.memchr   0x000086ac       0x8c d:/nxp/lpcxpresso_8.2.2_650/lpcxpresso/tools/bin/../lib/gcc/arm-none-eabi/5.4.1/../../../../arm-none-eabi/lib/armv7-m\libc.a(lib_a-memchr-stub.o)
                0x000086ac                memchr
 .text          0x00008738        0x0 d:/nxp/lpcxpresso_8.2.2_650/lpcxpresso/tools/bin/../lib/gcc/arm-none-eabi/5.4.1/../../../../arm-none-eabi/lib/armv7-m\libc.a(lib_a-mlock.o)
 .text.__malloc_lock
                0x00008738        0x4 d:/nxp/lpcxpresso_8.2.2_650/lpcxpresso/tools/bin/../lib/gcc/arm-none-eabi/5.4.1/../../../../arm-none-eabi/lib/armv7-m\libc.a(lib_a-mlock.o)
                0x00008738                __malloc_lock
 .text.__malloc_unlock
                0x0000873c        0x4 d:/nxp/lpcxpresso_8.2.2_650/lpcxpresso/tools/bin/../lib/gcc/arm-none-eabi/5.4.1/../../../../arm-none-eabi/lib/armv7-m\libc.a(lib_a-mlock.o)
                0x0000873c                __malloc_unlock
 .text          0x00008740        0x0 d:/nxp/lpcxpresso_8.2.2_650/lpcxpresso/tools/bin/../lib/gcc/arm-none-eabi/5.4.1/../../../../arm-none-eabi/lib/armv7-m\libc.a(lib_a-mprec.o)
 .text._Balloc  0x00008740       0x50 d:/nxp/lpcxpresso_8.2.2_650/lpcxpresso/tools/bin/../lib/gcc/arm-none-eabi/5.4.1/../../../../arm-none-eabi/lib/armv7-m\libc.a(lib_a-mprec.o)
                0x00008740                _Balloc
 .text._Bfree   0x00008790       0x14 d:/nxp/lpcxpresso_8.2.2_650/lpcxpresso/tools/bin/../lib/gcc/arm-none-eabi/5.4.1/../../../../arm-none-eabi/lib/armv7-m\libc.a(lib_a-mprec.o)
                0x00008790                _Bfree
 .text.__multadd
                0x000087a4       0x80 d:/nxp/lpcxpresso_8.2.2_650/lpcxpresso/tools/bin/../lib/gcc/arm-none-eabi/5.4.1/../../../../arm-none-eabi/lib/armv7-m\libc.a(lib_a-mprec.o)
                0x000087a4                __multadd
 .text.__s2b    0x00008824       0x98 d:/nxp/lpcxpresso_8.2.2_650/lpcxpresso/tools/bin/../lib/gcc/arm-none-eabi/5.4.1/../../../../arm-none-eabi/lib/armv7-m\libc.a(lib_a-mprec.o)
                0x00008824                __s2b
 .text.__hi0bits
                0x000088bc       0x40 d:/nxp/lpcxpresso_8.2.2_650/lpcxpresso/tools/bin/../lib/gcc/arm-none-eabi/5.4.1/../../../../arm-none-eabi/lib/armv7-m\libc.a(lib_a-mprec.o)
                0x000088bc                __hi0bits
 .text.__lo0bits
                0x000088fc       0x5c d:/nxp/lpcxpresso_8.2.2_650/lpcxpresso/tools/bin/../lib/gcc/arm-none-eabi/5.4.1/../../../../arm-none-eabi/lib/armv7-m\libc.a(lib_a-mprec.o)
                0x000088fc                __lo0bits
 .text.__i2b    0x00008958       0x14 d:/nxp/lpcxpresso_8.2.2_650/lpcxpresso/tools/bin/../lib/gcc/arm-none-eabi/5.4.1/../../../../arm-none-eabi/lib/armv7-m\libc.a(lib_a-mprec.o)
                0x00008958                __i2b
 .text.__multiply
                0x0000896c      0x13c d:/nxp/lpcxpresso_8.2.2_650/lpcxpresso/tools/bin/../lib/gcc/arm-none-eabi/5.4.1/../../../../arm-none-eabi/lib/armv7-m\libc.a(lib_a-mprec.o)
                0x0000896c                __multiply
 .text.__pow5mult
                0x00008aa8       0xa0 d:/nxp/lpcxpresso_8.2.2_650/lpcxpresso/tools/bin/../lib/gcc/arm-none-eabi/5.4.1/../../../../arm-none-eabi/lib/armv7-m\libc.a(lib_a-mprec.o)
                0x00008aa8                __pow5mult
 .text.__lshift
                0x00008b48       0xac d:/nxp/lpcxpresso_8.2.2_650/lpcxpresso/tools/bin/../lib/gcc/arm-none-eabi/5.4.1/../../../../arm-none-eabi/lib/armv7-m\libc.a(lib_a-mprec.o)
                0x00008b48                __lshift
 .text.__mcmp   0x00008bf4       0x40 d:/nxp/lpcxpresso_8.2.2_650/lpcxpresso/tools/bin/../lib/gcc/arm-none-eabi/5.4.1/../../../../arm-none-eabi/lib/armv7-m\libc.a(lib_a-mprec.o)
                0x00008bf4                __mcmp
 .text.__mdiff  0x00008c34      0x128 d:/nxp/lpcxpresso_8.2.2_650/lpcxpresso/tools/bin/../lib/gcc/arm-none-eabi/5.4.1/../../../../arm-none-eabi/lib/armv7-m\libc.a(lib_a-mprec.o)
                0x00008c34                __mdiff
 .text.__ulp    0x00008d5c       0x44 d:/nxp/lpcxpresso_8.2.2_650/lpcxpresso/tools/bin/../lib/gcc/arm-none-eabi/5.4.1/../../../../arm-none-eabi/lib/armv7-m\libc.a(lib_a-mprec.o)
                0x00008d5c                __ulp
 .text.__b2d    0x00008da0       0xd4 d:/nxp/lpcxpresso_8.2.2_650/lpcxpresso/tools/bin/../lib/gcc/arm-none-eabi/5.4.1/../../../../arm-none-eabi/lib/armv7-m\libc.a(lib_a-mprec.o)
                0x00008da0                __b2d
 .text.__d2b    0x00008e74       0xa8 d:/nxp/lpcxpresso_8.2.2_650/lpcxpresso/tools/bin/../lib/gcc/arm-none-eabi/5.4.1/../../../../arm-none-eabi/lib/armv7-m\libc.a(lib_a-mprec.o)
                0x00008e74                __d2b
 .text.__ratio  0x00008f1c       0x54 d:/nxp/lpcxpresso_8.2.2_650/lpcxpresso/tools/bin/../lib/gcc/arm-none-eabi/5.4.1/../../../../arm-none-eabi/lib/armv7-m\libc.a(lib_a-mprec.o)
                0x00008f1c                __ratio
 .text._mprec_log10
                0x00008f70       0x34 d:/nxp/lpcxpresso_8.2.2_650/lpcxpresso/tools/bin/../lib/gcc/arm-none-eabi/5.4.1/../../../../arm-none-eabi/lib/armv7-m\libc.a(lib_a-mprec.o)
                0x00008f70                _mprec_log10
 .text.__copybits
                0x00008fa4       0x48 d:/nxp/lpcxpresso_8.2.2_650/lpcxpresso/tools/bin/../lib/gcc/arm-none-eabi/5.4.1/../../../../arm-none-eabi/lib/armv7-m\libc.a(lib_a-mprec.o)
                0x00008fa4                __copybits
 .text.__any_on
                0x00008fec       0x5c d:/nxp/lpcxpresso_8.2.2_650/lpcxpresso/tools/bin/../lib/gcc/arm-none-eabi/5.4.1/../../../../arm-none-eabi/lib/armv7-m\libc.a(lib_a-mprec.o)
                0x00008fec                __any_on
 .text          0x00009048        0x0 d:/nxp/lpcxpresso_8.2.2_650/lpcxpresso/tools/bin/../lib/gcc/arm-none-eabi/5.4.1/../../../../arm-none-eabi/lib/armv7-m\libc.a(lib_a-sbrkr.o)
 .text._sbrk_r  0x00009048       0x24 d:/nxp/lpcxpresso_8.2.2_650/lpcxpresso/tools/bin/../lib/gcc/arm-none-eabi/5.4.1/../../../../arm-none-eabi/lib/armv7-m\libc.a(lib_a-sbrkr.o)
                0x00009048                _sbrk_r
 .text          0x0000906c        0x0 d:/nxp/lpcxpresso_8.2.2_650/lpcxpresso/tools/bin/../lib/gcc/arm-none-eabi/5.4.1/../../../../arm-none-eabi/lib/armv7-m\libc.a(lib_a-stdio.o)
 .text.__sread  0x0000906c       0x24 d:/nxp/lpcxpresso_8.2.2_650/lpcxpresso/tools/bin/../lib/gcc/arm-none-eabi/5.4.1/../../../../arm-none-eabi/lib/armv7-m\libc.a(lib_a-stdio.o)
                0x0000906c                __sread
 .text.__seofread
                0x00009090        0x4 d:/nxp/lpcxpresso_8.2.2_650/lpcxpresso/tools/bin/../lib/gcc/arm-none-eabi/5.4.1/../../../../arm-none-eabi/lib/armv7-m\libc.a(lib_a-stdio.o)
                0x00009090                __seofread
 .text.__swrite
                0x00009094       0x3c d:/nxp/lpcxpresso_8.2.2_650/lpcxpresso/tools/bin/../lib/gcc/arm-none-eabi/5.4.1/../../../../arm-none-eabi/lib/armv7-m\libc.a(lib_a-stdio.o)
                0x00009094                __swrite
 .text.__sseek  0x000090d0       0x20 d:/nxp/lpcxpresso_8.2.2_650/lpcxpresso/tools/bin/../lib/gcc/arm-none-eabi/5.4.1/../../../../arm-none-eabi/lib/armv7-m\libc.a(lib_a-stdio.o)
                0x000090d0                __sseek
 .text.__sclose
                0x000090f0        0x8 d:/nxp/lpcxpresso_8.2.2_650/lpcxpresso/tools/bin/../lib/gcc/arm-none-eabi/5.4.1/../../../../arm-none-eabi/lib/armv7-m\libc.a(lib_a-stdio.o)
                0x000090f0                __sclose
 .text          0x000090f8      0x1bc d:/nxp/lpcxpresso_8.2.2_650/lpcxpresso/tools/bin/../lib/gcc/arm-none-eabi/5.4.1/../../../../arm-none-eabi/lib/armv7-m\libc.a(lib_a-strcmp.o)
                0x000090f8                strcmp
 .text          0x000092b4        0x0 d:/nxp/lpcxpresso_8.2.2_650/lpcxpresso/tools/bin/../lib/gcc/arm-none-eabi/5.4.1/../../../../arm-none-eabi/lib/armv7-m\libc.a(lib_a-strlen-stub.o)
 .text.strlen   0x000092b4       0x5c d:/nxp/lpcxpresso_8.2.2_650/lpcxpresso/tools/bin/../lib/gcc/arm-none-eabi/5.4.1/../../../../arm-none-eabi/lib/armv7-m\libc.a(lib_a-strlen-stub.o)
                0x000092b4                strlen
 .text          0x00009310        0x0 d:/nxp/lpcxpresso_8.2.2_650/lpcxpresso/tools/bin/../lib/gcc/arm-none-eabi/5.4.1/../../../../arm-none-eabi/lib/armv7-m\libc.a(lib_a-svfiprintf.o)
 .text.__ssprint_r
                0x00009310      0x100 d:/nxp/lpcxpresso_8.2.2_650/lpcxpresso/tools/bin/../lib/gcc/arm-none-eabi/5.4.1/../../../../arm-none-eabi/lib/armv7-m\libc.a(lib_a-svfiprintf.o)
                0x00009310                __ssprint_r
 .text._svfiprintf_r
                0x00009410      0xc4c d:/nxp/lpcxpresso_8.2.2_650/lpcxpresso/tools/bin/../lib/gcc/arm-none-eabi/5.4.1/../../../../arm-none-eabi/lib/armv7-m\libc.a(lib_a-svfiprintf.o)
                0x00009410                _svfiprintf_r
 .text          0x0000a05c        0x0 d:/nxp/lpcxpresso_8.2.2_650/lpcxpresso/tools/bin/../lib/gcc/arm-none-eabi/5.4.1/../../../../arm-none-eabi/lib/armv7-m\libc.a(lib_a-vfiprintf.o)
 .text.__sprint_r.part.0
                0x0000a05c       0x78 d:/nxp/lpcxpresso_8.2.2_650/lpcxpresso/tools/bin/../lib/gcc/arm-none-eabi/5.4.1/../../../../arm-none-eabi/lib/armv7-m\libc.a(lib_a-vfiprintf.o)
 .text.__sprint_r
                0x0000a0d4       0x14 d:/nxp/lpcxpresso_8.2.2_650/lpcxpresso/tools/bin/../lib/gcc/arm-none-eabi/5.4.1/../../../../arm-none-eabi/lib/armv7-m\libc.a(lib_a-vfiprintf.o)
                0x0000a0d4                __sprint_r
 .text._vfiprintf_r
                0x0000a0e8      0xde8 d:/nxp/lpcxpresso_8.2.2_650/lpcxpresso/tools/bin/../lib/gcc/arm-none-eabi/5.4.1/../../../../arm-none-eabi/lib/armv7-m\libc.a(lib_a-vfiprintf.o)
                0x0000a0e8                _vfiprintf_r
 .text.vfiprintf
                0x0000aed0       0x18 d:/nxp/lpcxpresso_8.2.2_650/lpcxpresso/tools/bin/../lib/gcc/arm-none-eabi/5.4.1/../../../../arm-none-eabi/lib/armv7-m\libc.a(lib_a-vfiprintf.o)
                0x0000aed0                vfiprintf
 .text.__sbprintf
                0x0000aee8       0x6c d:/nxp/lpcxpresso_8.2.2_650/lpcxpresso/tools/bin/../lib/gcc/arm-none-eabi/5.4.1/../../../../arm-none-eabi/lib/armv7-m\libc.a(lib_a-vfiprintf.o)
 .text          0x0000af54        0x0 d:/nxp/lpcxpresso_8.2.2_650/lpcxpresso/tools/bin/../lib/gcc/arm-none-eabi/5.4.1/../../../../arm-none-eabi/lib/armv7-m\libc.a(lib_a-writer.o)
 .text._write_r
                0x0000af54       0x2c d:/nxp/lpcxpresso_8.2.2_650/lpcxpresso/tools/bin/../lib/gcc/arm-none-eabi/5.4.1/../../../../arm-none-eabi/lib/armv7-m\libc.a(lib_a-writer.o)
                0x0000af54                _write_r
 .text          0x0000af80        0x0 d:/nxp/lpcxpresso_8.2.2_650/lpcxpresso/tools/bin/../lib/gcc/arm-none-eabi/5.4.1/../../../../arm-none-eabi/lib/armv7-m\libc.a(lib_a-callocr.o)
 .text._calloc_r
                0x0000af80       0x60 d:/nxp/lpcxpresso_8.2.2_650/lpcxpresso/tools/bin/../lib/gcc/arm-none-eabi/5.4.1/../../../../arm-none-eabi/lib/armv7-m\libc.a(lib_a-callocr.o)
                0x0000af80                _calloc_r
 .text          0x0000afe0        0x0 d:/nxp/lpcxpresso_8.2.2_650/lpcxpresso/tools/bin/../lib/gcc/arm-none-eabi/5.4.1/../../../../arm-none-eabi/lib/armv7-m\libc.a(lib_a-closer.o)
 .text._close_r
                0x0000afe0       0x24 d:/nxp/lpcxpresso_8.2.2_650/lpcxpresso/tools/bin/../lib/gcc/arm-none-eabi/5.4.1/../../../../arm-none-eabi/lib/armv7-m\libc.a(lib_a-closer.o)
                0x0000afe0                _close_r
 .text          0x0000b004        0x0 d:/nxp/lpcxpresso_8.2.2_650/lpcxpresso/tools/bin/../lib/gcc/arm-none-eabi/5.4.1/../../../../arm-none-eabi/lib/armv7-m\libc.a(lib_a-fclose.o)
 .text._fclose_r
                0x0000b004       0x84 d:/nxp/lpcxpresso_8.2.2_650/lpcxpresso/tools/bin/../lib/gcc/arm-none-eabi/5.4.1/../../../../arm-none-eabi/lib/armv7-m\libc.a(lib_a-fclose.o)
                0x0000b004                _fclose_r
 .text.fclose   0x0000b088       0x10 d:/nxp/lpcxpresso_8.2.2_650/lpcxpresso/tools/bin/../lib/gcc/arm-none-eabi/5.4.1/../../../../arm-none-eabi/lib/armv7-m\libc.a(lib_a-fclose.o)
                0x0000b088                fclose
 .text          0x0000b098        0x0 d:/nxp/lpcxpresso_8.2.2_650/lpcxpresso/tools/bin/../lib/gcc/arm-none-eabi/5.4.1/../../../../arm-none-eabi/lib/armv7-m\libc.a(lib_a-fputwc.o)
 .text.__fputwc
                0x0000b098       0x94 d:/nxp/lpcxpresso_8.2.2_650/lpcxpresso/tools/bin/../lib/gcc/arm-none-eabi/5.4.1/../../../../arm-none-eabi/lib/armv7-m\libc.a(lib_a-fputwc.o)
                0x0000b098                __fputwc
 .text._fputwc_r
                0x0000b12c       0x24 d:/nxp/lpcxpresso_8.2.2_650/lpcxpresso/tools/bin/../lib/gcc/arm-none-eabi/5.4.1/../../../../arm-none-eabi/lib/armv7-m\libc.a(lib_a-fputwc.o)
                0x0000b12c                _fputwc_r
 .text.fputwc   0x0000b150       0x40 d:/nxp/lpcxpresso_8.2.2_650/lpcxpresso/tools/bin/../lib/gcc/arm-none-eabi/5.4.1/../../../../arm-none-eabi/lib/armv7-m\libc.a(lib_a-fputwc.o)
                0x0000b150                fputwc
 .text          0x0000b190        0x0 d:/nxp/lpcxpresso_8.2.2_650/lpcxpresso/tools/bin/../lib/gcc/arm-none-eabi/5.4.1/../../../../arm-none-eabi/lib/armv7-m\libc.a(lib_a-fstatr.o)
 .text._fstat_r
                0x0000b190       0x28 d:/nxp/lpcxpresso_8.2.2_650/lpcxpresso/tools/bin/../lib/gcc/arm-none-eabi/5.4.1/../../../../arm-none-eabi/lib/armv7-m\libc.a(lib_a-fstatr.o)
                0x0000b190                _fstat_r
 .text          0x0000b1b8        0x0 d:/nxp/lpcxpresso_8.2.2_650/lpcxpresso/tools/bin/../lib/gcc/arm-none-eabi/5.4.1/../../../../arm-none-eabi/lib/armv7-m\libc.a(lib_a-fvwrite.o)
 .text.__sfvwrite_r
                0x0000b1b8      0x308 d:/nxp/lpcxpresso_8.2.2_650/lpcxpresso/tools/bin/../lib/gcc/arm-none-eabi/5.4.1/../../../../arm-none-eabi/lib/armv7-m\libc.a(lib_a-fvwrite.o)
                0x0000b1b8                __sfvwrite_r
 .text          0x0000b4c0        0x0 d:/nxp/lpcxpresso_8.2.2_650/lpcxpresso/tools/bin/../lib/gcc/arm-none-eabi/5.4.1/../../../../arm-none-eabi/lib/armv7-m\libc.a(lib_a-isattyr.o)
 .text._isatty_r
                0x0000b4c0       0x24 d:/nxp/lpcxpresso_8.2.2_650/lpcxpresso/tools/bin/../lib/gcc/arm-none-eabi/5.4.1/../../../../arm-none-eabi/lib/armv7-m\libc.a(lib_a-isattyr.o)
                0x0000b4c0                _isatty_r
 .text          0x0000b4e4        0x0 d:/nxp/lpcxpresso_8.2.2_650/lpcxpresso/tools/bin/../lib/gcc/arm-none-eabi/5.4.1/../../../../arm-none-eabi/lib/armv7-m\libc.a(lib_a-lseekr.o)
 .text._lseek_r
                0x0000b4e4       0x2c d:/nxp/lpcxpresso_8.2.2_650/lpcxpresso/tools/bin/../lib/gcc/arm-none-eabi/5.4.1/../../../../arm-none-eabi/lib/armv7-m\libc.a(lib_a-lseekr.o)
                0x0000b4e4                _lseek_r
 .text          0x0000b510        0x0 d:/nxp/lpcxpresso_8.2.2_650/lpcxpresso/tools/bin/../lib/gcc/arm-none-eabi/5.4.1/../../../../arm-none-eabi/lib/armv7-m\libc.a(lib_a-memmove.o)
 .text.memmove  0x0000b510       0xc8 d:/nxp/lpcxpresso_8.2.2_650/lpcxpresso/tools/bin/../lib/gcc/arm-none-eabi/5.4.1/../../../../arm-none-eabi/lib/armv7-m\libc.a(lib_a-memmove.o)
                0x0000b510                memmove
 .text          0x0000b5d8        0x0 d:/nxp/lpcxpresso_8.2.2_650/lpcxpresso/tools/bin/../lib/gcc/arm-none-eabi/5.4.1/../../../../arm-none-eabi/lib/armv7-m\libc.a(lib_a-readr.o)
 .text._read_r  0x0000b5d8       0x2c d:/nxp/lpcxpresso_8.2.2_650/lpcxpresso/tools/bin/../lib/gcc/arm-none-eabi/5.4.1/../../../../arm-none-eabi/lib/armv7-m\libc.a(lib_a-readr.o)
                0x0000b5d8                _read_r
 .text          0x0000b604        0x0 d:/nxp/lpcxpresso_8.2.2_650/lpcxpresso/tools/bin/../lib/gcc/arm-none-eabi/5.4.1/../../../../arm-none-eabi/lib/armv7-m\libc.a(lib_a-reallocr.o)
 .text._realloc_r
                0x0000b604      0x3d4 d:/nxp/lpcxpresso_8.2.2_650/lpcxpresso/tools/bin/../lib/gcc/arm-none-eabi/5.4.1/../../../../arm-none-eabi/lib/armv7-m\libc.a(lib_a-reallocr.o)
                0x0000b604                _realloc_r
 .text          0x0000b9d8        0x0 d:/nxp/lpcxpresso_8.2.2_650/lpcxpresso/tools/bin/../lib/gcc/arm-none-eabi/5.4.1/../../../../arm-none-eabi/lib/armv7-m\libc.a(lib_a-reent.o)
 .text.cleanup_glue
                0x0000b9d8       0x1c d:/nxp/lpcxpresso_8.2.2_650/lpcxpresso/tools/bin/../lib/gcc/arm-none-eabi/5.4.1/../../../../arm-none-eabi/lib/armv7-m\libc.a(lib_a-reent.o)
                0x0000b9d8                cleanup_glue
 .text._reclaim_reent
                0x0000b9f4       0x88 d:/nxp/lpcxpresso_8.2.2_650/lpcxpresso/tools/bin/../lib/gcc/arm-none-eabi/5.4.1/../../../../arm-none-eabi/lib/armv7-m\libc.a(lib_a-reent.o)
                0x0000b9f4                _reclaim_reent
 .text          0x0000ba7c        0x0 d:/nxp/lpcxpresso_8.2.2_650/lpcxpresso/tools/bin/../lib/gcc/arm-none-eabi/5.4.1/../../../../arm-none-eabi/lib/armv7-m\libc.a(lib_a-wbuf.o)
 .text.__swbuf_r
                0x0000ba7c       0xac d:/nxp/lpcxpresso_8.2.2_650/lpcxpresso/tools/bin/../lib/gcc/arm-none-eabi/5.4.1/../../../../arm-none-eabi/lib/armv7-m\libc.a(lib_a-wbuf.o)
                0x0000ba7c                __swbuf_r
 .text.__swbuf  0x0000bb28       0x10 d:/nxp/lpcxpresso_8.2.2_650/lpcxpresso/tools/bin/../lib/gcc/arm-none-eabi/5.4.1/../../../../arm-none-eabi/lib/armv7-m\libc.a(lib_a-wbuf.o)
                0x0000bb28                __swbuf
 .text          0x0000bb38        0x0 d:/nxp/lpcxpresso_8.2.2_650/lpcxpresso/tools/bin/../lib/gcc/arm-none-eabi/5.4.1/../../../../arm-none-eabi/lib/armv7-m\libc.a(lib_a-wcrtomb.o)
 .text._wcrtomb_r
                0x0000bb38       0x54 d:/nxp/lpcxpresso_8.2.2_650/lpcxpresso/tools/bin/../lib/gcc/arm-none-eabi/5.4.1/../../../../arm-none-eabi/lib/armv7-m\libc.a(lib_a-wcrtomb.o)
                0x0000bb38                _wcrtomb_r
 .text.wcrtomb  0x0000bb8c       0x58 d:/nxp/lpcxpresso_8.2.2_650/lpcxpresso/tools/bin/../lib/gcc/arm-none-eabi/5.4.1/../../../../arm-none-eabi/lib/armv7-m\libc.a(lib_a-wcrtomb.o)
                0x0000bb8c                wcrtomb
 .text          0x0000bbe4        0x0 d:/nxp/lpcxpresso_8.2.2_650/lpcxpresso/tools/bin/../lib/gcc/arm-none-eabi/5.4.1/../../../../arm-none-eabi/lib/armv7-m\libc.a(lib_a-wctomb_r.o)
 .text.__ascii_wctomb
                0x0000bbe4       0x1c d:/nxp/lpcxpresso_8.2.2_650/lpcxpresso/tools/bin/../lib/gcc/arm-none-eabi/5.4.1/../../../../arm-none-eabi/lib/armv7-m\libc.a(lib_a-wctomb_r.o)
                0x0000bbe4                __ascii_wctomb
 .text._wctomb_r
                0x0000bc00       0x30 d:/nxp/lpcxpresso_8.2.2_650/lpcxpresso/tools/bin/../lib/gcc/arm-none-eabi/5.4.1/../../../../arm-none-eabi/lib/armv7-m\libc.a(lib_a-wctomb_r.o)
                0x0000bc00                _wctomb_r
 .text          0x0000bc30        0x0 d:/nxp/lpcxpresso_8.2.2_650/lpcxpresso/tools/bin/../lib/gcc/arm-none-eabi/5.4.1/../../../../arm-none-eabi/lib/armv7-m\libm.a(lib_a-w_sqrt.o)
 .text.sqrt     0x0000bc30       0xb8 d:/nxp/lpcxpresso_8.2.2_650/lpcxpresso/tools/bin/../lib/gcc/arm-none-eabi/5.4.1/../../../../arm-none-eabi/lib/armv7-m\libm.a(lib_a-w_sqrt.o)
                0x0000bc30                sqrt
 .text          0x0000bce8        0x0 d:/nxp/lpcxpresso_8.2.2_650/lpcxpresso/tools/bin/../lib/gcc/arm-none-eabi/5.4.1/../../../../arm-none-eabi/lib/armv7-m\libm.a(lib_a-e_sqrt.o)
 .text.__ieee754_sqrt
                0x0000bce8      0x188 d:/nxp/lpcxpresso_8.2.2_650/lpcxpresso/tools/bin/../lib/gcc/arm-none-eabi/5.4.1/../../../../arm-none-eabi/lib/armv7-m\libm.a(lib_a-e_sqrt.o)
                0x0000bce8                __ieee754_sqrt
 .text          0x0000be70        0x0 d:/nxp/lpcxpresso_8.2.2_650/lpcxpresso/tools/bin/../lib/gcc/arm-none-eabi/5.4.1/../../../../arm-none-eabi/lib/armv7-m\libm.a(lib_a-s_lib_ver.o)
 .text          0x0000be70        0x0 d:/nxp/lpcxpresso_8.2.2_650/lpcxpresso/tools/bin/../lib/gcc/arm-none-eabi/5.4.1/../../../../arm-none-eabi/lib/armv7-m\libm.a(lib_a-s_matherr.o)
 .text.matherr  0x0000be70        0x4 d:/nxp/lpcxpresso_8.2.2_650/lpcxpresso/tools/bin/../lib/gcc/arm-none-eabi/5.4.1/../../../../arm-none-eabi/lib/armv7-m\libm.a(lib_a-s_matherr.o)
                0x0000be70                matherr
 .text          0x0000be74        0x0 d:/nxp/lpcxpresso_8.2.2_650/lpcxpresso/tools/bin/../lib/gcc/arm-none-eabi/5.4.1/../../../../arm-none-eabi/lib/armv7-m\libcr_newlib_nohost.a(_cr_sbrk.o)
 .text._sbrk    0x0000be74       0x3c d:/nxp/lpcxpresso_8.2.2_650/lpcxpresso/tools/bin/../lib/gcc/arm-none-eabi/5.4.1/../../../../arm-none-eabi/lib/armv7-m\libcr_newlib_nohost.a(_cr_sbrk.o)
                0x0000be74                _sbrk
 .text          0x0000beb0        0x0 d:/nxp/lpcxpresso_8.2.2_650/lpcxpresso/tools/bin/../lib/gcc/arm-none-eabi/5.4.1/../../../../arm-none-eabi/lib/armv7-m\libcr_newlib_nohost.a(close.o)
 .text._close   0x0000beb0       0x10 d:/nxp/lpcxpresso_8.2.2_650/lpcxpresso/tools/bin/../lib/gcc/arm-none-eabi/5.4.1/../../../../arm-none-eabi/lib/armv7-m\libcr_newlib_nohost.a(close.o)
                0x0000beb0                _close
 .text          0x0000bec0        0x0 d:/nxp/lpcxpresso_8.2.2_650/lpcxpresso/tools/bin/../lib/gcc/arm-none-eabi/5.4.1/../../../../arm-none-eabi/lib/armv7-m\libcr_newlib_nohost.a(fstat.o)
 .text._fstat   0x0000bec0       0x10 d:/nxp/lpcxpresso_8.2.2_650/lpcxpresso/tools/bin/../lib/gcc/arm-none-eabi/5.4.1/../../../../arm-none-eabi/lib/armv7-m\libcr_newlib_nohost.a(fstat.o)
                0x0000bec0                _fstat
 .text          0x0000bed0        0x0 d:/nxp/lpcxpresso_8.2.2_650/lpcxpresso/tools/bin/../lib/gcc/arm-none-eabi/5.4.1/../../../../arm-none-eabi/lib/armv7-m\libcr_newlib_nohost.a(isatty.o)
 .text._isatty  0x0000bed0       0x10 d:/nxp/lpcxpresso_8.2.2_650/lpcxpresso/tools/bin/../lib/gcc/arm-none-eabi/5.4.1/../../../../arm-none-eabi/lib/armv7-m\libcr_newlib_nohost.a(isatty.o)
                0x0000bed0                _isatty
 .text          0x0000bee0        0x0 d:/nxp/lpcxpresso_8.2.2_650/lpcxpresso/tools/bin/../lib/gcc/arm-none-eabi/5.4.1/../../../../arm-none-eabi/lib/armv7-m\libcr_newlib_nohost.a(lseek.o)
 .text._lseek   0x0000bee0       0x10 d:/nxp/lpcxpresso_8.2.2_650/lpcxpresso/tools/bin/../lib/gcc/arm-none-eabi/5.4.1/../../../../arm-none-eabi/lib/armv7-m\libcr_newlib_nohost.a(lseek.o)
                0x0000bee0                _lseek
 .text          0x0000bef0        0x0 d:/nxp/lpcxpresso_8.2.2_650/lpcxpresso/tools/bin/../lib/gcc/arm-none-eabi/5.4.1/../../../../arm-none-eabi/lib/armv7-m\libcr_newlib_nohost.a(read.o)
 .text._read    0x0000bef0       0x10 d:/nxp/lpcxpresso_8.2.2_650/lpcxpresso/tools/bin/../lib/gcc/arm-none-eabi/5.4.1/../../../../arm-none-eabi/lib/armv7-m\libcr_newlib_nohost.a(read.o)
                0x0000bef0                _read
 .text          0x0000bf00        0x0 d:/nxp/lpcxpresso_8.2.2_650/lpcxpresso/tools/bin/../lib/gcc/arm-none-eabi/5.4.1/../../../../arm-none-eabi/lib/armv7-m\libcr_newlib_nohost.a(write.o)
 .text._write   0x0000bf00       0x10 d:/nxp/lpcxpresso_8.2.2_650/lpcxpresso/tools/bin/../lib/gcc/arm-none-eabi/5.4.1/../../../../arm-none-eabi/lib/armv7-m\libcr_newlib_nohost.a(write.o)
                0x0000bf00                _write
 .text          0x0000bf10        0x0 d:/nxp/lpcxpresso_8.2.2_650/lpcxpresso/tools/bin/../lib/gcc/arm-none-eabi/5.4.1/../../../../arm-none-eabi/lib/armv7-m\libcr_newlib_nohost.a(_cr_check_heap.o)
 .text.__check_heap_overflow
                0x0000bf10       0x18 d:/nxp/lpcxpresso_8.2.2_650/lpcxpresso/tools/bin/../lib/gcc/arm-none-eabi/5.4.1/../../../../arm-none-eabi/lib/armv7-m\libcr_newlib_nohost.a(_cr_check_heap.o)
                0x0000bf10                __check_heap_overflow
 .text          0x0000bf28      0x424 d:/nxp/lpcxpresso_8.2.2_650/lpcxpresso/tools/bin/../lib/gcc/arm-none-eabi/5.4.1/armv7-m\libgcc.a(_arm_muldivdf3.o)
                0x0000bf28                __aeabi_dmul
                0x0000bf28                __muldf3
                0x0000c17c                __divdf3
                0x0000c17c                __aeabi_ddiv
 .text          0x0000c34c      0x110 d:/nxp/lpcxpresso_8.2.2_650/lpcxpresso/tools/bin/../lib/gcc/arm-none-eabi/5.4.1/armv7-m\libgcc.a(_arm_cmpdf2.o)
                0x0000c34c                __gtdf2
                0x0000c34c                __gedf2
                0x0000c354                __ltdf2
                0x0000c354                __ledf2
                0x0000c35c                __nedf2
                0x0000c35c                __eqdf2
                0x0000c35c                __cmpdf2
                0x0000c3d8                __aeabi_cdrcmple
                0x0000c3e8                __aeabi_cdcmpeq
                0x0000c3e8                __aeabi_cdcmple
                0x0000c3f8                __aeabi_dcmpeq
                0x0000c40c                __aeabi_dcmplt
                0x0000c420                __aeabi_dcmple
                0x0000c434                __aeabi_dcmpge
                0x0000c448                __aeabi_dcmpgt
 .text          0x0000c45c       0x2c d:/nxp/lpcxpresso_8.2.2_650/lpcxpresso/tools/bin/../lib/gcc/arm-none-eabi/5.4.1/armv7-m\libgcc.a(_arm_unorddf2.o)
                0x0000c45c                __unorddf2
                0x0000c45c                __aeabi_dcmpun
 .text          0x0000c488       0x50 d:/nxp/lpcxpresso_8.2.2_650/lpcxpresso/tools/bin/../lib/gcc/arm-none-eabi/5.4.1/armv7-m\libgcc.a(_arm_fixdfsi.o)
                0x0000c488                __aeabi_d2iz
                0x0000c488                __fixdfsi
 .text          0x0000c4d8       0x30 d:/nxp/lpcxpresso_8.2.2_650/lpcxpresso/tools/bin/../lib/gcc/arm-none-eabi/5.4.1/armv7-m\libgcc.a(_aeabi_uldivmod.o)
                0x0000c4d8                __aeabi_uldivmod
 .text          0x0000c508      0x2ec d:/nxp/lpcxpresso_8.2.2_650/lpcxpresso/tools/bin/../lib/gcc/arm-none-eabi/5.4.1/armv7-m\libgcc.a(_udivmoddi4.o)
                0x0000c508                __udivmoddi4
 .text          0x0000c7f4        0x4 d:/nxp/lpcxpresso_8.2.2_650/lpcxpresso/tools/bin/../lib/gcc/arm-none-eabi/5.4.1/armv7-m\libgcc.a(_dvmd_tls.o)
                0x0000c7f4                __aeabi_idiv0
                0x0000c7f4                __aeabi_ldiv0
 .text          0x0000c7f8        0x0 d:/nxp/lpcxpresso_8.2.2_650/lpcxpresso/tools/bin/../lib/gcc/arm-none-eabi/5.4.1/../../../../arm-none-eabi/lib/armv7-m\libc.a(lib_a-errno.o)
 .text.__errno  0x0000c7f8        0xc d:/nxp/lpcxpresso_8.2.2_650/lpcxpresso/tools/bin/../lib/gcc/arm-none-eabi/5.4.1/../../../../arm-none-eabi/lib/armv7-m\libc.a(lib_a-errno.o)
                0x0000c7f8                __errno
 *(.rodata .rodata.* .constdata .constdata.*)
 .rodata.str1.1
                0x0000c804       0x8c ./src/pi7/interpretador_comando/interpretador_comando.o
 .rodata.str1.1
                0x0000c890       0x15 ./src/pi7/controlador_trajetoria/controlador_trajetoria.o
 .rodata.str1.1
                0x0000c8a5        0xd ./src/pi7/comunicacao_pic/comunicacao_pic.o
 .rodata.str1.1
                0x0000c8b2       0x2e ./src/pi7/comunicacao_pc/modbus.o
 .rodata.DELAY_1MS
                0x0000c8e0        0x4 ./src/main.o
                0x0000c8e0                DELAY_1MS
 .rodata.DELAY_1SEC
                0x0000c8e4        0x4 ./src/main.o
                0x0000c8e4                DELAY_1SEC
 .rodata.DELAY_500MS
                0x0000c8e8        0x4 ./src/main.o
                0x0000c8e8                DELAY_500MS
 .rodata.str1.1
                0x0000c8ec       0x64 ./src/main.o
 .rodata.DELAY_10MS
                0x0000c950        0x4 ./src/main.o
                0x0000c950                DELAY_10MS
 .rodata.DELAY_20MS
                0x0000c954        0x4 ./src/main.o
                0x0000c954                DELAY_20MS
 .rodata.DELAY_200MS
                0x0000c958        0x4 ./src/main.o
                0x0000c958                DELAY_200MS
 .rodata.DELAY_50MS
                0x0000c95c        0x4 ./src/main.o
                0x0000c95c                DELAY_50MS
 .rodata.str1.1
                0x0000c960       0x17 ./FreeRTOS_src/tasks.o
                                 0x1a (size before relaxing)
 *fill*         0x0000c977        0x1 ff
 .rodata.ulKernelPriority
                0x0000c978        0x4 ./FreeRTOS_portable/port.o
                0x0000c978                ulKernelPriority
 .rodata.blanks.7055
                0x0000c97c       0x10 d:/nxp/lpcxpresso_8.2.2_650/lpcxpresso/tools/bin/../lib/gcc/arm-none-eabi/5.4.1/../../../../arm-none-eabi/lib/armv7-m\libc.a(lib_a-svfprintf.o)
 .rodata.str1.4
                0x0000c98c       0x42 d:/nxp/lpcxpresso_8.2.2_650/lpcxpresso/tools/bin/../lib/gcc/arm-none-eabi/5.4.1/../../../../arm-none-eabi/lib/armv7-m\libc.a(lib_a-svfprintf.o)
 *fill*         0x0000c9ce        0x2 ff
 .rodata.zeroes.7056
                0x0000c9d0       0x10 d:/nxp/lpcxpresso_8.2.2_650/lpcxpresso/tools/bin/../lib/gcc/arm-none-eabi/5.4.1/../../../../arm-none-eabi/lib/armv7-m\libc.a(lib_a-svfprintf.o)
 .rodata.blanks.7070
                0x0000c9e0       0x10 d:/nxp/lpcxpresso_8.2.2_650/lpcxpresso/tools/bin/../lib/gcc/arm-none-eabi/5.4.1/../../../../arm-none-eabi/lib/armv7-m\libc.a(lib_a-vfprintf.o)
 .rodata.str1.4
                0x0000c9f0       0x42 d:/nxp/lpcxpresso_8.2.2_650/lpcxpresso/tools/bin/../lib/gcc/arm-none-eabi/5.4.1/../../../../arm-none-eabi/lib/armv7-m\libc.a(lib_a-vfprintf.o)
 .rodata.zeroes.7071
                0x0000c9f0       0x10 d:/nxp/lpcxpresso_8.2.2_650/lpcxpresso/tools/bin/../lib/gcc/arm-none-eabi/5.4.1/../../../../arm-none-eabi/lib/armv7-m\libc.a(lib_a-vfprintf.o)
 .rodata.str1.4
                0x0000ca00       0x10 d:/nxp/lpcxpresso_8.2.2_650/lpcxpresso/tools/bin/../lib/gcc/arm-none-eabi/5.4.1/../../../../arm-none-eabi/lib/armv7-m\libc.a(lib_a-dtoa.o)
                                 0x12 (size before relaxing)
 .rodata.str1.4
                0x0000ca10        0x2 d:/nxp/lpcxpresso_8.2.2_650/lpcxpresso/tools/bin/../lib/gcc/arm-none-eabi/5.4.1/../../../../arm-none-eabi/lib/armv7-m\libc.a(lib_a-impure.o)
 *fill*         0x0000ca12        0x2 ff
 .rodata._global_impure_ptr
                0x0000ca14        0x4 d:/nxp/lpcxpresso_8.2.2_650/lpcxpresso/tools/bin/../lib/gcc/arm-none-eabi/5.4.1/../../../../arm-none-eabi/lib/armv7-m\libc.a(lib_a-impure.o)
                0x0000ca14                _global_impure_ptr
 .rodata.str1.4
                0x0000ca18        0xa d:/nxp/lpcxpresso_8.2.2_650/lpcxpresso/tools/bin/../lib/gcc/arm-none-eabi/5.4.1/../../../../arm-none-eabi/lib/armv7-m\libc.a(lib_a-locale.o)
                                 0x12 (size before relaxing)
 *fill*         0x0000ca22        0x6 ff
 .rodata.__mprec_tens
                0x0000ca28       0xc8 d:/nxp/lpcxpresso_8.2.2_650/lpcxpresso/tools/bin/../lib/gcc/arm-none-eabi/5.4.1/../../../../arm-none-eabi/lib/armv7-m\libc.a(lib_a-mprec.o)
                0x0000ca28                __mprec_tens
 .rodata.__mprec_bigtens
                0x0000caf0       0x28 d:/nxp/lpcxpresso_8.2.2_650/lpcxpresso/tools/bin/../lib/gcc/arm-none-eabi/5.4.1/../../../../arm-none-eabi/lib/armv7-m\libc.a(lib_a-mprec.o)
                0x0000caf0                __mprec_bigtens
 .rodata.__mprec_tinytens
                0x0000cb18       0x28 d:/nxp/lpcxpresso_8.2.2_650/lpcxpresso/tools/bin/../lib/gcc/arm-none-eabi/5.4.1/../../../../arm-none-eabi/lib/armv7-m\libc.a(lib_a-mprec.o)
                0x0000cb18                __mprec_tinytens
 .rodata.p05.5396
                0x0000cb40        0xc d:/nxp/lpcxpresso_8.2.2_650/lpcxpresso/tools/bin/../lib/gcc/arm-none-eabi/5.4.1/../../../../arm-none-eabi/lib/armv7-m\libc.a(lib_a-mprec.o)
 .rodata.blanks.6999
                0x0000cb4c       0x10 d:/nxp/lpcxpresso_8.2.2_650/lpcxpresso/tools/bin/../lib/gcc/arm-none-eabi/5.4.1/../../../../arm-none-eabi/lib/armv7-m\libc.a(lib_a-svfiprintf.o)
 .rodata.str1.4
                0x0000cb5c       0x2f d:/nxp/lpcxpresso_8.2.2_650/lpcxpresso/tools/bin/../lib/gcc/arm-none-eabi/5.4.1/../../../../arm-none-eabi/lib/armv7-m\libc.a(lib_a-svfiprintf.o)
 .rodata.zeroes.7000
                0x0000cb5c       0x10 d:/nxp/lpcxpresso_8.2.2_650/lpcxpresso/tools/bin/../lib/gcc/arm-none-eabi/5.4.1/../../../../arm-none-eabi/lib/armv7-m\libc.a(lib_a-svfiprintf.o)
 .rodata.blanks.7013
                0x0000cb6c       0x10 d:/nxp/lpcxpresso_8.2.2_650/lpcxpresso/tools/bin/../lib/gcc/arm-none-eabi/5.4.1/../../../../arm-none-eabi/lib/armv7-m\libc.a(lib_a-vfiprintf.o)
 .rodata.str1.4
                0x0000cb7c       0x2f d:/nxp/lpcxpresso_8.2.2_650/lpcxpresso/tools/bin/../lib/gcc/arm-none-eabi/5.4.1/../../../../arm-none-eabi/lib/armv7-m\libc.a(lib_a-vfiprintf.o)
 .rodata.zeroes.7014
                0x0000cb7c       0x10 d:/nxp/lpcxpresso_8.2.2_650/lpcxpresso/tools/bin/../lib/gcc/arm-none-eabi/5.4.1/../../../../arm-none-eabi/lib/armv7-m\libc.a(lib_a-vfiprintf.o)
 .rodata.str1.4
                0x0000cb8c        0x8 d:/nxp/lpcxpresso_8.2.2_650/lpcxpresso/tools/bin/../lib/gcc/arm-none-eabi/5.4.1/../../../../arm-none-eabi/lib/armv7-m\libm.a(lib_a-w_sqrt.o)
                                  0x5 (size before relaxing)
                0x0000cbac                . = ALIGN (0x4)

.glue_7         0x0000cb94        0x0
 .glue_7        0x0000cb94        0x0 linker stubs

.glue_7t        0x0000cb94        0x0
 .glue_7t       0x0000cb94        0x0 linker stubs

.vfp11_veneer   0x0000cb94        0x0
 .vfp11_veneer  0x0000cb94        0x0 linker stubs

.v4_bx          0x0000cb94        0x0
 .v4_bx         0x0000cb94        0x0 linker stubs

.iplt           0x0000cb94        0x0
 .iplt          0x0000cb94        0x0 ./src/pi7/programa_trajetoria/programa_trajetoria.o

.ARM.extab      0x0000cb94        0x0
 *(.ARM.extab* .gnu.linkonce.armextab.*)
 .ARM.extab     0x0000cb94        0x0 d:/nxp/lpcxpresso_8.2.2_650/lpcxpresso/tools/bin/../lib/gcc/arm-none-eabi/5.4.1/armv7-m\libgcc.a(_udivmoddi4.o)
                0x0000cb94                __exidx_start = .

.ARM.exidx      0x0000cb94        0x8
 *(.ARM.exidx* .gnu.linkonce.armexidx.*)
 .ARM.exidx     0x0000cb94        0x8 d:/nxp/lpcxpresso_8.2.2_650/lpcxpresso/tools/bin/../lib/gcc/arm-none-eabi/5.4.1/armv7-m\libgcc.a(_udivmoddi4.o)
                0x0000cb9c                __exidx_end = .
                0x0000cb9c                _etext = .

.rel.dyn        0x0000cb9c        0x0
 .rel.iplt      0x0000cb9c        0x0 ./src/pi7/programa_trajetoria/programa_trajetoria.o

.data_RAM2      0x2007c000        0x0 load address 0x0000cb9c
 FILL mask 0xff
                [!provide]                PROVIDE (__start_data_RAM2, .)
 *(.ramfunc.$RAM2)
 *(.ramfunc.$RamAHB32)
 *(.data.$RAM2*)
 *(.data.$RamAHB32*)
                0x2007c000                . = ALIGN (0x4)
                [!provide]                PROVIDE (__end_data_RAM2, .)

.uninit_RESERVED
                0x10000000        0x0
 *(.bss.$RESERVED*)
                0x10000000                . = ALIGN (0x4)
                0x10000000                _end_uninit_RESERVED = .

.data           0x10000000      0x8f8 load address 0x0000cb9c
 FILL mask 0xff
                0x10000000                _data = .
 *(vtable)
 *(.ramfunc*)
 *(.data*)
 .data          0x10000000        0x0 ./src/pi7/programa_trajetoria/programa_trajetoria.o
 .data          0x10000000        0x0 ./src/pi7/interpretador_comando/interpretador_comando.o
 .data          0x10000000        0x0 ./src/pi7/estado_trajetoria/estado_trajetoria.o
 .data          0x10000000        0x0 ./src/pi7/controlador_trajetoria/controlador_trajetoria.o
 .data          0x10000000        0x0 ./src/pi7/comunicacao_pic/comunicacao_pic.o
 .data          0x10000000        0x0 ./src/pi7/comunicacao_pc/modbus.o
 .data          0x10000000        0x0 ./src/drivers/uart/uart.o
 .data.UART0TxEmpty
                0x10000000        0x1 ./src/drivers/uart/uart.o
                0x10000000                UART0TxEmpty
 .data.UART1TxEmpty
                0x10000001        0x1 ./src/drivers/uart/uart.o
                0x10000001                UART1TxEmpty
 .data          0x10000002        0x0 ./src/drivers/spi/spi.o
 .data          0x10000002        0x0 ./src/drivers/pwm/pwm.o
 .data          0x10000002        0x0 ./src/drivers/ledonboard/leds.o
 .data          0x10000002        0x0 ./src/cr_startup_lpc17.o
 .data          0x10000002        0x0 ./src/main.o
 .data.msgReadRegister
                0x10000002        0xd ./src/main.o
                0x10000002                msgReadRegister
 .data.msgWriteRegister
                0x1000000f        0xf ./src/main.o
                0x1000000f                msgWriteRegister
 .data          0x1000001e        0x0 ./FreeRTOS_src/croutine.o
 .data          0x1000001e        0x0 ./FreeRTOS_src/list.o
 .data          0x1000001e        0x0 ./FreeRTOS_src/queue.o
 .data          0x1000001e        0x0 ./FreeRTOS_src/tasks.o
 *fill*         0x1000001e        0x2 ff
 .data.uxPreviousTask
                0x10000020        0x4 ./FreeRTOS_src/tasks.o
 .data.xNextTaskUnblockTime
                0x10000024        0x4 ./FreeRTOS_src/tasks.o
 .data          0x10000028        0x0 ./FreeRTOS_src/timers.o
 .data          0x10000028        0x0 ./FreeRTOS_portable/MemMang/heap_2.o
 .data.xFreeBytesRemaining
                0x10000028        0x4 ./FreeRTOS_portable/MemMang/heap_2.o
 .data          0x1000002c        0x0 ./FreeRTOS_portable/port.o
 .data.uxCriticalNesting
                0x1000002c        0x4 ./FreeRTOS_portable/port.o
 .data          0x10000030        0x4 ../Libraries\libCMSISv2_LPC17xx.a(system_LPC17xx.o)
                0x10000030                SystemFrequency
 .data          0x10000034        0x0 d:/nxp/lpcxpresso_8.2.2_650/lpcxpresso/tools/bin/../lib/gcc/arm-none-eabi/5.4.1/armv7-m\libgcc.a(_arm_addsubdf3.o)
 .data          0x10000034        0x0 d:/nxp/lpcxpresso_8.2.2_650/lpcxpresso/tools/bin/../lib/gcc/arm-none-eabi/5.4.1/armv7-m\libgcc.a(_arm_truncdfsf2.o)
 .data          0x10000034        0x0 d:/nxp/lpcxpresso_8.2.2_650/lpcxpresso/tools/bin/../lib/gcc/arm-none-eabi/5.4.1/armv7-m\libgcc.a(_arm_addsubsf3.o)
 .data          0x10000034        0x0 d:/nxp/lpcxpresso_8.2.2_650/lpcxpresso/tools/bin/../lib/gcc/arm-none-eabi/5.4.1/armv7-m\libgcc.a(_arm_muldivsf3.o)
 .data          0x10000034        0x0 d:/nxp/lpcxpresso_8.2.2_650/lpcxpresso/tools/bin/../lib/gcc/arm-none-eabi/5.4.1/armv7-m\libgcc.a(_arm_fixsfsi.o)
 .data          0x10000034        0x0 d:/nxp/lpcxpresso_8.2.2_650/lpcxpresso/tools/bin/../lib/gcc/arm-none-eabi/5.4.1/../../../../arm-none-eabi/lib/armv7-m\libc.a(lib_a-memcpy.o)
 .data          0x10000034        0x0 d:/nxp/lpcxpresso_8.2.2_650/lpcxpresso/tools/bin/../lib/gcc/arm-none-eabi/5.4.1/../../../../arm-none-eabi/lib/armv7-m\libc.a(lib_a-memset.o)
 .data          0x10000034        0x0 d:/nxp/lpcxpresso_8.2.2_650/lpcxpresso/tools/bin/../lib/gcc/arm-none-eabi/5.4.1/../../../../arm-none-eabi/lib/armv7-m\libc.a(lib_a-printf.o)
 .data          0x10000034        0x0 d:/nxp/lpcxpresso_8.2.2_650/lpcxpresso/tools/bin/../lib/gcc/arm-none-eabi/5.4.1/../../../../arm-none-eabi/lib/armv7-m\libc.a(lib_a-sprintf.o)
 .data          0x10000034        0x0 d:/nxp/lpcxpresso_8.2.2_650/lpcxpresso/tools/bin/../lib/gcc/arm-none-eabi/5.4.1/../../../../arm-none-eabi/lib/armv7-m\libc.a(lib_a-strcat.o)
 .data          0x10000034        0x0 d:/nxp/lpcxpresso_8.2.2_650/lpcxpresso/tools/bin/../lib/gcc/arm-none-eabi/5.4.1/../../../../arm-none-eabi/lib/armv7-m\libc.a(lib_a-strcpy.o)
 .data          0x10000034        0x0 d:/nxp/lpcxpresso_8.2.2_650/lpcxpresso/tools/bin/../lib/gcc/arm-none-eabi/5.4.1/../../../../arm-none-eabi/lib/armv7-m\libc.a(lib_a-strncpy.o)
 .data          0x10000034        0x0 d:/nxp/lpcxpresso_8.2.2_650/lpcxpresso/tools/bin/../lib/gcc/arm-none-eabi/5.4.1/../../../../arm-none-eabi/lib/armv7-m\libc.a(lib_a-svfprintf.o)
 .data          0x10000034        0x0 d:/nxp/lpcxpresso_8.2.2_650/lpcxpresso/tools/bin/../lib/gcc/arm-none-eabi/5.4.1/../../../../arm-none-eabi/lib/armv7-m\libc.a(lib_a-vfprintf.o)
 .data          0x10000034        0x0 d:/nxp/lpcxpresso_8.2.2_650/lpcxpresso/tools/bin/../lib/gcc/arm-none-eabi/5.4.1/../../../../arm-none-eabi/lib/armv7-m\libc.a(lib_a-wsetup.o)
 .data          0x10000034        0x0 d:/nxp/lpcxpresso_8.2.2_650/lpcxpresso/tools/bin/../lib/gcc/arm-none-eabi/5.4.1/../../../../arm-none-eabi/lib/armv7-m\libc.a(lib_a-dtoa.o)
 .data          0x10000034        0x0 d:/nxp/lpcxpresso_8.2.2_650/lpcxpresso/tools/bin/../lib/gcc/arm-none-eabi/5.4.1/../../../../arm-none-eabi/lib/armv7-m\libc.a(lib_a-fflush.o)
 .data          0x10000034        0x0 d:/nxp/lpcxpresso_8.2.2_650/lpcxpresso/tools/bin/../lib/gcc/arm-none-eabi/5.4.1/../../../../arm-none-eabi/lib/armv7-m\libc.a(lib_a-findfp.o)
 .data          0x10000034        0x0 d:/nxp/lpcxpresso_8.2.2_650/lpcxpresso/tools/bin/../lib/gcc/arm-none-eabi/5.4.1/../../../../arm-none-eabi/lib/armv7-m\libc.a(lib_a-freer.o)
 .data          0x10000034        0x0 d:/nxp/lpcxpresso_8.2.2_650/lpcxpresso/tools/bin/../lib/gcc/arm-none-eabi/5.4.1/../../../../arm-none-eabi/lib/armv7-m\libc.a(lib_a-fwalk.o)
 .data          0x10000034        0x0 d:/nxp/lpcxpresso_8.2.2_650/lpcxpresso/tools/bin/../lib/gcc/arm-none-eabi/5.4.1/../../../../arm-none-eabi/lib/armv7-m\libc.a(lib_a-impure.o)
 *fill*         0x10000034        0x4 ff
 .data.impure_data
                0x10000038      0x428 d:/nxp/lpcxpresso_8.2.2_650/lpcxpresso/tools/bin/../lib/gcc/arm-none-eabi/5.4.1/../../../../arm-none-eabi/lib/armv7-m\libc.a(lib_a-impure.o)
 .data._impure_ptr
                0x10000460        0x4 d:/nxp/lpcxpresso_8.2.2_650/lpcxpresso/tools/bin/../lib/gcc/arm-none-eabi/5.4.1/../../../../arm-none-eabi/lib/armv7-m\libc.a(lib_a-impure.o)
                0x10000460                _impure_ptr
 .data          0x10000464        0x0 d:/nxp/lpcxpresso_8.2.2_650/lpcxpresso/tools/bin/../lib/gcc/arm-none-eabi/5.4.1/../../../../arm-none-eabi/lib/armv7-m\libc.a(lib_a-locale.o)
 .data.lc_message_charset
                0x10000464       0x20 d:/nxp/lpcxpresso_8.2.2_650/lpcxpresso/tools/bin/../lib/gcc/arm-none-eabi/5.4.1/../../../../arm-none-eabi/lib/armv7-m\libc.a(lib_a-locale.o)
 .data.lconv    0x10000484       0x38 d:/nxp/lpcxpresso_8.2.2_650/lpcxpresso/tools/bin/../lib/gcc/arm-none-eabi/5.4.1/../../../../arm-none-eabi/lib/armv7-m\libc.a(lib_a-locale.o)
 .data.lc_ctype_charset
                0x100004bc       0x20 d:/nxp/lpcxpresso_8.2.2_650/lpcxpresso/tools/bin/../lib/gcc/arm-none-eabi/5.4.1/../../../../arm-none-eabi/lib/armv7-m\libc.a(lib_a-locale.o)
 .data.__mb_cur_max
                0x100004dc        0x4 d:/nxp/lpcxpresso_8.2.2_650/lpcxpresso/tools/bin/../lib/gcc/arm-none-eabi/5.4.1/../../../../arm-none-eabi/lib/armv7-m\libc.a(lib_a-locale.o)
                0x100004dc                __mb_cur_max
 .data          0x100004e0        0x0 d:/nxp/lpcxpresso_8.2.2_650/lpcxpresso/tools/bin/../lib/gcc/arm-none-eabi/5.4.1/../../../../arm-none-eabi/lib/armv7-m\libc.a(lib_a-makebuf.o)
 .data          0x100004e0        0x0 d:/nxp/lpcxpresso_8.2.2_650/lpcxpresso/tools/bin/../lib/gcc/arm-none-eabi/5.4.1/../../../../arm-none-eabi/lib/armv7-m\libc.a(lib_a-mallocr.o)
 .data.__malloc_av_
                0x100004e0      0x408 d:/nxp/lpcxpresso_8.2.2_650/lpcxpresso/tools/bin/../lib/gcc/arm-none-eabi/5.4.1/../../../../arm-none-eabi/lib/armv7-m\libc.a(lib_a-mallocr.o)
                0x100004e0                __malloc_av_
 .data.__malloc_trim_threshold
                0x100008e8        0x4 d:/nxp/lpcxpresso_8.2.2_650/lpcxpresso/tools/bin/../lib/gcc/arm-none-eabi/5.4.1/../../../../arm-none-eabi/lib/armv7-m\libc.a(lib_a-mallocr.o)
                0x100008e8                __malloc_trim_threshold
 .data.__malloc_sbrk_base
                0x100008ec        0x4 d:/nxp/lpcxpresso_8.2.2_650/lpcxpresso/tools/bin/../lib/gcc/arm-none-eabi/5.4.1/../../../../arm-none-eabi/lib/armv7-m\libc.a(lib_a-mallocr.o)
                0x100008ec                __malloc_sbrk_base
 .data          0x100008f0        0x0 d:/nxp/lpcxpresso_8.2.2_650/lpcxpresso/tools/bin/../lib/gcc/arm-none-eabi/5.4.1/../../../../arm-none-eabi/lib/armv7-m\libc.a(lib_a-memchr-stub.o)
 .data          0x100008f0        0x0 d:/nxp/lpcxpresso_8.2.2_650/lpcxpresso/tools/bin/../lib/gcc/arm-none-eabi/5.4.1/../../../../arm-none-eabi/lib/armv7-m\libc.a(lib_a-mlock.o)
 .data          0x100008f0        0x0 d:/nxp/lpcxpresso_8.2.2_650/lpcxpresso/tools/bin/../lib/gcc/arm-none-eabi/5.4.1/../../../../arm-none-eabi/lib/armv7-m\libc.a(lib_a-mprec.o)
 .data          0x100008f0        0x0 d:/nxp/lpcxpresso_8.2.2_650/lpcxpresso/tools/bin/../lib/gcc/arm-none-eabi/5.4.1/../../../../arm-none-eabi/lib/armv7-m\libc.a(lib_a-sbrkr.o)
 .data          0x100008f0        0x0 d:/nxp/lpcxpresso_8.2.2_650/lpcxpresso/tools/bin/../lib/gcc/arm-none-eabi/5.4.1/../../../../arm-none-eabi/lib/armv7-m\libc.a(lib_a-stdio.o)
 .data          0x100008f0        0x0 d:/nxp/lpcxpresso_8.2.2_650/lpcxpresso/tools/bin/../lib/gcc/arm-none-eabi/5.4.1/../../../../arm-none-eabi/lib/armv7-m\libc.a(lib_a-strcmp.o)
 .data          0x100008f0        0x0 d:/nxp/lpcxpresso_8.2.2_650/lpcxpresso/tools/bin/../lib/gcc/arm-none-eabi/5.4.1/../../../../arm-none-eabi/lib/armv7-m\libc.a(lib_a-strlen-stub.o)
 .data          0x100008f0        0x0 d:/nxp/lpcxpresso_8.2.2_650/lpcxpresso/tools/bin/../lib/gcc/arm-none-eabi/5.4.1/../../../../arm-none-eabi/lib/armv7-m\libc.a(lib_a-svfiprintf.o)
 .data          0x100008f0        0x0 d:/nxp/lpcxpresso_8.2.2_650/lpcxpresso/tools/bin/../lib/gcc/arm-none-eabi/5.4.1/../../../../arm-none-eabi/lib/armv7-m\libc.a(lib_a-vfiprintf.o)
 .data          0x100008f0        0x0 d:/nxp/lpcxpresso_8.2.2_650/lpcxpresso/tools/bin/../lib/gcc/arm-none-eabi/5.4.1/../../../../arm-none-eabi/lib/armv7-m\libc.a(lib_a-writer.o)
 .data          0x100008f0        0x0 d:/nxp/lpcxpresso_8.2.2_650/lpcxpresso/tools/bin/../lib/gcc/arm-none-eabi/5.4.1/../../../../arm-none-eabi/lib/armv7-m\libc.a(lib_a-callocr.o)
 .data          0x100008f0        0x0 d:/nxp/lpcxpresso_8.2.2_650/lpcxpresso/tools/bin/../lib/gcc/arm-none-eabi/5.4.1/../../../../arm-none-eabi/lib/armv7-m\libc.a(lib_a-closer.o)
 .data          0x100008f0        0x0 d:/nxp/lpcxpresso_8.2.2_650/lpcxpresso/tools/bin/../lib/gcc/arm-none-eabi/5.4.1/../../../../arm-none-eabi/lib/armv7-m\libc.a(lib_a-fclose.o)
 .data          0x100008f0        0x0 d:/nxp/lpcxpresso_8.2.2_650/lpcxpresso/tools/bin/../lib/gcc/arm-none-eabi/5.4.1/../../../../arm-none-eabi/lib/armv7-m\libc.a(lib_a-fputwc.o)
 .data          0x100008f0        0x0 d:/nxp/lpcxpresso_8.2.2_650/lpcxpresso/tools/bin/../lib/gcc/arm-none-eabi/5.4.1/../../../../arm-none-eabi/lib/armv7-m\libc.a(lib_a-fstatr.o)