Archive member included to satisfy reference by file (symbol)

../Libraries\libCMSISv2_LPC17xx.a(system_LPC17xx.o)
                              ./src/drivers/uart/uart.o (SystemFrequency)
d:/nxp/lpcxpresso_8.2.2_650/lpcxpresso/tools/bin/../lib/gcc/arm-none-eabi/5.4.1/armv7-m\libgcc.a(_arm_addsubdf3.o)
                              ./src/pi7/comunicacao_pic/comunicacao_pic.o (__aeabi_f2d)
d:/nxp/lpcxpresso_8.2.2_650/lpcxpresso/tools/bin/../lib/gcc/arm-none-eabi/5.4.1/armv7-m\libgcc.a(_arm_addsubsf3.o)
                              ./src/pi7/controlador_trajetoria/controlador_trajetoria.o (__aeabi_fadd)
d:/nxp/lpcxpresso_8.2.2_650/lpcxpresso/tools/bin/../lib/gcc/arm-none-eabi/5.4.1/armv7-m\libgcc.a(_arm_fixsfsi.o)
                              ./src/pi7/interpretador_comando/interpretador_comando.o (__aeabi_f2iz)
d:/nxp/lpcxpresso_8.2.2_650/lpcxpresso/tools/bin/../lib/gcc/arm-none-eabi/5.4.1/../../../../arm-none-eabi/lib/armv7-m\libc.a(lib_a-memcpy.o)
                              ./src/drivers/console/alloc.o (memcpy)
d:/nxp/lpcxpresso_8.2.2_650/lpcxpresso/tools/bin/../lib/gcc/arm-none-eabi/5.4.1/../../../../arm-none-eabi/lib/armv7-m\libc.a(lib_a-memset.o)
                              ./FreeRTOS_src/tasks.o (memset)
d:/nxp/lpcxpresso_8.2.2_650/lpcxpresso/tools/bin/../lib/gcc/arm-none-eabi/5.4.1/../../../../arm-none-eabi/lib/armv7-m\libc.a(lib_a-printf.o)
                              ./src/pi7/interpretador_comando/interpretador_comando.o (printf)
d:/nxp/lpcxpresso_8.2.2_650/lpcxpresso/tools/bin/../lib/gcc/arm-none-eabi/5.4.1/../../../../arm-none-eabi/lib/armv7-m\libc.a(lib_a-sprintf.o)
                              ./src/drivers/console/basic_io.o (sprintf)
d:/nxp/lpcxpresso_8.2.2_650/lpcxpresso/tools/bin/../lib/gcc/arm-none-eabi/5.4.1/../../../../arm-none-eabi/lib/armv7-m\libc.a(lib_a-strcat.o)
                              ./FreeRTOS_src/tasks.o (strcat)
d:/nxp/lpcxpresso_8.2.2_650/lpcxpresso/tools/bin/../lib/gcc/arm-none-eabi/5.4.1/../../../../arm-none-eabi/lib/armv7-m\libc.a(lib_a-strcpy.o)
                              d:/nxp/lpcxpresso_8.2.2_650/lpcxpresso/tools/bin/../lib/gcc/arm-none-eabi/5.4.1/../../../../arm-none-eabi/lib/armv7-m\libc.a(lib_a-strcat.o) (strcpy)
d:/nxp/lpcxpresso_8.2.2_650/lpcxpresso/tools/bin/../lib/gcc/arm-none-eabi/5.4.1/../../../../arm-none-eabi/lib/armv7-m\libc.a(lib_a-strlen-stub.o)
                              ./src/drivers/console/consoleprint.o (strlen)
d:/nxp/lpcxpresso_8.2.2_650/lpcxpresso/tools/bin/../lib/gcc/arm-none-eabi/5.4.1/../../../../arm-none-eabi/lib/armv7-m\libc.a(lib_a-strncpy.o)
                              ./FreeRTOS_src/tasks.o (strncpy)
d:/nxp/lpcxpresso_8.2.2_650/lpcxpresso/tools/bin/../lib/gcc/arm-none-eabi/5.4.1/../../../../arm-none-eabi/lib/armv7-m\libc.a(lib_a-svfprintf.o)
                              d:/nxp/lpcxpresso_8.2.2_650/lpcxpresso/tools/bin/../lib/gcc/arm-none-eabi/5.4.1/../../../../arm-none-eabi/lib/armv7-m\libc.a(lib_a-sprintf.o) (_svfprintf_r)
d:/nxp/lpcxpresso_8.2.2_650/lpcxpresso/tools/bin/../lib/gcc/arm-none-eabi/5.4.1/../../../../arm-none-eabi/lib/armv7-m\libc.a(lib_a-vfprintf.o)
                              d:/nxp/lpcxpresso_8.2.2_650/lpcxpresso/tools/bin/../lib/gcc/arm-none-eabi/5.4.1/../../../../arm-none-eabi/lib/armv7-m\libc.a(lib_a-printf.o) (_vfprintf_r)
d:/nxp/lpcxpresso_8.2.2_650/lpcxpresso/tools/bin/../lib/gcc/arm-none-eabi/5.4.1/../../../../arm-none-eabi/lib/armv7-m\libc.a(lib_a-wsetup.o)
                              d:/nxp/lpcxpresso_8.2.2_650/lpcxpresso/tools/bin/../lib/gcc/arm-none-eabi/5.4.1/../../../../arm-none-eabi/lib/armv7-m\libc.a(lib_a-vfprintf.o) (__swsetup_r)
d:/nxp/lpcxpresso_8.2.2_650/lpcxpresso/tools/bin/../lib/gcc/arm-none-eabi/5.4.1/../../../../arm-none-eabi/lib/armv7-m\libc.a(lib_a-dtoa.o)
                              d:/nxp/lpcxpresso_8.2.2_650/lpcxpresso/tools/bin/../lib/gcc/arm-none-eabi/5.4.1/../../../../arm-none-eabi/lib/armv7-m\libc.a(lib_a-svfprintf.o) (_dtoa_r)
d:/nxp/lpcxpresso_8.2.2_650/lpcxpresso/tools/bin/../lib/gcc/arm-none-eabi/5.4.1/../../../../arm-none-eabi/lib/armv7-m\libc.a(lib_a-fflush.o)
                              d:/nxp/lpcxpresso_8.2.2_650/lpcxpresso/tools/bin/../lib/gcc/arm-none-eabi/5.4.1/../../../../arm-none-eabi/lib/armv7-m\libc.a(lib_a-vfprintf.o) (_fflush_r)
d:/nxp/lpcxpresso_8.2.2_650/lpcxpresso/tools/bin/../lib/gcc/arm-none-eabi/5.4.1/../../../../arm-none-eabi/lib/armv7-m\libc.a(lib_a-findfp.o)
                              d:/nxp/lpcxpresso_8.2.2_650/lpcxpresso/tools/bin/../lib/gcc/arm-none-eabi/5.4.1/../../../../arm-none-eabi/lib/armv7-m\libc.a(lib_a-vfprintf.o) (__sinit)
d:/nxp/lpcxpresso_8.2.2_650/lpcxpresso/tools/bin/../lib/gcc/arm-none-eabi/5.4.1/../../../../arm-none-eabi/lib/armv7-m\libc.a(lib_a-fwalk.o)
                              d:/nxp/lpcxpresso_8.2.2_650/lpcxpresso/tools/bin/../lib/gcc/arm-none-eabi/5.4.1/../../../../arm-none-eabi/lib/armv7-m\libc.a(lib_a-findfp.o) (_fwalk)
[...]
Memory Configuration

Name             Origin             Length             Attributes
MFlash512        0x00000000         0x00080000         xr
RamLoc32         0x10000000         0x00008000         xrw
RamAHB32         0x2007c000         0x00008000         xrw
*default*        0x00000000         0xffffffff

Linker script and memory map

LOAD ./src/pi7/programa_trajetoria/programa_trajetoria.o
LOAD ./src/pi7/interpretador_comando/interpretador_comando.o
LOAD ./src/pi7/estado_trajetoria/estado_trajetoria.o
LOAD ./src/pi7/controlador_trajetoria/controlador_trajetoria.o
LOAD ./src/pi7/comunicacao_pic/comunicacao_pic.o
LOAD ./src/pi7/comunicacao_pc/modbus.o
LOAD ./src/drivers/uart/uart.o
LOAD ./src/drivers/spi/spi.o
LOAD ./src/drivers/pwm/pwm.o
LOAD ./src/drivers/ledonboard/leds.o
LOAD ./src/drivers/console/alloc.o
LOAD ./src/drivers/console/basic_io.o
LOAD ./src/drivers/console/consoleprint.o
LOAD ./src/cr_startup_lpc17.o
LOAD ./src/main.o
LOAD ./FreeRTOS_src/croutine.o
LOAD ./FreeRTOS_src/list.o
LOAD ./FreeRTOS_src/queue.o
LOAD ./FreeRTOS_src/tasks.o
LOAD ./FreeRTOS_src/timers.o
LOAD ./FreeRTOS_portable/MemMang/heap_2.o
LOAD ./FreeRTOS_portable/port.o
LOAD ../Libraries\libCMSISv2_LPC17xx.a
START GROUP
LOAD d:/nxp/lpcxpresso_8.2.2_650/lpcxpresso/tools/bin/../lib/gcc/arm-none-eabi/5.4.1/armv7-m\libgcc.a
LOAD d:/nxp/lpcxpresso_8.2.2_650/lpcxpresso/tools/bin/../lib/gcc/arm-none-eabi/5.4.1/../../../../arm-none-eabi/lib/armv7-m\libc.a
LOAD d:/nxp/lpcxpresso_8.2.2_650/lpcxpresso/tools/bin/../lib/gcc/arm-none-eabi/5.4.1/../../../../arm-none-eabi/lib/armv7-m\libm.a
LOAD d:/nxp/lpcxpresso_8.2.2_650/lpcxpresso/tools/bin/../lib/gcc/arm-none-eabi/5.4.1/../../../../arm-none-eabi/lib/armv7-m\libcr_newlib_semihost.a
END GROUP
                0x00000000                __base_MFlash512 = 0x0
                0x00000000                __base_Flash = 0x0
                0x00080000                __top_MFlash512 = 0x80000
                0x00080000                __top_Flash = 0x80000
                0x10000000                __base_RamLoc32 = 0x10000000
                0x10000000                __base_RAM = 0x10000000
                0x10008000                __top_RamLoc32 = 0x10008000
                0x10008000                __top_RAM = 0x10008000
                0x2007c000                __base_RamAHB32 = 0x2007c000
                0x2007c000                __base_RAM2 = 0x2007c000
                0x20084000                __top_RamAHB32 = 0x20084000
                0x20084000                __top_RAM2 = 0x20084000

.text           0x00000000     0xbd60
 FILL mask 0xff
                0x00000000                __vectors_start__ = ABSOLUTE (.)
 *(.isr_vector)
 .isr_vector    0x00000000       0xcc ./src/cr_startup_lpc17.o
                0x00000000                g_pfnVectors
                0x000000cc                . = ALIGN (0x4)
                0x000000cc                __section_table_start = .
                0x000000cc                __data_section_table = .
                0x000000cc        0x4 LONG 0xbd68 LOADADDR (.data)
                0x000000d0        0x4 LONG 0x10000000 ADDR (.data)
                0x000000d4        0x4 LONG 0x4ec SIZEOF (.data)
                0x000000d8        0x4 LONG 0xbd68 LOADADDR (.data_RAM2)
                0x000000dc        0x4 LONG 0x2007c000 ADDR (.data_RAM2)
                0x000000e0        0x4 LONG 0x0 SIZEOF (.data_RAM2)
                0x000000e4                __data_section_table_end = .
                0x000000e4                __bss_section_table = .
                0x000000e4        0x4 LONG 0x100004f0 ADDR (.bss)
                0x000000e8        0x4 LONG 0x5c10 SIZEOF (.bss)
                0x000000ec        0x4 LONG 0x2007c000 ADDR (.bss_RAM2)
                0x000000f0        0x4 LONG 0x0 SIZEOF (.bss_RAM2)
                0x000000f4                __bss_section_table_end = .
                0x000000f4                __section_table_end = .
 *(.after_vectors*)
 *(.text*)
 .text          0x000000f4        0x0 ./src/pi7/programa_trajetoria/programa_trajetoria.o
 .text.ptj_storeProgram
                0x000000f4       0x2c ./src/pi7/programa_trajetoria/programa_trajetoria.o
                0x000000f4                ptj_storeProgram
 .text.ptj_getLine
                0x00000120       0x1c ./src/pi7/programa_trajetoria/programa_trajetoria.o
                0x00000120                ptj_getLine
 .text.ptj_init
                0x0000013c       0x1c ./src/pi7/programa_trajetoria/programa_trajetoria.o
                0x0000013c                ptj_init
 .text.ptj_startFile
                0x00000158       0x12 ./src/pi7/programa_trajetoria/programa_trajetoria.o
                0x00000158                ptj_startFile
 .text          0x0000016a        0x0 ./src/pi7/interpretador_comando/interpretador_comando.o
 *fill*         0x0000016a        0x2 ff
 .text.setAUX   0x0000016c        0xc ./src/pi7/interpretador_comando/interpretador_comando.o
                0x0000016c                setAUX
 .text.getAUX   0x00000178        0xc ./src/pi7/interpretador_comando/interpretador_comando.o
                0x00000178                getAUX
 .text.ctl_ReadRegister
                0x00000184       0x44 ./src/pi7/interpretador_comando/interpretador_comando.o
                0x00000184                ctl_ReadRegister
 .text.ctl_WriteRegister
                0x000001c8       0xcc ./src/pi7/interpretador_comando/interpretador_comando.o
                0x000001c8                ctl_WriteRegister
 .text.ctl_WriteProgram
                0x00000294        0x4 ./src/pi7/interpretador_comando/interpretador_comando.o
                0x00000294                ctl_WriteProgram
 .text.ctl_init
                0x00000298        0x2 ./src/pi7/interpretador_comando/interpretador_comando.o
                0x00000298                ctl_init
 .text          0x0000029a        0x0 ./src/pi7/estado_trajetoria/estado_trajetoria.o
 *fill*         0x0000029a        0x2 ff
 .text.stt_getCurrentLine
                0x0000029c        0xc ./src/pi7/estado_trajetoria/estado_trajetoria.o
                0x0000029c                stt_getCurrentLine
 .text.stt_setCurrentLine
                0x000002a8        0xc ./src/pi7/estado_trajetoria/estado_trajetoria.o
                0x000002a8                stt_setCurrentLine
 .text.stt_getX
                0x000002b4        0xc ./src/pi7/estado_trajetoria/estado_trajetoria.o
                0x000002b4                stt_getX
 .text.stt_getY
                0x000002c0        0xc ./src/pi7/estado_trajetoria/estado_trajetoria.o
                0x000002c0                stt_getY
 .text.stt_getZ
                0x000002cc        0xc ./src/pi7/estado_trajetoria/estado_trajetoria.o
                0x000002cc                stt_getZ
 .text.stt_setX
                0x000002d8        0xc ./src/pi7/estado_trajetoria/estado_trajetoria.o
                0x000002d8                stt_setX
 .text.stt_setY
                0x000002e4        0xc ./src/pi7/estado_trajetoria/estado_trajetoria.o
                0x000002e4                stt_setY
 .text.stt_setZ
                0x000002f0        0xc ./src/pi7/estado_trajetoria/estado_trajetoria.o
                0x000002f0                stt_setZ
 .text.stt_init
                0x000002fc        0x2 ./src/pi7/estado_trajetoria/estado_trajetoria.o
                0x000002fc                stt_init
 .text          0x000002fe        0x0 ./src/pi7/controlador_trajetoria/controlador_trajetoria.o
 *fill*         0x000002fe        0x2 ff
 .text.trj_generateSetpoint
                0x00000300       0x54 ./src/pi7/controlador_trajetoria/controlador_trajetoria.o
                0x00000300                trj_generateSetpoint
 .text.trj_processCommand
                0x00000354       0xb0 ./src/pi7/controlador_trajetoria/controlador_trajetoria.o
                0x00000354                trj_processCommand
 .text.trj_init
                0x00000404        0xc ./src/pi7/controlador_trajetoria/controlador_trajetoria.o
                0x00000404                trj_init
 .text          0x00000410        0x0 ./src/pi7/comunicacao_pic/comunicacao_pic.o
 .text.pic_init
                0x00000410       0x54 ./src/pi7/comunicacao_pic/comunicacao_pic.o
                0x00000410                pic_init
 .text.pic_StopMotors
                0x00000464       0x14 ./src/pi7/comunicacao_pic/comunicacao_pic.o
                0x00000464                pic_StopMotors
 .text.pic_ResetMotors
                0x00000478       0x20 ./src/pi7/comunicacao_pic/comunicacao_pic.o
                0x00000478                pic_ResetMotors
 .text.sendSteps
                0x00000498       0x5c ./src/pi7/comunicacao_pic/comunicacao_pic.o
                0x00000498                sendSteps
 .text.pic_sendToPIC
                0x000004f4       0x58 ./src/pi7/comunicacao_pic/comunicacao_pic.o
                0x000004f4                pic_sendToPIC
 .text          0x0000054c        0x0 ./src/pi7/comunicacao_pc/modbus.o
 .text.decode   0x0000054c       0x20 ./src/pi7/comunicacao_pc/modbus.o
                0x0000054c                decode
 .text.encodeLow
                0x0000056c        0xe ./src/pi7/comunicacao_pc/modbus.o
                0x0000056c                encodeLow
 .text.encodeHigh
                0x0000057a        0xc ./src/pi7/comunicacao_pc/modbus.o
                0x0000057a                encodeHigh
 *fill*         0x00000586        0x2 ff
 .text.putCharToSerial
                0x00000588       0x30 ./src/pi7/comunicacao_pc/modbus.o
                0x00000588                putCharToSerial
 .text.getCharFromSerial
                0x000005b8       0x34 ./src/pi7/comunicacao_pc/modbus.o
                0x000005b8                getCharFromSerial
 .text.myLRC    0x000005ec       0x1c ./src/pi7/comunicacao_pc/modbus.o
                0x000005ec                myLRC
 .text.calculateLRC
                0x00000608        0x4 ./src/pi7/comunicacao_pc/modbus.o
                0x00000608                calculateLRC
 .text.checkLRC
                0x0000060c       0x50 ./src/pi7/comunicacao_pc/modbus.o
                0x0000060c                checkLRC
 .text.processReadRegister
                0x0000065c       0x78 ./src/pi7/comunicacao_pc/modbus.o
                0x0000065c                processReadRegister
 .text.processWriteRegister
                0x000006d4       0x98 ./src/pi7/comunicacao_pc/modbus.o
                0x000006d4                processWriteRegister
 .text.processWriteFile
                0x0000076c       0x8c ./src/pi7/comunicacao_pc/modbus.o
                0x0000076c                processWriteFile
 .text.decodeFunctionCode
                0x000007f8       0x14 ./src/pi7/comunicacao_pc/modbus.o
                0x000007f8                decodeFunctionCode
 .text.processMessage
                0x0000080c       0x34 ./src/pi7/comunicacao_pc/modbus.o
                0x0000080c                processMessage
 .text.receiveMessage
                0x00000840       0x70 ./src/pi7/comunicacao_pc/modbus.o
                0x00000840                receiveMessage
 .text.com_init
                0x000008b0       0x1c ./src/pi7/comunicacao_pc/modbus.o
                0x000008b0                com_init
 .text.com_executeCommunication
                0x000008cc       0x1c ./src/pi7/comunicacao_pc/modbus.o
                0x000008cc                com_executeCommunication
 .text          0x000008e8        0x0 ./src/drivers/uart/uart.o
 .text.UARTGetChar
                0x000008e8       0x3c ./src/drivers/uart/uart.o
                0x000008e8                UARTGetChar
 .text.UART0_IRQHandler
                0x00000924       0xb8 ./src/drivers/uart/uart.o
                0x00000924                UART0_IRQHandler
 .text.UART1_IRQHandler
                0x000009dc       0xb8 ./src/drivers/uart/uart.o
                0x000009dc                UART1_IRQHandler
 .text.UARTInit
                0x00000a94      0x104 ./src/drivers/uart/uart.o
                0x00000a94                UARTInit
 .text.UARTSend
                0x00000b98       0x50 ./src/drivers/uart/uart.o
                0x00000b98                UARTSend
 .text.UARTSendNullTerminated
                0x00000be8       0x50 ./src/drivers/uart/uart.o
                0x00000be8                UARTSendNullTerminated
 .text          0x00000c38        0x0 ./src/drivers/spi/spi.o
 .text.spi_init
                0x00000c38       0xa4 ./src/drivers/spi/spi.o
                0x00000c38                spi_init
 .text.spi_txrx
                0x00000cdc       0x40 ./src/drivers/spi/spi.o
                0x00000cdc                spi_txrx
 .text.spi_select
                0x00000d1c       0x30 ./src/drivers/spi/spi.o
                0x00000d1c                spi_select
 .text.spi_txrx2
                0x00000d4c       0x2c ./src/drivers/spi/spi.o
                0x00000d4c                spi_txrx2
 .text          0x00000d78        0x0 ./src/drivers/pwm/pwm.o
 .text.PWM1_IRQHandler
                0x00000d78       0x20 ./src/drivers/pwm/pwm.o
                0x00000d78                PWM1_IRQHandler
 .text.PWM_Init
                0x00000d98       0x70 ./src/drivers/pwm/pwm.o
                0x00000d98                PWM_Init
 .text.PWM_Set  0x00000e08       0x1c ./src/drivers/pwm/pwm.o
                0x00000e08                PWM_Set
 .text.PWM_Start
                0x00000e24       0x18 ./src/drivers/pwm/pwm.o
                0x00000e24                PWM_Start
 .text.PWM_Stop
                0x00000e3c       0x14 ./src/drivers/pwm/pwm.o
                0x00000e3c                PWM_Stop
 .text          0x00000e50        0x0 ./src/drivers/ledonboard/leds.o
 .text.led2_init
                0x00000e50       0x20 ./src/drivers/ledonboard/leds.o
                0x00000e50                led2_init
 .text.led2_on  0x00000e70       0x10 ./src/drivers/ledonboard/leds.o
                0x00000e70                led2_on
 .text.led2_off
                0x00000e80       0x10 ./src/drivers/ledonboard/leds.o
                0x00000e80                led2_off
 .text.led2_invert
                0x00000e90       0x18 ./src/drivers/ledonboard/leds.o
                0x00000e90                led2_invert
 .text.led2_from_button
                0x00000ea8       0x1c ./src/drivers/ledonboard/leds.o
                0x00000ea8                led2_from_button
 .text          0x00000ec4        0x0 ./src/drivers/console/alloc.o
 .text._realloc_r
                0x00000ec4       0x2a ./src/drivers/console/alloc.o
                0x00000ec4                _realloc_r
 .text._calloc_r
                0x00000eee        0x8 ./src/drivers/console/alloc.o
                0x00000eee                _calloc_r
 .text._malloc_r
                0x00000ef6        0x6 ./src/drivers/console/alloc.o
                0x00000ef6                _malloc_r
 .text._free_r  0x00000efc        0x6 ./src/drivers/console/alloc.o
                0x00000efc                _free_r
 .text          0x00000f02        0x0 ./src/drivers/console/basic_io.o
 *fill*         0x00000f02        0x2 ff
 .text.vPrintString
                0x00000f04       0x20 ./src/drivers/console/basic_io.o
                0x00000f04                vPrintString
 .text.vPrintStringAndNumber
                0x00000f24       0x30 ./src/drivers/console/basic_io.o
                0x00000f24                vPrintStringAndNumber
 .text          0x00000f54        0x0 ./src/drivers/console/consoleprint.o
 .text.consoleprint
                0x00000f54       0x16 ./src/drivers/console/consoleprint.o
                0x00000f54                consoleprint
 .text          0x00000f6a        0x0 ./src/cr_startup_lpc17.o
 .text.NMI_Handler
                0x00000f6a        0x2 ./src/cr_startup_lpc17.o
                0x00000f6a                NMI_Handler
 .text.HardFault_Handler
                0x00000f6c        0x2 ./src/cr_startup_lpc17.o
                0x00000f6c                HardFault_Handler
 .text.MemManage_Handler
                0x00000f6e        0x2 ./src/cr_startup_lpc17.o
                0x00000f6e                MemManage_Handler
 .text.BusFault_Handler
                0x00000f70        0x2 ./src/cr_startup_lpc17.o
                0x00000f70                BusFault_Handler
 .text.UsageFault_Handler
                0x00000f72        0x2 ./src/cr_startup_lpc17.o
                0x00000f72                UsageFault_Handler
 .text.DebugMon_Handler
                0x00000f74        0x2 ./src/cr_startup_lpc17.o
                0x00000f74                DebugMon_Handler
 .text.IntDefaultHandler
                0x00000f76        0x2 ./src/cr_startup_lpc17.o
                0x00000f76                TIMER2_IRQHandler
                0x00000f76                RIT_IRQHandler
                0x00000f76                I2C0_IRQHandler
                0x00000f76                USBActivity_IRQHandler
                0x00000f76                I2C1_IRQHandler
                0x00000f76                EINT2_IRQHandler
                0x00000f76                EINT3_IRQHandler
                0x00000f76                CANActivity_IRQHandler
                0x00000f76                TIMER3_IRQHandler
                0x00000f76                IntDefaultHandler
                0x00000f76                PLL0_IRQHandler
                0x00000f76                CAN_IRQHandler
                0x00000f76                PLL1_IRQHandler
                0x00000f76                SSP0_IRQHandler
                0x00000f76                I2S_IRQHandler
                0x00000f76                I2C2_IRQHandler
                0x00000f76                RTC_IRQHandler
                0x00000f76                TIMER0_IRQHandler
                0x00000f76                SPI_IRQHandler
                0x00000f76                EINT1_IRQHandler
                0x00000f76                TIMER1_IRQHandler
                0x00000f76                UART2_IRQHandler
                0x00000f76                ADC_IRQHandler
                0x00000f76                SSP1_IRQHandler
                0x00000f76                USB_IRQHandler
                0x00000f76                BOD_IRQHandler
                0x00000f76                WDT_IRQHandler
                0x00000f76                QEI_IRQHandler
                0x00000f76                EINT0_IRQHandler
                0x00000f76                DMA_IRQHandler
                0x00000f76                UART3_IRQHandler
                0x00000f76                MCPWM_IRQHandler
                0x00000f76                ENET_IRQHandler
 .text.ResetISR
                0x00000f78       0x48 ./src/cr_startup_lpc17.o
                0x00000f78                ResetISR
 .text          0x00000fc0        0x0 ./src/main.o
 .text.taskController
                0x00000fc0        0x8 ./src/main.o
                0x00000fc0                taskController
 .text.taskBlinkLed
                0x00000fc8       0x28 ./src/main.o
                0x00000fc8                taskBlinkLed
 .text.__error__
                0x00000ff0        0x2 ./src/main.o
                0x00000ff0                __error__
 *fill*         0x00000ff2        0x2 ff
 .text.taskNCProcessing
                0x00000ff4       0x44 ./src/main.o
                0x00000ff4                taskNCProcessing
 .text.taskCommPIC
                0x00001038       0x1c ./src/main.o
                0x00001038                taskCommPIC
 .text.readEndStops
                0x00001054       0x18 ./src/main.o
                0x00001054                readEndStops
 .text.taskEmergencyController
                0x0000106c       0x14 ./src/main.o
                0x0000106c                taskEmergencyController
 .text.startup.main
                0x00001080       0xc0 ./src/main.o
                0x00001080                main
 .text          0x00001140        0x0 ./FreeRTOS_src/croutine.o
 .text.xCoRoutineCreate
                0x00001140       0xc4 ./FreeRTOS_src/croutine.o
                0x00001140                xCoRoutineCreate
 .text.vCoRoutineAddToDelayedList
                0x00001204       0x4c ./FreeRTOS_src/croutine.o
                0x00001204                vCoRoutineAddToDelayedList
 .text.vCoRoutineSchedule
                0x00001250      0x164 ./FreeRTOS_src/croutine.o
                0x00001250                vCoRoutineSchedule
 .text.xCoRoutineRemoveFromEventList
                0x000013b4       0x34 ./FreeRTOS_src/croutine.o
                0x000013b4                xCoRoutineRemoveFromEventList
 .text          0x000013e8        0x0 ./FreeRTOS_src/list.o
 .text.vListInitialise
                0x000013e8       0x16 ./FreeRTOS_src/list.o
                0x000013e8                vListInitialise
 .text.vListInitialiseItem
                0x000013fe        0x6 ./FreeRTOS_src/list.o
                0x000013fe                vListInitialiseItem
 .text.vListInsertEnd
                0x00001404       0x1a ./FreeRTOS_src/list.o
                0x00001404                vListInsertEnd
 .text.vListInsert
                0x0000141e       0x30 ./FreeRTOS_src/list.o
                0x0000141e                vListInsert
 .text.vListRemove
                0x0000144e       0x20 ./FreeRTOS_src/list.o
                0x0000144e                vListRemove
 .text          0x0000146e        0x0 ./FreeRTOS_src/queue.o
 .text.prvCopyDataToQueue
                0x0000146e       0x58 ./FreeRTOS_src/queue.o
 .text.prvCopyDataFromQueue
                0x000014c6       0x26 ./FreeRTOS_src/queue.o
 .text.prvUnlockQueue
                0x000014ec       0x68 ./FreeRTOS_src/queue.o
 .text.xQueueCreate
                0x00001554       0x68 ./FreeRTOS_src/queue.o
                0x00001554                xQueueCreate
 .text.xQueueGenericSend
                0x000015bc       0xd0 ./FreeRTOS_src/queue.o
                0x000015bc                xQueueGenericSend
 .text.xQueueCreateMutex
                0x0000168c       0x44 ./FreeRTOS_src/queue.o
                0x0000168c                xQueueCreateMutex
 .text.xQueueGiveMutexRecursive
                0x000016d0       0x2a ./FreeRTOS_src/queue.o
                0x000016d0                xQueueGiveMutexRecursive
 .text.xQueueGenericSendFromISR
                0x000016fa       0x4e ./FreeRTOS_src/queue.o
                0x000016fa                xQueueGenericSendFromISR
 .text.xQueueGenericReceive
                0x00001748      0x104 ./FreeRTOS_src/queue.o
                0x00001748                xQueueGenericReceive
 .text.xQueueTakeMutexRecursive
                0x0000184c       0x32 ./FreeRTOS_src/queue.o
                0x0000184c                xQueueTakeMutexRecursive
 .text.xQueueReceiveFromISR
                0x0000187e       0x4a ./FreeRTOS_src/queue.o
                0x0000187e                xQueueReceiveFromISR
 .text.uxQueueMessagesWaiting
                0x000018c8       0x12 ./FreeRTOS_src/queue.o
                0x000018c8                uxQueueMessagesWaiting
 .text.uxQueueMessagesWaitingFromISR
                0x000018da        0x4 ./FreeRTOS_src/queue.o
                0x000018da                uxQueueMessagesWaitingFromISR
 *fill*         0x000018de        0x2 ff
 .text.vQueueDelete
                0x000018e0       0x38 ./FreeRTOS_src/queue.o
                0x000018e0                vQueueDelete
 .text.xQueueIsQueueEmptyFromISR
                0x00001918        0xa ./FreeRTOS_src/queue.o
                0x00001918                xQueueIsQueueEmptyFromISR
 .text.xQueueIsQueueFullFromISR
                0x00001922        0xc ./FreeRTOS_src/queue.o
                0x00001922                xQueueIsQueueFullFromISR
 *fill*         0x0000192e        0x2 ff
 .text.vQueueAddToRegistry
                0x00001930       0x28 ./FreeRTOS_src/queue.o
                0x00001930                vQueueAddToRegistry
 .text          0x00001958        0x0 ./FreeRTOS_src/tasks.o
 .text.prvAddCurrentTaskToDelayedList
                0x00001958       0x50 ./FreeRTOS_src/tasks.o
 .text.prvListTaskWithinSingleList
                0x000019a8       0x78 ./FreeRTOS_src/tasks.o
 .text.xTaskGenericCreate
                0x00001a20      0x194 ./FreeRTOS_src/tasks.o
                0x00001a20                xTaskGenericCreate
 .text.vTaskDelete
                0x00001bb4       0x70 ./FreeRTOS_src/tasks.o
                0x00001bb4                vTaskDelete
 .text.uxTaskPriorityGet
                0x00001c24       0x1c ./FreeRTOS_src/tasks.o
                0x00001c24                uxTaskPriorityGet
 .text.vTaskPrioritySet
                0x00001c40       0x94 ./FreeRTOS_src/tasks.o
                0x00001c40                vTaskPrioritySet
 .text.xTaskIsTaskSuspended
                0x00001cd4       0x24 ./FreeRTOS_src/tasks.o
                0x00001cd4                xTaskIsTaskSuspended
 .text.vTaskResume
                0x00001cf8       0x64 ./FreeRTOS_src/tasks.o
                0x00001cf8                vTaskResume
 .text.xTaskResumeFromISR
                0x00001d5c       0x6c ./FreeRTOS_src/tasks.o
                0x00001d5c                xTaskResumeFromISR
 .text.vTaskStartScheduler
                0x00001dc8       0x4c ./FreeRTOS_src/tasks.o
                0x00001dc8                vTaskStartScheduler
 .text.vTaskEndScheduler
                0x00001e14       0x18 ./FreeRTOS_src/tasks.o
                0x00001e14                vTaskEndScheduler
 .text.vTaskSuspendAll
                0x00001e2c       0x10 ./FreeRTOS_src/tasks.o
                0x00001e2c                vTaskSuspendAll
 .text.xTaskGetTickCount
                0x00001e3c       0x18 ./FreeRTOS_src/tasks.o
                0x00001e3c                xTaskGetTickCount
 .text.xTaskGetTickCountFromISR
                0x00001e54       0x1c ./FreeRTOS_src/tasks.o
                0x00001e54                xTaskGetTickCountFromISR
 .text.uxTaskGetNumberOfTasks
                0x00001e70        0xc ./FreeRTOS_src/tasks.o
                0x00001e70                uxTaskGetNumberOfTasks
 .text.vTaskStartTrace
                0x00001e7c       0x38 ./FreeRTOS_src/tasks.o
                0x00001e7c                vTaskStartTrace
 .text.ulTaskEndTrace
                0x00001eb4       0x28 ./FreeRTOS_src/tasks.o
                0x00001eb4                ulTaskEndTrace
 .text.vTaskIncrementTick
                0x00001edc       0xe0 ./FreeRTOS_src/tasks.o
                0x00001edc                vTaskIncrementTick
 .text.xTaskResumeAll
                0x00001fbc       0xc8 ./FreeRTOS_src/tasks.o
                0x00001fbc                xTaskResumeAll
 .text.vTaskDelayUntil
                0x00002084       0x5c ./FreeRTOS_src/tasks.o
                0x00002084                vTaskDelayUntil
 .text.vTaskDelay
                0x000020e0       0x38 ./FreeRTOS_src/tasks.o
                0x000020e0                vTaskDelay
 .text.prvIdleTask
                0x00002118       0x60 ./FreeRTOS_src/tasks.o
 .text.vTaskList
                0x00002178       0xa8 ./FreeRTOS_src/tasks.o
                0x00002178                vTaskList
 .text.vTaskSwitchContext
                0x00002220       0xc4 ./FreeRTOS_src/tasks.o
                0x00002220                vTaskSwitchContext
 .text.vTaskSuspend
                0x000022e4       0x74 ./FreeRTOS_src/tasks.o
                0x000022e4                vTaskSuspend
 .text.vTaskPlaceOnEventList
                0x00002358       0x44 ./FreeRTOS_src/tasks.o
                0x00002358                vTaskPlaceOnEventList
 .text.xTaskRemoveFromEventList
                0x0000239c       0x64 ./FreeRTOS_src/tasks.o
                0x0000239c                xTaskRemoveFromEventList
 .text.vTaskSetTimeOutState
                0x00002400       0x18 ./FreeRTOS_src/tasks.o
                0x00002400                vTaskSetTimeOutState
 .text.xTaskCheckForTimeOut
                0x00002418       0x54 ./FreeRTOS_src/tasks.o
                0x00002418                xTaskCheckForTimeOut
 .text.vTaskMissedYield
                0x0000246c        0xc ./FreeRTOS_src/tasks.o
                0x0000246c                vTaskMissedYield
 .text.uxTaskGetStackHighWaterMark
                0x00002478       0x20 ./FreeRTOS_src/tasks.o
                0x00002478                uxTaskGetStackHighWaterMark
 .text.xTaskGetCurrentTaskHandle
                0x00002498        0xc ./FreeRTOS_src/tasks.o
                0x00002498                xTaskGetCurrentTaskHandle
 .text.vTaskPriorityInherit
                0x000024a4       0x68 ./FreeRTOS_src/tasks.o
                0x000024a4                vTaskPriorityInherit
 .text.vTaskPriorityDisinherit
                0x0000250c       0x48 ./FreeRTOS_src/tasks.o
                0x0000250c                vTaskPriorityDisinherit
 .text          0x00002554        0x0 ./FreeRTOS_src/timers.o
 .text          0x00002554        0x0 ./FreeRTOS_portable/MemMang/heap_2.o
 .text.pvPortMalloc
                0x00002554       0xb4 ./FreeRTOS_portable/MemMang/heap_2.o
                0x00002554                pvPortMalloc
 .text.vPortFree
                0x00002608       0x40 ./FreeRTOS_portable/MemMang/heap_2.o
                0x00002608                vPortFree
 .text.xPortGetFreeHeapSize
                0x00002648        0xc ./FreeRTOS_portable/MemMang/heap_2.o
                0x00002648                xPortGetFreeHeapSize
 .text.vPortInitialiseBlocks
                0x00002654        0x2 ./FreeRTOS_portable/MemMang/heap_2.o
                0x00002654                vPortInitialiseBlocks
 .text          0x00002656        0x0 ./FreeRTOS_portable/port.o
 .text.pxPortInitialiseStack
                0x00002656       0x16 ./FreeRTOS_portable/port.o
                0x00002656                pxPortInitialiseStack
 .text.vPortSVCHandler
                0x0000266c       0x20 ./FreeRTOS_portable/port.o
                0x0000266c                vPortSVCHandler
 .text.vPortStartFirstTask
                0x0000268c       0x14 ./FreeRTOS_portable/port.o
                0x0000268c                vPortStartFirstTask
 .text.xPortStartScheduler
                0x000026a0       0x40 ./FreeRTOS_portable/port.o
                0x000026a0                xPortStartScheduler
 .text.vPortEndScheduler
                0x000026e0        0x2 ./FreeRTOS_portable/port.o
                0x000026e0                vPortEndScheduler
 *fill*         0x000026e2        0x2 ff
 .text.vPortYieldFromISR
                0x000026e4       0x10 ./FreeRTOS_portable/port.o
                0x000026e4                vPortYieldFromISR
 .text.vPortEnterCritical
                0x000026f4       0x18 ./FreeRTOS_portable/port.o
                0x000026f4                vPortEnterCritical
 .text.vPortExitCritical
                0x0000270c       0x18 ./FreeRTOS_portable/port.o
                0x0000270c                vPortExitCritical
 .text.xPortPendSVHandler
                0x00002724       0x3c ./FreeRTOS_portable/port.o
                0x00002724                xPortPendSVHandler
 .text.xPortSysTickHandler
                0x00002760       0x24 ./FreeRTOS_portable/port.o
                0x00002760                xPortSysTickHandler
 .text          0x00002784        0x0 ../Libraries\libCMSISv2_LPC17xx.a(system_LPC17xx.o)
 .text.SystemInit
                0x00002784      0x1e4 ../Libraries\libCMSISv2_LPC17xx.a(system_LPC17xx.o)
                0x00002784                SystemInit
 .text.SystemClockUpdate
                0x00002968      0x224 ../Libraries\libCMSISv2_LPC17xx.a(system_LPC17xx.o)
                0x00002968                SystemClockUpdate
 .text          0x00002b8c      0x370 d:/nxp/lpcxpresso_8.2.2_650/lpcxpresso/tools/bin/../lib/gcc/arm-none-eabi/5.4.1/armv7-m\libgcc.a(_arm_addsubdf3.o)
                0x00002b8c                __aeabi_drsub
                0x00002b94                __aeabi_dsub
                0x00002b94                __subdf3
                0x00002b98                __aeabi_dadd
                0x00002b98                __adddf3
                0x00002e10                __floatunsidf
                0x00002e10                __aeabi_ui2d
                0x00002e30                __floatsidf
                0x00002e30                __aeabi_i2d
                0x00002e54                __aeabi_f2d
                0x00002e54                __extendsfdf2
                0x00002e90                __floatundidf
                0x00002e90                __aeabi_ul2d
                0x00002ea0                __floatdidf
                0x00002ea0                __aeabi_l2d
 .text          0x00002efc      0x21c d:/nxp/lpcxpresso_8.2.2_650/lpcxpresso/tools/bin/../lib/gcc/arm-none-eabi/5.4.1/armv7-m\libgcc.a(_arm_addsubsf3.o)
                0x00002efc                __aeabi_frsub
                0x00002f04                __subsf3
                0x00002f04                __aeabi_fsub
                0x00002f08                __aeabi_fadd
                0x00002f08                __addsf3
                0x00003068                __aeabi_ui2f
                0x00003068                __floatunsisf
                0x00003070                __aeabi_i2f
                0x00003070                __floatsisf
                0x0000308c                __aeabi_ul2f
                0x0000308c                __floatundisf
                0x0000309c                __aeabi_l2f
                0x0000309c                __floatdisf
 .text          0x00003118       0x4c d:/nxp/lpcxpresso_8.2.2_650/lpcxpresso/tools/bin/../lib/gcc/arm-none-eabi/5.4.1/armv7-m\libgcc.a(_arm_fixsfsi.o)
                0x00003118                __aeabi_f2iz
                0x00003118                __fixsfsi
 .text          0x00003164       0xec d:/nxp/lpcxpresso_8.2.2_650/lpcxpresso/tools/bin/../lib/gcc/arm-none-eabi/5.4.1/../../../../arm-none-eabi/lib/armv7-m\libc.a(lib_a-memcpy.o)
                0x00003164                memcpy
 .text          0x00003250        0x0 d:/nxp/lpcxpresso_8.2.2_650/lpcxpresso/tools/bin/../lib/gcc/arm-none-eabi/5.4.1/../../../../arm-none-eabi/lib/armv7-m\libc.a(lib_a-memset.o)
 .text.memset   0x00003250       0x9c d:/nxp/lpcxpresso_8.2.2_650/lpcxpresso/tools/bin/../lib/gcc/arm-none-eabi/5.4.1/../../../../arm-none-eabi/lib/armv7-m\libc.a(lib_a-memset.o)
                0x00003250                memset
 .text          0x000032ec        0x0 d:/nxp/lpcxpresso_8.2.2_650/lpcxpresso/tools/bin/../lib/gcc/arm-none-eabi/5.4.1/../../../../arm-none-eabi/lib/armv7-m\libc.a(lib_a-printf.o)
 .text._printf_r
                0x000032ec       0x20 d:/nxp/lpcxpresso_8.2.2_650/lpcxpresso/tools/bin/../lib/gcc/arm-none-eabi/5.4.1/../../../../arm-none-eabi/lib/armv7-m\libc.a(lib_a-printf.o)
                0x000032ec                _printf_r
 .text.printf   0x0000330c       0x28 d:/nxp/lpcxpresso_8.2.2_650/lpcxpresso/tools/bin/../lib/gcc/arm-none-eabi/5.4.1/../../../../arm-none-eabi/lib/armv7-m\libc.a(lib_a-printf.o)
                0x0000330c                printf
 .text          0x00003334        0x0 d:/nxp/lpcxpresso_8.2.2_650/lpcxpresso/tools/bin/../lib/gcc/arm-none-eabi/5.4.1/../../../../arm-none-eabi/lib/armv7-m\libc.a(lib_a-sprintf.o)
 .text._sprintf_r
                0x00003334       0x44 d:/nxp/lpcxpresso_8.2.2_650/lpcxpresso/tools/bin/../lib/gcc/arm-none-eabi/5.4.1/../../../../arm-none-eabi/lib/armv7-m\libc.a(lib_a-sprintf.o)
                0x00003334                _sprintf_r
 .text.sprintf  0x00003378       0x4c d:/nxp/lpcxpresso_8.2.2_650/lpcxpresso/tools/bin/../lib/gcc/arm-none-eabi/5.4.1/../../../../arm-none-eabi/lib/armv7-m\libc.a(lib_a-sprintf.o)
                0x00003378                sprintf
 .text          0x000033c4        0x0 d:/nxp/lpcxpresso_8.2.2_650/lpcxpresso/tools/bin/../lib/gcc/arm-none-eabi/5.4.1/../../../../arm-none-eabi/lib/armv7-m\libc.a(lib_a-strcat.o)
 .text.strcat   0x000033c4       0x40 d:/nxp/lpcxpresso_8.2.2_650/lpcxpresso/tools/bin/../lib/gcc/arm-none-eabi/5.4.1/../../../../arm-none-eabi/lib/armv7-m\libc.a(lib_a-strcat.o)
                0x000033c4                strcat
 .text          0x00003404        0x0 d:/nxp/lpcxpresso_8.2.2_650/lpcxpresso/tools/bin/../lib/gcc/arm-none-eabi/5.4.1/../../../../arm-none-eabi/lib/armv7-m\libc.a(lib_a-strcpy.o)
 .text.strcpy   0x00003404       0xbc d:/nxp/lpcxpresso_8.2.2_650/lpcxpresso/tools/bin/../lib/gcc/arm-none-eabi/5.4.1/../../../../arm-none-eabi/lib/armv7-m\libc.a(lib_a-strcpy.o)
                0x00003404                strcpy
 .text          0x000034c0        0x0 d:/nxp/lpcxpresso_8.2.2_650/lpcxpresso/tools/bin/../lib/gcc/arm-none-eabi/5.4.1/../../../../arm-none-eabi/lib/armv7-m\libc.a(lib_a-strlen-stub.o)
 .text.strlen   0x000034c0       0x5c d:/nxp/lpcxpresso_8.2.2_650/lpcxpresso/tools/bin/../lib/gcc/arm-none-eabi/5.4.1/../../../../arm-none-eabi/lib/armv7-m\libc.a(lib_a-strlen-stub.o)
                0x000034c0                strlen
 .text          0x0000351c        0x0 d:/nxp/lpcxpresso_8.2.2_650/lpcxpresso/tools/bin/../lib/gcc/arm-none-eabi/5.4.1/../../../../arm-none-eabi/lib/armv7-m\libc.a(lib_a-strncpy.o)
 .text.strncpy  0x0000351c       0x68 d:/nxp/lpcxpresso_8.2.2_650/lpcxpresso/tools/bin/../lib/gcc/arm-none-eabi/5.4.1/../../../../arm-none-eabi/lib/armv7-m\libc.a(lib_a-strncpy.o)
                0x0000351c                strncpy
 .text          0x00003584        0x0 d:/nxp/lpcxpresso_8.2.2_650/lpcxpresso/tools/bin/../lib/gcc/arm-none-eabi/5.4.1/../../../../arm-none-eabi/lib/armv7-m\libc.a(lib_a-svfprintf.o)
 .text._svfprintf_r
                0x00003584     0x175c d:/nxp/lpcxpresso_8.2.2_650/lpcxpresso/tools/bin/../lib/gcc/arm-none-eabi/5.4.1/../../../../arm-none-eabi/lib/armv7-m\libc.a(lib_a-svfprintf.o)
                0x00003584                _svfprintf_r
 .text          0x00004ce0        0x0 d:/nxp/lpcxpresso_8.2.2_650/lpcxpresso/tools/bin/../lib/gcc/arm-none-eabi/5.4.1/../../../../arm-none-eabi/lib/armv7-m\libc.a(lib_a-vfprintf.o)
 .text._vfprintf_r
                0x00004ce0     0x1788 d:/nxp/lpcxpresso_8.2.2_650/lpcxpresso/tools/bin/../lib/gcc/arm-none-eabi/5.4.1/../../../../arm-none-eabi/lib/armv7-m\libc.a(lib_a-vfprintf.o)
                0x00004ce0                _vfprintf_r
 .text.vfprintf
                0x00006468       0x18 d:/nxp/lpcxpresso_8.2.2_650/lpcxpresso/tools/bin/../lib/gcc/arm-none-eabi/5.4.1/../../../../arm-none-eabi/lib/armv7-m\libc.a(lib_a-vfprintf.o)
                0x00006468                vfprintf
 .text.__sbprintf
                0x00006480       0x6c d:/nxp/lpcxpresso_8.2.2_650/lpcxpresso/tools/bin/../lib/gcc/arm-none-eabi/5.4.1/../../../../arm-none-eabi/lib/armv7-m\libc.a(lib_a-vfprintf.o)
 .text          0x000064ec        0x0 d:/nxp/lpcxpresso_8.2.2_650/lpcxpresso/tools/bin/../lib/gcc/arm-none-eabi/5.4.1/../../../../arm-none-eabi/lib/armv7-m\libc.a(lib_a-wsetup.o)
 .text.__swsetup_r
                0x000064ec       0xc8 d:/nxp/lpcxpresso_8.2.2_650/lpcxpresso/tools/bin/../lib/gcc/arm-none-eabi/5.4.1/../../../../arm-none-eabi/lib/armv7-m\libc.a(lib_a-wsetup.o)
                0x000064ec                __swsetup_r
 .text          0x000065b4        0x0 d:/nxp/lpcxpresso_8.2.2_650/lpcxpresso/tools/bin/../lib/gcc/arm-none-eabi/5.4.1/../../../../arm-none-eabi/lib/armv7-m\libc.a(lib_a-dtoa.o)
 .text.quorem   0x000065b4      0x12c d:/nxp/lpcxpresso_8.2.2_650/lpcxpresso/tools/bin/../lib/gcc/arm-none-eabi/5.4.1/../../../../arm-none-eabi/lib/armv7-m\libc.a(lib_a-dtoa.o)
 .text._dtoa_r  0x000066e0      0xe4c d:/nxp/lpcxpresso_8.2.2_650/lpcxpresso/tools/bin/../lib/gcc/arm-none-eabi/5.4.1/../../../../arm-none-eabi/lib/armv7-m\libc.a(lib_a-dtoa.o)
                0x000066e0                _dtoa_r
 .text          0x0000752c        0x0 d:/nxp/lpcxpresso_8.2.2_650/lpcxpresso/tools/bin/../lib/gcc/arm-none-eabi/5.4.1/../../../../arm-none-eabi/lib/armv7-m\libc.a(lib_a-fflush.o)
 .text.__sflush_r
                0x0000752c      0x148 d:/nxp/lpcxpresso_8.2.2_650/lpcxpresso/tools/bin/../lib/gcc/arm-none-eabi/5.4.1/../../../../arm-none-eabi/lib/armv7-m\libc.a(lib_a-fflush.o)
                0x0000752c                __sflush_r
 .text._fflush_r
                0x00007674       0x2c d:/nxp/lpcxpresso_8.2.2_650/lpcxpresso/tools/bin/../lib/gcc/arm-none-eabi/5.4.1/../../../../arm-none-eabi/lib/armv7-m\libc.a(lib_a-fflush.o)
                0x00007674                _fflush_r
 .text.fflush   0x000076a0       0x24 d:/nxp/lpcxpresso_8.2.2_650/lpcxpresso/tools/bin/../lib/gcc/arm-none-eabi/5.4.1/../../../../arm-none-eabi/lib/armv7-m\libc.a(lib_a-fflush.o)
                0x000076a0                fflush
 .text          0x000076c4        0x0 d:/nxp/lpcxpresso_8.2.2_650/lpcxpresso/tools/bin/../lib/gcc/arm-none-eabi/5.4.1/../../../../arm-none-eabi/lib/armv7-m\libc.a(lib_a-findfp.o)
 .text.__fp_unlock
                0x000076c4        0x4 d:/nxp/lpcxpresso_8.2.2_650/lpcxpresso/tools/bin/../lib/gcc/arm-none-eabi/5.4.1/../../../../arm-none-eabi/lib/armv7-m\libc.a(lib_a-findfp.o)
 .text._cleanup_r
                0x000076c8        0xc d:/nxp/lpcxpresso_8.2.2_650/lpcxpresso/tools/bin/../lib/gcc/arm-none-eabi/5.4.1/../../../../arm-none-eabi/lib/armv7-m\libc.a(lib_a-findfp.o)
                0x000076c8                _cleanup_r
 .text.__sinit.part.1
                0x000076d4       0xf0 d:/nxp/lpcxpresso_8.2.2_650/lpcxpresso/tools/bin/../lib/gcc/arm-none-eabi/5.4.1/../../../../arm-none-eabi/lib/armv7-m\libc.a(lib_a-findfp.o)
 .text.__fp_lock
                0x000077c4        0x4 d:/nxp/lpcxpresso_8.2.2_650/lpcxpresso/tools/bin/../lib/gcc/arm-none-eabi/5.4.1/../../../../arm-none-eabi/lib/armv7-m\libc.a(lib_a-findfp.o)
 .text.__sfmoreglue
                0x000077c8       0x30 d:/nxp/lpcxpresso_8.2.2_650/lpcxpresso/tools/bin/../lib/gcc/arm-none-eabi/5.4.1/../../../../arm-none-eabi/lib/armv7-m\libc.a(lib_a-findfp.o)
                0x000077c8                __sfmoreglue
 .text.__sfp    0x000077f8       0x88 d:/nxp/lpcxpresso_8.2.2_650/lpcxpresso/tools/bin/../lib/gcc/arm-none-eabi/5.4.1/../../../../arm-none-eabi/lib/armv7-m\libc.a(lib_a-findfp.o)
                0x000077f8                __sfp
 .text._cleanup
                0x00007880       0x14 d:/nxp/lpcxpresso_8.2.2_650/lpcxpresso/tools/bin/../lib/gcc/arm-none-eabi/5.4.1/../../../../arm-none-eabi/lib/armv7-m\libc.a(lib_a-findfp.o)
                0x00007880                _cleanup
 .text.__sinit  0x00007894        0xc d:/nxp/lpcxpresso_8.2.2_650/lpcxpresso/tools/bin/../lib/gcc/arm-none-eabi/5.4.1/../../../../arm-none-eabi/lib/armv7-m\libc.a(lib_a-findfp.o)
                0x00007894                __sinit
 .text.__sfp_lock_acquire
                0x000078a0        0x4 d:/nxp/lpcxpresso_8.2.2_650/lpcxpresso/tools/bin/../lib/gcc/arm-none-eabi/5.4.1/../../../../arm-none-eabi/lib/armv7-m\libc.a(lib_a-findfp.o)
                0x000078a0                __sfp_lock_acquire
 .text.__sfp_lock_release
                0x000078a4        0x4 d:/nxp/lpcxpresso_8.2.2_650/lpcxpresso/tools/bin/../lib/gcc/arm-none-eabi/5.4.1/../../../../arm-none-eabi/lib/armv7-m\libc.a(lib_a-findfp.o)
                0x000078a4                __sfp_lock_release
 .text.__sinit_lock_acquire
                0x000078a8        0x4 d:/nxp/lpcxpresso_8.2.2_650/lpcxpresso/tools/bin/../lib/gcc/arm-none-eabi/5.4.1/../../../../arm-none-eabi/lib/armv7-m\libc.a(lib_a-findfp.o)
                0x000078a8                __sinit_lock_acquire
 .text.__sinit_lock_release
                0x000078ac        0x4 d:/nxp/lpcxpresso_8.2.2_650/lpcxpresso/tools/bin/../lib/gcc/arm-none-eabi/5.4.1/../../../../arm-none-eabi/lib/armv7-m\libc.a(lib_a-findfp.o)
                0x000078ac                __sinit_lock_release
 .text.__fp_lock_all
                0x000078b0       0x14 d:/nxp/lpcxpresso_8.2.2_650/lpcxpresso/tools/bin/../lib/gcc/arm-none-eabi/5.4.1/../../../../arm-none-eabi/lib/armv7-m\libc.a(lib_a-findfp.o)
                0x000078b0                __fp_lock_all
 .text.__fp_unlock_all
                0x000078c4       0x14 d:/nxp/lpcxpresso_8.2.2_650/lpcxpresso/tools/bin/../lib/gcc/arm-none-eabi/5.4.1/../../../../arm-none-eabi/lib/armv7-m\libc.a(lib_a-findfp.o)
                0x000078c4                __fp_unlock_all
 .text          0x000078d8        0x0 d:/nxp/lpcxpresso_8.2.2_650/lpcxpresso/tools/bin/../lib/gcc/arm-none-eabi/5.4.1/../../../../arm-none-eabi/lib/armv7-m\libc.a(lib_a-fwalk.o)
 .text._fwalk   0x000078d8       0x48 d:/nxp/lpcxpresso_8.2.2_650/lpcxpresso/tools/bin/../lib/gcc/arm-none-eabi/5.4.1/../../../../arm-none-eabi/lib/armv7-m\libc.a(lib_a-fwalk.o)
                0x000078d8                _fwalk
 .text._fwalk_reent
                0x00007920       0x50 d:/nxp/lpcxpresso_8.2.2_650/lpcxpresso/tools/bin/../lib/gcc/arm-none-eabi/5.4.1/../../../../arm-none-eabi/lib/armv7-m\libc.a(lib_a-fwalk.o)
                0x00007920                _fwalk_reent
 .text          0x00007970        0x0 d:/nxp/lpcxpresso_8.2.2_650/lpcxpresso/tools/bin/../lib/gcc/arm-none-eabi/5.4.1/../../../../arm-none-eabi/lib/armv7-m\libc.a(lib_a-impure.o)
 .text          0x00007970        0x0 d:/nxp/lpcxpresso_8.2.2_650/lpcxpresso/tools/bin/../lib/gcc/arm-none-eabi/5.4.1/../../../../arm-none-eabi/lib/armv7-m\libc.a(lib_a-locale.o)
 .text._setlocale_r
                0x00007970       0x40 d:/nxp/lpcxpresso_8.2.2_650/lpcxpresso/tools/bin/../lib/gcc/arm-none-eabi/5.4.1/../../../../arm-none-eabi/lib/armv7-m\libc.a(lib_a-locale.o)
                0x00007970                _setlocale_r
 .text.__locale_charset
                0x000079b0        0x8 d:/nxp/lpcxpresso_8.2.2_650/lpcxpresso/tools/bin/../lib/gcc/arm-none-eabi/5.4.1/../../../../arm-none-eabi/lib/armv7-m\libc.a(lib_a-locale.o)
                0x000079b0                __locale_charset
 .text.__locale_mb_cur_max
                0x000079b8        0xc d:/nxp/lpcxpresso_8.2.2_650/lpcxpresso/tools/bin/../lib/gcc/arm-none-eabi/5.4.1/../../../../arm-none-eabi/lib/armv7-m\libc.a(lib_a-locale.o)
                0x000079b8                __locale_mb_cur_max
 .text.__locale_msgcharset
                0x000079c4        0x8 d:/nxp/lpcxpresso_8.2.2_650/lpcxpresso/tools/bin/../lib/gcc/arm-none-eabi/5.4.1/../../../../arm-none-eabi/lib/armv7-m\libc.a(lib_a-locale.o)
                0x000079c4                __locale_msgcharset
 .text.__locale_cjk_lang
                0x000079cc        0x4 d:/nxp/lpcxpresso_8.2.2_650/lpcxpresso/tools/bin/../lib/gcc/arm-none-eabi/5.4.1/../../../../arm-none-eabi/lib/armv7-m\libc.a(lib_a-locale.o)
                0x000079cc                __locale_cjk_lang
 .text._localeconv_r
                0x000079d0        0x8 d:/nxp/lpcxpresso_8.2.2_650/lpcxpresso/tools/bin/../lib/gcc/arm-none-eabi/5.4.1/../../../../arm-none-eabi/lib/armv7-m\libc.a(lib_a-locale.o)
                0x000079d0                _localeconv_r
 .text.setlocale
                0x000079d8       0x10 d:/nxp/lpcxpresso_8.2.2_650/lpcxpresso/tools/bin/../lib/gcc/arm-none-eabi/5.4.1/../../../../arm-none-eabi/lib/armv7-m\libc.a(lib_a-locale.o)
                0x000079d8                setlocale
 .text.localeconv
                0x000079e8        0x8 d:/nxp/lpcxpresso_8.2.2_650/lpcxpresso/tools/bin/../lib/gcc/arm-none-eabi/5.4.1/../../../../arm-none-eabi/lib/armv7-m\libc.a(lib_a-locale.o)
                0x000079e8                localeconv
 .text          0x000079f0        0x0 d:/nxp/lpcxpresso_8.2.2_650/lpcxpresso/tools/bin/../lib/gcc/arm-none-eabi/5.4.1/../../../../arm-none-eabi/lib/armv7-m\libc.a(lib_a-makebuf.o)
 .text.__swhatbuf_r
                0x000079f0       0x60 d:/nxp/lpcxpresso_8.2.2_650/lpcxpresso/tools/bin/../lib/gcc/arm-none-eabi/5.4.1/../../../../arm-none-eabi/lib/armv7-m\libc.a(lib_a-makebuf.o)
                0x000079f0                __swhatbuf_r
 .text.__smakebuf_r
                0x00007a50       0x88 d:/nxp/lpcxpresso_8.2.2_650/lpcxpresso/tools/bin/../lib/gcc/arm-none-eabi/5.4.1/../../../../arm-none-eabi/lib/armv7-m\libc.a(lib_a-makebuf.o)
                0x00007a50                __smakebuf_r
 .text          0x00007ad8        0x0 d:/nxp/lpcxpresso_8.2.2_650/lpcxpresso/tools/bin/../lib/gcc/arm-none-eabi/5.4.1/../../../../arm-none-eabi/lib/armv7-m\libc.a(lib_a-memchr-stub.o)
 .text.memchr   0x00007ad8       0x8c d:/nxp/lpcxpresso_8.2.2_650/lpcxpresso/tools/bin/../lib/gcc/arm-none-eabi/5.4.1/../../../../arm-none-eabi/lib/armv7-m\libc.a(lib_a-memchr-stub.o)
                0x00007ad8                memchr
 .text          0x00007b64        0x0 d:/nxp/lpcxpresso_8.2.2_650/lpcxpresso/tools/bin/../lib/gcc/arm-none-eabi/5.4.1/../../../../arm-none-eabi/lib/armv7-m\libc.a(lib_a-mprec.o)
 .text._Balloc  0x00007b64       0x50 d:/nxp/lpcxpresso_8.2.2_650/lpcxpresso/tools/bin/../lib/gcc/arm-none-eabi/5.4.1/../../../../arm-none-eabi/lib/armv7-m\libc.a(lib_a-mprec.o)
                0x00007b64                _Balloc
 .text._Bfree   0x00007bb4       0x14 d:/nxp/lpcxpresso_8.2.2_650/lpcxpresso/tools/bin/../lib/gcc/arm-none-eabi/5.4.1/../../../../arm-none-eabi/lib/armv7-m\libc.a(lib_a-mprec.o)
                0x00007bb4                _Bfree
 .text.__multadd
                0x00007bc8       0x80 d:/nxp/lpcxpresso_8.2.2_650/lpcxpresso/tools/bin/../lib/gcc/arm-none-eabi/5.4.1/../../../../arm-none-eabi/lib/armv7-m\libc.a(lib_a-mprec.o)
                0x00007bc8                __multadd
 .text.__s2b    0x00007c48       0x98 d:/nxp/lpcxpresso_8.2.2_650/lpcxpresso/tools/bin/../lib/gcc/arm-none-eabi/5.4.1/../../../../arm-none-eabi/lib/armv7-m\libc.a(lib_a-mprec.o)
                0x00007c48                __s2b
 .text.__hi0bits
                0x00007ce0       0x40 d:/nxp/lpcxpresso_8.2.2_650/lpcxpresso/tools/bin/../lib/gcc/arm-none-eabi/5.4.1/../../../../arm-none-eabi/lib/armv7-m\libc.a(lib_a-mprec.o)
                0x00007ce0                __hi0bits
 .text.__lo0bits
                0x00007d20       0x5c d:/nxp/lpcxpresso_8.2.2_650/lpcxpresso/tools/bin/../lib/gcc/arm-none-eabi/5.4.1/../../../../arm-none-eabi/lib/armv7-m\libc.a(lib_a-mprec.o)
                0x00007d20                __lo0bits
 .text.__i2b    0x00007d7c       0x14 d:/nxp/lpcxpresso_8.2.2_650/lpcxpresso/tools/bin/../lib/gcc/arm-none-eabi/5.4.1/../../../../arm-none-eabi/lib/armv7-m\libc.a(lib_a-mprec.o)
                0x00007d7c                __i2b
 .text.__multiply
                0x00007d90      0x13c d:/nxp/lpcxpresso_8.2.2_650/lpcxpresso/tools/bin/../lib/gcc/arm-none-eabi/5.4.1/../../../../arm-none-eabi/lib/armv7-m\libc.a(lib_a-mprec.o)
                0x00007d90                __multiply
 .text.__pow5mult
                0x00007ecc       0xa0 d:/nxp/lpcxpresso_8.2.2_650/lpcxpresso/tools/bin/../lib/gcc/arm-none-eabi/5.4.1/../../../../arm-none-eabi/lib/armv7-m\libc.a(lib_a-mprec.o)
                0x00007ecc                __pow5mult
 .text.__lshift
                0x00007f6c       0xac d:/nxp/lpcxpresso_8.2.2_650/lpcxpresso/tools/bin/../lib/gcc/arm-none-eabi/5.4.1/../../../../arm-none-eabi/lib/armv7-m\libc.a(lib_a-mprec.o)
                0x00007f6c                __lshift
 .text.__mcmp   0x00008018       0x40 d:/nxp/lpcxpresso_8.2.2_650/lpcxpresso/tools/bin/../lib/gcc/arm-none-eabi/5.4.1/../../../../arm-none-eabi/lib/armv7-m\libc.a(lib_a-mprec.o)
                0x00008018                __mcmp
 .text.__mdiff  0x00008058      0x128 d:/nxp/lpcxpresso_8.2.2_650/lpcxpresso/tools/bin/../lib/gcc/arm-none-eabi/5.4.1/../../../../arm-none-eabi/lib/armv7-m\libc.a(lib_a-mprec.o)
                0x00008058                __mdiff
 .text.__ulp    0x00008180       0x44 d:/nxp/lpcxpresso_8.2.2_650/lpcxpresso/tools/bin/../lib/gcc/arm-none-eabi/5.4.1/../../../../arm-none-eabi/lib/armv7-m\libc.a(lib_a-mprec.o)
                0x00008180                __ulp
 .text.__b2d    0x000081c4       0xd4 d:/nxp/lpcxpresso_8.2.2_650/lpcxpresso/tools/bin/../lib/gcc/arm-none-eabi/5.4.1/../../../../arm-none-eabi/lib/armv7-m\libc.a(lib_a-mprec.o)
                0x000081c4                __b2d
 .text.__d2b    0x00008298       0xa8 d:/nxp/lpcxpresso_8.2.2_650/lpcxpresso/tools/bin/../lib/gcc/arm-none-eabi/5.4.1/../../../../arm-none-eabi/lib/armv7-m\libc.a(lib_a-mprec.o)
                0x00008298                __d2b
 .text.__ratio  0x00008340       0x54 d:/nxp/lpcxpresso_8.2.2_650/lpcxpresso/tools/bin/../lib/gcc/arm-none-eabi/5.4.1/../../../../arm-none-eabi/lib/armv7-m\libc.a(lib_a-mprec.o)
                0x00008340                __ratio
 .text._mprec_log10
                0x00008394       0x34 d:/nxp/lpcxpresso_8.2.2_650/lpcxpresso/tools/bin/../lib/gcc/arm-none-eabi/5.4.1/../../../../arm-none-eabi/lib/armv7-m\libc.a(lib_a-mprec.o)
                0x00008394                _mprec_log10
 .text.__copybits
                0x000083c8       0x48 d:/nxp/lpcxpresso_8.2.2_650/lpcxpresso/tools/bin/../lib/gcc/arm-none-eabi/5.4.1/../../../../arm-none-eabi/lib/armv7-m\libc.a(lib_a-mprec.o)
                0x000083c8                __copybits
 .text.__any_on
                0x00008410       0x5c d:/nxp/lpcxpresso_8.2.2_650/lpcxpresso/tools/bin/../lib/gcc/arm-none-eabi/5.4.1/../../../../arm-none-eabi/lib/armv7-m\libc.a(lib_a-mprec.o)
                0x00008410                __any_on
 .text          0x0000846c        0x0 d:/nxp/lpcxpresso_8.2.2_650/lpcxpresso/tools/bin/../lib/gcc/arm-none-eabi/5.4.1/../../../../arm-none-eabi/lib/armv7-m\libc.a(lib_a-stdio.o)
 .text.__sread  0x0000846c       0x24 d:/nxp/lpcxpresso_8.2.2_650/lpcxpresso/tools/bin/../lib/gcc/arm-none-eabi/5.4.1/../../../../arm-none-eabi/lib/armv7-m\libc.a(lib_a-stdio.o)
                0x0000846c                __sread
 .text.__seofread
                0x00008490        0x4 d:/nxp/lpcxpresso_8.2.2_650/lpcxpresso/tools/bin/../lib/gcc/arm-none-eabi/5.4.1/../../../../arm-none-eabi/lib/armv7-m\libc.a(lib_a-stdio.o)
                0x00008490                __seofread
 .text.__swrite
                0x00008494       0x3c d:/nxp/lpcxpresso_8.2.2_650/lpcxpresso/tools/bin/../lib/gcc/arm-none-eabi/5.4.1/../../../../arm-none-eabi/lib/armv7-m\libc.a(lib_a-stdio.o)
                0x00008494                __swrite
 .text.__sseek  0x000084d0       0x20 d:/nxp/lpcxpresso_8.2.2_650/lpcxpresso/tools/bin/../lib/gcc/arm-none-eabi/5.4.1/../../../../arm-none-eabi/lib/armv7-m\libc.a(lib_a-stdio.o)
                0x000084d0                __sseek
 .text.__sclose
                0x000084f0        0x8 d:/nxp/lpcxpresso_8.2.2_650/lpcxpresso/tools/bin/../lib/gcc/arm-none-eabi/5.4.1/../../../../arm-none-eabi/lib/armv7-m\libc.a(lib_a-stdio.o)
                0x000084f0                __sclose
 .text          0x000084f8      0x1bc d:/nxp/lpcxpresso_8.2.2_650/lpcxpresso/tools/bin/../lib/gcc/arm-none-eabi/5.4.1/../../../../arm-none-eabi/lib/armv7-m\libc.a(lib_a-strcmp.o)
                0x000084f8                strcmp
 .text          0x000086b4        0x0 d:/nxp/lpcxpresso_8.2.2_650/lpcxpresso/tools/bin/../lib/gcc/arm-none-eabi/5.4.1/../../../../arm-none-eabi/lib/armv7-m\libc.a(lib_a-svfiprintf.o)
 .text.__ssprint_r
                0x000086b4      0x100 d:/nxp/lpcxpresso_8.2.2_650/lpcxpresso/tools/bin/../lib/gcc/arm-none-eabi/5.4.1/../../../../arm-none-eabi/lib/armv7-m\libc.a(lib_a-svfiprintf.o)
                0x000086b4                __ssprint_r
 .text._svfiprintf_r
                0x000087b4      0xc4c d:/nxp/lpcxpresso_8.2.2_650/lpcxpresso/tools/bin/../lib/gcc/arm-none-eabi/5.4.1/../../../../arm-none-eabi/lib/armv7-m\libc.a(lib_a-svfiprintf.o)
                0x000087b4                _svfiprintf_r
 .text          0x00009400        0x0 d:/nxp/lpcxpresso_8.2.2_650/lpcxpresso/tools/bin/../lib/gcc/arm-none-eabi/5.4.1/../../../../arm-none-eabi/lib/armv7-m\libc.a(lib_a-vfiprintf.o)
 .text.__sprint_r.part.0
                0x00009400       0x78 d:/nxp/lpcxpresso_8.2.2_650/lpcxpresso/tools/bin/../lib/gcc/arm-none-eabi/5.4.1/../../../../arm-none-eabi/lib/armv7-m\libc.a(lib_a-vfiprintf.o)
 .text.__sprint_r
                0x00009478       0x14 d:/nxp/lpcxpresso_8.2.2_650/lpcxpresso/tools/bin/../lib/gcc/arm-none-eabi/5.4.1/../../../../arm-none-eabi/lib/armv7-m\libc.a(lib_a-vfiprintf.o)
                0x00009478                __sprint_r
 .text._vfiprintf_r
                0x0000948c      0xde8 d:/nxp/lpcxpresso_8.2.2_650/lpcxpresso/tools/bin/../lib/gcc/arm-none-eabi/5.4.1/../../../../arm-none-eabi/lib/armv7-m\libc.a(lib_a-vfiprintf.o)
                0x0000948c                _vfiprintf_r
 .text.vfiprintf
                0x0000a274       0x18 d:/nxp/lpcxpresso_8.2.2_650/lpcxpresso/tools/bin/../lib/gcc/arm-none-eabi/5.4.1/../../../../arm-none-eabi/lib/armv7-m\libc.a(lib_a-vfiprintf.o)
                0x0000a274                vfiprintf
 .text.__sbprintf
                0x0000a28c       0x6c d:/nxp/lpcxpresso_8.2.2_650/lpcxpresso/tools/bin/../lib/gcc/arm-none-eabi/5.4.1/../../../../arm-none-eabi/lib/armv7-m\libc.a(lib_a-vfiprintf.o)
 .text          0x0000a2f8        0x0 d:/nxp/lpcxpresso_8.2.2_650/lpcxpresso/tools/bin/../lib/gcc/arm-none-eabi/5.4.1/../../../../arm-none-eabi/lib/armv7-m\libc.a(lib_a-writer.o)
 .text._write_r
                0x0000a2f8       0x2c d:/nxp/lpcxpresso_8.2.2_650/lpcxpresso/tools/bin/../lib/gcc/arm-none-eabi/5.4.1/../../../../arm-none-eabi/lib/armv7-m\libc.a(lib_a-writer.o)
                0x0000a2f8                _write_r
 .text          0x0000a324        0x0 d:/nxp/lpcxpresso_8.2.2_650/lpcxpresso/tools/bin/../lib/gcc/arm-none-eabi/5.4.1/../../../../arm-none-eabi/lib/armv7-m\libc.a(lib_a-closer.o)
 .text._close_r
                0x0000a324       0x24 d:/nxp/lpcxpresso_8.2.2_650/lpcxpresso/tools/bin/../lib/gcc/arm-none-eabi/5.4.1/../../../../arm-none-eabi/lib/armv7-m\libc.a(lib_a-closer.o)
                0x0000a324                _close_r
 .text          0x0000a348        0x0 d:/nxp/lpcxpresso_8.2.2_650/lpcxpresso/tools/bin/../lib/gcc/arm-none-eabi/5.4.1/../../../../arm-none-eabi/lib/armv7-m\libc.a(lib_a-fclose.o)
 .text._fclose_r
                0x0000a348       0x84 d:/nxp/lpcxpresso_8.2.2_650/lpcxpresso/tools/bin/../lib/gcc/arm-none-eabi/5.4.1/../../../../arm-none-eabi/lib/armv7-m\libc.a(lib_a-fclose.o)
                0x0000a348                _fclose_r
 .text.fclose   0x0000a3cc       0x10 d:/nxp/lpcxpresso_8.2.2_650/lpcxpresso/tools/bin/../lib/gcc/arm-none-eabi/5.4.1/../../../../arm-none-eabi/lib/armv7-m\libc.a(lib_a-fclose.o)
                0x0000a3cc                fclose
 .text          0x0000a3dc        0x0 d:/nxp/lpcxpresso_8.2.2_650/lpcxpresso/tools/bin/../lib/gcc/arm-none-eabi/5.4.1/../../../../arm-none-eabi/lib/armv7-m\libc.a(lib_a-fputwc.o)
 .text.__fputwc
                0x0000a3dc       0x94 d:/nxp/lpcxpresso_8.2.2_650/lpcxpresso/tools/bin/../lib/gcc/arm-none-eabi/5.4.1/../../../../arm-none-eabi/lib/armv7-m\libc.a(lib_a-fputwc.o)
                0x0000a3dc                __fputwc
 .text._fputwc_r
                0x0000a470       0x24 d:/nxp/lpcxpresso_8.2.2_650/lpcxpresso/tools/bin/../lib/gcc/arm-none-eabi/5.4.1/../../../../arm-none-eabi/lib/armv7-m\libc.a(lib_a-fputwc.o)
                0x0000a470                _fputwc_r
 .text.fputwc   0x0000a494       0x40 d:/nxp/lpcxpresso_8.2.2_650/lpcxpresso/tools/bin/../lib/gcc/arm-none-eabi/5.4.1/../../../../arm-none-eabi/lib/armv7-m\libc.a(lib_a-fputwc.o)
                0x0000a494                fputwc
 .text          0x0000a4d4        0x0 d:/nxp/lpcxpresso_8.2.2_650/lpcxpresso/tools/bin/../lib/gcc/arm-none-eabi/5.4.1/../../../../arm-none-eabi/lib/armv7-m\libc.a(lib_a-fstatr.o)
 .text._fstat_r
                0x0000a4d4       0x28 d:/nxp/lpcxpresso_8.2.2_650/lpcxpresso/tools/bin/../lib/gcc/arm-none-eabi/5.4.1/../../../../arm-none-eabi/lib/armv7-m\libc.a(lib_a-fstatr.o)
                0x0000a4d4                _fstat_r
 .text          0x0000a4fc        0x0 d:/nxp/lpcxpresso_8.2.2_650/lpcxpresso/tools/bin/../lib/gcc/arm-none-eabi/5.4.1/../../../../arm-none-eabi/lib/armv7-m\libc.a(lib_a-fvwrite.o)
 .text.__sfvwrite_r
                0x0000a4fc      0x308 d:/nxp/lpcxpresso_8.2.2_650/lpcxpresso/tools/bin/../lib/gcc/arm-none-eabi/5.4.1/../../../../arm-none-eabi/lib/armv7-m\libc.a(lib_a-fvwrite.o)
                0x0000a4fc                __sfvwrite_r
 .text          0x0000a804        0x0 d:/nxp/lpcxpresso_8.2.2_650/lpcxpresso/tools/bin/../lib/gcc/arm-none-eabi/5.4.1/../../../../arm-none-eabi/lib/armv7-m\libc.a(lib_a-isattyr.o)
 .text._isatty_r
                0x0000a804       0x24 d:/nxp/lpcxpresso_8.2.2_650/lpcxpresso/tools/bin/../lib/gcc/arm-none-eabi/5.4.1/../../../../arm-none-eabi/lib/armv7-m\libc.a(lib_a-isattyr.o)
                0x0000a804                _isatty_r
 .text          0x0000a828        0x0 d:/nxp/lpcxpresso_8.2.2_650/lpcxpresso/tools/bin/../lib/gcc/arm-none-eabi/5.4.1/../../../../arm-none-eabi/lib/armv7-m\libc.a(lib_a-lseekr.o)
 .text._lseek_r
                0x0000a828       0x2c d:/nxp/lpcxpresso_8.2.2_650/lpcxpresso/tools/bin/../lib/gcc/arm-none-eabi/5.4.1/../../../../arm-none-eabi/lib/armv7-m\libc.a(lib_a-lseekr.o)
                0x0000a828                _lseek_r
 .text          0x0000a854        0x0 d:/nxp/lpcxpresso_8.2.2_650/lpcxpresso/tools/bin/../lib/gcc/arm-none-eabi/5.4.1/../../../../arm-none-eabi/lib/armv7-m\libc.a(lib_a-memmove.o)
 .text.memmove  0x0000a854       0xc8 d:/nxp/lpcxpresso_8.2.2_650/lpcxpresso/tools/bin/../lib/gcc/arm-none-eabi/5.4.1/../../../../arm-none-eabi/lib/armv7-m\libc.a(lib_a-memmove.o)
                0x0000a854                memmove
 .text          0x0000a91c        0x0 d:/nxp/lpcxpresso_8.2.2_650/lpcxpresso/tools/bin/../lib/gcc/arm-none-eabi/5.4.1/../../../../arm-none-eabi/lib/armv7-m\libc.a(lib_a-readr.o)
 .text._read_r  0x0000a91c       0x2c d:/nxp/lpcxpresso_8.2.2_650/lpcxpresso/tools/bin/../lib/gcc/arm-none-eabi/5.4.1/../../../../arm-none-eabi/lib/armv7-m\libc.a(lib_a-readr.o)
                0x0000a91c                _read_r
 .text          0x0000a948        0x0 d:/nxp/lpcxpresso_8.2.2_650/lpcxpresso/tools/bin/../lib/gcc/arm-none-eabi/5.4.1/../../../../arm-none-eabi/lib/armv7-m\libc.a(lib_a-reent.o)
 .text.cleanup_glue
                0x0000a948       0x1c d:/nxp/lpcxpresso_8.2.2_650/lpcxpresso/tools/bin/../lib/gcc/arm-none-eabi/5.4.1/../../../../arm-none-eabi/lib/armv7-m\libc.a(lib_a-reent.o)
                0x0000a948                cleanup_glue
 .text._reclaim_reent
                0x0000a964       0x88 d:/nxp/lpcxpresso_8.2.2_650/lpcxpresso/tools/bin/../lib/gcc/arm-none-eabi/5.4.1/../../../../arm-none-eabi/lib/armv7-m\libc.a(lib_a-reent.o)
                0x0000a964                _reclaim_reent
 .text          0x0000a9ec        0x0 d:/nxp/lpcxpresso_8.2.2_650/lpcxpresso/tools/bin/../lib/gcc/arm-none-eabi/5.4.1/../../../../arm-none-eabi/lib/armv7-m\libc.a(lib_a-wbuf.o)
 .text.__swbuf_r
                0x0000a9ec       0xac d:/nxp/lpcxpresso_8.2.2_650/lpcxpresso/tools/bin/../lib/gcc/arm-none-eabi/5.4.1/../../../../arm-none-eabi/lib/armv7-m\libc.a(lib_a-wbuf.o)
                0x0000a9ec                __swbuf_r
 .text.__swbuf  0x0000aa98       0x10 d:/nxp/lpcxpresso_8.2.2_650/lpcxpresso/tools/bin/../lib/gcc/arm-none-eabi/5.4.1/../../../../arm-none-eabi/lib/armv7-m\libc.a(lib_a-wbuf.o)
                0x0000aa98                __swbuf
 .text          0x0000aaa8        0x0 d:/nxp/lpcxpresso_8.2.2_650/lpcxpresso/tools/bin/../lib/gcc/arm-none-eabi/5.4.1/../../../../arm-none-eabi/lib/armv7-m\libc.a(lib_a-wcrtomb.o)
 .text._wcrtomb_r
                0x0000aaa8       0x54 d:/nxp/lpcxpresso_8.2.2_650/lpcxpresso/tools/bin/../lib/gcc/arm-none-eabi/5.4.1/../../../../arm-none-eabi/lib/armv7-m\libc.a(lib_a-wcrtomb.o)
                0x0000aaa8                _wcrtomb_r
 .text.wcrtomb  0x0000aafc       0x58 d:/nxp/lpcxpresso_8.2.2_650/lpcxpresso/tools/bin/../lib/gcc/arm-none-eabi/5.4.1/../../../../arm-none-eabi/lib/armv7-m\libc.a(lib_a-wcrtomb.o)
                0x0000aafc                wcrtomb
 .text          0x0000ab54        0x0 d:/nxp/lpcxpresso_8.2.2_650/lpcxpresso/tools/bin/../lib/gcc/arm-none-eabi/5.4.1/../../../../arm-none-eabi/lib/armv7-m\libc.a(lib_a-wctomb_r.o)
 .text.__ascii_wctomb
                0x0000ab54       0x1c d:/nxp/lpcxpresso_8.2.2_650/lpcxpresso/tools/bin/../lib/gcc/arm-none-eabi/5.4.1/../../../../arm-none-eabi/lib/armv7-m\libc.a(lib_a-wctomb_r.o)
                0x0000ab54                __ascii_wctomb
 .text._wctomb_r
                0x0000ab70       0x30 d:/nxp/lpcxpresso_8.2.2_650/lpcxpresso/tools/bin/../lib/gcc/arm-none-eabi/5.4.1/../../../../arm-none-eabi/lib/armv7-m\libc.a(lib_a-wctomb_r.o)
                0x0000ab70                _wctomb_r
 .text          0x0000aba0        0x0 d:/nxp/lpcxpresso_8.2.2_650/lpcxpresso/tools/bin/../lib/gcc/arm-none-eabi/5.4.1/../../../../arm-none-eabi/lib/armv7-m\libcr_newlib_semihost.a(syscalls.o)
 .text.error    0x0000aba0       0x1c d:/nxp/lpcxpresso_8.2.2_650/lpcxpresso/tools/bin/../lib/gcc/arm-none-eabi/5.4.1/../../../../arm-none-eabi/lib/armv7-m\libcr_newlib_semihost.a(syscalls.o)
 .text.initialise_monitor_handles.part.0
                0x0000abbc       0xa8 d:/nxp/lpcxpresso_8.2.2_650/lpcxpresso/tools/bin/../lib/gcc/arm-none-eabi/5.4.1/../../../../arm-none-eabi/lib/armv7-m\libcr_newlib_semihost.a(syscalls.o)
 .text.findslot
                0x0000ac64       0x30 d:/nxp/lpcxpresso_8.2.2_650/lpcxpresso/tools/bin/../lib/gcc/arm-none-eabi/5.4.1/../../../../arm-none-eabi/lib/armv7-m\libcr_newlib_semihost.a(syscalls.o)
 .text.checkerror
                0x0000ac94       0x20 d:/nxp/lpcxpresso_8.2.2_650/lpcxpresso/tools/bin/../lib/gcc/arm-none-eabi/5.4.1/../../../../arm-none-eabi/lib/armv7-m\libcr_newlib_semihost.a(syscalls.o)
 .text._swiread
                0x0000acb4       0x20 d:/nxp/lpcxpresso_8.2.2_650/lpcxpresso/tools/bin/../lib/gcc/arm-none-eabi/5.4.1/../../../../arm-none-eabi/lib/armv7-m\libcr_newlib_semihost.a(syscalls.o)
                0x0000acb4                _swiread
 .text._read    0x0000acd4       0x34 d:/nxp/lpcxpresso_8.2.2_650/lpcxpresso/tools/bin/../lib/gcc/arm-none-eabi/5.4.1/../../../../arm-none-eabi/lib/armv7-m\libcr_newlib_semihost.a(syscalls.o)
                0x0000acd4                _read
 .text._swilseek
                0x0000ad08       0x7a d:/nxp/lpcxpresso_8.2.2_650/lpcxpresso/tools/bin/../lib/gcc/arm-none-eabi/5.4.1/../../../../arm-none-eabi/lib/armv7-m\libcr_newlib_semihost.a(syscalls.o)
                0x0000ad08                _swilseek
 .text._lseek   0x0000ad82        0x4 d:/nxp/lpcxpresso_8.2.2_650/lpcxpresso/tools/bin/../lib/gcc/arm-none-eabi/5.4.1/../../../../arm-none-eabi/lib/armv7-m\libcr_newlib_semihost.a(syscalls.o)
                0x0000ad82                _lseek
 .text._swiwrite
                0x0000ad86       0x20 d:/nxp/lpcxpresso_8.2.2_650/lpcxpresso/tools/bin/../lib/gcc/arm-none-eabi/5.4.1/../../../../arm-none-eabi/lib/armv7-m\libcr_newlib_semihost.a(syscalls.o)
                0x0000ad86                _swiwrite
 .text._write   0x0000ada6       0x42 d:/nxp/lpcxpresso_8.2.2_650/lpcxpresso/tools/bin/../lib/gcc/arm-none-eabi/5.4.1/../../../../arm-none-eabi/lib/armv7-m\libcr_newlib_semihost.a(syscalls.o)
                0x0000ada6                _write
 .text._swiclose
                0x0000ade8       0x1c d:/nxp/lpcxpresso_8.2.2_650/lpcxpresso/tools/bin/../lib/gcc/arm-none-eabi/5.4.1/../../../../arm-none-eabi/lib/armv7-m\libcr_newlib_semihost.a(syscalls.o)
                0x0000ade8                _swiclose
 .text._close   0x0000ae04       0x48 d:/nxp/lpcxpresso_8.2.2_650/lpcxpresso/tools/bin/../lib/gcc/arm-none-eabi/5.4.1/../../../../arm-none-eabi/lib/armv7-m\libcr_newlib_semihost.a(syscalls.o)
                0x0000ae04                _close
 .text._getpid  0x0000ae4c        0x4 d:/nxp/lpcxpresso_8.2.2_650/lpcxpresso/tools/bin/../lib/gcc/arm-none-eabi/5.4.1/../../../../arm-none-eabi/lib/armv7-m\libcr_newlib_semihost.a(syscalls.o)
                0x0000ae4c                _getpid
 .text._swistat
                0x0000ae50       0x42 d:/nxp/lpcxpresso_8.2.2_650/lpcxpresso/tools/bin/../lib/gcc/arm-none-eabi/5.4.1/../../../../arm-none-eabi/lib/armv7-m\libcr_newlib_semihost.a(syscalls.o)
                0x0000ae50                _swistat
 .text._fstat   0x0000ae92       0x1c d:/nxp/lpcxpresso_8.2.2_650/lpcxpresso/tools/bin/../lib/gcc/arm-none-eabi/5.4.1/../../../../arm-none-eabi/lib/armv7-m\libcr_newlib_semihost.a(syscalls.o)
                0x0000ae92                _fstat
 .text._stat    0x0000aeae       0x3a d:/nxp/lpcxpresso_8.2.2_650/lpcxpresso/tools/bin/../lib/gcc/arm-none-eabi/5.4.1/../../../../arm-none-eabi/lib/armv7-m\libcr_newlib_semihost.a(syscalls.o)
                0x0000aeae                _stat
 .text._swiopen
                0x0000aee8       0xc8 d:/nxp/lpcxpresso_8.2.2_650/lpcxpresso/tools/bin/../lib/gcc/arm-none-eabi/5.4.1/../../../../arm-none-eabi/lib/armv7-m\libcr_newlib_semihost.a(syscalls.o)
                0x0000aee8                _swiopen
 .text._open    0x0000afb0       0x12 d:/nxp/lpcxpresso_8.2.2_650/lpcxpresso/tools/bin/../lib/gcc/arm-none-eabi/5.4.1/../../../../arm-none-eabi/lib/armv7-m\libcr_newlib_semihost.a(syscalls.o)
                0x0000afb0                _open
 .text._link    0x0000afc2       0x10 d:/nxp/lpcxpresso_8.2.2_650/lpcxpresso/tools/bin/../lib/gcc/arm-none-eabi/5.4.1/../../../../arm-none-eabi/lib/armv7-m\libcr_newlib_semihost.a(syscalls.o)
                0x0000afc2                _link
 .text._unlink  0x0000afd2       0x28 d:/nxp/lpcxpresso_8.2.2_650/lpcxpresso/tools/bin/../lib/gcc/arm-none-eabi/5.4.1/../../../../arm-none-eabi/lib/armv7-m\libcr_newlib_semihost.a(syscalls.o)
                0x0000afd2                _unlink
 .text._gettimeofday
                0x0000affa       0x24 d:/nxp/lpcxpresso_8.2.2_650/lpcxpresso/tools/bin/../lib/gcc/arm-none-eabi/5.4.1/../../../../arm-none-eabi/lib/armv7-m\libcr_newlib_semihost.a(syscalls.o)
                0x0000affa                _gettimeofday
 .text._clock   0x0000b01e       0x12 d:/nxp/lpcxpresso_8.2.2_650/lpcxpresso/tools/bin/../lib/gcc/arm-none-eabi/5.4.1/../../../../arm-none-eabi/lib/armv7-m\libcr_newlib_semihost.a(syscalls.o)
                0x0000b01e                _clock
 .text._times   0x0000b030       0x16 d:/nxp/lpcxpresso_8.2.2_650/lpcxpresso/tools/bin/../lib/gcc/arm-none-eabi/5.4.1/../../../../arm-none-eabi/lib/armv7-m\libcr_newlib_semihost.a(syscalls.o)
                0x0000b030                _times
 .text._isatty  0x0000b046       0x2a d:/nxp/lpcxpresso_8.2.2_650/lpcxpresso/tools/bin/../lib/gcc/arm-none-eabi/5.4.1/../../../../arm-none-eabi/lib/armv7-m\libcr_newlib_semihost.a(syscalls.o)
                0x0000b046                _isatty
 .text._system  0x0000b070       0x3c d:/nxp/lpcxpresso_8.2.2_650/lpcxpresso/tools/bin/../lib/gcc/arm-none-eabi/5.4.1/../../../../arm-none-eabi/lib/armv7-m\libcr_newlib_semihost.a(syscalls.o)
                0x0000b070                _system
 .text._rename  0x0000b0ac       0x36 d:/nxp/lpcxpresso_8.2.2_650/lpcxpresso/tools/bin/../lib/gcc/arm-none-eabi/5.4.1/../../../../arm-none-eabi/lib/armv7-m\libcr_newlib_semihost.a(syscalls.o)
                0x0000b0ac                _rename
 *fill*         0x0000b0e2        0x2 ff
 .text          0x0000b0e4      0x424 d:/nxp/lpcxpresso_8.2.2_650/lpcxpresso/tools/bin/../lib/gcc/arm-none-eabi/5.4.1/armv7-m\libgcc.a(_arm_muldivdf3.o)
                0x0000b0e4                __aeabi_dmul
                0x0000b0e4                __muldf3
                0x0000b338                __divdf3
                0x0000b338                __aeabi_ddiv
 .text          0x0000b508      0x110 d:/nxp/lpcxpresso_8.2.2_650/lpcxpresso/tools/bin/../lib/gcc/arm-none-eabi/5.4.1/armv7-m\libgcc.a(_arm_cmpdf2.o)
                0x0000b508                __gtdf2
                0x0000b508                __gedf2
                0x0000b510                __ltdf2
                0x0000b510                __ledf2
                0x0000b518                __nedf2
                0x0000b518                __eqdf2
                0x0000b518                __cmpdf2
                0x0000b594                __aeabi_cdrcmple
                0x0000b5a4                __aeabi_cdcmpeq
                0x0000b5a4                __aeabi_cdcmple
                0x0000b5b4                __aeabi_dcmpeq
                0x0000b5c8                __aeabi_dcmplt
                0x0000b5dc                __aeabi_dcmple
                0x0000b5f0                __aeabi_dcmpge
                0x0000b604                __aeabi_dcmpgt
 .text          0x0000b618       0x2c d:/nxp/lpcxpresso_8.2.2_650/lpcxpresso/tools/bin/../lib/gcc/arm-none-eabi/5.4.1/armv7-m\libgcc.a(_arm_unorddf2.o)
                0x0000b618                __unorddf2
                0x0000b618                __aeabi_dcmpun
 .text          0x0000b644       0x50 d:/nxp/lpcxpresso_8.2.2_650/lpcxpresso/tools/bin/../lib/gcc/arm-none-eabi/5.4.1/armv7-m\libgcc.a(_arm_fixdfsi.o)
                0x0000b644                __aeabi_d2iz
                0x0000b644                __fixdfsi
 .text          0x0000b694       0x30 d:/nxp/lpcxpresso_8.2.2_650/lpcxpresso/tools/bin/../lib/gcc/arm-none-eabi/5.4.1/armv7-m\libgcc.a(_aeabi_uldivmod.o)
                0x0000b694                __aeabi_uldivmod
 .text          0x0000b6c4      0x2ec d:/nxp/lpcxpresso_8.2.2_650/lpcxpresso/tools/bin/../lib/gcc/arm-none-eabi/5.4.1/armv7-m\libgcc.a(_udivmoddi4.o)
                0x0000b6c4                __udivmoddi4
 .text          0x0000b9b0        0x4 d:/nxp/lpcxpresso_8.2.2_650/lpcxpresso/tools/bin/../lib/gcc/arm-none-eabi/5.4.1/armv7-m\libgcc.a(_dvmd_tls.o)
                0x0000b9b0                __aeabi_idiv0
                0x0000b9b0                __aeabi_ldiv0
 .text          0x0000b9b4        0x0 d:/nxp/lpcxpresso_8.2.2_650/lpcxpresso/tools/bin/../lib/gcc/arm-none-eabi/5.4.1/../../../../arm-none-eabi/lib/armv7-m\libc.a(lib_a-errno.o)
 .text.__errno  0x0000b9b4        0xc d:/nxp/lpcxpresso_8.2.2_650/lpcxpresso/tools/bin/../lib/gcc/arm-none-eabi/5.4.1/../../../../arm-none-eabi/lib/armv7-m\libc.a(lib_a-errno.o)
                0x0000b9b4                __errno
 *(.rodata .rodata.* .constdata .constdata.*)
 .rodata.str1.1
                0x0000b9c0       0x8c ./src/pi7/interpretador_comando/interpretador_comando.o
 .rodata.str1.1
                0x0000ba4c       0x22 ./src/pi7/controlador_trajetoria/controlador_trajetoria.o
 .rodata.str1.1
                0x0000ba6e       0x10 ./src/pi7/comunicacao_pic/comunicacao_pic.o
 .rodata.str1.1
                0x0000ba7e       0x4a ./src/pi7/comunicacao_pc/modbus.o
 .rodata.str1.1
                0x0000bac8        0xb ./src/drivers/console/basic_io.o
 *fill*         0x0000bad3        0x1 ff
 .rodata.DELAY_1MS
                0x0000bad4        0x4 ./src/main.o
                0x0000bad4                DELAY_1MS
 .rodata.DELAY_1SEC
                0x0000bad8        0x4 ./src/main.o
                0x0000bad8                DELAY_1SEC
 .rodata.DELAY_500MS
                0x0000badc        0x4 ./src/main.o
                0x0000badc                DELAY_500MS
 .rodata.str1.1
                0x0000bae0       0x46 ./src/main.o
 *fill*         0x0000bb26        0x2 ff
 .rodata.DELAY_10MS
                0x0000bb28        0x4 ./src/main.o
                0x0000bb28                DELAY_10MS
 .rodata.DELAY_200MS
                0x0000bb2c        0x4 ./src/main.o
                0x0000bb2c                DELAY_200MS
 .rodata.str1.1
                0x0000bb30       0x17 ./FreeRTOS_src/tasks.o
                                 0x1a (size before relaxing)
 *fill*         0x0000bb47        0x1 ff
 .rodata.ulKernelPriority
                0x0000bb48        0x4 ./FreeRTOS_portable/port.o
                0x0000bb48                ulKernelPriority
 .rodata.blanks.7055
                0x0000bb4c       0x10 d:/nxp/lpcxpresso_8.2.2_650/lpcxpresso/tools/bin/../lib/gcc/arm-none-eabi/5.4.1/../../../../arm-none-eabi/lib/armv7-m\libc.a(lib_a-svfprintf.o)
 .rodata.str1.4
                0x0000bb5c       0x42 d:/nxp/lpcxpresso_8.2.2_650/lpcxpresso/tools/bin/../lib/gcc/arm-none-eabi/5.4.1/../../../../arm-none-eabi/lib/armv7-m\libc.a(lib_a-svfprintf.o)
 *fill*         0x0000bb9e        0x2 ff
 .rodata.zeroes.7056
                0x0000bba0       0x10 d:/nxp/lpcxpresso_8.2.2_650/lpcxpresso/tools/bin/../lib/gcc/arm-none-eabi/5.4.1/../../../../arm-none-eabi/lib/armv7-m\libc.a(lib_a-svfprintf.o)
 .rodata.blanks.7070
                0x0000bbb0       0x10 d:/nxp/lpcxpresso_8.2.2_650/lpcxpresso/tools/bin/../lib/gcc/arm-none-eabi/5.4.1/../../../../arm-none-eabi/lib/armv7-m\libc.a(lib_a-vfprintf.o)
 .rodata.str1.4
                0x0000bbc0       0x42 d:/nxp/lpcxpresso_8.2.2_650/lpcxpresso/tools/bin/../lib/gcc/arm-none-eabi/5.4.1/../../../../arm-none-eabi/lib/armv7-m\libc.a(lib_a-vfprintf.o)
 .rodata.zeroes.7071
                0x0000bbc0       0x10 d:/nxp/lpcxpresso_8.2.2_650/lpcxpresso/tools/bin/../lib/gcc/arm-none-eabi/5.4.1/../../../../arm-none-eabi/lib/armv7-m\libc.a(lib_a-vfprintf.o)
 .rodata.str1.4
                0x0000bbd0       0x10 d:/nxp/lpcxpresso_8.2.2_650/lpcxpresso/tools/bin/../lib/gcc/arm-none-eabi/5.4.1/../../../../arm-none-eabi/lib/armv7-m\libc.a(lib_a-dtoa.o)
                                 0x12 (size before relaxing)
 .rodata.str1.4
                0x0000bbe0        0x2 d:/nxp/lpcxpresso_8.2.2_650/lpcxpresso/tools/bin/../lib/gcc/arm-none-eabi/5.4.1/../../../../arm-none-eabi/lib/armv7-m\libc.a(lib_a-impure.o)
 *fill*         0x0000bbe2        0x2 ff
 .rodata._global_impure_ptr
                0x0000bbe4        0x4 d:/nxp/lpcxpresso_8.2.2_650/lpcxpresso/tools/bin/../lib/gcc/arm-none-eabi/5.4.1/../../../../arm-none-eabi/lib/armv7-m\libc.a(lib_a-impure.o)
                0x0000bbe4                _global_impure_ptr
 .rodata.str1.4
                0x0000bbe8        0xc d:/nxp/lpcxpresso_8.2.2_650/lpcxpresso/tools/bin/../lib/gcc/arm-none-eabi/5.4.1/../../../../arm-none-eabi/lib/armv7-m\libc.a(lib_a-locale.o)
                                 0x12 (size before relaxing)
 *fill*         0x0000bbf4        0x4 ff
 .rodata.__mprec_tens
                0x0000bbf8       0xc8 d:/nxp/lpcxpresso_8.2.2_650/lpcxpresso/tools/bin/../lib/gcc/arm-none-eabi/5.4.1/../../../../arm-none-eabi/lib/armv7-m\libc.a(lib_a-mprec.o)
                0x0000bbf8                __mprec_tens
 .rodata.__mprec_bigtens
                0x0000bcc0       0x28 d:/nxp/lpcxpresso_8.2.2_650/lpcxpresso/tools/bin/../lib/gcc/arm-none-eabi/5.4.1/../../../../arm-none-eabi/lib/armv7-m\libc.a(lib_a-mprec.o)
                0x0000bcc0                __mprec_bigtens
 .rodata.__mprec_tinytens
                0x0000bce8       0x28 d:/nxp/lpcxpresso_8.2.2_650/lpcxpresso/tools/bin/../lib/gcc/arm-none-eabi/5.4.1/../../../../arm-none-eabi/lib/armv7-m\libc.a(lib_a-mprec.o)
                0x0000bce8                __mprec_tinytens
 .rodata.p05.5396
                0x0000bd10        0xc d:/nxp/lpcxpresso_8.2.2_650/lpcxpresso/tools/bin/../lib/gcc/arm-none-eabi/5.4.1/../../../../arm-none-eabi/lib/armv7-m\libc.a(lib_a-mprec.o)
 .rodata.blanks.6999
                0x0000bd1c       0x10 d:/nxp/lpcxpresso_8.2.2_650/lpcxpresso/tools/bin/../lib/gcc/arm-none-eabi/5.4.1/../../../../arm-none-eabi/lib/armv7-m\libc.a(lib_a-svfiprintf.o)
 .rodata.str1.4
                0x0000bd2c       0x2f d:/nxp/lpcxpresso_8.2.2_650/lpcxpresso/tools/bin/../lib/gcc/arm-none-eabi/5.4.1/../../../../arm-none-eabi/lib/armv7-m\libc.a(lib_a-svfiprintf.o)
 .rodata.zeroes.7000
                0x0000bd2c       0x10 d:/nxp/lpcxpresso_8.2.2_650/lpcxpresso/tools/bin/../lib/gcc/arm-none-eabi/5.4.1/../../../../arm-none-eabi/lib/armv7-m\libc.a(lib_a-svfiprintf.o)
 .rodata.blanks.7013
                0x0000bd3c       0x10 d:/nxp/lpcxpresso_8.2.2_650/lpcxpresso/tools/bin/../lib/gcc/arm-none-eabi/5.4.1/../../../../arm-none-eabi/lib/armv7-m\libc.a(lib_a-vfiprintf.o)
 .rodata.str1.4
                0x0000bd4c       0x2f d:/nxp/lpcxpresso_8.2.2_650/lpcxpresso/tools/bin/../lib/gcc/arm-none-eabi/5.4.1/../../../../arm-none-eabi/lib/armv7-m\libc.a(lib_a-vfiprintf.o)
 .rodata.zeroes.7014
                0x0000bd4c       0x10 d:/nxp/lpcxpresso_8.2.2_650/lpcxpresso/tools/bin/../lib/gcc/arm-none-eabi/5.4.1/../../../../arm-none-eabi/lib/armv7-m\libc.a(lib_a-vfiprintf.o)
 .rodata.str1.1
                0x0000bd5c        0x4 d:/nxp/lpcxpresso_8.2.2_650/lpcxpresso/tools/bin/../lib/gcc/arm-none-eabi/5.4.1/../../../../arm-none-eabi/lib/armv7-m\libcr_newlib_semihost.a(syscalls.o)
                0x0000bd7c                . = ALIGN (0x4)

.glue_7         0x0000bd60        0x0
 .glue_7        0x0000bd60        0x0 linker stubs

.glue_7t        0x0000bd60        0x0
 .glue_7t       0x0000bd60        0x0 linker stubs

.vfp11_veneer   0x0000bd60        0x0
 .vfp11_veneer  0x0000bd60        0x0 linker stubs

.v4_bx          0x0000bd60        0x0
 .v4_bx         0x0000bd60        0x0 linker stubs

.iplt           0x0000bd60        0x0
 .iplt          0x0000bd60        0x0 ./src/pi7/programa_trajetoria/programa_trajetoria.o

.ARM.extab      0x0000bd60        0x0
 *(.ARM.extab* .gnu.linkonce.armextab.*)
 .ARM.extab     0x0000bd60        0x0 d:/nxp/lpcxpresso_8.2.2_650/lpcxpresso/tools/bin/../lib/gcc/arm-none-eabi/5.4.1/armv7-m\libgcc.a(_udivmoddi4.o)
                0x0000bd60                __exidx_start = .

.ARM.exidx      0x0000bd60        0x8
 *(.ARM.exidx* .gnu.linkonce.armexidx.*)
 .ARM.exidx     0x0000bd60        0x8 d:/nxp/lpcxpresso_8.2.2_650/lpcxpresso/tools/bin/../lib/gcc/arm-none-eabi/5.4.1/armv7-m\libgcc.a(_udivmoddi4.o)
                0x0000bd68                __exidx_end = .
                0x0000bd68                _etext = .

.rel.dyn        0x0000bd68        0x0
 .rel.iplt      0x0000bd68        0x0 ./src/pi7/programa_trajetoria/programa_trajetoria.o

.data_RAM2      0x2007c000        0x0 load address 0x0000bd68
 FILL mask 0xff
                [!provide]                PROVIDE (__start_data_RAM2, .)
 *(.ramfunc.$RAM2)
 *(.ramfunc.$RamAHB32)
 *(.data.$RAM2*)
 *(.data.$RamAHB32*)
                0x2007c000                . = ALIGN (0x4)
                [!provide]                PROVIDE (__end_data_RAM2, .)

.uninit_RESERVED
                0x10000000        0x0
 *(.bss.$RESERVED*)
                0x10000000                . = ALIGN (0x4)
                0x10000000                _end_uninit_RESERVED = .

.data           0x10000000      0x4ec load address 0x0000bd68
 FILL mask 0xff
                0x10000000                _data = .
 *(vtable)
 *(.ramfunc*)
 *(.data*)
 .data          0x10000000        0x0 ./src/pi7/programa_trajetoria/programa_trajetoria.o
 .data          0x10000000        0x0 ./src/pi7/interpretador_comando/interpretador_comando.o
 .data          0x10000000        0x0 ./src/pi7/estado_trajetoria/estado_trajetoria.o
 .data.stt_x    0x10000000        0x4 ./src/pi7/estado_trajetoria/estado_trajetoria.o
                0x10000000                stt_x
 .data.stt_y    0x10000004        0x4 ./src/pi7/estado_trajetoria/estado_trajetoria.o
                0x10000004                stt_y
 .data.stt_z    0x10000008        0x4 ./src/pi7/estado_trajetoria/estado_trajetoria.o
                0x10000008                stt_z
 .data          0x1000000c        0x0 ./src/pi7/controlador_trajetoria/controlador_trajetoria.o
 .data          0x1000000c        0x0 ./src/pi7/comunicacao_pic/comunicacao_pic.o
 .data          0x1000000c        0x0 ./src/pi7/comunicacao_pc/modbus.o
 .data          0x1000000c        0x0 ./src/drivers/uart/uart.o
 .data.UART0TxEmpty
                0x1000000c        0x1 ./src/drivers/uart/uart.o
                0x1000000c                UART0TxEmpty
 .data.UART1TxEmpty
                0x1000000d        0x1 ./src/drivers/uart/uart.o
                0x1000000d                UART1TxEmpty
 .data          0x1000000e        0x0 ./src/drivers/spi/spi.o
 .data          0x1000000e        0x0 ./src/drivers/pwm/pwm.o
 .data          0x1000000e        0x0 ./src/drivers/ledonboard/leds.o
 .data          0x1000000e        0x0 ./src/drivers/console/alloc.o
 .data          0x1000000e        0x0 ./src/drivers/console/basic_io.o
 .data          0x1000000e        0x0 ./src/drivers/console/consoleprint.o
 .data          0x1000000e        0x0 ./src/cr_startup_lpc17.o
 .data          0x1000000e        0x0 ./src/main.o
 .data.msgReadRegister
                0x1000000e        0xd ./src/main.o
                0x1000000e                msgReadRegister
 .data.msgWriteRegister
                0x1000001b        0xf ./src/main.o
                0x1000001b                msgWriteRegister
 .data          0x1000002a        0x0 ./FreeRTOS_src/croutine.o
 .data          0x1000002a        0x0 ./FreeRTOS_src/list.o
 .data          0x1000002a        0x0 ./FreeRTOS_src/queue.o
 .data          0x1000002a        0x0 ./FreeRTOS_src/tasks.o
 *fill*         0x1000002a        0x2 ff
 .data.uxPreviousTask
                0x1000002c        0x4 ./FreeRTOS_src/tasks.o
 .data.xNextTaskUnblockTime
                0x10000030        0x4 ./FreeRTOS_src/tasks.o
 .data          0x10000034        0x0 ./FreeRTOS_src/timers.o
 .data          0x10000034        0x0 ./FreeRTOS_portable/MemMang/heap_2.o
 .data.xFreeBytesRemaining
                0x10000034        0x4 ./FreeRTOS_portable/MemMang/heap_2.o
 .data          0x10000038        0x0 ./FreeRTOS_portable/port.o
 .data.uxCriticalNesting
                0x10000038        0x4 ./FreeRTOS_portable/port.o
 .data          0x1000003c        0x4 ../Libraries\libCMSISv2_LPC17xx.a(system_LPC17xx.o)
                0x1000003c                SystemFrequency
 .data          0x10000040        0x0 d:/nxp/lpcxpresso_8.2.2_650/lpcxpresso/tools/bin/../lib/gcc/arm-none-eabi/5.4.1/armv7-m\libgcc.a(_arm_addsubdf3.o)
 .data          0x10000040        0x0 d:/nxp/lpcxpresso_8.2.2_650/lpcxpresso/tools/bin/../lib/gcc/arm-none-eabi/5.4.1/armv7-m\libgcc.a(_arm_addsubsf3.o)
 .data          0x10000040        0x0 d:/nxp/lpcxpresso_8.2.2_650/lpcxpresso/tools/bin/../lib/gcc/arm-none-eabi/5.4.1/armv7-m\libgcc.a(_arm_fixsfsi.o)
 .data          0x10000040        0x0 d:/nxp/lpcxpresso_8.2.2_650/lpcxpresso/tools/bin/../lib/gcc/arm-none-eabi/5.4.1/../../../../arm-none-eabi/lib/armv7-m\libc.a(lib_a-memcpy.o)
 .data          0x10000040        0x0 d:/nxp/lpcxpresso_8.2.2_650/lpcxpresso/tools/bin/../lib/gcc/arm-none-eabi/5.4.1/../../../../arm-none-eabi/lib/armv7-m\libc.a(lib_a-memset.o)
 .data          0x10000040        0x0 d:/nxp/lpcxpresso_8.2.2_650/lpcxpresso/tools/bin/../lib/gcc/arm-none-eabi/5.4.1/../../../../arm-none-eabi/lib/armv7-m\libc.a(lib_a-printf.o)
 .data          0x10000040        0x0 d:/nxp/lpcxpresso_8.2.2_650/lpcxpresso/tools/bin/../lib/gcc/arm-none-eabi/5.4.1/../../../../arm-none-eabi/lib/armv7-m\libc.a(lib_a-sprintf.o)
 .data          0x10000040        0x0 d:/nxp/lpcxpresso_8.2.2_650/lpcxpresso/tools/bin/../lib/gcc/arm-none-eabi/5.4.1/../../../../arm-none-eabi/lib/armv7-m\libc.a(lib_a-strcat.o)
 .data          0x10000040        0x0 d:/nxp/lpcxpresso_8.2.2_650/lpcxpresso/tools/bin/../lib/gcc/arm-none-eabi/5.4.1/../../../../arm-none-eabi/lib/armv7-m\libc.a(lib_a-strcpy.o)
 .data          0x10000040        0x0 d:/nxp/lpcxpresso_8.2.2_650/lpcxpresso/tools/bin/../lib/gcc/arm-none-eabi/5.4.1/../../../../arm-none-eabi/lib/armv7-m\libc.a(lib_a-strlen-stub.o)
 .data          0x10000040        0x0 d:/nxp/lpcxpresso_8.2.2_650/lpcxpresso/tools/bin/../lib/gcc/arm-none-eabi/5.4.1/../../../../arm-none-eabi/lib/armv7-m\libc.a(lib_a-strncpy.o)
 .data          0x10000040        0x0 d:/nxp/lpcxpresso_8.2.2_650/lpcxpresso/tools/bin/../lib/gcc/arm-none-eabi/5.4.1/../../../../arm-none-eabi/lib/armv7-m\libc.a(lib_a-svfprintf.o)
 .data          0x10000040        0x0 d:/nxp/lpcxpresso_8.2.2_650/lpcxpresso/tools/bin/../lib/gcc/arm-none-eabi/5.4.1/../../../../arm-none-eabi/lib/armv7-m\libc.a(lib_a-vfprintf.o)
 .data          0x10000040        0x0 d:/nxp/lpcxpresso_8.2.2_650/lpcxpresso/tools/bin/../lib/gcc/arm-none-eabi/5.4.1/../../../../arm-none-eabi/lib/armv7-m\libc.a(lib_a-wsetup.o)
 .data          0x10000040        0x0 d:/nxp/lpcxpresso_8.2.2_650/lpcxpresso/tools/bin/../lib/gcc/arm-none-eabi/5.4.1/../../../../arm-none-eabi/lib/armv7-m\libc.a(lib_a-dtoa.o)
 .data          0x10000040        0x0 d:/nxp/lpcxpresso_8.2.2_650/lpcxpresso/tools/bin/../lib/gcc/arm-none-eabi/5.4.1/../../../../arm-none-eabi/lib/armv7-m\libc.a(lib_a-fflush.o)
 .data          0x10000040        0x0 d:/nxp/lpcxpresso_8.2.2_650/lpcxpresso/tools/bin/../lib/gcc/arm-none-eabi/5.4.1/../../../../arm-none-eabi/lib/armv7-m\libc.a(lib_a-findfp.o)
 .data          0x10000040        0x0 d:/nxp/lpcxpresso_8.2.2_650/lpcxpresso/tools/bin/../lib/gcc/arm-none-eabi/5.4.1/../../../../arm-none-eabi/lib/armv7-m\libc.a(lib_a-fwalk.o)
 .data          0x10000040        0x0 d:/nxp/lpcxpresso_8.2.2_650/lpcxpresso/tools/bin/../lib/gcc/arm-none-eabi/5.4.1/../../../../arm-none-eabi/lib/armv7-m\libc.a(lib_a-impure.o)
 .data.impure_data
                0x10000040      0x428 d:/nxp/lpcxpresso_8.2.2_650/lpcxpresso/tools/bin/../lib/gcc/arm-none-eabi/5.4.1/../../../../arm-none-eabi/lib/armv7-m\libc.a(lib_a-impure.o)
 .data._impure_ptr
                0x10000468        0x4 d:/nxp/lpcxpresso_8.2.2_650/lpcxpresso/tools/bin/../lib/gcc/arm-none-eabi/5.4.1/../../../../arm-none-eabi/lib/armv7-m\libc.a(lib_a-impure.o)
                0x10000468                _impure_ptr
 .data          0x1000046c        0x0 d:/nxp/lpcxpresso_8.2.2_650/lpcxpresso/tools/bin/../lib/gcc/arm-none-eabi/5.4.1/../../../../arm-none-eabi/lib/armv7-m\libc.a(lib_a-locale.o)
 .data.lc_message_charset
                0x1000046c       0x20 d:/nxp/lpcxpresso_8.2.2_650/lpcxpresso/tools/bin/../lib/gcc/arm-none-eabi/5.4.1/../../../../arm-none-eabi/lib/armv7-m\libc.a(lib_a-locale.o)
 .data.lconv    0x1000048c       0x38 d:/nxp/lpcxpresso_8.2.2_650/lpcxpresso/tools/bin/../lib/gcc/arm-none-eabi/5.4.1/../../../../arm-none-eabi/lib/armv7-m\libc.a(lib_a-locale.o)
 .data.lc_ctype_charset
                0x100004c4       0x20 d:/nxp/lpcxpresso_8.2.2_650/lpcxpresso/tools/bin/../lib/gcc/arm-none-eabi/5.4.1/../../../../arm-none-eabi/lib/armv7-m\libc.a(lib_a-locale.o)
 .data.__mb_cur_max
                0x100004e4        0x4 d:/nxp/lpcxpresso_8.2.2_650/lpcxpresso/tools/bin/../lib/gcc/arm-none-eabi/5.4.1/../../../../arm-none-eabi/lib/armv7-m\libc.a(lib_a-locale.o)
                0x100004e4                __mb_cur_max
 .data          0x100004e8        0x0 d:/nxp/lpcxpresso_8.2.2_650/lpcxpresso/tools/bin/../lib/gcc/arm-none-eabi/5.4.1/../../../../arm-none-eabi/lib/armv7-m\libc.a(lib_a-makebuf.o)
 .data          0x100004e8        0x0 d:/nxp/lpcxpresso_8.2.2_650/lpcxpresso/tools/bin/../lib/gcc/arm-none-eabi/5.4.1/../../../../arm-none-eabi/lib/armv7-m\libc.a(lib_a-memchr-stub.o)
 .data          0x100004e8        0x0 d:/nxp/lpcxpresso_8.2.2_650/lpcxpresso/tools/bin/../lib/gcc/arm-none-eabi/5.4.1/../../../../arm-none-eabi/lib/armv7-m\libc.a(lib_a-mprec.o)
 .data          0x100004e8        0x0 d:/nxp/lpcxpresso_8.2.2_650/lpcxpresso/tools/bin/../lib/gcc/arm-none-eabi/5.4.1/../../../../arm-none-eabi/lib/armv7-m\libc.a(lib_a-stdio.o)
 .data          0x100004e8        0x0 d:/nxp/lpcxpresso_8.2.2_650/lpcxpresso/tools/bin/../lib/gcc/arm-none-eabi/5.4.1/../../../../arm-none-eabi/lib/armv7-m\libc.a(lib_a-strcmp.o)
 .data          0x100004e8        0x0 d:/nxp/lpcxpresso_8.2.2_650/lpcxpresso/tools/bin/../lib/gcc/arm-none-eabi/5.4.1/../../../../arm-none-eabi/lib/armv7-m\libc.a(lib_a-svfiprintf.o)
 .data          0x100004e8        0x0 d:/nxp/lpcxpresso_8.2.2_650/lpcxpresso/tools/bin/../lib/gcc/arm-none-eabi/5.4.1/../../../../arm-none-eabi/lib/armv7-m\libc.a(lib_a-vfiprintf.o)
 .data          0x100004e8        0x0 d:/nxp/lpcxpresso_8.2.2_650/lpcxpresso/tools/bin/../lib/gcc/arm-none-eabi/5.4.1/../../../../arm-none-eabi/lib/armv7-m\libc.a(lib_a-writer.o)
 .data          0x100004e8        0x0 d:/nxp/lpcxpresso_8.2.2_650/lpcxpresso/tools/bin/../lib/gcc/arm-none-eabi/5.4.1/../../../../arm-none-eabi/lib/armv7-m\libc.a(lib_a-closer.o)
 .data          0x100004e8        0x0 d:/nxp/lpcxpresso_8.2.2_650/lpcxpresso/tools/bin/../lib/gcc/arm-none-eabi/5.4.1/../../../../arm-none-eabi/lib/armv7-m\libc.a(lib_a-fclose.o)
 .data          0x100004e8        0x0 d:/nxp/lpcxpresso_8.2.2_650/lpcxpresso/tools/bin/../lib/gcc/arm-none-eabi/5.4.1/../../../../arm-none-eabi/lib/armv7-m\libc.a(lib_a-fputwc.o)
 .data          0x100004e8        0x0 d:/nxp/lpcxpresso_8.2.2_650/lpcxpresso/tools/bin/../lib/gcc/arm-none-eabi/5.4.1/../../../../arm-none-eabi/lib/armv7-m\libc.a(lib_a-fstatr.o)
 .data          0x100004e8        0x0 d:/nxp/lpcxpresso_8.2.2_650/lpcxpresso/tools/bin/../lib/gcc/arm-none-eabi/5.4.1/../../../../arm-none-eabi/lib/armv7-m\libc.a(lib_a-fvwrite.o)
 .data          0x100004e8        0x0 d:/nxp/lpcxpresso_8.2.2_650/lpcxpresso/tools/bin/../lib/gcc/arm-none-eabi/5.4.1/../../../../arm-none-eabi/lib/armv7-m\libc.a(lib_a-isattyr.o)
 .data          0x100004e8        0x0 d:/nxp/lpcxpresso_8.2.2_650/lpcxpresso/tools/bin/../lib/gcc/arm-none-eabi/5.4.1/../../../../arm-none-eabi/lib/armv7-m\libc.a(lib_a-lseekr.o)
 .data          0x100004e8        0x0 d:/nxp/lpcxpresso_8.2.2_650/lpcxpresso/tools/bin/../lib/gcc/arm-none-eabi/5.4.1/../../../../arm-none-eabi/lib/armv7-m\libc.a(lib_a-memmove.o)
 .data          0x100004e8        0x0 d:/nxp/lpcxpresso_8.2.2_650/lpcxpresso/tools/bin/../lib/gcc/arm-none-eabi/5.4.1/../../../../arm-none-eabi/lib/armv7-m\libc.a(lib_a-readr.o)
 .data          0x100004e8        0x0 d:/nxp/lpcxpresso_8.2.2_650/lpcxpresso/tools/bin/../lib/gcc/arm-none-eabi/5.4.1/../../../../arm-none-eabi/lib/armv7-m\libc.a(lib_a-reent.o)
 .data          0x100004e8        0x0 d:/nxp/lpcxpresso_8.2.2_650/lpcxpresso/tools/bin/../lib/gcc/arm-none-eabi/5.4.1/../../../../arm-none-eabi/lib/armv7-m\libc.a(lib_a-wbuf.o)
 .data          0x100004e8        0x0 d:/nxp/lpcxpresso_8.2.2_650/lpcxpresso/tools/bin/../lib/gcc/arm-none-eabi/5.4.1/../../../../arm-none-eabi/lib/armv7-m\libc.a(lib_a-wcrtomb.o)
 .data          0x100004e8        0x0 d:/nxp/lpcxpresso_8.2.2_650/lpcxpresso/tools/bin/../lib/gcc/arm-none-eabi/5.4.1/../../../../arm-none-eabi/lib/armv7-m\libc.a(lib_a-wctomb_r.o)
 .data.__wctomb
                0x100004e8        0x4 d:/nxp/lpcxpresso_8.2.2_650/lpcxpresso/tools/bin/../lib/gcc/arm-none-eabi/5.4.1/../../../../arm-none-eabi/lib/armv7-m\libc.a(lib_a-wctomb_r.o)
                0x100004e8                __wctomb
 .data          0x100004ec        0x0 d:/nxp/lpcxpresso_8.2.2_650/lpcxpresso/tools/bin/../lib/gcc/arm-none-eabi/5.4.1/../../../../arm-none-eabi/lib/armv7-m\libcr_newlib_semihost.a(syscalls.o)
 .data          0x100004ec        0x0 d:/nxp/lpcxpresso_8.2.2_650/lpcxpresso/tools/bin/../lib/gcc/arm-none-eabi/5.4.1/armv7-m\libgcc.a(_arm_muldivdf3.o)
 .data          0x100004ec        0x0 d:/nxp/lpcxpresso_8.2.2_650/lpcxpresso/tools/bin/../lib/gcc/arm-none-eabi/5.4.1/armv7-m\libgcc.a(_arm_cmpdf2.o)
 .data          0x100004ec        0x0 d:/nxp/lpcxpresso_8.2.2_650/lpcxpresso/tools/bin/../lib/gcc/arm-none-eabi/5.4.1/armv7-m\libgcc.a(_arm_unorddf2.o)
 .data          0x100004ec        0x0 d:/nxp/lpcxpresso_8.2.2_650/lpcxpresso/tools/bin/../lib/gcc/arm-none-eabi/5.4.1/armv7-m\libgcc.a(_arm_fixdfsi.o)
 .data          0x100004ec        0x0 d:/nxp/lpcxpresso_8.2.2_650/lpcxpresso/tools/bin/../lib/gcc/arm-none-eabi/5.4.1/armv7-m\libgcc.a(_aeabi_uldivmod.o)
 .data          0x100004ec        0x0 d:/nxp/lpcxpresso_8.2.2_650/lpcxpresso/tools/bin/../lib/gcc/arm-none-eabi/5.4.1/armv7-m\libgcc.a(_udivmoddi4.o)