Archive member included to satisfy reference by file (symbol)

../Libraries\libCMSISv2_LPC17xx.a(system_LPC17xx.o)
                              ./src/drivers/uart/uart.o (SystemFrequency)
d:/nxp/lpcxpresso_8.2.2_650/lpcxpresso/tools/bin/../lib/gcc/arm-none-eabi/5.4.1/armv7-m\libgcc.a(_arm_fixsfsi.o)
                              ./src/pi7/interpretador_comando/interpretador_comando.o (__aeabi_f2iz)
d:/nxp/lpcxpresso_8.2.2_650/lpcxpresso/tools/bin/../lib/gcc/arm-none-eabi/5.4.1/../../../../arm-none-eabi/lib/armv7-m\libc.a(lib_a-memcpy.o)
                              ./src/drivers/console/alloc.o (memcpy)
d:/nxp/lpcxpresso_8.2.2_650/lpcxpresso/tools/bin/../lib/gcc/arm-none-eabi/5.4.1/../../../../arm-none-eabi/lib/armv7-m\libc.a(lib_a-memset.o)
                              ./FreeRTOS_src/tasks.o (memset)
d:/nxp/lpcxpresso_8.2.2_650/lpcxpresso/tools/bin/../lib/gcc/arm-none-eabi/5.4.1/../../../../arm-none-eabi/lib/armv7-m\libc.a(lib_a-printf.o)
                              ./src/pi7/interpretador_comando/interpretador_comando.o (printf)
d:/nxp/lpcxpresso_8.2.2_650/lpcxpresso/tools/bin/../lib/gcc/arm-none-eabi/5.4.1/../../../../arm-none-eabi/lib/armv7-m\libc.a(lib_a-sprintf.o)
                              ./src/drivers/console/basic_io.o (sprintf)
d:/nxp/lpcxpresso_8.2.2_650/lpcxpresso/tools/bin/../lib/gcc/arm-none-eabi/5.4.1/../../../../arm-none-eabi/lib/armv7-m\libc.a(lib_a-strcat.o)
                              ./FreeRTOS_src/tasks.o (strcat)
d:/nxp/lpcxpresso_8.2.2_650/lpcxpresso/tools/bin/../lib/gcc/arm-none-eabi/5.4.1/../../../../arm-none-eabi/lib/armv7-m\libc.a(lib_a-strcpy.o)
                              d:/nxp/lpcxpresso_8.2.2_650/lpcxpresso/tools/bin/../lib/gcc/arm-none-eabi/5.4.1/../../../../arm-none-eabi/lib/armv7-m\libc.a(lib_a-strcat.o) (strcpy)
d:/nxp/lpcxpresso_8.2.2_650/lpcxpresso/tools/bin/../lib/gcc/arm-none-eabi/5.4.1/../../../../arm-none-eabi/lib/armv7-m\libc.a(lib_a-strlen-stub.o)
                              ./src/drivers/console/consoleprint.o (strlen)
d:/nxp/lpcxpresso_8.2.2_650/lpcxpresso/tools/bin/../lib/gcc/arm-none-eabi/5.4.1/../../../../arm-none-eabi/lib/armv7-m\libc.a(lib_a-strncpy.o)
                              ./FreeRTOS_src/tasks.o (strncpy)
d:/nxp/lpcxpresso_8.2.2_650/lpcxpresso/tools/bin/../lib/gcc/arm-none-eabi/5.4.1/../../../../arm-none-eabi/lib/armv7-m\libc.a(lib_a-svfprintf.o)
                              d:/nxp/lpcxpresso_8.2.2_650/lpcxpresso/tools/bin/../lib/gcc/arm-none-eabi/5.4.1/../../../../arm-none-eabi/lib/armv7-m\libc.a(lib_a-sprintf.o) (_svfprintf_r)
d:/nxp/lpcxpresso_8.2.2_650/lpcxpresso/tools/bin/../lib/gcc/arm-none-eabi/5.4.1/../../../../arm-none-eabi/lib/armv7-m\libc.a(lib_a-vfprintf.o)
                              d:/nxp/lpcxpresso_8.2.2_650/lpcxpresso/tools/bin/../lib/gcc/arm-none-eabi/5.4.1/../../../../arm-none-eabi/lib/armv7-m\libc.a(lib_a-printf.o) (_vfprintf_r)
d:/nxp/lpcxpresso_8.2.2_650/lpcxpresso/tools/bin/../lib/gcc/arm-none-eabi/5.4.1/../../../../arm-none-eabi/lib/armv7-m\libc.a(lib_a-wsetup.o)
                              d:/nxp/lpcxpresso_8.2.2_650/lpcxpresso/tools/bin/../lib/gcc/arm-none-eabi/5.4.1/../../../../arm-none-eabi/lib/armv7-m\libc.a(lib_a-vfprintf.o) (__swsetup_r)
d:/nxp/lpcxpresso_8.2.2_650/lpcxpresso/tools/bin/../lib/gcc/arm-none-eabi/5.4.1/../../../../arm-none-eabi/lib/armv7-m\libc.a(lib_a-dtoa.o)
                              d:/nxp/lpcxpresso_8.2.2_650/lpcxpresso/tools/bin/../lib/gcc/arm-none-eabi/5.4.1/../../../../arm-none-eabi/lib/armv7-m\libc.a(lib_a-svfprintf.o) (_dtoa_r)
d:/nxp/lpcxpresso_8.2.2_650/lpcxpresso/tools/bin/../lib/gcc/arm-none-eabi/5.4.1/../../../../arm-none-eabi/lib/armv7-m\libc.a(lib_a-fflush.o)
                              d:/nxp/lpcxpresso_8.2.2_650/lpcxpresso/tools/bin/../lib/gcc/arm-none-eabi/5.4.1/../../../../arm-none-eabi/lib/armv7-m\libc.a(lib_a-vfprintf.o) (_fflush_r)
d:/nxp/lpcxpresso_8.2.2_650/lpcxpresso/tools/bin/../lib/gcc/arm-none-eabi/5.4.1/../../../../arm-none-eabi/lib/armv7-m\libc.a(lib_a-findfp.o)
                              d:/nxp/lpcxpresso_8.2.2_650/lpcxpresso/tools/bin/../lib/gcc/arm-none-eabi/5.4.1/../../../../arm-none-eabi/lib/armv7-m\libc.a(lib_a-vfprintf.o) (__sinit)
d:/nxp/lpcxpresso_8.2.2_650/lpcxpresso/tools/bin/../lib/gcc/arm-none-eabi/5.4.1/../../../../arm-none-eabi/lib/armv7-m\libc.a(lib_a-fwalk.o)
                              d:/nxp/lpcxpresso_8.2.2_650/lpcxpresso/tools/bin/../lib/gcc/arm-none-eabi/5.4.1/../../../../arm-none-eabi/lib/armv7-m\libc.a(lib_a-findfp.o) (_fwalk)
d:/nxp/lpcxpresso_8.2.2_650/lpcxpresso/tools/bin/../lib/gcc/arm-none-eabi/5.4.1/../../../../arm-none-eabi/lib/armv7-m\libc.a(lib_a-impure.o)
                              d:/nxp/lpcxpresso_8.2.2_650/lpcxpresso/tools/bin/../lib/gcc/arm-none-eabi/5.4.1/../../../../arm-none-eabi/lib/armv7-m\libc.a(lib_a-fflush.o) (_global_impure_ptr)
d:/nxp/lpcxpresso_8.2.2_650/lpcxpresso/tools/bin/../lib/gcc/arm-none-eabi/5.4.1/../../../../arm-none-eabi/lib/armv7-m\libc.a(lib_a-locale.o)
[...]
Memory Configuration

Name             Origin             Length             Attributes
MFlash512        0x00000000         0x00080000         xr
RamLoc32         0x10000000         0x00008000         xrw
RamAHB32         0x2007c000         0x00008000         xrw
*default*        0x00000000         0xffffffff

Linker script and memory map

LOAD ./src/pi7/programa_trajetoria/programa_trajetoria.o
LOAD ./src/pi7/interpretador_comando/interpretador_comando.o
LOAD ./src/pi7/estado_trajetoria/estado_trajetoria.o
LOAD ./src/pi7/controlador_trajetoria/controlador_trajetoria.o
LOAD ./src/pi7/comunicacao_pic/comunicacao_pic.o
LOAD ./src/pi7/comunicacao_pc/modbus.o
LOAD ./src/drivers/uart/uart.o
LOAD ./src/drivers/spi/spi.o
LOAD ./src/drivers/pwm/pwm.o
LOAD ./src/drivers/ledonboard/leds.o
LOAD ./src/drivers/console/alloc.o
LOAD ./src/drivers/console/basic_io.o
LOAD ./src/drivers/console/consoleprint.o
LOAD ./src/cr_startup_lpc17.o
LOAD ./src/main.o
LOAD ./FreeRTOS_src/croutine.o
LOAD ./FreeRTOS_src/list.o
LOAD ./FreeRTOS_src/queue.o
LOAD ./FreeRTOS_src/tasks.o
LOAD ./FreeRTOS_src/timers.o
LOAD ./FreeRTOS_portable/MemMang/heap_2.o
LOAD ./FreeRTOS_portable/port.o
LOAD ../Libraries\libCMSISv2_LPC17xx.a
START GROUP
LOAD d:/nxp/lpcxpresso_8.2.2_650/lpcxpresso/tools/bin/../lib/gcc/arm-none-eabi/5.4.1/armv7-m\libgcc.a
LOAD d:/nxp/lpcxpresso_8.2.2_650/lpcxpresso/tools/bin/../lib/gcc/arm-none-eabi/5.4.1/../../../../arm-none-eabi/lib/armv7-m\libc.a
LOAD d:/nxp/lpcxpresso_8.2.2_650/lpcxpresso/tools/bin/../lib/gcc/arm-none-eabi/5.4.1/../../../../arm-none-eabi/lib/armv7-m\libm.a
LOAD d:/nxp/lpcxpresso_8.2.2_650/lpcxpresso/tools/bin/../lib/gcc/arm-none-eabi/5.4.1/../../../../arm-none-eabi/lib/armv7-m\libcr_newlib_semihost.a
END GROUP
                0x00000000                __base_MFlash512 = 0x0
                0x00000000                __base_Flash = 0x0
                0x00080000                __top_MFlash512 = 0x80000
                0x00080000                __top_Flash = 0x80000
                0x10000000                __base_RamLoc32 = 0x10000000
                0x10000000                __base_RAM = 0x10000000
                0x10008000                __top_RamLoc32 = 0x10008000
                0x10008000                __top_RAM = 0x10008000
                0x2007c000                __base_RamAHB32 = 0x2007c000
                0x2007c000                __base_RAM2 = 0x2007c000
                0x20084000                __top_RamAHB32 = 0x20084000
                0x20084000                __top_RAM2 = 0x20084000

.text           0x00000000     0xb790
 FILL mask 0xff
                0x00000000                __vectors_start__ = ABSOLUTE (.)
 *(.isr_vector)
 .isr_vector    0x00000000       0xcc ./src/cr_startup_lpc17.o
                0x00000000                g_pfnVectors
                0x000000cc                . = ALIGN (0x4)
                0x000000cc                __section_table_start = .
                0x000000cc                __data_section_table = .
                0x000000cc        0x4 LONG 0xb798 LOADADDR (.data)
                0x000000d0        0x4 LONG 0x10000000 ADDR (.data)
                0x000000d4        0x4 LONG 0x4ec SIZEOF (.data)
                0x000000d8        0x4 LONG 0xb798 LOADADDR (.data_RAM2)
                0x000000dc        0x4 LONG 0x2007c000 ADDR (.data_RAM2)
                0x000000e0        0x4 LONG 0x0 SIZEOF (.data_RAM2)
                0x000000e4                __data_section_table_end = .
                0x000000e4                __bss_section_table = .
                0x000000e4        0x4 LONG 0x100004f0 ADDR (.bss)
                0x000000e8        0x4 LONG 0x59b8 SIZEOF (.bss)
                0x000000ec        0x4 LONG 0x2007c000 ADDR (.bss_RAM2)
                0x000000f0        0x4 LONG 0x0 SIZEOF (.bss_RAM2)
                0x000000f4                __bss_section_table_end = .
                0x000000f4                __section_table_end = .
 *(.after_vectors*)
 *(.text*)
 .text          0x000000f4        0x0 ./src/pi7/programa_trajetoria/programa_trajetoria.o
 .text.ptj_storeProgram
                0x000000f4        0x2 ./src/pi7/programa_trajetoria/programa_trajetoria.o
                0x000000f4                ptj_storeProgram
 *fill*         0x000000f6        0x2 ff
 .text.ptj_getLine
                0x000000f8       0x1c ./src/pi7/programa_trajetoria/programa_trajetoria.o
                0x000000f8                ptj_getLine
 .text.ptj_init
                0x00000114       0x1c ./src/pi7/programa_trajetoria/programa_trajetoria.o
                0x00000114                ptj_init
 .text          0x00000130        0x0 ./src/pi7/interpretador_comando/interpretador_comando.o
 .text.setAUX   0x00000130        0xc ./src/pi7/interpretador_comando/interpretador_comando.o
                0x00000130                setAUX
 .text.getAUX   0x0000013c        0xc ./src/pi7/interpretador_comando/interpretador_comando.o
                0x0000013c                getAUX
 .text.ctl_ReadRegister
                0x00000148       0x44 ./src/pi7/interpretador_comando/interpretador_comando.o
                0x00000148                ctl_ReadRegister
 .text.ctl_WriteRegister
                0x0000018c       0x64 ./src/pi7/interpretador_comando/interpretador_comando.o
                0x0000018c                ctl_WriteRegister
 .text.ctl_WriteProgram
                0x000001f0        0x4 ./src/pi7/interpretador_comando/interpretador_comando.o
                0x000001f0                ctl_WriteProgram
 .text.ctl_init
                0x000001f4        0x2 ./src/pi7/interpretador_comando/interpretador_comando.o
                0x000001f4                ctl_init
 .text          0x000001f6        0x0 ./src/pi7/estado_trajetoria/estado_trajetoria.o
 *fill*         0x000001f6        0x2 ff
 .text.stt_getCurrentLine
                0x000001f8        0xc ./src/pi7/estado_trajetoria/estado_trajetoria.o
                0x000001f8                stt_getCurrentLine
 .text.stt_setCurrentLine
                0x00000204        0xc ./src/pi7/estado_trajetoria/estado_trajetoria.o
                0x00000204                stt_setCurrentLine
 .text.stt_getX
                0x00000210        0xc ./src/pi7/estado_trajetoria/estado_trajetoria.o
                0x00000210                stt_getX
 .text.stt_getY
                0x0000021c        0xc ./src/pi7/estado_trajetoria/estado_trajetoria.o
                0x0000021c                stt_getY
 .text.stt_getZ
                0x00000228        0xc ./src/pi7/estado_trajetoria/estado_trajetoria.o
                0x00000228                stt_getZ
 .text.stt_setX
                0x00000234        0xc ./src/pi7/estado_trajetoria/estado_trajetoria.o
                0x00000234                stt_setX
 .text.stt_setY
                0x00000240        0xc ./src/pi7/estado_trajetoria/estado_trajetoria.o
                0x00000240                stt_setY
 .text.stt_setZ
                0x0000024c        0xc ./src/pi7/estado_trajetoria/estado_trajetoria.o
                0x0000024c                stt_setZ
 .text.stt_init
                0x00000258        0x2 ./src/pi7/estado_trajetoria/estado_trajetoria.o
                0x00000258                stt_init
 .text          0x0000025a        0x0 ./src/pi7/controlador_trajetoria/controlador_trajetoria.o
 *fill*         0x0000025a        0x2 ff
 .text.trj_generateSetpoint
                0x0000025c       0x54 ./src/pi7/controlador_trajetoria/controlador_trajetoria.o
                0x0000025c                trj_generateSetpoint
 .text.trj_processCommand
                0x000002b0       0x3c ./src/pi7/controlador_trajetoria/controlador_trajetoria.o
                0x000002b0                trj_processCommand
 .text.trj_init
                0x000002ec        0xc ./src/pi7/controlador_trajetoria/controlador_trajetoria.o
                0x000002ec                trj_init
 .text          0x000002f8        0x0 ./src/pi7/comunicacao_pic/comunicacao_pic.o
 .text.pic_init
                0x000002f8        0x4 ./src/pi7/comunicacao_pic/comunicacao_pic.o
                0x000002f8                pic_init
 .text.pic_sendToPIC
                0x000002fc        0xc ./src/pi7/comunicacao_pic/comunicacao_pic.o
                0x000002fc                pic_sendToPIC
 .text          0x00000308        0x0 ./src/pi7/comunicacao_pc/modbus.o
 .text.decode   0x00000308       0x20 ./src/pi7/comunicacao_pc/modbus.o
                0x00000308                decode
 .text.encodeLow
                0x00000328        0xe ./src/pi7/comunicacao_pc/modbus.o
                0x00000328                encodeLow
 .text.encodeHigh
                0x00000336        0xc ./src/pi7/comunicacao_pc/modbus.o
                0x00000336                encodeHigh
 *fill*         0x00000342        0x2 ff
 .text.putCharToSerial
                0x00000344       0x30 ./src/pi7/comunicacao_pc/modbus.o
                0x00000344                putCharToSerial
 .text.getCharFromSerial
                0x00000374       0x34 ./src/pi7/comunicacao_pc/modbus.o
                0x00000374                getCharFromSerial
 .text.myLRC    0x000003a8       0x1c ./src/pi7/comunicacao_pc/modbus.o
                0x000003a8                myLRC
 .text.calculateLRC
                0x000003c4        0x4 ./src/pi7/comunicacao_pc/modbus.o
                0x000003c4                calculateLRC
 .text.checkLRC
                0x000003c8       0x50 ./src/pi7/comunicacao_pc/modbus.o
                0x000003c8                checkLRC
 .text.processReadRegister
                0x00000418       0x78 ./src/pi7/comunicacao_pc/modbus.o
                0x00000418                processReadRegister
 .text.processWriteRegister
                0x00000490       0x98 ./src/pi7/comunicacao_pc/modbus.o
                0x00000490                processWriteRegister
 .text.processWriteFile
                0x00000528        0x2 ./src/pi7/comunicacao_pc/modbus.o
                0x00000528                processWriteFile
 *fill*         0x0000052a        0x2 ff
 .text.decodeFunctionCode
                0x0000052c       0x14 ./src/pi7/comunicacao_pc/modbus.o
                0x0000052c                decodeFunctionCode
 .text.processMessage
                0x00000540       0x2c ./src/pi7/comunicacao_pc/modbus.o
                0x00000540                processMessage
 .text.receiveMessage
                0x0000056c       0x70 ./src/pi7/comunicacao_pc/modbus.o
                0x0000056c                receiveMessage
 .text.com_init
                0x000005dc       0x1c ./src/pi7/comunicacao_pc/modbus.o
                0x000005dc                com_init
 .text.com_executeCommunication
                0x000005f8       0x1c ./src/pi7/comunicacao_pc/modbus.o
                0x000005f8                com_executeCommunication
 .text          0x00000614        0x0 ./src/drivers/uart/uart.o
 .text.UARTGetChar
                0x00000614       0x3c ./src/drivers/uart/uart.o
                0x00000614                UARTGetChar
 .text.UART0_IRQHandler
                0x00000650       0xb8 ./src/drivers/uart/uart.o
                0x00000650                UART0_IRQHandler
 .text.UART1_IRQHandler
                0x00000708       0xb8 ./src/drivers/uart/uart.o
                0x00000708                UART1_IRQHandler
 .text.UARTInit
                0x000007c0      0x104 ./src/drivers/uart/uart.o
                0x000007c0                UARTInit
 .text.UARTSend
                0x000008c4       0x50 ./src/drivers/uart/uart.o
                0x000008c4                UARTSend
 .text.UARTSendNullTerminated
                0x00000914       0x50 ./src/drivers/uart/uart.o
                0x00000914                UARTSendNullTerminated
 .text          0x00000964        0x0 ./src/drivers/spi/spi.o
 .text.spi_init
                0x00000964       0x74 ./src/drivers/spi/spi.o
                0x00000964                spi_init
 .text.spi_txrx
                0x000009d8       0x40 ./src/drivers/spi/spi.o
                0x000009d8                spi_txrx
 .text.spi_txrx2
                0x00000a18       0x30 ./src/drivers/spi/spi.o
                0x00000a18                spi_txrx2
 .text          0x00000a48        0x0 ./src/drivers/pwm/pwm.o
 .text.PWM1_IRQHandler
                0x00000a48       0x20 ./src/drivers/pwm/pwm.o
                0x00000a48                PWM1_IRQHandler
 .text.PWM_Init
                0x00000a68       0x70 ./src/drivers/pwm/pwm.o
                0x00000a68                PWM_Init
 .text.PWM_Set  0x00000ad8       0x1c ./src/drivers/pwm/pwm.o
                0x00000ad8                PWM_Set
 .text.PWM_Start
                0x00000af4       0x18 ./src/drivers/pwm/pwm.o
                0x00000af4                PWM_Start
 .text.PWM_Stop
                0x00000b0c       0x14 ./src/drivers/pwm/pwm.o
                0x00000b0c                PWM_Stop
 .text          0x00000b20        0x0 ./src/drivers/ledonboard/leds.o
 .text.led2_init
                0x00000b20       0x20 ./src/drivers/ledonboard/leds.o
                0x00000b20                led2_init
 .text.led2_on  0x00000b40       0x10 ./src/drivers/ledonboard/leds.o
                0x00000b40                led2_on
 .text.led2_off
                0x00000b50       0x10 ./src/drivers/ledonboard/leds.o
                0x00000b50                led2_off
 .text.led2_invert
                0x00000b60       0x18 ./src/drivers/ledonboard/leds.o
                0x00000b60                led2_invert
 .text.led2_from_button
                0x00000b78       0x1c ./src/drivers/ledonboard/leds.o
                0x00000b78                led2_from_button
 .text          0x00000b94        0x0 ./src/drivers/console/alloc.o
 .text._realloc_r
                0x00000b94       0x2a ./src/drivers/console/alloc.o
                0x00000b94                _realloc_r
 .text._calloc_r
                0x00000bbe        0x8 ./src/drivers/console/alloc.o
                0x00000bbe                _calloc_r
 .text._malloc_r
                0x00000bc6        0x6 ./src/drivers/console/alloc.o
                0x00000bc6                _malloc_r
 .text._free_r  0x00000bcc        0x6 ./src/drivers/console/alloc.o
                0x00000bcc                _free_r
 .text          0x00000bd2        0x0 ./src/drivers/console/basic_io.o
 *fill*         0x00000bd2        0x2 ff
 .text.vPrintString
                0x00000bd4       0x20 ./src/drivers/console/basic_io.o
                0x00000bd4                vPrintString
 .text.vPrintStringAndNumber
                0x00000bf4       0x30 ./src/drivers/console/basic_io.o
                0x00000bf4                vPrintStringAndNumber
 .text          0x00000c24        0x0 ./src/drivers/console/consoleprint.o
 .text.consoleprint
                0x00000c24       0x16 ./src/drivers/console/consoleprint.o
                0x00000c24                consoleprint
 .text          0x00000c3a        0x0 ./src/cr_startup_lpc17.o
 .text.NMI_Handler
                0x00000c3a        0x2 ./src/cr_startup_lpc17.o
                0x00000c3a                NMI_Handler
 .text.HardFault_Handler
                0x00000c3c        0x2 ./src/cr_startup_lpc17.o
                0x00000c3c                HardFault_Handler
 .text.MemManage_Handler
                0x00000c3e        0x2 ./src/cr_startup_lpc17.o
                0x00000c3e                MemManage_Handler
 .text.BusFault_Handler
                0x00000c40        0x2 ./src/cr_startup_lpc17.o
                0x00000c40                BusFault_Handler
 .text.UsageFault_Handler
                0x00000c42        0x2 ./src/cr_startup_lpc17.o
                0x00000c42                UsageFault_Handler
 .text.DebugMon_Handler
                0x00000c44        0x2 ./src/cr_startup_lpc17.o
                0x00000c44                DebugMon_Handler
 .text.IntDefaultHandler
                0x00000c46        0x2 ./src/cr_startup_lpc17.o
                0x00000c46                TIMER2_IRQHandler
                0x00000c46                RIT_IRQHandler
                0x00000c46                I2C0_IRQHandler
                0x00000c46                USBActivity_IRQHandler
                0x00000c46                I2C1_IRQHandler
                0x00000c46                EINT2_IRQHandler
                0x00000c46                EINT3_IRQHandler
                0x00000c46                CANActivity_IRQHandler
                0x00000c46                TIMER3_IRQHandler
                0x00000c46                IntDefaultHandler
                0x00000c46                PLL0_IRQHandler
                0x00000c46                CAN_IRQHandler
                0x00000c46                PLL1_IRQHandler
                0x00000c46                SSP0_IRQHandler
                0x00000c46                I2S_IRQHandler
                0x00000c46                I2C2_IRQHandler
                0x00000c46                RTC_IRQHandler
                0x00000c46                TIMER0_IRQHandler
                0x00000c46                SPI_IRQHandler
                0x00000c46                EINT1_IRQHandler
                0x00000c46                TIMER1_IRQHandler
                0x00000c46                UART2_IRQHandler
                0x00000c46                ADC_IRQHandler
                0x00000c46                SSP1_IRQHandler
                0x00000c46                USB_IRQHandler
                0x00000c46                BOD_IRQHandler
                0x00000c46                WDT_IRQHandler
                0x00000c46                QEI_IRQHandler
                0x00000c46                EINT0_IRQHandler
                0x00000c46                DMA_IRQHandler
                0x00000c46                UART3_IRQHandler
                0x00000c46                MCPWM_IRQHandler
                0x00000c46                ENET_IRQHandler
 .text.ResetISR
                0x00000c48       0x48 ./src/cr_startup_lpc17.o
                0x00000c48                ResetISR
 .text          0x00000c90        0x0 ./src/main.o
 .text.taskController
                0x00000c90       0x14 ./src/main.o
                0x00000c90                taskController
 .text.taskBlinkLed
                0x00000ca4       0x3c ./src/main.o
                0x00000ca4                taskBlinkLed
 .text.__error__
                0x00000ce0        0x2 ./src/main.o
                0x00000ce0                __error__
 *fill*         0x00000ce2        0x2 ff
 .text.taskNCProcessing
                0x00000ce4       0x3c ./src/main.o
                0x00000ce4                taskNCProcessing
 .text.taskCommPIC
                0x00000d20       0x24 ./src/main.o
                0x00000d20                taskCommPIC
 .text.startup.main
                0x00000d44       0xc0 ./src/main.o
                0x00000d44                main
 .text          0x00000e04        0x0 ./FreeRTOS_src/croutine.o
 .text.xCoRoutineCreate
                0x00000e04       0xc4 ./FreeRTOS_src/croutine.o
                0x00000e04                xCoRoutineCreate
 .text.vCoRoutineAddToDelayedList
                0x00000ec8       0x4c ./FreeRTOS_src/croutine.o
                0x00000ec8                vCoRoutineAddToDelayedList
 .text.vCoRoutineSchedule
                0x00000f14      0x164 ./FreeRTOS_src/croutine.o
                0x00000f14                vCoRoutineSchedule
 .text.xCoRoutineRemoveFromEventList
                0x00001078       0x34 ./FreeRTOS_src/croutine.o
                0x00001078                xCoRoutineRemoveFromEventList
 .text          0x000010ac        0x0 ./FreeRTOS_src/list.o
 .text.vListInitialise
                0x000010ac       0x16 ./FreeRTOS_src/list.o
                0x000010ac                vListInitialise
 .text.vListInitialiseItem
                0x000010c2        0x6 ./FreeRTOS_src/list.o
                0x000010c2                vListInitialiseItem
 .text.vListInsertEnd
                0x000010c8       0x1a ./FreeRTOS_src/list.o
                0x000010c8                vListInsertEnd
 .text.vListInsert
                0x000010e2       0x30 ./FreeRTOS_src/list.o
                0x000010e2                vListInsert
 .text.vListRemove
                0x00001112       0x20 ./FreeRTOS_src/list.o
                0x00001112                vListRemove
 .text          0x00001132        0x0 ./FreeRTOS_src/queue.o
 .text.prvCopyDataToQueue
                0x00001132       0x58 ./FreeRTOS_src/queue.o
 .text.prvCopyDataFromQueue
                0x0000118a       0x26 ./FreeRTOS_src/queue.o
 .text.prvUnlockQueue
                0x000011b0       0x68 ./FreeRTOS_src/queue.o
 .text.xQueueCreate
                0x00001218       0x68 ./FreeRTOS_src/queue.o
                0x00001218                xQueueCreate
 .text.xQueueGenericSend
                0x00001280       0xd0 ./FreeRTOS_src/queue.o
                0x00001280                xQueueGenericSend
 .text.xQueueCreateMutex
                0x00001350       0x44 ./FreeRTOS_src/queue.o
                0x00001350                xQueueCreateMutex
 .text.xQueueGiveMutexRecursive
                0x00001394       0x2a ./FreeRTOS_src/queue.o
                0x00001394                xQueueGiveMutexRecursive
 .text.xQueueGenericSendFromISR
                0x000013be       0x4e ./FreeRTOS_src/queue.o
                0x000013be                xQueueGenericSendFromISR
 .text.xQueueGenericReceive
                0x0000140c      0x104 ./FreeRTOS_src/queue.o
                0x0000140c                xQueueGenericReceive
 .text.xQueueTakeMutexRecursive
                0x00001510       0x32 ./FreeRTOS_src/queue.o
                0x00001510                xQueueTakeMutexRecursive
 .text.xQueueReceiveFromISR
                0x00001542       0x4a ./FreeRTOS_src/queue.o
                0x00001542                xQueueReceiveFromISR
 .text.uxQueueMessagesWaiting
                0x0000158c       0x12 ./FreeRTOS_src/queue.o
                0x0000158c                uxQueueMessagesWaiting
 .text.uxQueueMessagesWaitingFromISR
                0x0000159e        0x4 ./FreeRTOS_src/queue.o
                0x0000159e                uxQueueMessagesWaitingFromISR
 *fill*         0x000015a2        0x2 ff
 .text.vQueueDelete
                0x000015a4       0x38 ./FreeRTOS_src/queue.o
                0x000015a4                vQueueDelete
 .text.xQueueIsQueueEmptyFromISR
                0x000015dc        0xa ./FreeRTOS_src/queue.o
                0x000015dc                xQueueIsQueueEmptyFromISR
 .text.xQueueIsQueueFullFromISR
                0x000015e6        0xc ./FreeRTOS_src/queue.o
                0x000015e6                xQueueIsQueueFullFromISR
 *fill*         0x000015f2        0x2 ff
 .text.vQueueAddToRegistry
                0x000015f4       0x28 ./FreeRTOS_src/queue.o
                0x000015f4                vQueueAddToRegistry
 .text          0x0000161c        0x0 ./FreeRTOS_src/tasks.o
 .text.prvAddCurrentTaskToDelayedList
                0x0000161c       0x50 ./FreeRTOS_src/tasks.o
 .text.prvListTaskWithinSingleList
                0x0000166c       0x78 ./FreeRTOS_src/tasks.o
 .text.xTaskGenericCreate
                0x000016e4      0x194 ./FreeRTOS_src/tasks.o
                0x000016e4                xTaskGenericCreate
 .text.vTaskDelete
                0x00001878       0x70 ./FreeRTOS_src/tasks.o
                0x00001878                vTaskDelete
 .text.uxTaskPriorityGet
                0x000018e8       0x1c ./FreeRTOS_src/tasks.o
                0x000018e8                uxTaskPriorityGet
 .text.vTaskPrioritySet
                0x00001904       0x94 ./FreeRTOS_src/tasks.o
                0x00001904                vTaskPrioritySet
 .text.xTaskIsTaskSuspended
                0x00001998       0x24 ./FreeRTOS_src/tasks.o
                0x00001998                xTaskIsTaskSuspended
 .text.vTaskResume
                0x000019bc       0x64 ./FreeRTOS_src/tasks.o
                0x000019bc                vTaskResume
 .text.xTaskResumeFromISR
                0x00001a20       0x6c ./FreeRTOS_src/tasks.o
                0x00001a20                xTaskResumeFromISR
 .text.vTaskStartScheduler
                0x00001a8c       0x4c ./FreeRTOS_src/tasks.o
                0x00001a8c                vTaskStartScheduler
 .text.vTaskEndScheduler
                0x00001ad8       0x18 ./FreeRTOS_src/tasks.o
                0x00001ad8                vTaskEndScheduler
 .text.vTaskSuspendAll
                0x00001af0       0x10 ./FreeRTOS_src/tasks.o
                0x00001af0                vTaskSuspendAll
 .text.xTaskGetTickCount
                0x00001b00       0x18 ./FreeRTOS_src/tasks.o
                0x00001b00                xTaskGetTickCount
 .text.xTaskGetTickCountFromISR
                0x00001b18       0x1c ./FreeRTOS_src/tasks.o
                0x00001b18                xTaskGetTickCountFromISR
 .text.uxTaskGetNumberOfTasks
                0x00001b34        0xc ./FreeRTOS_src/tasks.o
                0x00001b34                uxTaskGetNumberOfTasks
 .text.vTaskStartTrace
                0x00001b40       0x38 ./FreeRTOS_src/tasks.o
                0x00001b40                vTaskStartTrace
 .text.ulTaskEndTrace
                0x00001b78       0x28 ./FreeRTOS_src/tasks.o
                0x00001b78                ulTaskEndTrace
 .text.vTaskIncrementTick
                0x00001ba0       0xe0 ./FreeRTOS_src/tasks.o
                0x00001ba0                vTaskIncrementTick
 .text.xTaskResumeAll
                0x00001c80       0xc8 ./FreeRTOS_src/tasks.o
                0x00001c80                xTaskResumeAll
 .text.vTaskDelayUntil
                0x00001d48       0x5c ./FreeRTOS_src/tasks.o
                0x00001d48                vTaskDelayUntil
 .text.vTaskDelay
                0x00001da4       0x38 ./FreeRTOS_src/tasks.o
                0x00001da4                vTaskDelay
 .text.prvIdleTask
                0x00001ddc       0x60 ./FreeRTOS_src/tasks.o
 .text.vTaskList
                0x00001e3c       0xa8 ./FreeRTOS_src/tasks.o
                0x00001e3c                vTaskList
 .text.vTaskSwitchContext
                0x00001ee4       0xc4 ./FreeRTOS_src/tasks.o
                0x00001ee4                vTaskSwitchContext
 .text.vTaskSuspend
                0x00001fa8       0x74 ./FreeRTOS_src/tasks.o
                0x00001fa8                vTaskSuspend
 .text.vTaskPlaceOnEventList
                0x0000201c       0x44 ./FreeRTOS_src/tasks.o
                0x0000201c                vTaskPlaceOnEventList
 .text.xTaskRemoveFromEventList
                0x00002060       0x64 ./FreeRTOS_src/tasks.o
                0x00002060                xTaskRemoveFromEventList
 .text.vTaskSetTimeOutState
                0x000020c4       0x18 ./FreeRTOS_src/tasks.o
                0x000020c4                vTaskSetTimeOutState
 .text.xTaskCheckForTimeOut
                0x000020dc       0x54 ./FreeRTOS_src/tasks.o
                0x000020dc                xTaskCheckForTimeOut
 .text.vTaskMissedYield
                0x00002130        0xc ./FreeRTOS_src/tasks.o
                0x00002130                vTaskMissedYield
 .text.uxTaskGetStackHighWaterMark
                0x0000213c       0x20 ./FreeRTOS_src/tasks.o
                0x0000213c                uxTaskGetStackHighWaterMark
 .text.xTaskGetCurrentTaskHandle
                0x0000215c        0xc ./FreeRTOS_src/tasks.o
                0x0000215c                xTaskGetCurrentTaskHandle
 .text.vTaskPriorityInherit
                0x00002168       0x68 ./FreeRTOS_src/tasks.o
                0x00002168                vTaskPriorityInherit
 .text.vTaskPriorityDisinherit
                0x000021d0       0x48 ./FreeRTOS_src/tasks.o
                0x000021d0                vTaskPriorityDisinherit
 .text          0x00002218        0x0 ./FreeRTOS_src/timers.o
 .text          0x00002218        0x0 ./FreeRTOS_portable/MemMang/heap_2.o
 .text.pvPortMalloc
                0x00002218       0xb4 ./FreeRTOS_portable/MemMang/heap_2.o
                0x00002218                pvPortMalloc
 .text.vPortFree
                0x000022cc       0x40 ./FreeRTOS_portable/MemMang/heap_2.o
                0x000022cc                vPortFree
 .text.xPortGetFreeHeapSize
                0x0000230c        0xc ./FreeRTOS_portable/MemMang/heap_2.o
                0x0000230c                xPortGetFreeHeapSize
 .text.vPortInitialiseBlocks
                0x00002318        0x2 ./FreeRTOS_portable/MemMang/heap_2.o
                0x00002318                vPortInitialiseBlocks
 .text          0x0000231a        0x0 ./FreeRTOS_portable/port.o
 .text.pxPortInitialiseStack
                0x0000231a       0x16 ./FreeRTOS_portable/port.o
                0x0000231a                pxPortInitialiseStack
 .text.vPortSVCHandler
                0x00002330       0x20 ./FreeRTOS_portable/port.o
                0x00002330                vPortSVCHandler
 .text.vPortStartFirstTask
                0x00002350       0x14 ./FreeRTOS_portable/port.o
                0x00002350                vPortStartFirstTask
 .text.xPortStartScheduler
                0x00002364       0x40 ./FreeRTOS_portable/port.o
                0x00002364                xPortStartScheduler
 .text.vPortEndScheduler
                0x000023a4        0x2 ./FreeRTOS_portable/port.o
                0x000023a4                vPortEndScheduler
 *fill*         0x000023a6        0x2 ff
 .text.vPortYieldFromISR
                0x000023a8       0x10 ./FreeRTOS_portable/port.o
                0x000023a8                vPortYieldFromISR
 .text.vPortEnterCritical
                0x000023b8       0x18 ./FreeRTOS_portable/port.o
                0x000023b8                vPortEnterCritical
 .text.vPortExitCritical
                0x000023d0       0x18 ./FreeRTOS_portable/port.o
                0x000023d0                vPortExitCritical
 .text.xPortPendSVHandler
                0x000023e8       0x3c ./FreeRTOS_portable/port.o
                0x000023e8                xPortPendSVHandler
 .text.xPortSysTickHandler
                0x00002424       0x24 ./FreeRTOS_portable/port.o
                0x00002424                xPortSysTickHandler
 .text          0x00002448        0x0 ../Libraries\libCMSISv2_LPC17xx.a(system_LPC17xx.o)
 .text.SystemInit
                0x00002448      0x1e4 ../Libraries\libCMSISv2_LPC17xx.a(system_LPC17xx.o)
                0x00002448                SystemInit
 .text.SystemClockUpdate
                0x0000262c      0x224 ../Libraries\libCMSISv2_LPC17xx.a(system_LPC17xx.o)
                0x0000262c                SystemClockUpdate
 .text          0x00002850       0x4c d:/nxp/lpcxpresso_8.2.2_650/lpcxpresso/tools/bin/../lib/gcc/arm-none-eabi/5.4.1/armv7-m\libgcc.a(_arm_fixsfsi.o)
                0x00002850                __aeabi_f2iz
                0x00002850                __fixsfsi
 .text          0x0000289c       0xec d:/nxp/lpcxpresso_8.2.2_650/lpcxpresso/tools/bin/../lib/gcc/arm-none-eabi/5.4.1/../../../../arm-none-eabi/lib/armv7-m\libc.a(lib_a-memcpy.o)
                0x0000289c                memcpy
 .text          0x00002988        0x0 d:/nxp/lpcxpresso_8.2.2_650/lpcxpresso/tools/bin/../lib/gcc/arm-none-eabi/5.4.1/../../../../arm-none-eabi/lib/armv7-m\libc.a(lib_a-memset.o)
 .text.memset   0x00002988       0x9c d:/nxp/lpcxpresso_8.2.2_650/lpcxpresso/tools/bin/../lib/gcc/arm-none-eabi/5.4.1/../../../../arm-none-eabi/lib/armv7-m\libc.a(lib_a-memset.o)
                0x00002988                memset
 .text          0x00002a24        0x0 d:/nxp/lpcxpresso_8.2.2_650/lpcxpresso/tools/bin/../lib/gcc/arm-none-eabi/5.4.1/../../../../arm-none-eabi/lib/armv7-m\libc.a(lib_a-printf.o)
 .text._printf_r
                0x00002a24       0x20 d:/nxp/lpcxpresso_8.2.2_650/lpcxpresso/tools/bin/../lib/gcc/arm-none-eabi/5.4.1/../../../../arm-none-eabi/lib/armv7-m\libc.a(lib_a-printf.o)
                0x00002a24                _printf_r
 .text.printf   0x00002a44       0x28 d:/nxp/lpcxpresso_8.2.2_650/lpcxpresso/tools/bin/../lib/gcc/arm-none-eabi/5.4.1/../../../../arm-none-eabi/lib/armv7-m\libc.a(lib_a-printf.o)
                0x00002a44                printf
 .text          0x00002a6c        0x0 d:/nxp/lpcxpresso_8.2.2_650/lpcxpresso/tools/bin/../lib/gcc/arm-none-eabi/5.4.1/../../../../arm-none-eabi/lib/armv7-m\libc.a(lib_a-sprintf.o)
 .text._sprintf_r
                0x00002a6c       0x44 d:/nxp/lpcxpresso_8.2.2_650/lpcxpresso/tools/bin/../lib/gcc/arm-none-eabi/5.4.1/../../../../arm-none-eabi/lib/armv7-m\libc.a(lib_a-sprintf.o)
                0x00002a6c                _sprintf_r
 .text.sprintf  0x00002ab0       0x4c d:/nxp/lpcxpresso_8.2.2_650/lpcxpresso/tools/bin/../lib/gcc/arm-none-eabi/5.4.1/../../../../arm-none-eabi/lib/armv7-m\libc.a(lib_a-sprintf.o)
                0x00002ab0                sprintf
 .text          0x00002afc        0x0 d:/nxp/lpcxpresso_8.2.2_650/lpcxpresso/tools/bin/../lib/gcc/arm-none-eabi/5.4.1/../../../../arm-none-eabi/lib/armv7-m\libc.a(lib_a-strcat.o)
 .text.strcat   0x00002afc       0x40 d:/nxp/lpcxpresso_8.2.2_650/lpcxpresso/tools/bin/../lib/gcc/arm-none-eabi/5.4.1/../../../../arm-none-eabi/lib/armv7-m\libc.a(lib_a-strcat.o)
                0x00002afc                strcat
 .text          0x00002b3c        0x0 d:/nxp/lpcxpresso_8.2.2_650/lpcxpresso/tools/bin/../lib/gcc/arm-none-eabi/5.4.1/../../../../arm-none-eabi/lib/armv7-m\libc.a(lib_a-strcpy.o)
 .text.strcpy   0x00002b3c       0xbc d:/nxp/lpcxpresso_8.2.2_650/lpcxpresso/tools/bin/../lib/gcc/arm-none-eabi/5.4.1/../../../../arm-none-eabi/lib/armv7-m\libc.a(lib_a-strcpy.o)
                0x00002b3c                strcpy
 .text          0x00002bf8        0x0 d:/nxp/lpcxpresso_8.2.2_650/lpcxpresso/tools/bin/../lib/gcc/arm-none-eabi/5.4.1/../../../../arm-none-eabi/lib/armv7-m\libc.a(lib_a-strlen-stub.o)
 .text.strlen   0x00002bf8       0x5c d:/nxp/lpcxpresso_8.2.2_650/lpcxpresso/tools/bin/../lib/gcc/arm-none-eabi/5.4.1/../../../../arm-none-eabi/lib/armv7-m\libc.a(lib_a-strlen-stub.o)
                0x00002bf8                strlen
 .text          0x00002c54        0x0 d:/nxp/lpcxpresso_8.2.2_650/lpcxpresso/tools/bin/../lib/gcc/arm-none-eabi/5.4.1/../../../../arm-none-eabi/lib/armv7-m\libc.a(lib_a-strncpy.o)
 .text.strncpy  0x00002c54       0x68 d:/nxp/lpcxpresso_8.2.2_650/lpcxpresso/tools/bin/../lib/gcc/arm-none-eabi/5.4.1/../../../../arm-none-eabi/lib/armv7-m\libc.a(lib_a-strncpy.o)
                0x00002c54                strncpy
 .text          0x00002cbc        0x0 d:/nxp/lpcxpresso_8.2.2_650/lpcxpresso/tools/bin/../lib/gcc/arm-none-eabi/5.4.1/../../../../arm-none-eabi/lib/armv7-m\libc.a(lib_a-svfprintf.o)
 .text._svfprintf_r
                0x00002cbc     0x175c d:/nxp/lpcxpresso_8.2.2_650/lpcxpresso/tools/bin/../lib/gcc/arm-none-eabi/5.4.1/../../../../arm-none-eabi/lib/armv7-m\libc.a(lib_a-svfprintf.o)
                0x00002cbc                _svfprintf_r
 .text          0x00004418        0x0 d:/nxp/lpcxpresso_8.2.2_650/lpcxpresso/tools/bin/../lib/gcc/arm-none-eabi/5.4.1/../../../../arm-none-eabi/lib/armv7-m\libc.a(lib_a-vfprintf.o)
 .text._vfprintf_r
                0x00004418     0x1788 d:/nxp/lpcxpresso_8.2.2_650/lpcxpresso/tools/bin/../lib/gcc/arm-none-eabi/5.4.1/../../../../arm-none-eabi/lib/armv7-m\libc.a(lib_a-vfprintf.o)
                0x00004418                _vfprintf_r
 .text.vfprintf
                0x00005ba0       0x18 d:/nxp/lpcxpresso_8.2.2_650/lpcxpresso/tools/bin/../lib/gcc/arm-none-eabi/5.4.1/../../../../arm-none-eabi/lib/armv7-m\libc.a(lib_a-vfprintf.o)
                0x00005ba0                vfprintf
 .text.__sbprintf
                0x00005bb8       0x6c d:/nxp/lpcxpresso_8.2.2_650/lpcxpresso/tools/bin/../lib/gcc/arm-none-eabi/5.4.1/../../../../arm-none-eabi/lib/armv7-m\libc.a(lib_a-vfprintf.o)
 .text          0x00005c24        0x0 d:/nxp/lpcxpresso_8.2.2_650/lpcxpresso/tools/bin/../lib/gcc/arm-none-eabi/5.4.1/../../../../arm-none-eabi/lib/armv7-m\libc.a(lib_a-wsetup.o)
 .text.__swsetup_r
                0x00005c24       0xc8 d:/nxp/lpcxpresso_8.2.2_650/lpcxpresso/tools/bin/../lib/gcc/arm-none-eabi/5.4.1/../../../../arm-none-eabi/lib/armv7-m\libc.a(lib_a-wsetup.o)
                0x00005c24                __swsetup_r
 .text          0x00005cec        0x0 d:/nxp/lpcxpresso_8.2.2_650/lpcxpresso/tools/bin/../lib/gcc/arm-none-eabi/5.4.1/../../../../arm-none-eabi/lib/armv7-m\libc.a(lib_a-dtoa.o)
 .text.quorem   0x00005cec      0x12c d:/nxp/lpcxpresso_8.2.2_650/lpcxpresso/tools/bin/../lib/gcc/arm-none-eabi/5.4.1/../../../../arm-none-eabi/lib/armv7-m\libc.a(lib_a-dtoa.o)
 .text._dtoa_r  0x00005e18      0xe4c d:/nxp/lpcxpresso_8.2.2_650/lpcxpresso/tools/bin/../lib/gcc/arm-none-eabi/5.4.1/../../../../arm-none-eabi/lib/armv7-m\libc.a(lib_a-dtoa.o)
                0x00005e18                _dtoa_r
 .text          0x00006c64        0x0 d:/nxp/lpcxpresso_8.2.2_650/lpcxpresso/tools/bin/../lib/gcc/arm-none-eabi/5.4.1/../../../../arm-none-eabi/lib/armv7-m\libc.a(lib_a-fflush.o)
 .text.__sflush_r
                0x00006c64      0x148 d:/nxp/lpcxpresso_8.2.2_650/lpcxpresso/tools/bin/../lib/gcc/arm-none-eabi/5.4.1/../../../../arm-none-eabi/lib/armv7-m\libc.a(lib_a-fflush.o)
                0x00006c64                __sflush_r
 .text._fflush_r
                0x00006dac       0x2c d:/nxp/lpcxpresso_8.2.2_650/lpcxpresso/tools/bin/../lib/gcc/arm-none-eabi/5.4.1/../../../../arm-none-eabi/lib/armv7-m\libc.a(lib_a-fflush.o)
                0x00006dac                _fflush_r
 .text.fflush   0x00006dd8       0x24 d:/nxp/lpcxpresso_8.2.2_650/lpcxpresso/tools/bin/../lib/gcc/arm-none-eabi/5.4.1/../../../../arm-none-eabi/lib/armv7-m\libc.a(lib_a-fflush.o)
                0x00006dd8                fflush
 .text          0x00006dfc        0x0 d:/nxp/lpcxpresso_8.2.2_650/lpcxpresso/tools/bin/../lib/gcc/arm-none-eabi/5.4.1/../../../../arm-none-eabi/lib/armv7-m\libc.a(lib_a-findfp.o)
 .text.__fp_unlock
                0x00006dfc        0x4 d:/nxp/lpcxpresso_8.2.2_650/lpcxpresso/tools/bin/../lib/gcc/arm-none-eabi/5.4.1/../../../../arm-none-eabi/lib/armv7-m\libc.a(lib_a-findfp.o)
 .text._cleanup_r
                0x00006e00        0xc d:/nxp/lpcxpresso_8.2.2_650/lpcxpresso/tools/bin/../lib/gcc/arm-none-eabi/5.4.1/../../../../arm-none-eabi/lib/armv7-m\libc.a(lib_a-findfp.o)
                0x00006e00                _cleanup_r
 .text.__sinit.part.1
                0x00006e0c       0xf0 d:/nxp/lpcxpresso_8.2.2_650/lpcxpresso/tools/bin/../lib/gcc/arm-none-eabi/5.4.1/../../../../arm-none-eabi/lib/armv7-m\libc.a(lib_a-findfp.o)
 .text.__fp_lock
                0x00006efc        0x4 d:/nxp/lpcxpresso_8.2.2_650/lpcxpresso/tools/bin/../lib/gcc/arm-none-eabi/5.4.1/../../../../arm-none-eabi/lib/armv7-m\libc.a(lib_a-findfp.o)
 .text.__sfmoreglue
                0x00006f00       0x30 d:/nxp/lpcxpresso_8.2.2_650/lpcxpresso/tools/bin/../lib/gcc/arm-none-eabi/5.4.1/../../../../arm-none-eabi/lib/armv7-m\libc.a(lib_a-findfp.o)
                0x00006f00                __sfmoreglue
 .text.__sfp    0x00006f30       0x88 d:/nxp/lpcxpresso_8.2.2_650/lpcxpresso/tools/bin/../lib/gcc/arm-none-eabi/5.4.1/../../../../arm-none-eabi/lib/armv7-m\libc.a(lib_a-findfp.o)
                0x00006f30                __sfp
 .text._cleanup
                0x00006fb8       0x14 d:/nxp/lpcxpresso_8.2.2_650/lpcxpresso/tools/bin/../lib/gcc/arm-none-eabi/5.4.1/../../../../arm-none-eabi/lib/armv7-m\libc.a(lib_a-findfp.o)
                0x00006fb8                _cleanup
 .text.__sinit  0x00006fcc        0xc d:/nxp/lpcxpresso_8.2.2_650/lpcxpresso/tools/bin/../lib/gcc/arm-none-eabi/5.4.1/../../../../arm-none-eabi/lib/armv7-m\libc.a(lib_a-findfp.o)
                0x00006fcc                __sinit
 .text.__sfp_lock_acquire
                0x00006fd8        0x4 d:/nxp/lpcxpresso_8.2.2_650/lpcxpresso/tools/bin/../lib/gcc/arm-none-eabi/5.4.1/../../../../arm-none-eabi/lib/armv7-m\libc.a(lib_a-findfp.o)
                0x00006fd8                __sfp_lock_acquire
 .text.__sfp_lock_release
                0x00006fdc        0x4 d:/nxp/lpcxpresso_8.2.2_650/lpcxpresso/tools/bin/../lib/gcc/arm-none-eabi/5.4.1/../../../../arm-none-eabi/lib/armv7-m\libc.a(lib_a-findfp.o)
                0x00006fdc                __sfp_lock_release
 .text.__sinit_lock_acquire
                0x00006fe0        0x4 d:/nxp/lpcxpresso_8.2.2_650/lpcxpresso/tools/bin/../lib/gcc/arm-none-eabi/5.4.1/../../../../arm-none-eabi/lib/armv7-m\libc.a(lib_a-findfp.o)
                0x00006fe0                __sinit_lock_acquire
 .text.__sinit_lock_release
                0x00006fe4        0x4 d:/nxp/lpcxpresso_8.2.2_650/lpcxpresso/tools/bin/../lib/gcc/arm-none-eabi/5.4.1/../../../../arm-none-eabi/lib/armv7-m\libc.a(lib_a-findfp.o)
                0x00006fe4                __sinit_lock_release
 .text.__fp_lock_all
                0x00006fe8       0x14 d:/nxp/lpcxpresso_8.2.2_650/lpcxpresso/tools/bin/../lib/gcc/arm-none-eabi/5.4.1/../../../../arm-none-eabi/lib/armv7-m\libc.a(lib_a-findfp.o)
                0x00006fe8                __fp_lock_all
 .text.__fp_unlock_all
                0x00006ffc       0x14 d:/nxp/lpcxpresso_8.2.2_650/lpcxpresso/tools/bin/../lib/gcc/arm-none-eabi/5.4.1/../../../../arm-none-eabi/lib/armv7-m\libc.a(lib_a-findfp.o)
                0x00006ffc                __fp_unlock_all
 .text          0x00007010        0x0 d:/nxp/lpcxpresso_8.2.2_650/lpcxpresso/tools/bin/../lib/gcc/arm-none-eabi/5.4.1/../../../../arm-none-eabi/lib/armv7-m\libc.a(lib_a-fwalk.o)
 .text._fwalk   0x00007010       0x48 d:/nxp/lpcxpresso_8.2.2_650/lpcxpresso/tools/bin/../lib/gcc/arm-none-eabi/5.4.1/../../../../arm-none-eabi/lib/armv7-m\libc.a(lib_a-fwalk.o)
                0x00007010                _fwalk
 .text._fwalk_reent
                0x00007058       0x50 d:/nxp/lpcxpresso_8.2.2_650/lpcxpresso/tools/bin/../lib/gcc/arm-none-eabi/5.4.1/../../../../arm-none-eabi/lib/armv7-m\libc.a(lib_a-fwalk.o)
                0x00007058                _fwalk_reent
 .text          0x000070a8        0x0 d:/nxp/lpcxpresso_8.2.2_650/lpcxpresso/tools/bin/../lib/gcc/arm-none-eabi/5.4.1/../../../../arm-none-eabi/lib/armv7-m\libc.a(lib_a-impure.o)
 .text          0x000070a8        0x0 d:/nxp/lpcxpresso_8.2.2_650/lpcxpresso/tools/bin/../lib/gcc/arm-none-eabi/5.4.1/../../../../arm-none-eabi/lib/armv7-m\libc.a(lib_a-locale.o)
 .text._setlocale_r
                0x000070a8       0x40 d:/nxp/lpcxpresso_8.2.2_650/lpcxpresso/tools/bin/../lib/gcc/arm-none-eabi/5.4.1/../../../../arm-none-eabi/lib/armv7-m\libc.a(lib_a-locale.o)
                0x000070a8                _setlocale_r
 .text.__locale_charset
                0x000070e8        0x8 d:/nxp/lpcxpresso_8.2.2_650/lpcxpresso/tools/bin/../lib/gcc/arm-none-eabi/5.4.1/../../../../arm-none-eabi/lib/armv7-m\libc.a(lib_a-locale.o)
                0x000070e8                __locale_charset
 .text.__locale_mb_cur_max
                0x000070f0        0xc d:/nxp/lpcxpresso_8.2.2_650/lpcxpresso/tools/bin/../lib/gcc/arm-none-eabi/5.4.1/../../../../arm-none-eabi/lib/armv7-m\libc.a(lib_a-locale.o)
                0x000070f0                __locale_mb_cur_max
 .text.__locale_msgcharset
                0x000070fc        0x8 d:/nxp/lpcxpresso_8.2.2_650/lpcxpresso/tools/bin/../lib/gcc/arm-none-eabi/5.4.1/../../../../arm-none-eabi/lib/armv7-m\libc.a(lib_a-locale.o)
                0x000070fc                __locale_msgcharset
 .text.__locale_cjk_lang
                0x00007104        0x4 d:/nxp/lpcxpresso_8.2.2_650/lpcxpresso/tools/bin/../lib/gcc/arm-none-eabi/5.4.1/../../../../arm-none-eabi/lib/armv7-m\libc.a(lib_a-locale.o)
                0x00007104                __locale_cjk_lang
 .text._localeconv_r
                0x00007108        0x8 d:/nxp/lpcxpresso_8.2.2_650/lpcxpresso/tools/bin/../lib/gcc/arm-none-eabi/5.4.1/../../../../arm-none-eabi/lib/armv7-m\libc.a(lib_a-locale.o)
                0x00007108                _localeconv_r
 .text.setlocale
                0x00007110       0x10 d:/nxp/lpcxpresso_8.2.2_650/lpcxpresso/tools/bin/../lib/gcc/arm-none-eabi/5.4.1/../../../../arm-none-eabi/lib/armv7-m\libc.a(lib_a-locale.o)
                0x00007110                setlocale
 .text.localeconv
                0x00007120        0x8 d:/nxp/lpcxpresso_8.2.2_650/lpcxpresso/tools/bin/../lib/gcc/arm-none-eabi/5.4.1/../../../../arm-none-eabi/lib/armv7-m\libc.a(lib_a-locale.o)
                0x00007120                localeconv
 .text          0x00007128        0x0 d:/nxp/lpcxpresso_8.2.2_650/lpcxpresso/tools/bin/../lib/gcc/arm-none-eabi/5.4.1/../../../../arm-none-eabi/lib/armv7-m\libc.a(lib_a-makebuf.o)
 .text.__swhatbuf_r
                0x00007128       0x60 d:/nxp/lpcxpresso_8.2.2_650/lpcxpresso/tools/bin/../lib/gcc/arm-none-eabi/5.4.1/../../../../arm-none-eabi/lib/armv7-m\libc.a(lib_a-makebuf.o)
                0x00007128                __swhatbuf_r
 .text.__smakebuf_r
                0x00007188       0x88 d:/nxp/lpcxpresso_8.2.2_650/lpcxpresso/tools/bin/../lib/gcc/arm-none-eabi/5.4.1/../../../../arm-none-eabi/lib/armv7-m\libc.a(lib_a-makebuf.o)
                0x00007188                __smakebuf_r
 .text          0x00007210        0x0 d:/nxp/lpcxpresso_8.2.2_650/lpcxpresso/tools/bin/../lib/gcc/arm-none-eabi/5.4.1/../../../../arm-none-eabi/lib/armv7-m\libc.a(lib_a-memchr-stub.o)
 .text.memchr   0x00007210       0x8c d:/nxp/lpcxpresso_8.2.2_650/lpcxpresso/tools/bin/../lib/gcc/arm-none-eabi/5.4.1/../../../../arm-none-eabi/lib/armv7-m\libc.a(lib_a-memchr-stub.o)
                0x00007210                memchr
 .text          0x0000729c        0x0 d:/nxp/lpcxpresso_8.2.2_650/lpcxpresso/tools/bin/../lib/gcc/arm-none-eabi/5.4.1/../../../../arm-none-eabi/lib/armv7-m\libc.a(lib_a-mprec.o)
 .text._Balloc  0x0000729c       0x50 d:/nxp/lpcxpresso_8.2.2_650/lpcxpresso/tools/bin/../lib/gcc/arm-none-eabi/5.4.1/../../../../arm-none-eabi/lib/armv7-m\libc.a(lib_a-mprec.o)
                0x0000729c                _Balloc
 .text._Bfree   0x000072ec       0x14 d:/nxp/lpcxpresso_8.2.2_650/lpcxpresso/tools/bin/../lib/gcc/arm-none-eabi/5.4.1/../../../../arm-none-eabi/lib/armv7-m\libc.a(lib_a-mprec.o)
                0x000072ec                _Bfree
 .text.__multadd
                0x00007300       0x80 d:/nxp/lpcxpresso_8.2.2_650/lpcxpresso/tools/bin/../lib/gcc/arm-none-eabi/5.4.1/../../../../arm-none-eabi/lib/armv7-m\libc.a(lib_a-mprec.o)
                0x00007300                __multadd
 .text.__s2b    0x00007380       0x98 d:/nxp/lpcxpresso_8.2.2_650/lpcxpresso/tools/bin/../lib/gcc/arm-none-eabi/5.4.1/../../../../arm-none-eabi/lib/armv7-m\libc.a(lib_a-mprec.o)
                0x00007380                __s2b
 .text.__hi0bits
                0x00007418       0x40 d:/nxp/lpcxpresso_8.2.2_650/lpcxpresso/tools/bin/../lib/gcc/arm-none-eabi/5.4.1/../../../../arm-none-eabi/lib/armv7-m\libc.a(lib_a-mprec.o)
                0x00007418                __hi0bits
 .text.__lo0bits
                0x00007458       0x5c d:/nxp/lpcxpresso_8.2.2_650/lpcxpresso/tools/bin/../lib/gcc/arm-none-eabi/5.4.1/../../../../arm-none-eabi/lib/armv7-m\libc.a(lib_a-mprec.o)
                0x00007458                __lo0bits
 .text.__i2b    0x000074b4       0x14 d:/nxp/lpcxpresso_8.2.2_650/lpcxpresso/tools/bin/../lib/gcc/arm-none-eabi/5.4.1/../../../../arm-none-eabi/lib/armv7-m\libc.a(lib_a-mprec.o)
                0x000074b4                __i2b
 .text.__multiply
                0x000074c8      0x13c d:/nxp/lpcxpresso_8.2.2_650/lpcxpresso/tools/bin/../lib/gcc/arm-none-eabi/5.4.1/../../../../arm-none-eabi/lib/armv7-m\libc.a(lib_a-mprec.o)
                0x000074c8                __multiply
 .text.__pow5mult
                0x00007604       0xa0 d:/nxp/lpcxpresso_8.2.2_650/lpcxpresso/tools/bin/../lib/gcc/arm-none-eabi/5.4.1/../../../../arm-none-eabi/lib/armv7-m\libc.a(lib_a-mprec.o)
                0x00007604                __pow5mult
 .text.__lshift
                0x000076a4       0xac d:/nxp/lpcxpresso_8.2.2_650/lpcxpresso/tools/bin/../lib/gcc/arm-none-eabi/5.4.1/../../../../arm-none-eabi/lib/armv7-m\libc.a(lib_a-mprec.o)
                0x000076a4                __lshift
 .text.__mcmp   0x00007750       0x40 d:/nxp/lpcxpresso_8.2.2_650/lpcxpresso/tools/bin/../lib/gcc/arm-none-eabi/5.4.1/../../../../arm-none-eabi/lib/armv7-m\libc.a(lib_a-mprec.o)
                0x00007750                __mcmp
 .text.__mdiff  0x00007790      0x128 d:/nxp/lpcxpresso_8.2.2_650/lpcxpresso/tools/bin/../lib/gcc/arm-none-eabi/5.4.1/../../../../arm-none-eabi/lib/armv7-m\libc.a(lib_a-mprec.o)
                0x00007790                __mdiff
 .text.__ulp    0x000078b8       0x44 d:/nxp/lpcxpresso_8.2.2_650/lpcxpresso/tools/bin/../lib/gcc/arm-none-eabi/5.4.1/../../../../arm-none-eabi/lib/armv7-m\libc.a(lib_a-mprec.o)
                0x000078b8                __ulp
 .text.__b2d    0x000078fc       0xd4 d:/nxp/lpcxpresso_8.2.2_650/lpcxpresso/tools/bin/../lib/gcc/arm-none-eabi/5.4.1/../../../../arm-none-eabi/lib/armv7-m\libc.a(lib_a-mprec.o)
                0x000078fc                __b2d
 .text.__d2b    0x000079d0       0xa8 d:/nxp/lpcxpresso_8.2.2_650/lpcxpresso/tools/bin/../lib/gcc/arm-none-eabi/5.4.1/../../../../arm-none-eabi/lib/armv7-m\libc.a(lib_a-mprec.o)
                0x000079d0                __d2b
 .text.__ratio  0x00007a78       0x54 d:/nxp/lpcxpresso_8.2.2_650/lpcxpresso/tools/bin/../lib/gcc/arm-none-eabi/5.4.1/../../../../arm-none-eabi/lib/armv7-m\libc.a(lib_a-mprec.o)
                0x00007a78                __ratio
 .text._mprec_log10
                0x00007acc       0x34 d:/nxp/lpcxpresso_8.2.2_650/lpcxpresso/tools/bin/../lib/gcc/arm-none-eabi/5.4.1/../../../../arm-none-eabi/lib/armv7-m\libc.a(lib_a-mprec.o)
                0x00007acc                _mprec_log10
 .text.__copybits
                0x00007b00       0x48 d:/nxp/lpcxpresso_8.2.2_650/lpcxpresso/tools/bin/../lib/gcc/arm-none-eabi/5.4.1/../../../../arm-none-eabi/lib/armv7-m\libc.a(lib_a-mprec.o)
                0x00007b00                __copybits
 .text.__any_on
                0x00007b48       0x5c d:/nxp/lpcxpresso_8.2.2_650/lpcxpresso/tools/bin/../lib/gcc/arm-none-eabi/5.4.1/../../../../arm-none-eabi/lib/armv7-m\libc.a(lib_a-mprec.o)
                0x00007b48                __any_on
 .text          0x00007ba4        0x0 d:/nxp/lpcxpresso_8.2.2_650/lpcxpresso/tools/bin/../lib/gcc/arm-none-eabi/5.4.1/../../../../arm-none-eabi/lib/armv7-m\libc.a(lib_a-stdio.o)
 .text.__sread  0x00007ba4       0x24 d:/nxp/lpcxpresso_8.2.2_650/lpcxpresso/tools/bin/../lib/gcc/arm-none-eabi/5.4.1/../../../../arm-none-eabi/lib/armv7-m\libc.a(lib_a-stdio.o)
                0x00007ba4                __sread
 .text.__seofread
                0x00007bc8        0x4 d:/nxp/lpcxpresso_8.2.2_650/lpcxpresso/tools/bin/../lib/gcc/arm-none-eabi/5.4.1/../../../../arm-none-eabi/lib/armv7-m\libc.a(lib_a-stdio.o)
                0x00007bc8                __seofread
 .text.__swrite
                0x00007bcc       0x3c d:/nxp/lpcxpresso_8.2.2_650/lpcxpresso/tools/bin/../lib/gcc/arm-none-eabi/5.4.1/../../../../arm-none-eabi/lib/armv7-m\libc.a(lib_a-stdio.o)
                0x00007bcc                __swrite
 .text.__sseek  0x00007c08       0x20 d:/nxp/lpcxpresso_8.2.2_650/lpcxpresso/tools/bin/../lib/gcc/arm-none-eabi/5.4.1/../../../../arm-none-eabi/lib/armv7-m\libc.a(lib_a-stdio.o)
                0x00007c08                __sseek
 .text.__sclose
                0x00007c28        0x8 d:/nxp/lpcxpresso_8.2.2_650/lpcxpresso/tools/bin/../lib/gcc/arm-none-eabi/5.4.1/../../../../arm-none-eabi/lib/armv7-m\libc.a(lib_a-stdio.o)
                0x00007c28                __sclose
 .text          0x00007c30      0x1bc d:/nxp/lpcxpresso_8.2.2_650/lpcxpresso/tools/bin/../lib/gcc/arm-none-eabi/5.4.1/../../../../arm-none-eabi/lib/armv7-m\libc.a(lib_a-strcmp.o)
                0x00007c30                strcmp
 .text          0x00007dec        0x0 d:/nxp/lpcxpresso_8.2.2_650/lpcxpresso/tools/bin/../lib/gcc/arm-none-eabi/5.4.1/../../../../arm-none-eabi/lib/armv7-m\libc.a(lib_a-svfiprintf.o)
 .text.__ssprint_r
                0x00007dec      0x100 d:/nxp/lpcxpresso_8.2.2_650/lpcxpresso/tools/bin/../lib/gcc/arm-none-eabi/5.4.1/../../../../arm-none-eabi/lib/armv7-m\libc.a(lib_a-svfiprintf.o)
                0x00007dec                __ssprint_r
 .text._svfiprintf_r
                0x00007eec      0xc4c d:/nxp/lpcxpresso_8.2.2_650/lpcxpresso/tools/bin/../lib/gcc/arm-none-eabi/5.4.1/../../../../arm-none-eabi/lib/armv7-m\libc.a(lib_a-svfiprintf.o)
                0x00007eec                _svfiprintf_r
 .text          0x00008b38        0x0 d:/nxp/lpcxpresso_8.2.2_650/lpcxpresso/tools/bin/../lib/gcc/arm-none-eabi/5.4.1/../../../../arm-none-eabi/lib/armv7-m\libc.a(lib_a-vfiprintf.o)
 .text.__sprint_r.part.0
                0x00008b38       0x78 d:/nxp/lpcxpresso_8.2.2_650/lpcxpresso/tools/bin/../lib/gcc/arm-none-eabi/5.4.1/../../../../arm-none-eabi/lib/armv7-m\libc.a(lib_a-vfiprintf.o)
 .text.__sprint_r
                0x00008bb0       0x14 d:/nxp/lpcxpresso_8.2.2_650/lpcxpresso/tools/bin/../lib/gcc/arm-none-eabi/5.4.1/../../../../arm-none-eabi/lib/armv7-m\libc.a(lib_a-vfiprintf.o)
                0x00008bb0                __sprint_r
 .text._vfiprintf_r
                0x00008bc4      0xde8 d:/nxp/lpcxpresso_8.2.2_650/lpcxpresso/tools/bin/../lib/gcc/arm-none-eabi/5.4.1/../../../../arm-none-eabi/lib/armv7-m\libc.a(lib_a-vfiprintf.o)
                0x00008bc4                _vfiprintf_r
 .text.vfiprintf
                0x000099ac       0x18 d:/nxp/lpcxpresso_8.2.2_650/lpcxpresso/tools/bin/../lib/gcc/arm-none-eabi/5.4.1/../../../../arm-none-eabi/lib/armv7-m\libc.a(lib_a-vfiprintf.o)
                0x000099ac                vfiprintf
 .text.__sbprintf
                0x000099c4       0x6c d:/nxp/lpcxpresso_8.2.2_650/lpcxpresso/tools/bin/../lib/gcc/arm-none-eabi/5.4.1/../../../../arm-none-eabi/lib/armv7-m\libc.a(lib_a-vfiprintf.o)
 .text          0x00009a30        0x0 d:/nxp/lpcxpresso_8.2.2_650/lpcxpresso/tools/bin/../lib/gcc/arm-none-eabi/5.4.1/../../../../arm-none-eabi/lib/armv7-m\libc.a(lib_a-writer.o)
 .text._write_r
                0x00009a30       0x2c d:/nxp/lpcxpresso_8.2.2_650/lpcxpresso/tools/bin/../lib/gcc/arm-none-eabi/5.4.1/../../../../arm-none-eabi/lib/armv7-m\libc.a(lib_a-writer.o)
                0x00009a30                _write_r
 .text          0x00009a5c        0x0 d:/nxp/lpcxpresso_8.2.2_650/lpcxpresso/tools/bin/../lib/gcc/arm-none-eabi/5.4.1/../../../../arm-none-eabi/lib/armv7-m\libc.a(lib_a-closer.o)
 .text._close_r
                0x00009a5c       0x24 d:/nxp/lpcxpresso_8.2.2_650/lpcxpresso/tools/bin/../lib/gcc/arm-none-eabi/5.4.1/../../../../arm-none-eabi/lib/armv7-m\libc.a(lib_a-closer.o)
                0x00009a5c                _close_r
 .text          0x00009a80        0x0 d:/nxp/lpcxpresso_8.2.2_650/lpcxpresso/tools/bin/../lib/gcc/arm-none-eabi/5.4.1/../../../../arm-none-eabi/lib/armv7-m\libc.a(lib_a-fclose.o)
 .text._fclose_r
                0x00009a80       0x84 d:/nxp/lpcxpresso_8.2.2_650/lpcxpresso/tools/bin/../lib/gcc/arm-none-eabi/5.4.1/../../../../arm-none-eabi/lib/armv7-m\libc.a(lib_a-fclose.o)
                0x00009a80                _fclose_r
 .text.fclose   0x00009b04       0x10 d:/nxp/lpcxpresso_8.2.2_650/lpcxpresso/tools/bin/../lib/gcc/arm-none-eabi/5.4.1/../../../../arm-none-eabi/lib/armv7-m\libc.a(lib_a-fclose.o)
                0x00009b04                fclose
 .text          0x00009b14        0x0 d:/nxp/lpcxpresso_8.2.2_650/lpcxpresso/tools/bin/../lib/gcc/arm-none-eabi/5.4.1/../../../../arm-none-eabi/lib/armv7-m\libc.a(lib_a-fputwc.o)
 .text.__fputwc
                0x00009b14       0x94 d:/nxp/lpcxpresso_8.2.2_650/lpcxpresso/tools/bin/../lib/gcc/arm-none-eabi/5.4.1/../../../../arm-none-eabi/lib/armv7-m\libc.a(lib_a-fputwc.o)
                0x00009b14                __fputwc
 .text._fputwc_r
                0x00009ba8       0x24 d:/nxp/lpcxpresso_8.2.2_650/lpcxpresso/tools/bin/../lib/gcc/arm-none-eabi/5.4.1/../../../../arm-none-eabi/lib/armv7-m\libc.a(lib_a-fputwc.o)
                0x00009ba8                _fputwc_r
 .text.fputwc   0x00009bcc       0x40 d:/nxp/lpcxpresso_8.2.2_650/lpcxpresso/tools/bin/../lib/gcc/arm-none-eabi/5.4.1/../../../../arm-none-eabi/lib/armv7-m\libc.a(lib_a-fputwc.o)
                0x00009bcc                fputwc
 .text          0x00009c0c        0x0 d:/nxp/lpcxpresso_8.2.2_650/lpcxpresso/tools/bin/../lib/gcc/arm-none-eabi/5.4.1/../../../../arm-none-eabi/lib/armv7-m\libc.a(lib_a-fstatr.o)
 .text._fstat_r
                0x00009c0c       0x28 d:/nxp/lpcxpresso_8.2.2_650/lpcxpresso/tools/bin/../lib/gcc/arm-none-eabi/5.4.1/../../../../arm-none-eabi/lib/armv7-m\libc.a(lib_a-fstatr.o)
                0x00009c0c                _fstat_r
 .text          0x00009c34        0x0 d:/nxp/lpcxpresso_8.2.2_650/lpcxpresso/tools/bin/../lib/gcc/arm-none-eabi/5.4.1/../../../../arm-none-eabi/lib/armv7-m\libc.a(lib_a-fvwrite.o)
 .text.__sfvwrite_r
                0x00009c34      0x308 d:/nxp/lpcxpresso_8.2.2_650/lpcxpresso/tools/bin/../lib/gcc/arm-none-eabi/5.4.1/../../../../arm-none-eabi/lib/armv7-m\libc.a(lib_a-fvwrite.o)
                0x00009c34                __sfvwrite_r
 .text          0x00009f3c        0x0 d:/nxp/lpcxpresso_8.2.2_650/lpcxpresso/tools/bin/../lib/gcc/arm-none-eabi/5.4.1/../../../../arm-none-eabi/lib/armv7-m\libc.a(lib_a-isattyr.o)
 .text._isatty_r
                0x00009f3c       0x24 d:/nxp/lpcxpresso_8.2.2_650/lpcxpresso/tools/bin/../lib/gcc/arm-none-eabi/5.4.1/../../../../arm-none-eabi/lib/armv7-m\libc.a(lib_a-isattyr.o)
                0x00009f3c                _isatty_r
 .text          0x00009f60        0x0 d:/nxp/lpcxpresso_8.2.2_650/lpcxpresso/tools/bin/../lib/gcc/arm-none-eabi/5.4.1/../../../../arm-none-eabi/lib/armv7-m\libc.a(lib_a-lseekr.o)
 .text._lseek_r
                0x00009f60       0x2c d:/nxp/lpcxpresso_8.2.2_650/lpcxpresso/tools/bin/../lib/gcc/arm-none-eabi/5.4.1/../../../../arm-none-eabi/lib/armv7-m\libc.a(lib_a-lseekr.o)
                0x00009f60                _lseek_r
 .text          0x00009f8c        0x0 d:/nxp/lpcxpresso_8.2.2_650/lpcxpresso/tools/bin/../lib/gcc/arm-none-eabi/5.4.1/../../../../arm-none-eabi/lib/armv7-m\libc.a(lib_a-memmove.o)
 .text.memmove  0x00009f8c       0xc8 d:/nxp/lpcxpresso_8.2.2_650/lpcxpresso/tools/bin/../lib/gcc/arm-none-eabi/5.4.1/../../../../arm-none-eabi/lib/armv7-m\libc.a(lib_a-memmove.o)
                0x00009f8c                memmove
 .text          0x0000a054        0x0 d:/nxp/lpcxpresso_8.2.2_650/lpcxpresso/tools/bin/../lib/gcc/arm-none-eabi/5.4.1/../../../../arm-none-eabi/lib/armv7-m\libc.a(lib_a-readr.o)
 .text._read_r  0x0000a054       0x2c d:/nxp/lpcxpresso_8.2.2_650/lpcxpresso/tools/bin/../lib/gcc/arm-none-eabi/5.4.1/../../../../arm-none-eabi/lib/armv7-m\libc.a(lib_a-readr.o)
                0x0000a054                _read_r
 .text          0x0000a080        0x0 d:/nxp/lpcxpresso_8.2.2_650/lpcxpresso/tools/bin/../lib/gcc/arm-none-eabi/5.4.1/../../../../arm-none-eabi/lib/armv7-m\libc.a(lib_a-reent.o)
 .text.cleanup_glue
                0x0000a080       0x1c d:/nxp/lpcxpresso_8.2.2_650/lpcxpresso/tools/bin/../lib/gcc/arm-none-eabi/5.4.1/../../../../arm-none-eabi/lib/armv7-m\libc.a(lib_a-reent.o)
                0x0000a080                cleanup_glue
 .text._reclaim_reent
                0x0000a09c       0x88 d:/nxp/lpcxpresso_8.2.2_650/lpcxpresso/tools/bin/../lib/gcc/arm-none-eabi/5.4.1/../../../../arm-none-eabi/lib/armv7-m\libc.a(lib_a-reent.o)
                0x0000a09c                _reclaim_reent
 .text          0x0000a124        0x0 d:/nxp/lpcxpresso_8.2.2_650/lpcxpresso/tools/bin/../lib/gcc/arm-none-eabi/5.4.1/../../../../arm-none-eabi/lib/armv7-m\libc.a(lib_a-wbuf.o)
 .text.__swbuf_r
                0x0000a124       0xac d:/nxp/lpcxpresso_8.2.2_650/lpcxpresso/tools/bin/../lib/gcc/arm-none-eabi/5.4.1/../../../../arm-none-eabi/lib/armv7-m\libc.a(lib_a-wbuf.o)
                0x0000a124                __swbuf_r
 .text.__swbuf  0x0000a1d0       0x10 d:/nxp/lpcxpresso_8.2.2_650/lpcxpresso/tools/bin/../lib/gcc/arm-none-eabi/5.4.1/../../../../arm-none-eabi/lib/armv7-m\libc.a(lib_a-wbuf.o)
                0x0000a1d0                __swbuf
 .text          0x0000a1e0        0x0 d:/nxp/lpcxpresso_8.2.2_650/lpcxpresso/tools/bin/../lib/gcc/arm-none-eabi/5.4.1/../../../../arm-none-eabi/lib/armv7-m\libc.a(lib_a-wcrtomb.o)
 .text._wcrtomb_r
                0x0000a1e0       0x54 d:/nxp/lpcxpresso_8.2.2_650/lpcxpresso/tools/bin/../lib/gcc/arm-none-eabi/5.4.1/../../../../arm-none-eabi/lib/armv7-m\libc.a(lib_a-wcrtomb.o)
                0x0000a1e0                _wcrtomb_r
 .text.wcrtomb  0x0000a234       0x58 d:/nxp/lpcxpresso_8.2.2_650/lpcxpresso/tools/bin/../lib/gcc/arm-none-eabi/5.4.1/../../../../arm-none-eabi/lib/armv7-m\libc.a(lib_a-wcrtomb.o)
                0x0000a234                wcrtomb
 .text          0x0000a28c        0x0 d:/nxp/lpcxpresso_8.2.2_650/lpcxpresso/tools/bin/../lib/gcc/arm-none-eabi/5.4.1/../../../../arm-none-eabi/lib/armv7-m\libc.a(lib_a-wctomb_r.o)
 .text.__ascii_wctomb
                0x0000a28c       0x1c d:/nxp/lpcxpresso_8.2.2_650/lpcxpresso/tools/bin/../lib/gcc/arm-none-eabi/5.4.1/../../../../arm-none-eabi/lib/armv7-m\libc.a(lib_a-wctomb_r.o)
                0x0000a28c                __ascii_wctomb
 .text._wctomb_r
                0x0000a2a8       0x30 d:/nxp/lpcxpresso_8.2.2_650/lpcxpresso/tools/bin/../lib/gcc/arm-none-eabi/5.4.1/../../../../arm-none-eabi/lib/armv7-m\libc.a(lib_a-wctomb_r.o)
                0x0000a2a8                _wctomb_r
 .text          0x0000a2d8        0x0 d:/nxp/lpcxpresso_8.2.2_650/lpcxpresso/tools/bin/../lib/gcc/arm-none-eabi/5.4.1/../../../../arm-none-eabi/lib/armv7-m\libcr_newlib_semihost.a(syscalls.o)
 .text.error    0x0000a2d8       0x1c d:/nxp/lpcxpresso_8.2.2_650/lpcxpresso/tools/bin/../lib/gcc/arm-none-eabi/5.4.1/../../../../arm-none-eabi/lib/armv7-m\libcr_newlib_semihost.a(syscalls.o)
 .text.initialise_monitor_handles.part.0
                0x0000a2f4       0xa8 d:/nxp/lpcxpresso_8.2.2_650/lpcxpresso/tools/bin/../lib/gcc/arm-none-eabi/5.4.1/../../../../arm-none-eabi/lib/armv7-m\libcr_newlib_semihost.a(syscalls.o)
 .text.findslot
                0x0000a39c       0x30 d:/nxp/lpcxpresso_8.2.2_650/lpcxpresso/tools/bin/../lib/gcc/arm-none-eabi/5.4.1/../../../../arm-none-eabi/lib/armv7-m\libcr_newlib_semihost.a(syscalls.o)
 .text.checkerror
                0x0000a3cc       0x20 d:/nxp/lpcxpresso_8.2.2_650/lpcxpresso/tools/bin/../lib/gcc/arm-none-eabi/5.4.1/../../../../arm-none-eabi/lib/armv7-m\libcr_newlib_semihost.a(syscalls.o)
 .text._swiread
                0x0000a3ec       0x20 d:/nxp/lpcxpresso_8.2.2_650/lpcxpresso/tools/bin/../lib/gcc/arm-none-eabi/5.4.1/../../../../arm-none-eabi/lib/armv7-m\libcr_newlib_semihost.a(syscalls.o)
                0x0000a3ec                _swiread
 .text._read    0x0000a40c       0x34 d:/nxp/lpcxpresso_8.2.2_650/lpcxpresso/tools/bin/../lib/gcc/arm-none-eabi/5.4.1/../../../../arm-none-eabi/lib/armv7-m\libcr_newlib_semihost.a(syscalls.o)
                0x0000a40c                _read
 .text._swilseek
                0x0000a440       0x7a d:/nxp/lpcxpresso_8.2.2_650/lpcxpresso/tools/bin/../lib/gcc/arm-none-eabi/5.4.1/../../../../arm-none-eabi/lib/armv7-m\libcr_newlib_semihost.a(syscalls.o)
                0x0000a440                _swilseek
 .text._lseek   0x0000a4ba        0x4 d:/nxp/lpcxpresso_8.2.2_650/lpcxpresso/tools/bin/../lib/gcc/arm-none-eabi/5.4.1/../../../../arm-none-eabi/lib/armv7-m\libcr_newlib_semihost.a(syscalls.o)
                0x0000a4ba                _lseek
 .text._swiwrite
                0x0000a4be       0x20 d:/nxp/lpcxpresso_8.2.2_650/lpcxpresso/tools/bin/../lib/gcc/arm-none-eabi/5.4.1/../../../../arm-none-eabi/lib/armv7-m\libcr_newlib_semihost.a(syscalls.o)
                0x0000a4be                _swiwrite
 .text._write   0x0000a4de       0x42 d:/nxp/lpcxpresso_8.2.2_650/lpcxpresso/tools/bin/../lib/gcc/arm-none-eabi/5.4.1/../../../../arm-none-eabi/lib/armv7-m\libcr_newlib_semihost.a(syscalls.o)
                0x0000a4de                _write
 .text._swiclose
                0x0000a520       0x1c d:/nxp/lpcxpresso_8.2.2_650/lpcxpresso/tools/bin/../lib/gcc/arm-none-eabi/5.4.1/../../../../arm-none-eabi/lib/armv7-m\libcr_newlib_semihost.a(syscalls.o)
                0x0000a520                _swiclose
 .text._close   0x0000a53c       0x48 d:/nxp/lpcxpresso_8.2.2_650/lpcxpresso/tools/bin/../lib/gcc/arm-none-eabi/5.4.1/../../../../arm-none-eabi/lib/armv7-m\libcr_newlib_semihost.a(syscalls.o)
                0x0000a53c                _close
 .text._getpid  0x0000a584        0x4 d:/nxp/lpcxpresso_8.2.2_650/lpcxpresso/tools/bin/../lib/gcc/arm-none-eabi/5.4.1/../../../../arm-none-eabi/lib/armv7-m\libcr_newlib_semihost.a(syscalls.o)
                0x0000a584                _getpid
 .text._swistat
                0x0000a588       0x42 d:/nxp/lpcxpresso_8.2.2_650/lpcxpresso/tools/bin/../lib/gcc/arm-none-eabi/5.4.1/../../../../arm-none-eabi/lib/armv7-m\libcr_newlib_semihost.a(syscalls.o)
                0x0000a588                _swistat
 .text._fstat   0x0000a5ca       0x1c d:/nxp/lpcxpresso_8.2.2_650/lpcxpresso/tools/bin/../lib/gcc/arm-none-eabi/5.4.1/../../../../arm-none-eabi/lib/armv7-m\libcr_newlib_semihost.a(syscalls.o)
                0x0000a5ca                _fstat
 .text._stat    0x0000a5e6       0x3a d:/nxp/lpcxpresso_8.2.2_650/lpcxpresso/tools/bin/../lib/gcc/arm-none-eabi/5.4.1/../../../../arm-none-eabi/lib/armv7-m\libcr_newlib_semihost.a(syscalls.o)
                0x0000a5e6                _stat
 .text._swiopen
                0x0000a620       0xc8 d:/nxp/lpcxpresso_8.2.2_650/lpcxpresso/tools/bin/../lib/gcc/arm-none-eabi/5.4.1/../../../../arm-none-eabi/lib/armv7-m\libcr_newlib_semihost.a(syscalls.o)
                0x0000a620                _swiopen
 .text._open    0x0000a6e8       0x12 d:/nxp/lpcxpresso_8.2.2_650/lpcxpresso/tools/bin/../lib/gcc/arm-none-eabi/5.4.1/../../../../arm-none-eabi/lib/armv7-m\libcr_newlib_semihost.a(syscalls.o)
                0x0000a6e8                _open
 .text._link    0x0000a6fa       0x10 d:/nxp/lpcxpresso_8.2.2_650/lpcxpresso/tools/bin/../lib/gcc/arm-none-eabi/5.4.1/../../../../arm-none-eabi/lib/armv7-m\libcr_newlib_semihost.a(syscalls.o)
                0x0000a6fa                _link
 .text._unlink  0x0000a70a       0x28 d:/nxp/lpcxpresso_8.2.2_650/lpcxpresso/tools/bin/../lib/gcc/arm-none-eabi/5.4.1/../../../../arm-none-eabi/lib/armv7-m\libcr_newlib_semihost.a(syscalls.o)
                0x0000a70a                _unlink
 .text._gettimeofday
                0x0000a732       0x24 d:/nxp/lpcxpresso_8.2.2_650/lpcxpresso/tools/bin/../lib/gcc/arm-none-eabi/5.4.1/../../../../arm-none-eabi/lib/armv7-m\libcr_newlib_semihost.a(syscalls.o)
                0x0000a732                _gettimeofday
 .text._clock   0x0000a756       0x12 d:/nxp/lpcxpresso_8.2.2_650/lpcxpresso/tools/bin/../lib/gcc/arm-none-eabi/5.4.1/../../../../arm-none-eabi/lib/armv7-m\libcr_newlib_semihost.a(syscalls.o)
                0x0000a756                _clock
 .text._times   0x0000a768       0x16 d:/nxp/lpcxpresso_8.2.2_650/lpcxpresso/tools/bin/../lib/gcc/arm-none-eabi/5.4.1/../../../../arm-none-eabi/lib/armv7-m\libcr_newlib_semihost.a(syscalls.o)
                0x0000a768                _times
 .text._isatty  0x0000a77e       0x2a d:/nxp/lpcxpresso_8.2.2_650/lpcxpresso/tools/bin/../lib/gcc/arm-none-eabi/5.4.1/../../../../arm-none-eabi/lib/armv7-m\libcr_newlib_semihost.a(syscalls.o)
                0x0000a77e                _isatty
 .text._system  0x0000a7a8       0x3c d:/nxp/lpcxpresso_8.2.2_650/lpcxpresso/tools/bin/../lib/gcc/arm-none-eabi/5.4.1/../../../../arm-none-eabi/lib/armv7-m\libcr_newlib_semihost.a(syscalls.o)
                0x0000a7a8                _system
 .text._rename  0x0000a7e4       0x36 d:/nxp/lpcxpresso_8.2.2_650/lpcxpresso/tools/bin/../lib/gcc/arm-none-eabi/5.4.1/../../../../arm-none-eabi/lib/armv7-m\libcr_newlib_semihost.a(syscalls.o)
                0x0000a7e4                _rename
 *fill*         0x0000a81a        0x2 ff
 .text          0x0000a81c      0x370 d:/nxp/lpcxpresso_8.2.2_650/lpcxpresso/tools/bin/../lib/gcc/arm-none-eabi/5.4.1/armv7-m\libgcc.a(_arm_addsubdf3.o)
                0x0000a81c                __aeabi_drsub
                0x0000a824                __aeabi_dsub
                0x0000a824                __subdf3
                0x0000a828                __aeabi_dadd
                0x0000a828                __adddf3
                0x0000aaa0                __floatunsidf
                0x0000aaa0                __aeabi_ui2d
                0x0000aac0                __floatsidf
                0x0000aac0                __aeabi_i2d
                0x0000aae4                __aeabi_f2d
                0x0000aae4                __extendsfdf2
                0x0000ab20                __floatundidf
                0x0000ab20                __aeabi_ul2d
                0x0000ab30                __floatdidf
                0x0000ab30                __aeabi_l2d
 .text          0x0000ab8c      0x424 d:/nxp/lpcxpresso_8.2.2_650/lpcxpresso/tools/bin/../lib/gcc/arm-none-eabi/5.4.1/armv7-m\libgcc.a(_arm_muldivdf3.o)
                0x0000ab8c                __aeabi_dmul
                0x0000ab8c                __muldf3
                0x0000ade0                __divdf3
                0x0000ade0                __aeabi_ddiv
 .text          0x0000afb0      0x110 d:/nxp/lpcxpresso_8.2.2_650/lpcxpresso/tools/bin/../lib/gcc/arm-none-eabi/5.4.1/armv7-m\libgcc.a(_arm_cmpdf2.o)
                0x0000afb0                __gtdf2
                0x0000afb0                __gedf2
                0x0000afb8                __ltdf2
                0x0000afb8                __ledf2
                0x0000afc0                __nedf2
                0x0000afc0                __eqdf2
                0x0000afc0                __cmpdf2
                0x0000b03c                __aeabi_cdrcmple
                0x0000b04c                __aeabi_cdcmpeq
                0x0000b04c                __aeabi_cdcmple
                0x0000b05c                __aeabi_dcmpeq
                0x0000b070                __aeabi_dcmplt
                0x0000b084                __aeabi_dcmple
                0x0000b098                __aeabi_dcmpge
                0x0000b0ac                __aeabi_dcmpgt
 .text          0x0000b0c0       0x2c d:/nxp/lpcxpresso_8.2.2_650/lpcxpresso/tools/bin/../lib/gcc/arm-none-eabi/5.4.1/armv7-m\libgcc.a(_arm_unorddf2.o)
                0x0000b0c0                __unorddf2
                0x0000b0c0                __aeabi_dcmpun
 .text          0x0000b0ec       0x50 d:/nxp/lpcxpresso_8.2.2_650/lpcxpresso/tools/bin/../lib/gcc/arm-none-eabi/5.4.1/armv7-m\libgcc.a(_arm_fixdfsi.o)
                0x0000b0ec                __aeabi_d2iz
                0x0000b0ec                __fixdfsi
 .text          0x0000b13c       0x30 d:/nxp/lpcxpresso_8.2.2_650/lpcxpresso/tools/bin/../lib/gcc/arm-none-eabi/5.4.1/armv7-m\libgcc.a(_aeabi_uldivmod.o)
                0x0000b13c                __aeabi_uldivmod
 .text          0x0000b16c      0x2ec d:/nxp/lpcxpresso_8.2.2_650/lpcxpresso/tools/bin/../lib/gcc/arm-none-eabi/5.4.1/armv7-m\libgcc.a(_udivmoddi4.o)
                0x0000b16c                __udivmoddi4
 .text          0x0000b458        0x4 d:/nxp/lpcxpresso_8.2.2_650/lpcxpresso/tools/bin/../lib/gcc/arm-none-eabi/5.4.1/armv7-m\libgcc.a(_dvmd_tls.o)
                0x0000b458                __aeabi_idiv0
                0x0000b458                __aeabi_ldiv0
 .text          0x0000b45c        0x0 d:/nxp/lpcxpresso_8.2.2_650/lpcxpresso/tools/bin/../lib/gcc/arm-none-eabi/5.4.1/../../../../arm-none-eabi/lib/armv7-m\libc.a(lib_a-errno.o)
 .text.__errno  0x0000b45c        0xc d:/nxp/lpcxpresso_8.2.2_650/lpcxpresso/tools/bin/../lib/gcc/arm-none-eabi/5.4.1/../../../../arm-none-eabi/lib/armv7-m\libc.a(lib_a-errno.o)
                0x0000b45c                __errno
 *(.rodata .rodata.* .constdata .constdata.*)
 .rodata.str1.1
                0x0000b468       0x4e ./src/pi7/interpretador_comando/interpretador_comando.o
 .rodata.str1.1
                0x0000b4b6       0x22 ./src/pi7/controlador_trajetoria/controlador_trajetoria.o
 .rodata.str1.1
                0x0000b4d8       0x1e ./src/pi7/comunicacao_pc/modbus.o
 .rodata.str1.1
                0x0000b4f6        0xb ./src/drivers/console/basic_io.o
 *fill*         0x0000b501        0x3 ff
 .rodata.DELAY_1MS
                0x0000b504        0x4 ./src/main.o
                0x0000b504                DELAY_1MS
 .rodata.DELAY_1SEC
                0x0000b508        0x4 ./src/main.o
                0x0000b508                DELAY_1SEC
 .rodata.DELAY_500MS
                0x0000b50c        0x4 ./src/main.o
                0x0000b50c                DELAY_500MS
 .rodata.str1.1
                0x0000b510       0x50 ./src/main.o
 .rodata.DELAY_200MS
                0x0000b560        0x4 ./src/main.o
                0x0000b560                DELAY_200MS
 .rodata.str1.1
                0x0000b564       0x17 ./FreeRTOS_src/tasks.o
                                 0x1a (size before relaxing)
 *fill*         0x0000b57b        0x1 ff
 .rodata.ulKernelPriority
                0x0000b57c        0x4 ./FreeRTOS_portable/port.o
                0x0000b57c                ulKernelPriority
 .rodata.blanks.7055
                0x0000b580       0x10 d:/nxp/lpcxpresso_8.2.2_650/lpcxpresso/tools/bin/../lib/gcc/arm-none-eabi/5.4.1/../../../../arm-none-eabi/lib/armv7-m\libc.a(lib_a-svfprintf.o)
 .rodata.str1.4
                0x0000b590       0x42 d:/nxp/lpcxpresso_8.2.2_650/lpcxpresso/tools/bin/../lib/gcc/arm-none-eabi/5.4.1/../../../../arm-none-eabi/lib/armv7-m\libc.a(lib_a-svfprintf.o)
 *fill*         0x0000b5d2        0x2 ff
 .rodata.zeroes.7056
                0x0000b5d4       0x10 d:/nxp/lpcxpresso_8.2.2_650/lpcxpresso/tools/bin/../lib/gcc/arm-none-eabi/5.4.1/../../../../arm-none-eabi/lib/armv7-m\libc.a(lib_a-svfprintf.o)
 .rodata.blanks.7070
                0x0000b5e4       0x10 d:/nxp/lpcxpresso_8.2.2_650/lpcxpresso/tools/bin/../lib/gcc/arm-none-eabi/5.4.1/../../../../arm-none-eabi/lib/armv7-m\libc.a(lib_a-vfprintf.o)
 .rodata.str1.4
                0x0000b5f4       0x42 d:/nxp/lpcxpresso_8.2.2_650/lpcxpresso/tools/bin/../lib/gcc/arm-none-eabi/5.4.1/../../../../arm-none-eabi/lib/armv7-m\libc.a(lib_a-vfprintf.o)
 .rodata.zeroes.7071
                0x0000b5f4       0x10 d:/nxp/lpcxpresso_8.2.2_650/lpcxpresso/tools/bin/../lib/gcc/arm-none-eabi/5.4.1/../../../../arm-none-eabi/lib/armv7-m\libc.a(lib_a-vfprintf.o)
 .rodata.str1.4
                0x0000b604       0x10 d:/nxp/lpcxpresso_8.2.2_650/lpcxpresso/tools/bin/../lib/gcc/arm-none-eabi/5.4.1/../../../../arm-none-eabi/lib/armv7-m\libc.a(lib_a-dtoa.o)
                                 0x12 (size before relaxing)
 .rodata.str1.4
                0x0000b614        0x2 d:/nxp/lpcxpresso_8.2.2_650/lpcxpresso/tools/bin/../lib/gcc/arm-none-eabi/5.4.1/../../../../arm-none-eabi/lib/armv7-m\libc.a(lib_a-impure.o)
 *fill*         0x0000b616        0x2 ff
 .rodata._global_impure_ptr
                0x0000b618        0x4 d:/nxp/lpcxpresso_8.2.2_650/lpcxpresso/tools/bin/../lib/gcc/arm-none-eabi/5.4.1/../../../../arm-none-eabi/lib/armv7-m\libc.a(lib_a-impure.o)
                0x0000b618                _global_impure_ptr
 .rodata.str1.4
                0x0000b61c        0xc d:/nxp/lpcxpresso_8.2.2_650/lpcxpresso/tools/bin/../lib/gcc/arm-none-eabi/5.4.1/../../../../arm-none-eabi/lib/armv7-m\libc.a(lib_a-locale.o)
                                 0x12 (size before relaxing)
 .rodata.__mprec_tens
                0x0000b628       0xc8 d:/nxp/lpcxpresso_8.2.2_650/lpcxpresso/tools/bin/../lib/gcc/arm-none-eabi/5.4.1/../../../../arm-none-eabi/lib/armv7-m\libc.a(lib_a-mprec.o)
                0x0000b628                __mprec_tens
 .rodata.__mprec_bigtens
                0x0000b6f0       0x28 d:/nxp/lpcxpresso_8.2.2_650/lpcxpresso/tools/bin/../lib/gcc/arm-none-eabi/5.4.1/../../../../arm-none-eabi/lib/armv7-m\libc.a(lib_a-mprec.o)
                0x0000b6f0                __mprec_bigtens
 .rodata.__mprec_tinytens
                0x0000b718       0x28 d:/nxp/lpcxpresso_8.2.2_650/lpcxpresso/tools/bin/../lib/gcc/arm-none-eabi/5.4.1/../../../../arm-none-eabi/lib/armv7-m\libc.a(lib_a-mprec.o)
                0x0000b718                __mprec_tinytens
 .rodata.p05.5396
                0x0000b740        0xc d:/nxp/lpcxpresso_8.2.2_650/lpcxpresso/tools/bin/../lib/gcc/arm-none-eabi/5.4.1/../../../../arm-none-eabi/lib/armv7-m\libc.a(lib_a-mprec.o)
 .rodata.blanks.6999
                0x0000b74c       0x10 d:/nxp/lpcxpresso_8.2.2_650/lpcxpresso/tools/bin/../lib/gcc/arm-none-eabi/5.4.1/../../../../arm-none-eabi/lib/armv7-m\libc.a(lib_a-svfiprintf.o)
 .rodata.str1.4
                0x0000b75c       0x2f d:/nxp/lpcxpresso_8.2.2_650/lpcxpresso/tools/bin/../lib/gcc/arm-none-eabi/5.4.1/../../../../arm-none-eabi/lib/armv7-m\libc.a(lib_a-svfiprintf.o)
 .rodata.zeroes.7000
                0x0000b75c       0x10 d:/nxp/lpcxpresso_8.2.2_650/lpcxpresso/tools/bin/../lib/gcc/arm-none-eabi/5.4.1/../../../../arm-none-eabi/lib/armv7-m\libc.a(lib_a-svfiprintf.o)
 .rodata.blanks.7013
                0x0000b76c       0x10 d:/nxp/lpcxpresso_8.2.2_650/lpcxpresso/tools/bin/../lib/gcc/arm-none-eabi/5.4.1/../../../../arm-none-eabi/lib/armv7-m\libc.a(lib_a-vfiprintf.o)
 .rodata.str1.4
                0x0000b77c       0x2f d:/nxp/lpcxpresso_8.2.2_650/lpcxpresso/tools/bin/../lib/gcc/arm-none-eabi/5.4.1/../../../../arm-none-eabi/lib/armv7-m\libc.a(lib_a-vfiprintf.o)
 .rodata.zeroes.7014
                0x0000b77c       0x10 d:/nxp/lpcxpresso_8.2.2_650/lpcxpresso/tools/bin/../lib/gcc/arm-none-eabi/5.4.1/../../../../arm-none-eabi/lib/armv7-m\libc.a(lib_a-vfiprintf.o)
 .rodata.str1.1
                0x0000b78c        0x4 d:/nxp/lpcxpresso_8.2.2_650/lpcxpresso/tools/bin/../lib/gcc/arm-none-eabi/5.4.1/../../../../arm-none-eabi/lib/armv7-m\libcr_newlib_semihost.a(syscalls.o)
                0x0000b7ac                . = ALIGN (0x4)

.glue_7         0x0000b790        0x0
 .glue_7        0x0000b790        0x0 linker stubs

.glue_7t        0x0000b790        0x0
 .glue_7t       0x0000b790        0x0 linker stubs

.vfp11_veneer   0x0000b790        0x0
 .vfp11_veneer  0x0000b790        0x0 linker stubs

.v4_bx          0x0000b790        0x0
 .v4_bx         0x0000b790        0x0 linker stubs

.iplt           0x0000b790        0x0
 .iplt          0x0000b790        0x0 ./src/pi7/programa_trajetoria/programa_trajetoria.o

.ARM.extab      0x0000b790        0x0
 *(.ARM.extab* .gnu.linkonce.armextab.*)
 .ARM.extab     0x0000b790        0x0 d:/nxp/lpcxpresso_8.2.2_650/lpcxpresso/tools/bin/../lib/gcc/arm-none-eabi/5.4.1/armv7-m\libgcc.a(_udivmoddi4.o)
                0x0000b790                __exidx_start = .

.ARM.exidx      0x0000b790        0x8
 *(.ARM.exidx* .gnu.linkonce.armexidx.*)
 .ARM.exidx     0x0000b790        0x8 d:/nxp/lpcxpresso_8.2.2_650/lpcxpresso/tools/bin/../lib/gcc/arm-none-eabi/5.4.1/armv7-m\libgcc.a(_udivmoddi4.o)
                0x0000b798                __exidx_end = .
                0x0000b798                _etext = .

.rel.dyn        0x0000b798        0x0
 .rel.iplt      0x0000b798        0x0 ./src/pi7/programa_trajetoria/programa_trajetoria.o

.data_RAM2      0x2007c000        0x0 load address 0x0000b798
 FILL mask 0xff
                [!provide]                PROVIDE (__start_data_RAM2, .)
 *(.ramfunc.$RAM2)
 *(.ramfunc.$RamAHB32)
 *(.data.$RAM2*)
 *(.data.$RamAHB32*)
                0x2007c000                . = ALIGN (0x4)
                [!provide]                PROVIDE (__end_data_RAM2, .)

.uninit_RESERVED
                0x10000000        0x0
 *(.bss.$RESERVED*)
                0x10000000                . = ALIGN (0x4)
                0x10000000                _end_uninit_RESERVED = .

.data           0x10000000      0x4ec load address 0x0000b798
 FILL mask 0xff
                0x10000000                _data = .
 *(vtable)
 *(.ramfunc*)
 *(.data*)
 .data          0x10000000        0x0 ./src/pi7/programa_trajetoria/programa_trajetoria.o
 .data          0x10000000        0x0 ./src/pi7/interpretador_comando/interpretador_comando.o
 .data          0x10000000        0x0 ./src/pi7/estado_trajetoria/estado_trajetoria.o
 .data.stt_x    0x10000000        0x4 ./src/pi7/estado_trajetoria/estado_trajetoria.o
                0x10000000                stt_x
 .data.stt_y    0x10000004        0x4 ./src/pi7/estado_trajetoria/estado_trajetoria.o
                0x10000004                stt_y
 .data.stt_z    0x10000008        0x4 ./src/pi7/estado_trajetoria/estado_trajetoria.o
                0x10000008                stt_z
 .data          0x1000000c        0x0 ./src/pi7/controlador_trajetoria/controlador_trajetoria.o
 .data          0x1000000c        0x0 ./src/pi7/comunicacao_pic/comunicacao_pic.o
 .data          0x1000000c        0x0 ./src/pi7/comunicacao_pc/modbus.o
 .data          0x1000000c        0x0 ./src/drivers/uart/uart.o
 .data.UART0TxEmpty
                0x1000000c        0x1 ./src/drivers/uart/uart.o
                0x1000000c                UART0TxEmpty
 .data.UART1TxEmpty
                0x1000000d        0x1 ./src/drivers/uart/uart.o
                0x1000000d                UART1TxEmpty
 .data          0x1000000e        0x0 ./src/drivers/spi/spi.o
 .data          0x1000000e        0x0 ./src/drivers/pwm/pwm.o
 .data          0x1000000e        0x0 ./src/drivers/ledonboard/leds.o
 .data          0x1000000e        0x0 ./src/drivers/console/alloc.o
 .data          0x1000000e        0x0 ./src/drivers/console/basic_io.o
 .data          0x1000000e        0x0 ./src/drivers/console/consoleprint.o
 .data          0x1000000e        0x0 ./src/cr_startup_lpc17.o
 .data          0x1000000e        0x0 ./src/main.o
 .data.msgReadRegister
                0x1000000e        0xd ./src/main.o
                0x1000000e                msgReadRegister
 .data.msgWriteRegister
                0x1000001b        0xf ./src/main.o
                0x1000001b                msgWriteRegister
 .data          0x1000002a        0x0 ./FreeRTOS_src/croutine.o
 .data          0x1000002a        0x0 ./FreeRTOS_src/list.o
 .data          0x1000002a        0x0 ./FreeRTOS_src/queue.o
 .data          0x1000002a        0x0 ./FreeRTOS_src/tasks.o
 *fill*         0x1000002a        0x2 ff
 .data.uxPreviousTask
                0x1000002c        0x4 ./FreeRTOS_src/tasks.o
 .data.xNextTaskUnblockTime
                0x10000030        0x4 ./FreeRTOS_src/tasks.o
 .data          0x10000034        0x0 ./FreeRTOS_src/timers.o
 .data          0x10000034        0x0 ./FreeRTOS_portable/MemMang/heap_2.o
 .data.xFreeBytesRemaining
                0x10000034        0x4 ./FreeRTOS_portable/MemMang/heap_2.o
 .data          0x10000038        0x0 ./FreeRTOS_portable/port.o
 .data.uxCriticalNesting
                0x10000038        0x4 ./FreeRTOS_portable/port.o
 .data          0x1000003c        0x4 ../Libraries\libCMSISv2_LPC17xx.a(system_LPC17xx.o)
                0x1000003c                SystemFrequency
 .data          0x10000040        0x0 d:/nxp/lpcxpresso_8.2.2_650/lpcxpresso/tools/bin/../lib/gcc/arm-none-eabi/5.4.1/armv7-m\libgcc.a(_arm_fixsfsi.o)
 .data          0x10000040        0x0 d:/nxp/lpcxpresso_8.2.2_650/lpcxpresso/tools/bin/../lib/gcc/arm-none-eabi/5.4.1/../../../../arm-none-eabi/lib/armv7-m\libc.a(lib_a-memcpy.o)
 .data          0x10000040        0x0 d:/nxp/lpcxpresso_8.2.2_650/lpcxpresso/tools/bin/../lib/gcc/arm-none-eabi/5.4.1/../../../../arm-none-eabi/lib/armv7-m\libc.a(lib_a-memset.o)
 .data          0x10000040        0x0 d:/nxp/lpcxpresso_8.2.2_650/lpcxpresso/tools/bin/../lib/gcc/arm-none-eabi/5.4.1/../../../../arm-none-eabi/lib/armv7-m\libc.a(lib_a-printf.o)
 .data          0x10000040        0x0 d:/nxp/lpcxpresso_8.2.2_650/lpcxpresso/tools/bin/../lib/gcc/arm-none-eabi/5.4.1/../../../../arm-none-eabi/lib/armv7-m\libc.a(lib_a-sprintf.o)
 .data          0x10000040        0x0 d:/nxp/lpcxpresso_8.2.2_650/lpcxpresso/tools/bin/../lib/gcc/arm-none-eabi/5.4.1/../../../../arm-none-eabi/lib/armv7-m\libc.a(lib_a-strcat.o)
 .data          0x10000040        0x0 d:/nxp/lpcxpresso_8.2.2_650/lpcxpresso/tools/bin/../lib/gcc/arm-none-eabi/5.4.1/../../../../arm-none-eabi/lib/armv7-m\libc.a(lib_a-strcpy.o)
 .data          0x10000040        0x0 d:/nxp/lpcxpresso_8.2.2_650/lpcxpresso/tools/bin/../lib/gcc/arm-none-eabi/5.4.1/../../../../arm-none-eabi/lib/armv7-m\libc.a(lib_a-strlen-stub.o)
 .data          0x10000040        0x0 d:/nxp/lpcxpresso_8.2.2_650/lpcxpresso/tools/bin/../lib/gcc/arm-none-eabi/5.4.1/../../../../arm-none-eabi/lib/armv7-m\libc.a(lib_a-strncpy.o)
 .data          0x10000040        0x0 d:/nxp/lpcxpresso_8.2.2_650/lpcxpresso/tools/bin/../lib/gcc/arm-none-eabi/5.4.1/../../../../arm-none-eabi/lib/armv7-m\libc.a(lib_a-svfprintf.o)
 .data          0x10000040        0x0 d:/nxp/lpcxpresso_8.2.2_650/lpcxpresso/tools/bin/../lib/gcc/arm-none-eabi/5.4.1/../../../../arm-none-eabi/lib/armv7-m\libc.a(lib_a-vfprintf.o)
 .data          0x10000040        0x0 d:/nxp/lpcxpresso_8.2.2_650/lpcxpresso/tools/bin/../lib/gcc/arm-none-eabi/5.4.1/../../../../arm-none-eabi/lib/armv7-m\libc.a(lib_a-wsetup.o)
 .data          0x10000040        0x0 d:/nxp/lpcxpresso_8.2.2_650/lpcxpresso/tools/bin/../lib/gcc/arm-none-eabi/5.4.1/../../../../arm-none-eabi/lib/armv7-m\libc.a(lib_a-dtoa.o)
 .data          0x10000040        0x0 d:/nxp/lpcxpresso_8.2.2_650/lpcxpresso/tools/bin/../lib/gcc/arm-none-eabi/5.4.1/../../../../arm-none-eabi/lib/armv7-m\libc.a(lib_a-fflush.o)
 .data          0x10000040        0x0 d:/nxp/lpcxpresso_8.2.2_650/lpcxpresso/tools/bin/../lib/gcc/arm-none-eabi/5.4.1/../../../../arm-none-eabi/lib/armv7-m\libc.a(lib_a-findfp.o)
 .data          0x10000040        0x0 d:/nxp/lpcxpresso_8.2.2_650/lpcxpresso/tools/bin/../lib/gcc/arm-none-eabi/5.4.1/../../../../arm-none-eabi/lib/armv7-m\libc.a(lib_a-fwalk.o)
 .data          0x10000040        0x0 d:/nxp/lpcxpresso_8.2.2_650/lpcxpresso/tools/bin/../lib/gcc/arm-none-eabi/5.4.1/../../../../arm-none-eabi/lib/armv7-m\libc.a(lib_a-impure.o)
 .data.impure_data
                0x10000040      0x428 d:/nxp/lpcxpresso_8.2.2_650/lpcxpresso/tools/bin/../lib/gcc/arm-none-eabi/5.4.1/../../../../arm-none-eabi/lib/armv7-m\libc.a(lib_a-impure.o)
 .data._impure_ptr
                0x10000468        0x4 d:/nxp/lpcxpresso_8.2.2_650/lpcxpresso/tools/bin/../lib/gcc/arm-none-eabi/5.4.1/../../../../arm-none-eabi/lib/armv7-m\libc.a(lib_a-impure.o)
                0x10000468                _impure_ptr
 .data          0x1000046c        0x0 d:/nxp/lpcxpresso_8.2.2_650/lpcxpresso/tools/bin/../lib/gcc/arm-none-eabi/5.4.1/../../../../arm-none-eabi/lib/armv7-m\libc.a(lib_a-locale.o)
 .data.lc_message_charset
                0x1000046c       0x20 d:/nxp/lpcxpresso_8.2.2_650/lpcxpresso/tools/bin/../lib/gcc/arm-none-eabi/5.4.1/../../../../arm-none-eabi/lib/armv7-m\libc.a(lib_a-locale.o)
 .data.lconv    0x1000048c       0x38 d:/nxp/lpcxpresso_8.2.2_650/lpcxpresso/tools/bin/../lib/gcc/arm-none-eabi/5.4.1/../../../../arm-none-eabi/lib/armv7-m\libc.a(lib_a-locale.o)
 .data.lc_ctype_charset
                0x100004c4       0x20 d:/nxp/lpcxpresso_8.2.2_650/lpcxpresso/tools/bin/../lib/gcc/arm-none-eabi/5.4.1/../../../../arm-none-eabi/lib/armv7-m\libc.a(lib_a-locale.o)
 .data.__mb_cur_max
                0x100004e4        0x4 d:/nxp/lpcxpresso_8.2.2_650/lpcxpresso/tools/bin/../lib/gcc/arm-none-eabi/5.4.1/../../../../arm-none-eabi/lib/armv7-m\libc.a(lib_a-locale.o)
                0x100004e4                __mb_cur_max
 .data          0x100004e8        0x0 d:/nxp/lpcxpresso_8.2.2_650/lpcxpresso/tools/bin/../lib/gcc/arm-none-eabi/5.4.1/../../../../arm-none-eabi/lib/armv7-m\libc.a(lib_a-makebuf.o)
 .data          0x100004e8        0x0 d:/nxp/lpcxpresso_8.2.2_650/lpcxpresso/tools/bin/../lib/gcc/arm-none-eabi/5.4.1/../../../../arm-none-eabi/lib/armv7-m\libc.a(lib_a-memchr-stub.o)
 .data          0x100004e8        0x0 d:/nxp/lpcxpresso_8.2.2_650/lpcxpresso/tools/bin/../lib/gcc/arm-none-eabi/5.4.1/../../../../arm-none-eabi/lib/armv7-m\libc.a(lib_a-mprec.o)
 .data          0x100004e8        0x0 d:/nxp/lpcxpresso_8.2.2_650/lpcxpresso/tools/bin/../lib/gcc/arm-none-eabi/5.4.1/../../../../arm-none-eabi/lib/armv7-m\libc.a(lib_a-stdio.o)
 .data          0x100004e8        0x0 d:/nxp/lpcxpresso_8.2.2_650/lpcxpresso/tools/bin/../lib/gcc/arm-none-eabi/5.4.1/../../../../arm-none-eabi/lib/armv7-m\libc.a(lib_a-strcmp.o)
 .data          0x100004e8        0x0 d:/nxp/lpcxpresso_8.2.2_650/lpcxpresso/tools/bin/../lib/gcc/arm-none-eabi/5.4.1/../../../../arm-none-eabi/lib/armv7-m\libc.a(lib_a-svfiprintf.o)
 .data          0x100004e8        0x0 d:/nxp/lpcxpresso_8.2.2_650/lpcxpresso/tools/bin/../lib/gcc/arm-none-eabi/5.4.1/../../../../arm-none-eabi/lib/armv7-m\libc.a(lib_a-vfiprintf.o)
 .data          0x100004e8        0x0 d:/nxp/lpcxpresso_8.2.2_650/lpcxpresso/tools/bin/../lib/gcc/arm-none-eabi/5.4.1/../../../../arm-none-eabi/lib/armv7-m\libc.a(lib_a-writer.o)
 .data          0x100004e8        0x0 d:/nxp/lpcxpresso_8.2.2_650/lpcxpresso/tools/bin/../lib/gcc/arm-none-eabi/5.4.1/../../../../arm-none-eabi/lib/armv7-m\libc.a(lib_a-closer.o)
 .data          0x100004e8        0x0 d:/nxp/lpcxpresso_8.2.2_650/lpcxpresso/tools/bin/../lib/gcc/arm-none-eabi/5.4.1/../../../../arm-none-eabi/lib/armv7-m\libc.a(lib_a-fclose.o)
 .data          0x100004e8        0x0 d:/nxp/lpcxpresso_8.2.2_650/lpcxpresso/tools/bin/../lib/gcc/arm-none-eabi/5.4.1/../../../../arm-none-eabi/lib/armv7-m\libc.a(lib_a-fputwc.o)
 .data          0x100004e8        0x0 d:/nxp/lpcxpresso_8.2.2_650/lpcxpresso/tools/bin/../lib/gcc/arm-none-eabi/5.4.1/../../../../arm-none-eabi/lib/armv7-m\libc.a(lib_a-fstatr.o)
 .data          0x100004e8        0x0 d:/nxp/lpcxpresso_8.2.2_650/lpcxpresso/tools/bin/../lib/gcc/arm-none-eabi/5.4.1/../../../../arm-none-eabi/lib/armv7-m\libc.a(lib_a-fvwrite.o)
 .data          0x100004e8        0x0 d:/nxp/lpcxpresso_8.2.2_650/lpcxpresso/tools/bin/../lib/gcc/arm-none-eabi/5.4.1/../../../../arm-none-eabi/lib/armv7-m\libc.a(lib_a-isattyr.o)
 .data          0x100004e8        0x0 d:/nxp/lpcxpresso_8.2.2_650/lpcxpresso/tools/bin/../lib/gcc/arm-none-eabi/5.4.1/../../../../arm-none-eabi/lib/armv7-m\libc.a(lib_a-lseekr.o)
 .data          0x100004e8        0x0 d:/nxp/lpcxpresso_8.2.2_650/lpcxpresso/tools/bin/../lib/gcc/arm-none-eabi/5.4.1/../../../../arm-none-eabi/lib/armv7-m\libc.a(lib_a-memmove.o)
 .data          0x100004e8        0x0 d:/nxp/lpcxpresso_8.2.2_650/lpcxpresso/tools/bin/../lib/gcc/arm-none-eabi/5.4.1/../../../../arm-none-eabi/lib/armv7-m\libc.a(lib_a-readr.o)
 .data          0x100004e8        0x0 d:/nxp/lpcxpresso_8.2.2_650/lpcxpresso/tools/bin/../lib/gcc/arm-none-eabi/5.4.1/../../../../arm-none-eabi/lib/armv7-m\libc.a(lib_a-reent.o)
 .data          0x100004e8        0x0 d:/nxp/lpcxpresso_8.2.2_650/lpcxpresso/tools/bin/../lib/gcc/arm-none-eabi/5.4.1/../../../../arm-none-eabi/lib/armv7-m\libc.a(lib_a-wbuf.o)
 .data          0x100004e8        0x0 d:/nxp/lpcxpresso_8.2.2_650/lpcxpresso/tools/bin/../lib/gcc/arm-none-eabi/5.4.1/../../../../arm-none-eabi/lib/armv7-m\libc.a(lib_a-wcrtomb.o)
 .data          0x100004e8        0x0 d:/nxp/lpcxpresso_8.2.2_650/lpcxpresso/tools/bin/../lib/gcc/arm-none-eabi/5.4.1/../../../../arm-none-eabi/lib/armv7-m\libc.a(lib_a-wctomb_r.o)
 .data.__wctomb
                0x100004e8        0x4 d:/nxp/lpcxpresso_8.2.2_650/lpcxpresso/tools/bin/../lib/gcc/arm-none-eabi/5.4.1/../../../../arm-none-eabi/lib/armv7-m\libc.a(lib_a-wctomb_r.o)
                0x100004e8                __wctomb
 .data          0x100004ec        0x0 d:/nxp/lpcxpresso_8.2.2_650/lpcxpresso/tools/bin/../lib/gcc/arm-none-eabi/5.4.1/../../../../arm-none-eabi/lib/armv7-m\libcr_newlib_semihost.a(syscalls.o)
 .data          0x100004ec        0x0 d:/nxp/lpcxpresso_8.2.2_650/lpcxpresso/tools/bin/../lib/gcc/arm-none-eabi/5.4.1/armv7-m\libgcc.a(_arm_addsubdf3.o)
 .data          0x100004ec        0x0 d:/nxp/lpcxpresso_8.2.2_650/lpcxpresso/tools/bin/../lib/gcc/arm-none-eabi/5.4.1/armv7-m\libgcc.a(_arm_muldivdf3.o)
 .data          0x100004ec        0x0 d:/nxp/lpcxpresso_8.2.2_650/lpcxpresso/tools/bin/../lib/gcc/arm-none-eabi/5.4.1/armv7-m\libgcc.a(_arm_cmpdf2.o)
 .data          0x100004ec        0x0 d:/nxp/lpcxpresso_8.2.2_650/lpcxpresso/tools/bin/../lib/gcc/arm-none-eabi/5.4.1/armv7-m\libgcc.a(_arm_unorddf2.o)
 .data          0x100004ec        0x0 d:/nxp/lpcxpresso_8.2.2_650/lpcxpresso/tools/bin/../lib/gcc/arm-none-eabi/5.4.1/armv7-m\libgcc.a(_arm_fixdfsi.o)
 .data          0x100004ec        0x0 d:/nxp/lpcxpresso_8.2.2_650/lpcxpresso/tools/bin/../lib/gcc/arm-none-eabi/5.4.1/armv7-m\libgcc.a(_aeabi_uldivmod.o)
 .data          0x100004ec        0x0 d:/nxp/lpcxpresso_8.2.2_650/lpcxpresso/tools/bin/../lib/gcc/arm-none-eabi/5.4.1/armv7-m\libgcc.a(_udivmoddi4.o)
 .data          0x100004ec        0x0 d:/nxp/lpcxpresso_8.2.2_650/lpcxpresso/tools/bin/../lib/gcc/arm-none-eabi/5.4.1/armv7-m\libgcc.a(_dvmd_tls.o)
 .data          0x100004ec        0x0 d:/nxp/lpcxpresso_8.2.2_650/lpcxpresso/tools/bin/../lib/gcc/arm-none-eabi/5.4.1/../../../../arm-none-eabi/lib/armv7-m\libc.a(lib_a-errno.o)
                0x100004ec                . = ALIGN (0x4)
                0x100004ec                _edata = .

.igot.plt       0x100004ec        0x0 load address 0x0000bc84
 .igot.plt      0x100004ec        0x0 ./src/pi7/programa_trajetoria/programa_trajetoria.o

.bss_RAM2       0x2007c000        0x0
                [!provide]                PROVIDE (__start_bss_RAM2, .)
 *(.bss.$RAM2*)
 *(.bss.$RamAHB32*)
                0x2007c000                . = ALIGN ((. != 0x0)?0x4:0x1)
                [!provide]                PROVIDE (__end_bss_RAM2, .)

.bss            0x100004f0     0x59b8
                0x100004f0                _bss = .
 *(.bss*)
 .bss           0x100004f0        0x0 ./src/pi7/programa_trajetoria/programa_trajetoria.o
 .bss           0x100004f0        0x0 ./src/pi7/interpretador_comando/interpretador_comando.o
 .bss.ctl_AUX   0x100004f0        0x4 ./src/pi7/interpretador_comando/interpretador_comando.o
                0x100004f0                ctl_AUX
 .bss           0x100004f4        0x0 ./src/pi7/estado_trajetoria/estado_trajetoria.o
 .bss           0x100004f4        0x0 ./src/pi7/controlador_trajetoria/controlador_trajetoria.o
 .bss           0x100004f4        0x0 ./src/pi7/comunicacao_pic/comunicacao_pic.o
 .bss           0x100004f4        0x0 ./src/pi7/comunicacao_pc/modbus.o
 .bss           0x100004f4        0x0 ./src/drivers/uart/uart.o
 .bss.UART1Count
                0x100004f4        0x4 ./src/drivers/uart/uart.o
                0x100004f4                UART1Count
 .bss.UART0Count
                0x100004f8        0x4 ./src/drivers/uart/uart.o
                0x100004f8                UART0Count
 .bss           0x100004fc        0x0 ./src/drivers/spi/spi.o
 .bss           0x100004fc        0x0 ./src/drivers/pwm/pwm.o
 .bss           0x100004fc        0x0 ./src/drivers/ledonboard/leds.o
 .bss           0x100004fc        0x0 ./src/drivers/console/alloc.o
 .bss           0x100004fc        0x0 ./src/drivers/console/basic_io.o