Archive member included to satisfy reference by file (symbol)

../Libraries\libCMSISv2_LPC17xx.a(system_LPC17xx.o)
                              ./src/drivers/uart/uart.o (SystemFrequency)
d:/nxp/lpcxpresso_8.2.2_650/lpcxpresso/tools/bin/../lib/gcc/arm-none-eabi/5.4.1/armv7-m\libgcc.a(_arm_addsubdf3.o)
                              ./src/pi7/comunicacao_pic/comunicacao_pic.o (__aeabi_f2d)
d:/nxp/lpcxpresso_8.2.2_650/lpcxpresso/tools/bin/../lib/gcc/arm-none-eabi/5.4.1/armv7-m\libgcc.a(_arm_fixsfsi.o)
                              ./src/pi7/interpretador_comando/interpretador_comando.o (__aeabi_f2iz)
d:/nxp/lpcxpresso_8.2.2_650/lpcxpresso/tools/bin/../lib/gcc/arm-none-eabi/5.4.1/../../../../arm-none-eabi/lib/armv7-m\libc.a(lib_a-memcpy.o)
                              ./src/drivers/console/alloc.o (memcpy)
d:/nxp/lpcxpresso_8.2.2_650/lpcxpresso/tools/bin/../lib/gcc/arm-none-eabi/5.4.1/../../../../arm-none-eabi/lib/armv7-m\libc.a(lib_a-memset.o)
                              ./FreeRTOS_src/tasks.o (memset)
d:/nxp/lpcxpresso_8.2.2_650/lpcxpresso/tools/bin/../lib/gcc/arm-none-eabi/5.4.1/../../../../arm-none-eabi/lib/armv7-m\libc.a(lib_a-printf.o)
                              ./src/pi7/interpretador_comando/interpretador_comando.o (printf)
d:/nxp/lpcxpresso_8.2.2_650/lpcxpresso/tools/bin/../lib/gcc/arm-none-eabi/5.4.1/../../../../arm-none-eabi/lib/armv7-m\libc.a(lib_a-sprintf.o)
                              ./src/drivers/console/basic_io.o (sprintf)
d:/nxp/lpcxpresso_8.2.2_650/lpcxpresso/tools/bin/../lib/gcc/arm-none-eabi/5.4.1/../../../../arm-none-eabi/lib/armv7-m\libc.a(lib_a-strcat.o)
                              ./FreeRTOS_src/tasks.o (strcat)
d:/nxp/lpcxpresso_8.2.2_650/lpcxpresso/tools/bin/../lib/gcc/arm-none-eabi/5.4.1/../../../../arm-none-eabi/lib/armv7-m\libc.a(lib_a-strcpy.o)
                              d:/nxp/lpcxpresso_8.2.2_650/lpcxpresso/tools/bin/../lib/gcc/arm-none-eabi/5.4.1/../../../../arm-none-eabi/lib/armv7-m\libc.a(lib_a-strcat.o) (strcpy)
d:/nxp/lpcxpresso_8.2.2_650/lpcxpresso/tools/bin/../lib/gcc/arm-none-eabi/5.4.1/../../../../arm-none-eabi/lib/armv7-m\libc.a(lib_a-strlen-stub.o)
                              ./src/drivers/console/consoleprint.o (strlen)
d:/nxp/lpcxpresso_8.2.2_650/lpcxpresso/tools/bin/../lib/gcc/arm-none-eabi/5.4.1/../../../../arm-none-eabi/lib/armv7-m\libc.a(lib_a-strncpy.o)
                              ./FreeRTOS_src/tasks.o (strncpy)
d:/nxp/lpcxpresso_8.2.2_650/lpcxpresso/tools/bin/../lib/gcc/arm-none-eabi/5.4.1/../../../../arm-none-eabi/lib/armv7-m\libc.a(lib_a-svfprintf.o)
                              d:/nxp/lpcxpresso_8.2.2_650/lpcxpresso/tools/bin/../lib/gcc/arm-none-eabi/5.4.1/../../../../arm-none-eabi/lib/armv7-m\libc.a(lib_a-sprintf.o) (_svfprintf_r)
d:/nxp/lpcxpresso_8.2.2_650/lpcxpresso/tools/bin/../lib/gcc/arm-none-eabi/5.4.1/../../../../arm-none-eabi/lib/armv7-m\libc.a(lib_a-vfprintf.o)
                              d:/nxp/lpcxpresso_8.2.2_650/lpcxpresso/tools/bin/../lib/gcc/arm-none-eabi/5.4.1/../../../../arm-none-eabi/lib/armv7-m\libc.a(lib_a-printf.o) (_vfprintf_r)
d:/nxp/lpcxpresso_8.2.2_650/lpcxpresso/tools/bin/../lib/gcc/arm-none-eabi/5.4.1/../../../../arm-none-eabi/lib/armv7-m\libc.a(lib_a-wsetup.o)
                              d:/nxp/lpcxpresso_8.2.2_650/lpcxpresso/tools/bin/../lib/gcc/arm-none-eabi/5.4.1/../../../../arm-none-eabi/lib/armv7-m\libc.a(lib_a-vfprintf.o) (__swsetup_r)
d:/nxp/lpcxpresso_8.2.2_650/lpcxpresso/tools/bin/../lib/gcc/arm-none-eabi/5.4.1/../../../../arm-none-eabi/lib/armv7-m\libc.a(lib_a-dtoa.o)
                              d:/nxp/lpcxpresso_8.2.2_650/lpcxpresso/tools/bin/../lib/gcc/arm-none-eabi/5.4.1/../../../../arm-none-eabi/lib/armv7-m\libc.a(lib_a-svfprintf.o) (_dtoa_r)
d:/nxp/lpcxpresso_8.2.2_650/lpcxpresso/tools/bin/../lib/gcc/arm-none-eabi/5.4.1/../../../../arm-none-eabi/lib/armv7-m\libc.a(lib_a-fflush.o)
                              d:/nxp/lpcxpresso_8.2.2_650/lpcxpresso/tools/bin/../lib/gcc/arm-none-eabi/5.4.1/../../../../arm-none-eabi/lib/armv7-m\libc.a(lib_a-vfprintf.o) (_fflush_r)
d:/nxp/lpcxpresso_8.2.2_650/lpcxpresso/tools/bin/../lib/gcc/arm-none-eabi/5.4.1/../../../../arm-none-eabi/lib/armv7-m\libc.a(lib_a-findfp.o)
                              d:/nxp/lpcxpresso_8.2.2_650/lpcxpresso/tools/bin/../lib/gcc/arm-none-eabi/5.4.1/../../../../arm-none-eabi/lib/armv7-m\libc.a(lib_a-vfprintf.o) (__sinit)
d:/nxp/lpcxpresso_8.2.2_650/lpcxpresso/tools/bin/../lib/gcc/arm-none-eabi/5.4.1/../../../../arm-none-eabi/lib/armv7-m\libc.a(lib_a-fwalk.o)
                              d:/nxp/lpcxpresso_8.2.2_650/lpcxpresso/tools/bin/../lib/gcc/arm-none-eabi/5.4.1/../../../../arm-none-eabi/lib/armv7-m\libc.a(lib_a-findfp.o) (_fwalk)
d:/nxp/lpcxpresso_8.2.2_650/lpcxpresso/tools/bin/../lib/gcc/arm-none-eabi/5.4.1/../../../../arm-none-eabi/lib/armv7-m\libc.a(lib_a-impure.o)
[...]
Memory Configuration

Name             Origin             Length             Attributes
MFlash512        0x00000000         0x00080000         xr
RamLoc32         0x10000000         0x00008000         xrw
RamAHB32         0x2007c000         0x00008000         xrw
*default*        0x00000000         0xffffffff

Linker script and memory map

LOAD ./src/pi7/programa_trajetoria/programa_trajetoria.o
LOAD ./src/pi7/interpretador_comando/interpretador_comando.o
LOAD ./src/pi7/estado_trajetoria/estado_trajetoria.o
LOAD ./src/pi7/controlador_trajetoria/controlador_trajetoria.o
LOAD ./src/pi7/comunicacao_pic/comunicacao_pic.o
LOAD ./src/pi7/comunicacao_pc/modbus.o
LOAD ./src/drivers/uart/uart.o
LOAD ./src/drivers/pwm/pwm.o
LOAD ./src/drivers/ledonboard/leds.o
LOAD ./src/drivers/console/alloc.o
LOAD ./src/drivers/console/basic_io.o
LOAD ./src/drivers/console/consoleprint.o
LOAD ./src/cr_startup_lpc17.o
LOAD ./src/main.o
LOAD ./FreeRTOS_src/croutine.o
LOAD ./FreeRTOS_src/list.o
LOAD ./FreeRTOS_src/queue.o
LOAD ./FreeRTOS_src/tasks.o
LOAD ./FreeRTOS_src/timers.o
LOAD ./FreeRTOS_portable/MemMang/heap_2.o
LOAD ./FreeRTOS_portable/port.o
LOAD ../Libraries\libCMSISv2_LPC17xx.a
START GROUP
LOAD d:/nxp/lpcxpresso_8.2.2_650/lpcxpresso/tools/bin/../lib/gcc/arm-none-eabi/5.4.1/armv7-m\libgcc.a
LOAD d:/nxp/lpcxpresso_8.2.2_650/lpcxpresso/tools/bin/../lib/gcc/arm-none-eabi/5.4.1/../../../../arm-none-eabi/lib/armv7-m\libc.a
LOAD d:/nxp/lpcxpresso_8.2.2_650/lpcxpresso/tools/bin/../lib/gcc/arm-none-eabi/5.4.1/../../../../arm-none-eabi/lib/armv7-m\libm.a
LOAD d:/nxp/lpcxpresso_8.2.2_650/lpcxpresso/tools/bin/../lib/gcc/arm-none-eabi/5.4.1/../../../../arm-none-eabi/lib/armv7-m\libcr_newlib_semihost.a
END GROUP
                0x00000000                __base_MFlash512 = 0x0
                0x00000000                __base_Flash = 0x0
                0x00080000                __top_MFlash512 = 0x80000
                0x00080000                __top_Flash = 0x80000
                0x10000000                __base_RamLoc32 = 0x10000000
                0x10000000                __base_RAM = 0x10000000
                0x10008000                __top_RamLoc32 = 0x10008000
                0x10008000                __top_RAM = 0x10008000
                0x2007c000                __base_RamAHB32 = 0x2007c000
                0x2007c000                __base_RAM2 = 0x2007c000
                0x20084000                __top_RamAHB32 = 0x20084000
                0x20084000                __top_RAM2 = 0x20084000

.text           0x00000000     0xb640
 FILL mask 0xff
                0x00000000                __vectors_start__ = ABSOLUTE (.)
 *(.isr_vector)
 .isr_vector    0x00000000       0xcc ./src/cr_startup_lpc17.o
                0x00000000                g_pfnVectors
                0x000000cc                . = ALIGN (0x4)
                0x000000cc                __section_table_start = .
                0x000000cc                __data_section_table = .
                0x000000cc        0x4 LONG 0xb648 LOADADDR (.data)
                0x000000d0        0x4 LONG 0x10000000 ADDR (.data)
                0x000000d4        0x4 LONG 0x4e4 SIZEOF (.data)
                0x000000d8        0x4 LONG 0xb648 LOADADDR (.data_RAM2)
                0x000000dc        0x4 LONG 0x2007c000 ADDR (.data_RAM2)
                0x000000e0        0x4 LONG 0x0 SIZEOF (.data_RAM2)
                0x000000e4                __data_section_table_end = .
                0x000000e4                __bss_section_table = .
                0x000000e4        0x4 LONG 0x100004e8 ADDR (.bss)
                0x000000e8        0x4 LONG 0x59bc SIZEOF (.bss)
                0x000000ec        0x4 LONG 0x2007c000 ADDR (.bss_RAM2)
                0x000000f0        0x4 LONG 0x0 SIZEOF (.bss_RAM2)
                0x000000f4                __bss_section_table_end = .
                0x000000f4                __section_table_end = .
 *(.after_vectors*)
 *(.text*)
 .text          0x000000f4        0x0 ./src/pi7/programa_trajetoria/programa_trajetoria.o
 .text.ptj_storeProgram
                0x000000f4        0x2 ./src/pi7/programa_trajetoria/programa_trajetoria.o
                0x000000f4                ptj_storeProgram
 *fill*         0x000000f6        0x2 ff
 .text.ptj_getLine
                0x000000f8       0x1c ./src/pi7/programa_trajetoria/programa_trajetoria.o
                0x000000f8                ptj_getLine
 .text.ptj_init
                0x00000114       0x1c ./src/pi7/programa_trajetoria/programa_trajetoria.o
                0x00000114                ptj_init
 .text          0x00000130        0x0 ./src/pi7/interpretador_comando/interpretador_comando.o
 .text.ctl_ReadRegister
                0x00000130       0x32 ./src/pi7/interpretador_comando/interpretador_comando.o
                0x00000130                ctl_ReadRegister
 *fill*         0x00000162        0x2 ff
 .text.ctl_WriteRegister
                0x00000164       0x4c ./src/pi7/interpretador_comando/interpretador_comando.o
                0x00000164                ctl_WriteRegister
 .text.ctl_WriteProgram
                0x000001b0        0x4 ./src/pi7/interpretador_comando/interpretador_comando.o
                0x000001b0                ctl_WriteProgram
 .text.ctl_init
                0x000001b4        0x2 ./src/pi7/interpretador_comando/interpretador_comando.o
                0x000001b4                ctl_init
 .text          0x000001b6        0x0 ./src/pi7/estado_trajetoria/estado_trajetoria.o
 *fill*         0x000001b6        0x2 ff
 .text.stt_getCurrentLine
                0x000001b8        0xc ./src/pi7/estado_trajetoria/estado_trajetoria.o
                0x000001b8                stt_getCurrentLine
 .text.stt_setCurrentLine
                0x000001c4        0xc ./src/pi7/estado_trajetoria/estado_trajetoria.o
                0x000001c4                stt_setCurrentLine
 .text.stt_getX
                0x000001d0        0xc ./src/pi7/estado_trajetoria/estado_trajetoria.o
                0x000001d0                stt_getX
 .text.stt_getY
                0x000001dc        0xc ./src/pi7/estado_trajetoria/estado_trajetoria.o
                0x000001dc                stt_getY
 .text.stt_getZ
                0x000001e8        0xc ./src/pi7/estado_trajetoria/estado_trajetoria.o
                0x000001e8                stt_getZ
 .text.stt_setX
                0x000001f4        0xc ./src/pi7/estado_trajetoria/estado_trajetoria.o
                0x000001f4                stt_setX
 .text.stt_setY
                0x00000200        0xc ./src/pi7/estado_trajetoria/estado_trajetoria.o
                0x00000200                stt_setY
 .text.stt_setZ
                0x0000020c        0xc ./src/pi7/estado_trajetoria/estado_trajetoria.o
                0x0000020c                stt_setZ
 .text.stt_init
                0x00000218        0x2 ./src/pi7/estado_trajetoria/estado_trajetoria.o
                0x00000218                stt_init
 .text          0x0000021a        0x0 ./src/pi7/controlador_trajetoria/controlador_trajetoria.o
 *fill*         0x0000021a        0x2 ff
 .text.trj_generateSetpoint
                0x0000021c       0x54 ./src/pi7/controlador_trajetoria/controlador_trajetoria.o
                0x0000021c                trj_generateSetpoint
 .text.trj_processCommand
                0x00000270       0x3c ./src/pi7/controlador_trajetoria/controlador_trajetoria.o
                0x00000270                trj_processCommand
 .text.trj_init
                0x000002ac        0xc ./src/pi7/controlador_trajetoria/controlador_trajetoria.o
                0x000002ac                trj_init
 .text          0x000002b8        0x0 ./src/pi7/comunicacao_pic/comunicacao_pic.o
 .text.pic_sendToPIC
                0x000002b8       0x3c ./src/pi7/comunicacao_pic/comunicacao_pic.o
                0x000002b8                pic_sendToPIC
 .text.pic_init
                0x000002f4        0x2 ./src/pi7/comunicacao_pic/comunicacao_pic.o
                0x000002f4                pic_init
 .text          0x000002f6        0x0 ./src/pi7/comunicacao_pc/modbus.o
 .text.decode   0x000002f6       0x20 ./src/pi7/comunicacao_pc/modbus.o
                0x000002f6                decode
 .text.encodeLow
                0x00000316        0xe ./src/pi7/comunicacao_pc/modbus.o
                0x00000316                encodeLow
 .text.encodeHigh
                0x00000324        0xc ./src/pi7/comunicacao_pc/modbus.o
                0x00000324                encodeHigh
 .text.putCharToSerial
                0x00000330       0x30 ./src/pi7/comunicacao_pc/modbus.o
                0x00000330                putCharToSerial
 .text.getCharFromSerial
                0x00000360       0x34 ./src/pi7/comunicacao_pc/modbus.o
                0x00000360                getCharFromSerial
 .text.calculateLRC
                0x00000394       0x1c ./src/pi7/comunicacao_pc/modbus.o
                0x00000394                calculateLRC
 .text.checkLRC
                0x000003b0       0x44 ./src/pi7/comunicacao_pc/modbus.o
                0x000003b0                checkLRC
 .text.processReadRegister
                0x000003f4       0x70 ./src/pi7/comunicacao_pc/modbus.o
                0x000003f4                processReadRegister
 .text.processWriteRegister
                0x00000464       0x90 ./src/pi7/comunicacao_pc/modbus.o
                0x00000464                processWriteRegister
 .text.processWriteFile
                0x000004f4        0x2 ./src/pi7/comunicacao_pc/modbus.o
                0x000004f4                processWriteFile
 *fill*         0x000004f6        0x2 ff
 .text.decodeFunctionCode
                0x000004f8       0x14 ./src/pi7/comunicacao_pc/modbus.o
                0x000004f8                decodeFunctionCode
 .text.processMessage
                0x0000050c       0x2c ./src/pi7/comunicacao_pc/modbus.o
                0x0000050c                processMessage
 .text.receiveMessage
                0x00000538       0x70 ./src/pi7/comunicacao_pc/modbus.o
                0x00000538                receiveMessage
 .text.com_init
                0x000005a8       0x1c ./src/pi7/comunicacao_pc/modbus.o
                0x000005a8                com_init
 .text.com_executeCommunication
                0x000005c4       0x1c ./src/pi7/comunicacao_pc/modbus.o
                0x000005c4                com_executeCommunication
 .text          0x000005e0        0x0 ./src/drivers/uart/uart.o
 .text.UARTGetChar
                0x000005e0       0x3c ./src/drivers/uart/uart.o
                0x000005e0                UARTGetChar
 .text.UART0_IRQHandler
                0x0000061c       0xb8 ./src/drivers/uart/uart.o
                0x0000061c                UART0_IRQHandler
 .text.UART1_IRQHandler
                0x000006d4       0xb8 ./src/drivers/uart/uart.o
                0x000006d4                UART1_IRQHandler
 .text.UARTInit
                0x0000078c      0x104 ./src/drivers/uart/uart.o
                0x0000078c                UARTInit
 .text.UARTSend
                0x00000890       0x50 ./src/drivers/uart/uart.o
                0x00000890                UARTSend
 .text.UARTSendNullTerminated
                0x000008e0       0x50 ./src/drivers/uart/uart.o
                0x000008e0                UARTSendNullTerminated
 .text          0x00000930        0x0 ./src/drivers/pwm/pwm.o
 .text.PWM1_IRQHandler
                0x00000930       0x20 ./src/drivers/pwm/pwm.o
                0x00000930                PWM1_IRQHandler
 .text.PWM_Init
                0x00000950       0x6c ./src/drivers/pwm/pwm.o
                0x00000950                PWM_Init
 .text.PWM_Set  0x000009bc       0x48 ./src/drivers/pwm/pwm.o
                0x000009bc                PWM_Set
 .text.PWM_Start
                0x00000a04       0x18 ./src/drivers/pwm/pwm.o
                0x00000a04                PWM_Start
 .text.PWM_Stop
                0x00000a1c       0x14 ./src/drivers/pwm/pwm.o
                0x00000a1c                PWM_Stop
 .text          0x00000a30        0x0 ./src/drivers/ledonboard/leds.o
 .text.led2_init
                0x00000a30       0x20 ./src/drivers/ledonboard/leds.o
                0x00000a30                led2_init
 .text.led2_on  0x00000a50       0x10 ./src/drivers/ledonboard/leds.o
                0x00000a50                led2_on
 .text.led2_off
                0x00000a60       0x10 ./src/drivers/ledonboard/leds.o
                0x00000a60                led2_off
 .text.led2_invert
                0x00000a70       0x18 ./src/drivers/ledonboard/leds.o
                0x00000a70                led2_invert
 .text          0x00000a88        0x0 ./src/drivers/console/alloc.o
 .text._realloc_r
                0x00000a88       0x2a ./src/drivers/console/alloc.o
                0x00000a88                _realloc_r
 .text._calloc_r
                0x00000ab2        0x8 ./src/drivers/console/alloc.o
                0x00000ab2                _calloc_r
 .text._malloc_r
                0x00000aba        0x6 ./src/drivers/console/alloc.o
                0x00000aba                _malloc_r
 .text._free_r  0x00000ac0        0x6 ./src/drivers/console/alloc.o
                0x00000ac0                _free_r
 .text          0x00000ac6        0x0 ./src/drivers/console/basic_io.o
 *fill*         0x00000ac6        0x2 ff
 .text.vPrintString
                0x00000ac8       0x20 ./src/drivers/console/basic_io.o
                0x00000ac8                vPrintString
 .text.vPrintStringAndNumber
                0x00000ae8       0x30 ./src/drivers/console/basic_io.o
                0x00000ae8                vPrintStringAndNumber
 .text          0x00000b18        0x0 ./src/drivers/console/consoleprint.o
 .text.consoleprint
                0x00000b18       0x16 ./src/drivers/console/consoleprint.o
                0x00000b18                consoleprint
 .text          0x00000b2e        0x0 ./src/cr_startup_lpc17.o
 .text.NMI_Handler
                0x00000b2e        0x2 ./src/cr_startup_lpc17.o
                0x00000b2e                NMI_Handler
 .text.HardFault_Handler
                0x00000b30        0x2 ./src/cr_startup_lpc17.o
                0x00000b30                HardFault_Handler
 .text.MemManage_Handler
                0x00000b32        0x2 ./src/cr_startup_lpc17.o
                0x00000b32                MemManage_Handler
 .text.BusFault_Handler
                0x00000b34        0x2 ./src/cr_startup_lpc17.o
                0x00000b34                BusFault_Handler
 .text.UsageFault_Handler
                0x00000b36        0x2 ./src/cr_startup_lpc17.o
                0x00000b36                UsageFault_Handler
 .text.DebugMon_Handler
                0x00000b38        0x2 ./src/cr_startup_lpc17.o
                0x00000b38                DebugMon_Handler
 .text.IntDefaultHandler
                0x00000b3a        0x2 ./src/cr_startup_lpc17.o
                0x00000b3a                TIMER2_IRQHandler
                0x00000b3a                RIT_IRQHandler
                0x00000b3a                I2C0_IRQHandler
                0x00000b3a                USBActivity_IRQHandler
                0x00000b3a                I2C1_IRQHandler
                0x00000b3a                EINT2_IRQHandler
                0x00000b3a                EINT3_IRQHandler
                0x00000b3a                CANActivity_IRQHandler
                0x00000b3a                TIMER3_IRQHandler
                0x00000b3a                IntDefaultHandler
                0x00000b3a                PLL0_IRQHandler
                0x00000b3a                CAN_IRQHandler
                0x00000b3a                PLL1_IRQHandler
                0x00000b3a                SSP0_IRQHandler
                0x00000b3a                I2S_IRQHandler
                0x00000b3a                I2C2_IRQHandler
                0x00000b3a                RTC_IRQHandler
                0x00000b3a                TIMER0_IRQHandler
                0x00000b3a                SPI_IRQHandler
                0x00000b3a                EINT1_IRQHandler
                0x00000b3a                TIMER1_IRQHandler
                0x00000b3a                UART2_IRQHandler
                0x00000b3a                ADC_IRQHandler
                0x00000b3a                SSP1_IRQHandler
                0x00000b3a                USB_IRQHandler
                0x00000b3a                BOD_IRQHandler
                0x00000b3a                WDT_IRQHandler
                0x00000b3a                QEI_IRQHandler
                0x00000b3a                EINT0_IRQHandler
                0x00000b3a                DMA_IRQHandler
                0x00000b3a                UART3_IRQHandler
                0x00000b3a                MCPWM_IRQHandler
                0x00000b3a                ENET_IRQHandler
 .text.ResetISR
                0x00000b3c       0x48 ./src/cr_startup_lpc17.o
                0x00000b3c                ResetISR
 .text          0x00000b84        0x0 ./src/main.o
 .text.taskController
                0x00000b84       0x14 ./src/main.o
                0x00000b84                taskController
 .text.taskBlinkLed
                0x00000b98       0x10 ./src/main.o
                0x00000b98                taskBlinkLed
 .text.__error__
                0x00000ba8        0x2 ./src/main.o
                0x00000ba8                __error__
 *fill*         0x00000baa        0x2 ff
 .text.taskNCProcessing
                0x00000bac       0x3c ./src/main.o
                0x00000bac                taskNCProcessing
 .text.taskCommPIC
                0x00000be8       0x24 ./src/main.o
                0x00000be8                taskCommPIC
 .text.startup.main
                0x00000c0c       0xac ./src/main.o
                0x00000c0c                main
 .text          0x00000cb8        0x0 ./FreeRTOS_src/croutine.o
 .text.xCoRoutineCreate
                0x00000cb8       0xc4 ./FreeRTOS_src/croutine.o
                0x00000cb8                xCoRoutineCreate
 .text.vCoRoutineAddToDelayedList
                0x00000d7c       0x4c ./FreeRTOS_src/croutine.o
                0x00000d7c                vCoRoutineAddToDelayedList
 .text.vCoRoutineSchedule
                0x00000dc8      0x164 ./FreeRTOS_src/croutine.o
                0x00000dc8                vCoRoutineSchedule
 .text.xCoRoutineRemoveFromEventList
                0x00000f2c       0x34 ./FreeRTOS_src/croutine.o
                0x00000f2c                xCoRoutineRemoveFromEventList
 .text          0x00000f60        0x0 ./FreeRTOS_src/list.o
 .text.vListInitialise
                0x00000f60       0x16 ./FreeRTOS_src/list.o
                0x00000f60                vListInitialise
 .text.vListInitialiseItem
                0x00000f76        0x6 ./FreeRTOS_src/list.o
                0x00000f76                vListInitialiseItem
 .text.vListInsertEnd
                0x00000f7c       0x1a ./FreeRTOS_src/list.o
                0x00000f7c                vListInsertEnd
 .text.vListInsert
                0x00000f96       0x30 ./FreeRTOS_src/list.o
                0x00000f96                vListInsert
 .text.vListRemove
                0x00000fc6       0x20 ./FreeRTOS_src/list.o
                0x00000fc6                vListRemove
 .text          0x00000fe6        0x0 ./FreeRTOS_src/queue.o
 .text.prvCopyDataToQueue
                0x00000fe6       0x58 ./FreeRTOS_src/queue.o
 .text.prvCopyDataFromQueue
                0x0000103e       0x26 ./FreeRTOS_src/queue.o
 .text.prvUnlockQueue
                0x00001064       0x68 ./FreeRTOS_src/queue.o
 .text.xQueueCreate
                0x000010cc       0x68 ./FreeRTOS_src/queue.o
                0x000010cc                xQueueCreate
 .text.xQueueGenericSend
                0x00001134       0xd0 ./FreeRTOS_src/queue.o
                0x00001134                xQueueGenericSend
 .text.xQueueCreateMutex
                0x00001204       0x44 ./FreeRTOS_src/queue.o
                0x00001204                xQueueCreateMutex
 .text.xQueueGiveMutexRecursive
                0x00001248       0x2a ./FreeRTOS_src/queue.o
                0x00001248                xQueueGiveMutexRecursive
 .text.xQueueGenericSendFromISR
                0x00001272       0x4e ./FreeRTOS_src/queue.o
                0x00001272                xQueueGenericSendFromISR
 .text.xQueueGenericReceive
                0x000012c0      0x104 ./FreeRTOS_src/queue.o
                0x000012c0                xQueueGenericReceive
 .text.xQueueTakeMutexRecursive
                0x000013c4       0x32 ./FreeRTOS_src/queue.o
                0x000013c4                xQueueTakeMutexRecursive
 .text.xQueueReceiveFromISR
                0x000013f6       0x4a ./FreeRTOS_src/queue.o
                0x000013f6                xQueueReceiveFromISR
 .text.uxQueueMessagesWaiting
                0x00001440       0x12 ./FreeRTOS_src/queue.o
                0x00001440                uxQueueMessagesWaiting
 .text.uxQueueMessagesWaitingFromISR
                0x00001452        0x4 ./FreeRTOS_src/queue.o
                0x00001452                uxQueueMessagesWaitingFromISR
 *fill*         0x00001456        0x2 ff
 .text.vQueueDelete
                0x00001458       0x38 ./FreeRTOS_src/queue.o
                0x00001458                vQueueDelete
 .text.xQueueIsQueueEmptyFromISR
                0x00001490        0xa ./FreeRTOS_src/queue.o
                0x00001490                xQueueIsQueueEmptyFromISR
 .text.xQueueIsQueueFullFromISR
                0x0000149a        0xc ./FreeRTOS_src/queue.o
                0x0000149a                xQueueIsQueueFullFromISR
 *fill*         0x000014a6        0x2 ff
 .text.vQueueAddToRegistry
                0x000014a8       0x28 ./FreeRTOS_src/queue.o
                0x000014a8                vQueueAddToRegistry
 .text          0x000014d0        0x0 ./FreeRTOS_src/tasks.o
 .text.prvAddCurrentTaskToDelayedList
                0x000014d0       0x50 ./FreeRTOS_src/tasks.o
 .text.prvListTaskWithinSingleList
                0x00001520       0x78 ./FreeRTOS_src/tasks.o
 .text.xTaskGenericCreate
                0x00001598      0x194 ./FreeRTOS_src/tasks.o
                0x00001598                xTaskGenericCreate
 .text.vTaskDelete
                0x0000172c       0x70 ./FreeRTOS_src/tasks.o
                0x0000172c                vTaskDelete
 .text.uxTaskPriorityGet
                0x0000179c       0x1c ./FreeRTOS_src/tasks.o
                0x0000179c                uxTaskPriorityGet
 .text.vTaskPrioritySet
                0x000017b8       0x94 ./FreeRTOS_src/tasks.o
                0x000017b8                vTaskPrioritySet
 .text.xTaskIsTaskSuspended
                0x0000184c       0x24 ./FreeRTOS_src/tasks.o
                0x0000184c                xTaskIsTaskSuspended
 .text.vTaskResume
                0x00001870       0x64 ./FreeRTOS_src/tasks.o
                0x00001870                vTaskResume
 .text.xTaskResumeFromISR
                0x000018d4       0x6c ./FreeRTOS_src/tasks.o
                0x000018d4                xTaskResumeFromISR
 .text.vTaskStartScheduler
                0x00001940       0x4c ./FreeRTOS_src/tasks.o
                0x00001940                vTaskStartScheduler
 .text.vTaskEndScheduler
                0x0000198c       0x18 ./FreeRTOS_src/tasks.o
                0x0000198c                vTaskEndScheduler
 .text.vTaskSuspendAll
                0x000019a4       0x10 ./FreeRTOS_src/tasks.o
                0x000019a4                vTaskSuspendAll
 .text.xTaskGetTickCount
                0x000019b4       0x18 ./FreeRTOS_src/tasks.o
                0x000019b4                xTaskGetTickCount
 .text.xTaskGetTickCountFromISR
                0x000019cc       0x1c ./FreeRTOS_src/tasks.o
                0x000019cc                xTaskGetTickCountFromISR
 .text.uxTaskGetNumberOfTasks
                0x000019e8        0xc ./FreeRTOS_src/tasks.o
                0x000019e8                uxTaskGetNumberOfTasks
 .text.vTaskStartTrace
                0x000019f4       0x38 ./FreeRTOS_src/tasks.o
                0x000019f4                vTaskStartTrace
 .text.ulTaskEndTrace
                0x00001a2c       0x28 ./FreeRTOS_src/tasks.o
                0x00001a2c                ulTaskEndTrace
 .text.vTaskIncrementTick
                0x00001a54       0xe0 ./FreeRTOS_src/tasks.o
                0x00001a54                vTaskIncrementTick
 .text.xTaskResumeAll
                0x00001b34       0xc8 ./FreeRTOS_src/tasks.o
                0x00001b34                xTaskResumeAll
 .text.vTaskDelayUntil
                0x00001bfc       0x5c ./FreeRTOS_src/tasks.o
                0x00001bfc                vTaskDelayUntil
 .text.vTaskDelay
                0x00001c58       0x38 ./FreeRTOS_src/tasks.o
                0x00001c58                vTaskDelay
 .text.prvIdleTask
                0x00001c90       0x60 ./FreeRTOS_src/tasks.o
 .text.vTaskList
                0x00001cf0       0xa8 ./FreeRTOS_src/tasks.o
                0x00001cf0                vTaskList
 .text.vTaskSwitchContext
                0x00001d98       0xc4 ./FreeRTOS_src/tasks.o
                0x00001d98                vTaskSwitchContext
 .text.vTaskSuspend
                0x00001e5c       0x74 ./FreeRTOS_src/tasks.o
                0x00001e5c                vTaskSuspend
 .text.vTaskPlaceOnEventList
                0x00001ed0       0x44 ./FreeRTOS_src/tasks.o
                0x00001ed0                vTaskPlaceOnEventList
 .text.xTaskRemoveFromEventList
                0x00001f14       0x64 ./FreeRTOS_src/tasks.o
                0x00001f14                xTaskRemoveFromEventList
 .text.vTaskSetTimeOutState
                0x00001f78       0x18 ./FreeRTOS_src/tasks.o
                0x00001f78                vTaskSetTimeOutState
 .text.xTaskCheckForTimeOut
                0x00001f90       0x54 ./FreeRTOS_src/tasks.o
                0x00001f90                xTaskCheckForTimeOut
 .text.vTaskMissedYield
                0x00001fe4        0xc ./FreeRTOS_src/tasks.o
                0x00001fe4                vTaskMissedYield
 .text.uxTaskGetStackHighWaterMark
                0x00001ff0       0x20 ./FreeRTOS_src/tasks.o
                0x00001ff0                uxTaskGetStackHighWaterMark
 .text.xTaskGetCurrentTaskHandle
                0x00002010        0xc ./FreeRTOS_src/tasks.o
                0x00002010                xTaskGetCurrentTaskHandle
 .text.vTaskPriorityInherit
                0x0000201c       0x68 ./FreeRTOS_src/tasks.o
                0x0000201c                vTaskPriorityInherit
 .text.vTaskPriorityDisinherit
                0x00002084       0x48 ./FreeRTOS_src/tasks.o
                0x00002084                vTaskPriorityDisinherit
 .text          0x000020cc        0x0 ./FreeRTOS_src/timers.o
 .text          0x000020cc        0x0 ./FreeRTOS_portable/MemMang/heap_2.o
 .text.pvPortMalloc
                0x000020cc       0xb4 ./FreeRTOS_portable/MemMang/heap_2.o
                0x000020cc                pvPortMalloc
 .text.vPortFree
                0x00002180       0x40 ./FreeRTOS_portable/MemMang/heap_2.o
                0x00002180                vPortFree
 .text.xPortGetFreeHeapSize
                0x000021c0        0xc ./FreeRTOS_portable/MemMang/heap_2.o
                0x000021c0                xPortGetFreeHeapSize
 .text.vPortInitialiseBlocks
                0x000021cc        0x2 ./FreeRTOS_portable/MemMang/heap_2.o
                0x000021cc                vPortInitialiseBlocks
 .text          0x000021ce        0x0 ./FreeRTOS_portable/port.o
 .text.pxPortInitialiseStack
                0x000021ce       0x16 ./FreeRTOS_portable/port.o
                0x000021ce                pxPortInitialiseStack
 .text.vPortSVCHandler
                0x000021e4       0x20 ./FreeRTOS_portable/port.o
                0x000021e4                vPortSVCHandler
 .text.vPortStartFirstTask
                0x00002204       0x14 ./FreeRTOS_portable/port.o
                0x00002204                vPortStartFirstTask
 .text.xPortStartScheduler
                0x00002218       0x40 ./FreeRTOS_portable/port.o
                0x00002218                xPortStartScheduler
 .text.vPortEndScheduler
                0x00002258        0x2 ./FreeRTOS_portable/port.o
                0x00002258                vPortEndScheduler
 *fill*         0x0000225a        0x2 ff
 .text.vPortYieldFromISR
                0x0000225c       0x10 ./FreeRTOS_portable/port.o
                0x0000225c                vPortYieldFromISR
 .text.vPortEnterCritical
                0x0000226c       0x18 ./FreeRTOS_portable/port.o
                0x0000226c                vPortEnterCritical
 .text.vPortExitCritical
                0x00002284       0x18 ./FreeRTOS_portable/port.o
                0x00002284                vPortExitCritical
 .text.xPortPendSVHandler
                0x0000229c       0x3c ./FreeRTOS_portable/port.o
                0x0000229c                xPortPendSVHandler
 .text.xPortSysTickHandler
                0x000022d8       0x24 ./FreeRTOS_portable/port.o
                0x000022d8                xPortSysTickHandler
 .text          0x000022fc        0x0 ../Libraries\libCMSISv2_LPC17xx.a(system_LPC17xx.o)
 .text.SystemInit
                0x000022fc      0x1e4 ../Libraries\libCMSISv2_LPC17xx.a(system_LPC17xx.o)
                0x000022fc                SystemInit
 .text.SystemClockUpdate
                0x000024e0      0x224 ../Libraries\libCMSISv2_LPC17xx.a(system_LPC17xx.o)
                0x000024e0                SystemClockUpdate
 .text          0x00002704      0x370 d:/nxp/lpcxpresso_8.2.2_650/lpcxpresso/tools/bin/../lib/gcc/arm-none-eabi/5.4.1/armv7-m\libgcc.a(_arm_addsubdf3.o)
                0x00002704                __aeabi_drsub
                0x0000270c                __aeabi_dsub
                0x0000270c                __subdf3
                0x00002710                __aeabi_dadd
                0x00002710                __adddf3
                0x00002988                __floatunsidf
                0x00002988                __aeabi_ui2d
                0x000029a8                __floatsidf
                0x000029a8                __aeabi_i2d
                0x000029cc                __aeabi_f2d
                0x000029cc                __extendsfdf2
                0x00002a08                __floatundidf
                0x00002a08                __aeabi_ul2d
                0x00002a18                __floatdidf
                0x00002a18                __aeabi_l2d
 .text          0x00002a74       0x4c d:/nxp/lpcxpresso_8.2.2_650/lpcxpresso/tools/bin/../lib/gcc/arm-none-eabi/5.4.1/armv7-m\libgcc.a(_arm_fixsfsi.o)
                0x00002a74                __aeabi_f2iz
                0x00002a74                __fixsfsi
 .text          0x00002ac0       0xec d:/nxp/lpcxpresso_8.2.2_650/lpcxpresso/tools/bin/../lib/gcc/arm-none-eabi/5.4.1/../../../../arm-none-eabi/lib/armv7-m\libc.a(lib_a-memcpy.o)
                0x00002ac0                memcpy
 .text          0x00002bac        0x0 d:/nxp/lpcxpresso_8.2.2_650/lpcxpresso/tools/bin/../lib/gcc/arm-none-eabi/5.4.1/../../../../arm-none-eabi/lib/armv7-m\libc.a(lib_a-memset.o)
 .text.memset   0x00002bac       0x9c d:/nxp/lpcxpresso_8.2.2_650/lpcxpresso/tools/bin/../lib/gcc/arm-none-eabi/5.4.1/../../../../arm-none-eabi/lib/armv7-m\libc.a(lib_a-memset.o)
                0x00002bac                memset
 .text          0x00002c48        0x0 d:/nxp/lpcxpresso_8.2.2_650/lpcxpresso/tools/bin/../lib/gcc/arm-none-eabi/5.4.1/../../../../arm-none-eabi/lib/armv7-m\libc.a(lib_a-printf.o)
 .text._printf_r
                0x00002c48       0x20 d:/nxp/lpcxpresso_8.2.2_650/lpcxpresso/tools/bin/../lib/gcc/arm-none-eabi/5.4.1/../../../../arm-none-eabi/lib/armv7-m\libc.a(lib_a-printf.o)
                0x00002c48                _printf_r
 .text.printf   0x00002c68       0x28 d:/nxp/lpcxpresso_8.2.2_650/lpcxpresso/tools/bin/../lib/gcc/arm-none-eabi/5.4.1/../../../../arm-none-eabi/lib/armv7-m\libc.a(lib_a-printf.o)
                0x00002c68                printf
 .text          0x00002c90        0x0 d:/nxp/lpcxpresso_8.2.2_650/lpcxpresso/tools/bin/../lib/gcc/arm-none-eabi/5.4.1/../../../../arm-none-eabi/lib/armv7-m\libc.a(lib_a-sprintf.o)
 .text._sprintf_r
                0x00002c90       0x44 d:/nxp/lpcxpresso_8.2.2_650/lpcxpresso/tools/bin/../lib/gcc/arm-none-eabi/5.4.1/../../../../arm-none-eabi/lib/armv7-m\libc.a(lib_a-sprintf.o)
                0x00002c90                _sprintf_r
 .text.sprintf  0x00002cd4       0x4c d:/nxp/lpcxpresso_8.2.2_650/lpcxpresso/tools/bin/../lib/gcc/arm-none-eabi/5.4.1/../../../../arm-none-eabi/lib/armv7-m\libc.a(lib_a-sprintf.o)
                0x00002cd4                sprintf
 .text          0x00002d20        0x0 d:/nxp/lpcxpresso_8.2.2_650/lpcxpresso/tools/bin/../lib/gcc/arm-none-eabi/5.4.1/../../../../arm-none-eabi/lib/armv7-m\libc.a(lib_a-strcat.o)
 .text.strcat   0x00002d20       0x40 d:/nxp/lpcxpresso_8.2.2_650/lpcxpresso/tools/bin/../lib/gcc/arm-none-eabi/5.4.1/../../../../arm-none-eabi/lib/armv7-m\libc.a(lib_a-strcat.o)
                0x00002d20                strcat
 .text          0x00002d60        0x0 d:/nxp/lpcxpresso_8.2.2_650/lpcxpresso/tools/bin/../lib/gcc/arm-none-eabi/5.4.1/../../../../arm-none-eabi/lib/armv7-m\libc.a(lib_a-strcpy.o)
 .text.strcpy   0x00002d60       0xbc d:/nxp/lpcxpresso_8.2.2_650/lpcxpresso/tools/bin/../lib/gcc/arm-none-eabi/5.4.1/../../../../arm-none-eabi/lib/armv7-m\libc.a(lib_a-strcpy.o)
                0x00002d60                strcpy
 .text          0x00002e1c        0x0 d:/nxp/lpcxpresso_8.2.2_650/lpcxpresso/tools/bin/../lib/gcc/arm-none-eabi/5.4.1/../../../../arm-none-eabi/lib/armv7-m\libc.a(lib_a-strlen-stub.o)
 .text.strlen   0x00002e1c       0x5c d:/nxp/lpcxpresso_8.2.2_650/lpcxpresso/tools/bin/../lib/gcc/arm-none-eabi/5.4.1/../../../../arm-none-eabi/lib/armv7-m\libc.a(lib_a-strlen-stub.o)
                0x00002e1c                strlen
 .text          0x00002e78        0x0 d:/nxp/lpcxpresso_8.2.2_650/lpcxpresso/tools/bin/../lib/gcc/arm-none-eabi/5.4.1/../../../../arm-none-eabi/lib/armv7-m\libc.a(lib_a-strncpy.o)
 .text.strncpy  0x00002e78       0x68 d:/nxp/lpcxpresso_8.2.2_650/lpcxpresso/tools/bin/../lib/gcc/arm-none-eabi/5.4.1/../../../../arm-none-eabi/lib/armv7-m\libc.a(lib_a-strncpy.o)
                0x00002e78                strncpy
 .text          0x00002ee0        0x0 d:/nxp/lpcxpresso_8.2.2_650/lpcxpresso/tools/bin/../lib/gcc/arm-none-eabi/5.4.1/../../../../arm-none-eabi/lib/armv7-m\libc.a(lib_a-svfprintf.o)
 .text._svfprintf_r
                0x00002ee0     0x175c d:/nxp/lpcxpresso_8.2.2_650/lpcxpresso/tools/bin/../lib/gcc/arm-none-eabi/5.4.1/../../../../arm-none-eabi/lib/armv7-m\libc.a(lib_a-svfprintf.o)
                0x00002ee0                _svfprintf_r
 .text          0x0000463c        0x0 d:/nxp/lpcxpresso_8.2.2_650/lpcxpresso/tools/bin/../lib/gcc/arm-none-eabi/5.4.1/../../../../arm-none-eabi/lib/armv7-m\libc.a(lib_a-vfprintf.o)
 .text._vfprintf_r
                0x0000463c     0x1788 d:/nxp/lpcxpresso_8.2.2_650/lpcxpresso/tools/bin/../lib/gcc/arm-none-eabi/5.4.1/../../../../arm-none-eabi/lib/armv7-m\libc.a(lib_a-vfprintf.o)
                0x0000463c                _vfprintf_r
 .text.vfprintf
                0x00005dc4       0x18 d:/nxp/lpcxpresso_8.2.2_650/lpcxpresso/tools/bin/../lib/gcc/arm-none-eabi/5.4.1/../../../../arm-none-eabi/lib/armv7-m\libc.a(lib_a-vfprintf.o)
                0x00005dc4                vfprintf
 .text.__sbprintf
                0x00005ddc       0x6c d:/nxp/lpcxpresso_8.2.2_650/lpcxpresso/tools/bin/../lib/gcc/arm-none-eabi/5.4.1/../../../../arm-none-eabi/lib/armv7-m\libc.a(lib_a-vfprintf.o)
 .text          0x00005e48        0x0 d:/nxp/lpcxpresso_8.2.2_650/lpcxpresso/tools/bin/../lib/gcc/arm-none-eabi/5.4.1/../../../../arm-none-eabi/lib/armv7-m\libc.a(lib_a-wsetup.o)
 .text.__swsetup_r
                0x00005e48       0xc8 d:/nxp/lpcxpresso_8.2.2_650/lpcxpresso/tools/bin/../lib/gcc/arm-none-eabi/5.4.1/../../../../arm-none-eabi/lib/armv7-m\libc.a(lib_a-wsetup.o)
                0x00005e48                __swsetup_r
 .text          0x00005f10        0x0 d:/nxp/lpcxpresso_8.2.2_650/lpcxpresso/tools/bin/../lib/gcc/arm-none-eabi/5.4.1/../../../../arm-none-eabi/lib/armv7-m\libc.a(lib_a-dtoa.o)
 .text.quorem   0x00005f10      0x12c d:/nxp/lpcxpresso_8.2.2_650/lpcxpresso/tools/bin/../lib/gcc/arm-none-eabi/5.4.1/../../../../arm-none-eabi/lib/armv7-m\libc.a(lib_a-dtoa.o)
 *fill*         0x0000603c        0x4 ff
 .text._dtoa_r  0x00006040      0xe4c d:/nxp/lpcxpresso_8.2.2_650/lpcxpresso/tools/bin/../lib/gcc/arm-none-eabi/5.4.1/../../../../arm-none-eabi/lib/armv7-m\libc.a(lib_a-dtoa.o)
                0x00006040                _dtoa_r
 .text          0x00006e8c        0x0 d:/nxp/lpcxpresso_8.2.2_650/lpcxpresso/tools/bin/../lib/gcc/arm-none-eabi/5.4.1/../../../../arm-none-eabi/lib/armv7-m\libc.a(lib_a-fflush.o)
 .text.__sflush_r
                0x00006e8c      0x148 d:/nxp/lpcxpresso_8.2.2_650/lpcxpresso/tools/bin/../lib/gcc/arm-none-eabi/5.4.1/../../../../arm-none-eabi/lib/armv7-m\libc.a(lib_a-fflush.o)
                0x00006e8c                __sflush_r
 .text._fflush_r
                0x00006fd4       0x2c d:/nxp/lpcxpresso_8.2.2_650/lpcxpresso/tools/bin/../lib/gcc/arm-none-eabi/5.4.1/../../../../arm-none-eabi/lib/armv7-m\libc.a(lib_a-fflush.o)
                0x00006fd4                _fflush_r
 .text.fflush   0x00007000       0x24 d:/nxp/lpcxpresso_8.2.2_650/lpcxpresso/tools/bin/../lib/gcc/arm-none-eabi/5.4.1/../../../../arm-none-eabi/lib/armv7-m\libc.a(lib_a-fflush.o)
                0x00007000                fflush
 .text          0x00007024        0x0 d:/nxp/lpcxpresso_8.2.2_650/lpcxpresso/tools/bin/../lib/gcc/arm-none-eabi/5.4.1/../../../../arm-none-eabi/lib/armv7-m\libc.a(lib_a-findfp.o)
 .text.__fp_unlock
                0x00007024        0x4 d:/nxp/lpcxpresso_8.2.2_650/lpcxpresso/tools/bin/../lib/gcc/arm-none-eabi/5.4.1/../../../../arm-none-eabi/lib/armv7-m\libc.a(lib_a-findfp.o)
 .text._cleanup_r
                0x00007028        0xc d:/nxp/lpcxpresso_8.2.2_650/lpcxpresso/tools/bin/../lib/gcc/arm-none-eabi/5.4.1/../../../../arm-none-eabi/lib/armv7-m\libc.a(lib_a-findfp.o)
                0x00007028                _cleanup_r
 .text.__sinit.part.1
                0x00007034       0xf0 d:/nxp/lpcxpresso_8.2.2_650/lpcxpresso/tools/bin/../lib/gcc/arm-none-eabi/5.4.1/../../../../arm-none-eabi/lib/armv7-m\libc.a(lib_a-findfp.o)
 .text.__fp_lock
                0x00007124        0x4 d:/nxp/lpcxpresso_8.2.2_650/lpcxpresso/tools/bin/../lib/gcc/arm-none-eabi/5.4.1/../../../../arm-none-eabi/lib/armv7-m\libc.a(lib_a-findfp.o)
 .text.__sfmoreglue
                0x00007128       0x30 d:/nxp/lpcxpresso_8.2.2_650/lpcxpresso/tools/bin/../lib/gcc/arm-none-eabi/5.4.1/../../../../arm-none-eabi/lib/armv7-m\libc.a(lib_a-findfp.o)
                0x00007128                __sfmoreglue
 .text.__sfp    0x00007158       0x88 d:/nxp/lpcxpresso_8.2.2_650/lpcxpresso/tools/bin/../lib/gcc/arm-none-eabi/5.4.1/../../../../arm-none-eabi/lib/armv7-m\libc.a(lib_a-findfp.o)
                0x00007158                __sfp
 .text._cleanup
                0x000071e0       0x14 d:/nxp/lpcxpresso_8.2.2_650/lpcxpresso/tools/bin/../lib/gcc/arm-none-eabi/5.4.1/../../../../arm-none-eabi/lib/armv7-m\libc.a(lib_a-findfp.o)
                0x000071e0                _cleanup
 .text.__sinit  0x000071f4        0xc d:/nxp/lpcxpresso_8.2.2_650/lpcxpresso/tools/bin/../lib/gcc/arm-none-eabi/5.4.1/../../../../arm-none-eabi/lib/armv7-m\libc.a(lib_a-findfp.o)
                0x000071f4                __sinit
 .text.__sfp_lock_acquire
                0x00007200        0x4 d:/nxp/lpcxpresso_8.2.2_650/lpcxpresso/tools/bin/../lib/gcc/arm-none-eabi/5.4.1/../../../../arm-none-eabi/lib/armv7-m\libc.a(lib_a-findfp.o)
                0x00007200                __sfp_lock_acquire
 .text.__sfp_lock_release
                0x00007204        0x4 d:/nxp/lpcxpresso_8.2.2_650/lpcxpresso/tools/bin/../lib/gcc/arm-none-eabi/5.4.1/../../../../arm-none-eabi/lib/armv7-m\libc.a(lib_a-findfp.o)
                0x00007204                __sfp_lock_release
 .text.__sinit_lock_acquire
                0x00007208        0x4 d:/nxp/lpcxpresso_8.2.2_650/lpcxpresso/tools/bin/../lib/gcc/arm-none-eabi/5.4.1/../../../../arm-none-eabi/lib/armv7-m\libc.a(lib_a-findfp.o)
                0x00007208                __sinit_lock_acquire
 .text.__sinit_lock_release
                0x0000720c        0x4 d:/nxp/lpcxpresso_8.2.2_650/lpcxpresso/tools/bin/../lib/gcc/arm-none-eabi/5.4.1/../../../../arm-none-eabi/lib/armv7-m\libc.a(lib_a-findfp.o)
                0x0000720c                __sinit_lock_release
 .text.__fp_lock_all
                0x00007210       0x14 d:/nxp/lpcxpresso_8.2.2_650/lpcxpresso/tools/bin/../lib/gcc/arm-none-eabi/5.4.1/../../../../arm-none-eabi/lib/armv7-m\libc.a(lib_a-findfp.o)
                0x00007210                __fp_lock_all
 .text.__fp_unlock_all
                0x00007224       0x14 d:/nxp/lpcxpresso_8.2.2_650/lpcxpresso/tools/bin/../lib/gcc/arm-none-eabi/5.4.1/../../../../arm-none-eabi/lib/armv7-m\libc.a(lib_a-findfp.o)
                0x00007224                __fp_unlock_all
 .text          0x00007238        0x0 d:/nxp/lpcxpresso_8.2.2_650/lpcxpresso/tools/bin/../lib/gcc/arm-none-eabi/5.4.1/../../../../arm-none-eabi/lib/armv7-m\libc.a(lib_a-fwalk.o)
 .text._fwalk   0x00007238       0x48 d:/nxp/lpcxpresso_8.2.2_650/lpcxpresso/tools/bin/../lib/gcc/arm-none-eabi/5.4.1/../../../../arm-none-eabi/lib/armv7-m\libc.a(lib_a-fwalk.o)
                0x00007238                _fwalk
 .text._fwalk_reent
                0x00007280       0x50 d:/nxp/lpcxpresso_8.2.2_650/lpcxpresso/tools/bin/../lib/gcc/arm-none-eabi/5.4.1/../../../../arm-none-eabi/lib/armv7-m\libc.a(lib_a-fwalk.o)
                0x00007280                _fwalk_reent
 .text          0x000072d0        0x0 d:/nxp/lpcxpresso_8.2.2_650/lpcxpresso/tools/bin/../lib/gcc/arm-none-eabi/5.4.1/../../../../arm-none-eabi/lib/armv7-m\libc.a(lib_a-impure.o)
 .text          0x000072d0        0x0 d:/nxp/lpcxpresso_8.2.2_650/lpcxpresso/tools/bin/../lib/gcc/arm-none-eabi/5.4.1/../../../../arm-none-eabi/lib/armv7-m\libc.a(lib_a-locale.o)
 .text._setlocale_r
                0x000072d0       0x40 d:/nxp/lpcxpresso_8.2.2_650/lpcxpresso/tools/bin/../lib/gcc/arm-none-eabi/5.4.1/../../../../arm-none-eabi/lib/armv7-m\libc.a(lib_a-locale.o)
                0x000072d0                _setlocale_r
 .text.__locale_charset
                0x00007310        0x8 d:/nxp/lpcxpresso_8.2.2_650/lpcxpresso/tools/bin/../lib/gcc/arm-none-eabi/5.4.1/../../../../arm-none-eabi/lib/armv7-m\libc.a(lib_a-locale.o)
                0x00007310                __locale_charset
 .text.__locale_mb_cur_max
                0x00007318        0xc d:/nxp/lpcxpresso_8.2.2_650/lpcxpresso/tools/bin/../lib/gcc/arm-none-eabi/5.4.1/../../../../arm-none-eabi/lib/armv7-m\libc.a(lib_a-locale.o)
                0x00007318                __locale_mb_cur_max
 .text.__locale_msgcharset
                0x00007324        0x8 d:/nxp/lpcxpresso_8.2.2_650/lpcxpresso/tools/bin/../lib/gcc/arm-none-eabi/5.4.1/../../../../arm-none-eabi/lib/armv7-m\libc.a(lib_a-locale.o)
                0x00007324                __locale_msgcharset
 .text.__locale_cjk_lang
                0x0000732c        0x4 d:/nxp/lpcxpresso_8.2.2_650/lpcxpresso/tools/bin/../lib/gcc/arm-none-eabi/5.4.1/../../../../arm-none-eabi/lib/armv7-m\libc.a(lib_a-locale.o)
                0x0000732c                __locale_cjk_lang
 .text._localeconv_r
                0x00007330        0x8 d:/nxp/lpcxpresso_8.2.2_650/lpcxpresso/tools/bin/../lib/gcc/arm-none-eabi/5.4.1/../../../../arm-none-eabi/lib/armv7-m\libc.a(lib_a-locale.o)
                0x00007330                _localeconv_r
 .text.setlocale
                0x00007338       0x10 d:/nxp/lpcxpresso_8.2.2_650/lpcxpresso/tools/bin/../lib/gcc/arm-none-eabi/5.4.1/../../../../arm-none-eabi/lib/armv7-m\libc.a(lib_a-locale.o)
                0x00007338                setlocale
 .text.localeconv
                0x00007348        0x8 d:/nxp/lpcxpresso_8.2.2_650/lpcxpresso/tools/bin/../lib/gcc/arm-none-eabi/5.4.1/../../../../arm-none-eabi/lib/armv7-m\libc.a(lib_a-locale.o)
                0x00007348                localeconv
 .text          0x00007350        0x0 d:/nxp/lpcxpresso_8.2.2_650/lpcxpresso/tools/bin/../lib/gcc/arm-none-eabi/5.4.1/../../../../arm-none-eabi/lib/armv7-m\libc.a(lib_a-makebuf.o)
 .text.__swhatbuf_r
                0x00007350       0x60 d:/nxp/lpcxpresso_8.2.2_650/lpcxpresso/tools/bin/../lib/gcc/arm-none-eabi/5.4.1/../../../../arm-none-eabi/lib/armv7-m\libc.a(lib_a-makebuf.o)
                0x00007350                __swhatbuf_r
 .text.__smakebuf_r
                0x000073b0       0x88 d:/nxp/lpcxpresso_8.2.2_650/lpcxpresso/tools/bin/../lib/gcc/arm-none-eabi/5.4.1/../../../../arm-none-eabi/lib/armv7-m\libc.a(lib_a-makebuf.o)
                0x000073b0                __smakebuf_r
 .text          0x00007438        0x0 d:/nxp/lpcxpresso_8.2.2_650/lpcxpresso/tools/bin/../lib/gcc/arm-none-eabi/5.4.1/../../../../arm-none-eabi/lib/armv7-m\libc.a(lib_a-memchr-stub.o)
 .text.memchr   0x00007438       0x8c d:/nxp/lpcxpresso_8.2.2_650/lpcxpresso/tools/bin/../lib/gcc/arm-none-eabi/5.4.1/../../../../arm-none-eabi/lib/armv7-m\libc.a(lib_a-memchr-stub.o)
                0x00007438                memchr
 .text          0x000074c4        0x0 d:/nxp/lpcxpresso_8.2.2_650/lpcxpresso/tools/bin/../lib/gcc/arm-none-eabi/5.4.1/../../../../arm-none-eabi/lib/armv7-m\libc.a(lib_a-mprec.o)
 .text._Balloc  0x000074c4       0x50 d:/nxp/lpcxpresso_8.2.2_650/lpcxpresso/tools/bin/../lib/gcc/arm-none-eabi/5.4.1/../../../../arm-none-eabi/lib/armv7-m\libc.a(lib_a-mprec.o)
                0x000074c4                _Balloc
 .text._Bfree   0x00007514       0x14 d:/nxp/lpcxpresso_8.2.2_650/lpcxpresso/tools/bin/../lib/gcc/arm-none-eabi/5.4.1/../../../../arm-none-eabi/lib/armv7-m\libc.a(lib_a-mprec.o)
                0x00007514                _Bfree
 .text.__multadd
                0x00007528       0x80 d:/nxp/lpcxpresso_8.2.2_650/lpcxpresso/tools/bin/../lib/gcc/arm-none-eabi/5.4.1/../../../../arm-none-eabi/lib/armv7-m\libc.a(lib_a-mprec.o)
                0x00007528                __multadd
 .text.__s2b    0x000075a8       0x98 d:/nxp/lpcxpresso_8.2.2_650/lpcxpresso/tools/bin/../lib/gcc/arm-none-eabi/5.4.1/../../../../arm-none-eabi/lib/armv7-m\libc.a(lib_a-mprec.o)
                0x000075a8                __s2b
 .text.__hi0bits
                0x00007640       0x40 d:/nxp/lpcxpresso_8.2.2_650/lpcxpresso/tools/bin/../lib/gcc/arm-none-eabi/5.4.1/../../../../arm-none-eabi/lib/armv7-m\libc.a(lib_a-mprec.o)
                0x00007640                __hi0bits
 .text.__lo0bits
                0x00007680       0x5c d:/nxp/lpcxpresso_8.2.2_650/lpcxpresso/tools/bin/../lib/gcc/arm-none-eabi/5.4.1/../../../../arm-none-eabi/lib/armv7-m\libc.a(lib_a-mprec.o)
                0x00007680                __lo0bits
 .text.__i2b    0x000076dc       0x14 d:/nxp/lpcxpresso_8.2.2_650/lpcxpresso/tools/bin/../lib/gcc/arm-none-eabi/5.4.1/../../../../arm-none-eabi/lib/armv7-m\libc.a(lib_a-mprec.o)
                0x000076dc                __i2b
 .text.__multiply
                0x000076f0      0x13c d:/nxp/lpcxpresso_8.2.2_650/lpcxpresso/tools/bin/../lib/gcc/arm-none-eabi/5.4.1/../../../../arm-none-eabi/lib/armv7-m\libc.a(lib_a-mprec.o)
                0x000076f0                __multiply
 .text.__pow5mult
                0x0000782c       0xa0 d:/nxp/lpcxpresso_8.2.2_650/lpcxpresso/tools/bin/../lib/gcc/arm-none-eabi/5.4.1/../../../../arm-none-eabi/lib/armv7-m\libc.a(lib_a-mprec.o)
                0x0000782c                __pow5mult
 .text.__lshift
                0x000078cc       0xac d:/nxp/lpcxpresso_8.2.2_650/lpcxpresso/tools/bin/../lib/gcc/arm-none-eabi/5.4.1/../../../../arm-none-eabi/lib/armv7-m\libc.a(lib_a-mprec.o)
                0x000078cc                __lshift
 .text.__mcmp   0x00007978       0x40 d:/nxp/lpcxpresso_8.2.2_650/lpcxpresso/tools/bin/../lib/gcc/arm-none-eabi/5.4.1/../../../../arm-none-eabi/lib/armv7-m\libc.a(lib_a-mprec.o)
                0x00007978                __mcmp
 .text.__mdiff  0x000079b8      0x128 d:/nxp/lpcxpresso_8.2.2_650/lpcxpresso/tools/bin/../lib/gcc/arm-none-eabi/5.4.1/../../../../arm-none-eabi/lib/armv7-m\libc.a(lib_a-mprec.o)
                0x000079b8                __mdiff
 .text.__ulp    0x00007ae0       0x44 d:/nxp/lpcxpresso_8.2.2_650/lpcxpresso/tools/bin/../lib/gcc/arm-none-eabi/5.4.1/../../../../arm-none-eabi/lib/armv7-m\libc.a(lib_a-mprec.o)
                0x00007ae0                __ulp
 .text.__b2d    0x00007b24       0xd4 d:/nxp/lpcxpresso_8.2.2_650/lpcxpresso/tools/bin/../lib/gcc/arm-none-eabi/5.4.1/../../../../arm-none-eabi/lib/armv7-m\libc.a(lib_a-mprec.o)
                0x00007b24                __b2d
 .text.__d2b    0x00007bf8       0xa8 d:/nxp/lpcxpresso_8.2.2_650/lpcxpresso/tools/bin/../lib/gcc/arm-none-eabi/5.4.1/../../../../arm-none-eabi/lib/armv7-m\libc.a(lib_a-mprec.o)
                0x00007bf8                __d2b
 .text.__ratio  0x00007ca0       0x54 d:/nxp/lpcxpresso_8.2.2_650/lpcxpresso/tools/bin/../lib/gcc/arm-none-eabi/5.4.1/../../../../arm-none-eabi/lib/armv7-m\libc.a(lib_a-mprec.o)
                0x00007ca0                __ratio
 .text._mprec_log10
                0x00007cf4       0x34 d:/nxp/lpcxpresso_8.2.2_650/lpcxpresso/tools/bin/../lib/gcc/arm-none-eabi/5.4.1/../../../../arm-none-eabi/lib/armv7-m\libc.a(lib_a-mprec.o)
                0x00007cf4                _mprec_log10
 .text.__copybits
                0x00007d28       0x48 d:/nxp/lpcxpresso_8.2.2_650/lpcxpresso/tools/bin/../lib/gcc/arm-none-eabi/5.4.1/../../../../arm-none-eabi/lib/armv7-m\libc.a(lib_a-mprec.o)
                0x00007d28                __copybits
 .text.__any_on
                0x00007d70       0x5c d:/nxp/lpcxpresso_8.2.2_650/lpcxpresso/tools/bin/../lib/gcc/arm-none-eabi/5.4.1/../../../../arm-none-eabi/lib/armv7-m\libc.a(lib_a-mprec.o)
                0x00007d70                __any_on
 .text          0x00007dcc        0x0 d:/nxp/lpcxpresso_8.2.2_650/lpcxpresso/tools/bin/../lib/gcc/arm-none-eabi/5.4.1/../../../../arm-none-eabi/lib/armv7-m\libc.a(lib_a-stdio.o)
 .text.__sread  0x00007dcc       0x24 d:/nxp/lpcxpresso_8.2.2_650/lpcxpresso/tools/bin/../lib/gcc/arm-none-eabi/5.4.1/../../../../arm-none-eabi/lib/armv7-m\libc.a(lib_a-stdio.o)
                0x00007dcc                __sread
 .text.__seofread
                0x00007df0        0x4 d:/nxp/lpcxpresso_8.2.2_650/lpcxpresso/tools/bin/../lib/gcc/arm-none-eabi/5.4.1/../../../../arm-none-eabi/lib/armv7-m\libc.a(lib_a-stdio.o)
                0x00007df0                __seofread
 .text.__swrite
                0x00007df4       0x3c d:/nxp/lpcxpresso_8.2.2_650/lpcxpresso/tools/bin/../lib/gcc/arm-none-eabi/5.4.1/../../../../arm-none-eabi/lib/armv7-m\libc.a(lib_a-stdio.o)
                0x00007df4                __swrite
 .text.__sseek  0x00007e30       0x20 d:/nxp/lpcxpresso_8.2.2_650/lpcxpresso/tools/bin/../lib/gcc/arm-none-eabi/5.4.1/../../../../arm-none-eabi/lib/armv7-m\libc.a(lib_a-stdio.o)
                0x00007e30                __sseek
 .text.__sclose
                0x00007e50        0x8 d:/nxp/lpcxpresso_8.2.2_650/lpcxpresso/tools/bin/../lib/gcc/arm-none-eabi/5.4.1/../../../../arm-none-eabi/lib/armv7-m\libc.a(lib_a-stdio.o)
                0x00007e50                __sclose
 .text          0x00007e58      0x1bc d:/nxp/lpcxpresso_8.2.2_650/lpcxpresso/tools/bin/../lib/gcc/arm-none-eabi/5.4.1/../../../../arm-none-eabi/lib/armv7-m\libc.a(lib_a-strcmp.o)
                0x00007e58                strcmp
 .text          0x00008014        0x0 d:/nxp/lpcxpresso_8.2.2_650/lpcxpresso/tools/bin/../lib/gcc/arm-none-eabi/5.4.1/../../../../arm-none-eabi/lib/armv7-m\libc.a(lib_a-svfiprintf.o)
 .text.__ssprint_r
                0x00008014      0x100 d:/nxp/lpcxpresso_8.2.2_650/lpcxpresso/tools/bin/../lib/gcc/arm-none-eabi/5.4.1/../../../../arm-none-eabi/lib/armv7-m\libc.a(lib_a-svfiprintf.o)
                0x00008014                __ssprint_r
 .text._svfiprintf_r
                0x00008114      0xc4c d:/nxp/lpcxpresso_8.2.2_650/lpcxpresso/tools/bin/../lib/gcc/arm-none-eabi/5.4.1/../../../../arm-none-eabi/lib/armv7-m\libc.a(lib_a-svfiprintf.o)
                0x00008114                _svfiprintf_r
 .text          0x00008d60        0x0 d:/nxp/lpcxpresso_8.2.2_650/lpcxpresso/tools/bin/../lib/gcc/arm-none-eabi/5.4.1/../../../../arm-none-eabi/lib/armv7-m\libc.a(lib_a-vfiprintf.o)
 .text.__sprint_r.part.0
                0x00008d60       0x78 d:/nxp/lpcxpresso_8.2.2_650/lpcxpresso/tools/bin/../lib/gcc/arm-none-eabi/5.4.1/../../../../arm-none-eabi/lib/armv7-m\libc.a(lib_a-vfiprintf.o)
 .text.__sprint_r
                0x00008dd8       0x14 d:/nxp/lpcxpresso_8.2.2_650/lpcxpresso/tools/bin/../lib/gcc/arm-none-eabi/5.4.1/../../../../arm-none-eabi/lib/armv7-m\libc.a(lib_a-vfiprintf.o)
                0x00008dd8                __sprint_r
 .text._vfiprintf_r
                0x00008dec      0xde8 d:/nxp/lpcxpresso_8.2.2_650/lpcxpresso/tools/bin/../lib/gcc/arm-none-eabi/5.4.1/../../../../arm-none-eabi/lib/armv7-m\libc.a(lib_a-vfiprintf.o)
                0x00008dec                _vfiprintf_r
 .text.vfiprintf
                0x00009bd4       0x18 d:/nxp/lpcxpresso_8.2.2_650/lpcxpresso/tools/bin/../lib/gcc/arm-none-eabi/5.4.1/../../../../arm-none-eabi/lib/armv7-m\libc.a(lib_a-vfiprintf.o)
                0x00009bd4                vfiprintf
 .text.__sbprintf
                0x00009bec       0x6c d:/nxp/lpcxpresso_8.2.2_650/lpcxpresso/tools/bin/../lib/gcc/arm-none-eabi/5.4.1/../../../../arm-none-eabi/lib/armv7-m\libc.a(lib_a-vfiprintf.o)
 .text          0x00009c58        0x0 d:/nxp/lpcxpresso_8.2.2_650/lpcxpresso/tools/bin/../lib/gcc/arm-none-eabi/5.4.1/../../../../arm-none-eabi/lib/armv7-m\libc.a(lib_a-writer.o)
 .text._write_r
                0x00009c58       0x2c d:/nxp/lpcxpresso_8.2.2_650/lpcxpresso/tools/bin/../lib/gcc/arm-none-eabi/5.4.1/../../../../arm-none-eabi/lib/armv7-m\libc.a(lib_a-writer.o)
                0x00009c58                _write_r
 .text          0x00009c84        0x0 d:/nxp/lpcxpresso_8.2.2_650/lpcxpresso/tools/bin/../lib/gcc/arm-none-eabi/5.4.1/../../../../arm-none-eabi/lib/armv7-m\libc.a(lib_a-closer.o)
 .text._close_r
                0x00009c84       0x24 d:/nxp/lpcxpresso_8.2.2_650/lpcxpresso/tools/bin/../lib/gcc/arm-none-eabi/5.4.1/../../../../arm-none-eabi/lib/armv7-m\libc.a(lib_a-closer.o)
                0x00009c84                _close_r
 .text          0x00009ca8        0x0 d:/nxp/lpcxpresso_8.2.2_650/lpcxpresso/tools/bin/../lib/gcc/arm-none-eabi/5.4.1/../../../../arm-none-eabi/lib/armv7-m\libc.a(lib_a-fclose.o)
 .text._fclose_r
                0x00009ca8       0x84 d:/nxp/lpcxpresso_8.2.2_650/lpcxpresso/tools/bin/../lib/gcc/arm-none-eabi/5.4.1/../../../../arm-none-eabi/lib/armv7-m\libc.a(lib_a-fclose.o)
                0x00009ca8                _fclose_r
 .text.fclose   0x00009d2c       0x10 d:/nxp/lpcxpresso_8.2.2_650/lpcxpresso/tools/bin/../lib/gcc/arm-none-eabi/5.4.1/../../../../arm-none-eabi/lib/armv7-m\libc.a(lib_a-fclose.o)
                0x00009d2c                fclose
 .text          0x00009d3c        0x0 d:/nxp/lpcxpresso_8.2.2_650/lpcxpresso/tools/bin/../lib/gcc/arm-none-eabi/5.4.1/../../../../arm-none-eabi/lib/armv7-m\libc.a(lib_a-fputwc.o)
 .text.__fputwc
                0x00009d3c       0x94 d:/nxp/lpcxpresso_8.2.2_650/lpcxpresso/tools/bin/../lib/gcc/arm-none-eabi/5.4.1/../../../../arm-none-eabi/lib/armv7-m\libc.a(lib_a-fputwc.o)
                0x00009d3c                __fputwc
 .text._fputwc_r
                0x00009dd0       0x24 d:/nxp/lpcxpresso_8.2.2_650/lpcxpresso/tools/bin/../lib/gcc/arm-none-eabi/5.4.1/../../../../arm-none-eabi/lib/armv7-m\libc.a(lib_a-fputwc.o)
                0x00009dd0                _fputwc_r
 .text.fputwc   0x00009df4       0x40 d:/nxp/lpcxpresso_8.2.2_650/lpcxpresso/tools/bin/../lib/gcc/arm-none-eabi/5.4.1/../../../../arm-none-eabi/lib/armv7-m\libc.a(lib_a-fputwc.o)
                0x00009df4                fputwc
 .text          0x00009e34        0x0 d:/nxp/lpcxpresso_8.2.2_650/lpcxpresso/tools/bin/../lib/gcc/arm-none-eabi/5.4.1/../../../../arm-none-eabi/lib/armv7-m\libc.a(lib_a-fstatr.o)
 .text._fstat_r
                0x00009e34       0x28 d:/nxp/lpcxpresso_8.2.2_650/lpcxpresso/tools/bin/../lib/gcc/arm-none-eabi/5.4.1/../../../../arm-none-eabi/lib/armv7-m\libc.a(lib_a-fstatr.o)
                0x00009e34                _fstat_r
 .text          0x00009e5c        0x0 d:/nxp/lpcxpresso_8.2.2_650/lpcxpresso/tools/bin/../lib/gcc/arm-none-eabi/5.4.1/../../../../arm-none-eabi/lib/armv7-m\libc.a(lib_a-fvwrite.o)
 .text.__sfvwrite_r
                0x00009e5c      0x308 d:/nxp/lpcxpresso_8.2.2_650/lpcxpresso/tools/bin/../lib/gcc/arm-none-eabi/5.4.1/../../../../arm-none-eabi/lib/armv7-m\libc.a(lib_a-fvwrite.o)
                0x00009e5c                __sfvwrite_r
 .text          0x0000a164        0x0 d:/nxp/lpcxpresso_8.2.2_650/lpcxpresso/tools/bin/../lib/gcc/arm-none-eabi/5.4.1/../../../../arm-none-eabi/lib/armv7-m\libc.a(lib_a-isattyr.o)
 .text._isatty_r
                0x0000a164       0x24 d:/nxp/lpcxpresso_8.2.2_650/lpcxpresso/tools/bin/../lib/gcc/arm-none-eabi/5.4.1/../../../../arm-none-eabi/lib/armv7-m\libc.a(lib_a-isattyr.o)
                0x0000a164                _isatty_r
 .text          0x0000a188        0x0 d:/nxp/lpcxpresso_8.2.2_650/lpcxpresso/tools/bin/../lib/gcc/arm-none-eabi/5.4.1/../../../../arm-none-eabi/lib/armv7-m\libc.a(lib_a-lseekr.o)
 .text._lseek_r
                0x0000a188       0x2c d:/nxp/lpcxpresso_8.2.2_650/lpcxpresso/tools/bin/../lib/gcc/arm-none-eabi/5.4.1/../../../../arm-none-eabi/lib/armv7-m\libc.a(lib_a-lseekr.o)
                0x0000a188                _lseek_r
 .text          0x0000a1b4        0x0 d:/nxp/lpcxpresso_8.2.2_650/lpcxpresso/tools/bin/../lib/gcc/arm-none-eabi/5.4.1/../../../../arm-none-eabi/lib/armv7-m\libc.a(lib_a-memmove.o)
 .text.memmove  0x0000a1b4       0xc8 d:/nxp/lpcxpresso_8.2.2_650/lpcxpresso/tools/bin/../lib/gcc/arm-none-eabi/5.4.1/../../../../arm-none-eabi/lib/armv7-m\libc.a(lib_a-memmove.o)
                0x0000a1b4                memmove
 .text          0x0000a27c        0x0 d:/nxp/lpcxpresso_8.2.2_650/lpcxpresso/tools/bin/../lib/gcc/arm-none-eabi/5.4.1/../../../../arm-none-eabi/lib/armv7-m\libc.a(lib_a-readr.o)
 .text._read_r  0x0000a27c       0x2c d:/nxp/lpcxpresso_8.2.2_650/lpcxpresso/tools/bin/../lib/gcc/arm-none-eabi/5.4.1/../../../../arm-none-eabi/lib/armv7-m\libc.a(lib_a-readr.o)
                0x0000a27c                _read_r
 .text          0x0000a2a8        0x0 d:/nxp/lpcxpresso_8.2.2_650/lpcxpresso/tools/bin/../lib/gcc/arm-none-eabi/5.4.1/../../../../arm-none-eabi/lib/armv7-m\libc.a(lib_a-reent.o)
 .text.cleanup_glue
                0x0000a2a8       0x1c d:/nxp/lpcxpresso_8.2.2_650/lpcxpresso/tools/bin/../lib/gcc/arm-none-eabi/5.4.1/../../../../arm-none-eabi/lib/armv7-m\libc.a(lib_a-reent.o)
                0x0000a2a8                cleanup_glue
 .text._reclaim_reent
                0x0000a2c4       0x88 d:/nxp/lpcxpresso_8.2.2_650/lpcxpresso/tools/bin/../lib/gcc/arm-none-eabi/5.4.1/../../../../arm-none-eabi/lib/armv7-m\libc.a(lib_a-reent.o)
                0x0000a2c4                _reclaim_reent
 .text          0x0000a34c        0x0 d:/nxp/lpcxpresso_8.2.2_650/lpcxpresso/tools/bin/../lib/gcc/arm-none-eabi/5.4.1/../../../../arm-none-eabi/lib/armv7-m\libc.a(lib_a-wbuf.o)
 .text.__swbuf_r
                0x0000a34c       0xac d:/nxp/lpcxpresso_8.2.2_650/lpcxpresso/tools/bin/../lib/gcc/arm-none-eabi/5.4.1/../../../../arm-none-eabi/lib/armv7-m\libc.a(lib_a-wbuf.o)
                0x0000a34c                __swbuf_r
 .text.__swbuf  0x0000a3f8       0x10 d:/nxp/lpcxpresso_8.2.2_650/lpcxpresso/tools/bin/../lib/gcc/arm-none-eabi/5.4.1/../../../../arm-none-eabi/lib/armv7-m\libc.a(lib_a-wbuf.o)
                0x0000a3f8                __swbuf
 .text          0x0000a408        0x0 d:/nxp/lpcxpresso_8.2.2_650/lpcxpresso/tools/bin/../lib/gcc/arm-none-eabi/5.4.1/../../../../arm-none-eabi/lib/armv7-m\libc.a(lib_a-wcrtomb.o)
 .text._wcrtomb_r
                0x0000a408       0x54 d:/nxp/lpcxpresso_8.2.2_650/lpcxpresso/tools/bin/../lib/gcc/arm-none-eabi/5.4.1/../../../../arm-none-eabi/lib/armv7-m\libc.a(lib_a-wcrtomb.o)
                0x0000a408                _wcrtomb_r
 .text.wcrtomb  0x0000a45c       0x58 d:/nxp/lpcxpresso_8.2.2_650/lpcxpresso/tools/bin/../lib/gcc/arm-none-eabi/5.4.1/../../../../arm-none-eabi/lib/armv7-m\libc.a(lib_a-wcrtomb.o)
                0x0000a45c                wcrtomb
 .text          0x0000a4b4        0x0 d:/nxp/lpcxpresso_8.2.2_650/lpcxpresso/tools/bin/../lib/gcc/arm-none-eabi/5.4.1/../../../../arm-none-eabi/lib/armv7-m\libc.a(lib_a-wctomb_r.o)
 .text.__ascii_wctomb
                0x0000a4b4       0x1c d:/nxp/lpcxpresso_8.2.2_650/lpcxpresso/tools/bin/../lib/gcc/arm-none-eabi/5.4.1/../../../../arm-none-eabi/lib/armv7-m\libc.a(lib_a-wctomb_r.o)
                0x0000a4b4                __ascii_wctomb
 .text._wctomb_r
                0x0000a4d0       0x30 d:/nxp/lpcxpresso_8.2.2_650/lpcxpresso/tools/bin/../lib/gcc/arm-none-eabi/5.4.1/../../../../arm-none-eabi/lib/armv7-m\libc.a(lib_a-wctomb_r.o)
                0x0000a4d0                _wctomb_r
 .text          0x0000a500        0x0 d:/nxp/lpcxpresso_8.2.2_650/lpcxpresso/tools/bin/../lib/gcc/arm-none-eabi/5.4.1/../../../../arm-none-eabi/lib/armv7-m\libcr_newlib_semihost.a(syscalls.o)
 .text.error    0x0000a500       0x1c d:/nxp/lpcxpresso_8.2.2_650/lpcxpresso/tools/bin/../lib/gcc/arm-none-eabi/5.4.1/../../../../arm-none-eabi/lib/armv7-m\libcr_newlib_semihost.a(syscalls.o)
 .text.initialise_monitor_handles.part.0
                0x0000a51c       0xa8 d:/nxp/lpcxpresso_8.2.2_650/lpcxpresso/tools/bin/../lib/gcc/arm-none-eabi/5.4.1/../../../../arm-none-eabi/lib/armv7-m\libcr_newlib_semihost.a(syscalls.o)
 .text.findslot
                0x0000a5c4       0x30 d:/nxp/lpcxpresso_8.2.2_650/lpcxpresso/tools/bin/../lib/gcc/arm-none-eabi/5.4.1/../../../../arm-none-eabi/lib/armv7-m\libcr_newlib_semihost.a(syscalls.o)
 .text.checkerror
                0x0000a5f4       0x20 d:/nxp/lpcxpresso_8.2.2_650/lpcxpresso/tools/bin/../lib/gcc/arm-none-eabi/5.4.1/../../../../arm-none-eabi/lib/armv7-m\libcr_newlib_semihost.a(syscalls.o)
 .text._swiread
                0x0000a614       0x20 d:/nxp/lpcxpresso_8.2.2_650/lpcxpresso/tools/bin/../lib/gcc/arm-none-eabi/5.4.1/../../../../arm-none-eabi/lib/armv7-m\libcr_newlib_semihost.a(syscalls.o)
                0x0000a614                _swiread
 .text._read    0x0000a634       0x34 d:/nxp/lpcxpresso_8.2.2_650/lpcxpresso/tools/bin/../lib/gcc/arm-none-eabi/5.4.1/../../../../arm-none-eabi/lib/armv7-m\libcr_newlib_semihost.a(syscalls.o)
                0x0000a634                _read
 .text._swilseek
                0x0000a668       0x7a d:/nxp/lpcxpresso_8.2.2_650/lpcxpresso/tools/bin/../lib/gcc/arm-none-eabi/5.4.1/../../../../arm-none-eabi/lib/armv7-m\libcr_newlib_semihost.a(syscalls.o)
                0x0000a668                _swilseek
 .text._lseek   0x0000a6e2        0x4 d:/nxp/lpcxpresso_8.2.2_650/lpcxpresso/tools/bin/../lib/gcc/arm-none-eabi/5.4.1/../../../../arm-none-eabi/lib/armv7-m\libcr_newlib_semihost.a(syscalls.o)
                0x0000a6e2                _lseek
 .text._swiwrite
                0x0000a6e6       0x20 d:/nxp/lpcxpresso_8.2.2_650/lpcxpresso/tools/bin/../lib/gcc/arm-none-eabi/5.4.1/../../../../arm-none-eabi/lib/armv7-m\libcr_newlib_semihost.a(syscalls.o)
                0x0000a6e6                _swiwrite
 .text._write   0x0000a706       0x42 d:/nxp/lpcxpresso_8.2.2_650/lpcxpresso/tools/bin/../lib/gcc/arm-none-eabi/5.4.1/../../../../arm-none-eabi/lib/armv7-m\libcr_newlib_semihost.a(syscalls.o)
                0x0000a706                _write
 .text._swiclose
                0x0000a748       0x1c d:/nxp/lpcxpresso_8.2.2_650/lpcxpresso/tools/bin/../lib/gcc/arm-none-eabi/5.4.1/../../../../arm-none-eabi/lib/armv7-m\libcr_newlib_semihost.a(syscalls.o)
                0x0000a748                _swiclose
 .text._close   0x0000a764       0x48 d:/nxp/lpcxpresso_8.2.2_650/lpcxpresso/tools/bin/../lib/gcc/arm-none-eabi/5.4.1/../../../../arm-none-eabi/lib/armv7-m\libcr_newlib_semihost.a(syscalls.o)
                0x0000a764                _close
 .text._getpid  0x0000a7ac        0x4 d:/nxp/lpcxpresso_8.2.2_650/lpcxpresso/tools/bin/../lib/gcc/arm-none-eabi/5.4.1/../../../../arm-none-eabi/lib/armv7-m\libcr_newlib_semihost.a(syscalls.o)
                0x0000a7ac                _getpid
 .text._swistat
                0x0000a7b0       0x42 d:/nxp/lpcxpresso_8.2.2_650/lpcxpresso/tools/bin/../lib/gcc/arm-none-eabi/5.4.1/../../../../arm-none-eabi/lib/armv7-m\libcr_newlib_semihost.a(syscalls.o)
                0x0000a7b0                _swistat
 .text._fstat   0x0000a7f2       0x1c d:/nxp/lpcxpresso_8.2.2_650/lpcxpresso/tools/bin/../lib/gcc/arm-none-eabi/5.4.1/../../../../arm-none-eabi/lib/armv7-m\libcr_newlib_semihost.a(syscalls.o)
                0x0000a7f2                _fstat
 .text._stat    0x0000a80e       0x3a d:/nxp/lpcxpresso_8.2.2_650/lpcxpresso/tools/bin/../lib/gcc/arm-none-eabi/5.4.1/../../../../arm-none-eabi/lib/armv7-m\libcr_newlib_semihost.a(syscalls.o)
                0x0000a80e                _stat
 .text._swiopen
                0x0000a848       0xc8 d:/nxp/lpcxpresso_8.2.2_650/lpcxpresso/tools/bin/../lib/gcc/arm-none-eabi/5.4.1/../../../../arm-none-eabi/lib/armv7-m\libcr_newlib_semihost.a(syscalls.o)
                0x0000a848                _swiopen
 .text._open    0x0000a910       0x12 d:/nxp/lpcxpresso_8.2.2_650/lpcxpresso/tools/bin/../lib/gcc/arm-none-eabi/5.4.1/../../../../arm-none-eabi/lib/armv7-m\libcr_newlib_semihost.a(syscalls.o)
                0x0000a910                _open
 .text._link    0x0000a922       0x10 d:/nxp/lpcxpresso_8.2.2_650/lpcxpresso/tools/bin/../lib/gcc/arm-none-eabi/5.4.1/../../../../arm-none-eabi/lib/armv7-m\libcr_newlib_semihost.a(syscalls.o)
                0x0000a922                _link
 .text._unlink  0x0000a932       0x28 d:/nxp/lpcxpresso_8.2.2_650/lpcxpresso/tools/bin/../lib/gcc/arm-none-eabi/5.4.1/../../../../arm-none-eabi/lib/armv7-m\libcr_newlib_semihost.a(syscalls.o)
                0x0000a932                _unlink
 .text._gettimeofday
                0x0000a95a       0x24 d:/nxp/lpcxpresso_8.2.2_650/lpcxpresso/tools/bin/../lib/gcc/arm-none-eabi/5.4.1/../../../../arm-none-eabi/lib/armv7-m\libcr_newlib_semihost.a(syscalls.o)
                0x0000a95a                _gettimeofday
 .text._clock   0x0000a97e       0x12 d:/nxp/lpcxpresso_8.2.2_650/lpcxpresso/tools/bin/../lib/gcc/arm-none-eabi/5.4.1/../../../../arm-none-eabi/lib/armv7-m\libcr_newlib_semihost.a(syscalls.o)
                0x0000a97e                _clock
 .text._times   0x0000a990       0x16 d:/nxp/lpcxpresso_8.2.2_650/lpcxpresso/tools/bin/../lib/gcc/arm-none-eabi/5.4.1/../../../../arm-none-eabi/lib/armv7-m\libcr_newlib_semihost.a(syscalls.o)
                0x0000a990                _times
 .text._isatty  0x0000a9a6       0x2a d:/nxp/lpcxpresso_8.2.2_650/lpcxpresso/tools/bin/../lib/gcc/arm-none-eabi/5.4.1/../../../../arm-none-eabi/lib/armv7-m\libcr_newlib_semihost.a(syscalls.o)
                0x0000a9a6                _isatty
 .text._system  0x0000a9d0       0x3c d:/nxp/lpcxpresso_8.2.2_650/lpcxpresso/tools/bin/../lib/gcc/arm-none-eabi/5.4.1/../../../../arm-none-eabi/lib/armv7-m\libcr_newlib_semihost.a(syscalls.o)
                0x0000a9d0                _system
 .text._rename  0x0000aa0c       0x36 d:/nxp/lpcxpresso_8.2.2_650/lpcxpresso/tools/bin/../lib/gcc/arm-none-eabi/5.4.1/../../../../arm-none-eabi/lib/armv7-m\libcr_newlib_semihost.a(syscalls.o)
                0x0000aa0c                _rename
 *fill*         0x0000aa42        0x2 ff
 .text          0x0000aa44      0x424 d:/nxp/lpcxpresso_8.2.2_650/lpcxpresso/tools/bin/../lib/gcc/arm-none-eabi/5.4.1/armv7-m\libgcc.a(_arm_muldivdf3.o)
                0x0000aa44                __aeabi_dmul
                0x0000aa44                __muldf3
                0x0000ac98                __divdf3
                0x0000ac98                __aeabi_ddiv
 .text          0x0000ae68      0x110 d:/nxp/lpcxpresso_8.2.2_650/lpcxpresso/tools/bin/../lib/gcc/arm-none-eabi/5.4.1/armv7-m\libgcc.a(_arm_cmpdf2.o)
                0x0000ae68                __gtdf2
                0x0000ae68                __gedf2
                0x0000ae70                __ltdf2
                0x0000ae70                __ledf2
                0x0000ae78                __nedf2
                0x0000ae78                __eqdf2
                0x0000ae78                __cmpdf2
                0x0000aef4                __aeabi_cdrcmple
                0x0000af04                __aeabi_cdcmpeq
                0x0000af04                __aeabi_cdcmple
                0x0000af14                __aeabi_dcmpeq
                0x0000af28                __aeabi_dcmplt
                0x0000af3c                __aeabi_dcmple
                0x0000af50                __aeabi_dcmpge
                0x0000af64                __aeabi_dcmpgt
 .text          0x0000af78       0x2c d:/nxp/lpcxpresso_8.2.2_650/lpcxpresso/tools/bin/../lib/gcc/arm-none-eabi/5.4.1/armv7-m\libgcc.a(_arm_unorddf2.o)
                0x0000af78                __unorddf2
                0x0000af78                __aeabi_dcmpun
 .text          0x0000afa4       0x50 d:/nxp/lpcxpresso_8.2.2_650/lpcxpresso/tools/bin/../lib/gcc/arm-none-eabi/5.4.1/armv7-m\libgcc.a(_arm_fixdfsi.o)
                0x0000afa4                __aeabi_d2iz
                0x0000afa4                __fixdfsi
 .text          0x0000aff4       0x30 d:/nxp/lpcxpresso_8.2.2_650/lpcxpresso/tools/bin/../lib/gcc/arm-none-eabi/5.4.1/armv7-m\libgcc.a(_aeabi_uldivmod.o)
                0x0000aff4                __aeabi_uldivmod
 .text          0x0000b024      0x2ec d:/nxp/lpcxpresso_8.2.2_650/lpcxpresso/tools/bin/../lib/gcc/arm-none-eabi/5.4.1/armv7-m\libgcc.a(_udivmoddi4.o)
                0x0000b024                __udivmoddi4
 .text          0x0000b310        0x4 d:/nxp/lpcxpresso_8.2.2_650/lpcxpresso/tools/bin/../lib/gcc/arm-none-eabi/5.4.1/armv7-m\libgcc.a(_dvmd_tls.o)
                0x0000b310                __aeabi_idiv0
                0x0000b310                __aeabi_ldiv0
 .text          0x0000b314        0x0 d:/nxp/lpcxpresso_8.2.2_650/lpcxpresso/tools/bin/../lib/gcc/arm-none-eabi/5.4.1/../../../../arm-none-eabi/lib/armv7-m\libc.a(lib_a-errno.o)
 .text.__errno  0x0000b314        0xc d:/nxp/lpcxpresso_8.2.2_650/lpcxpresso/tools/bin/../lib/gcc/arm-none-eabi/5.4.1/../../../../arm-none-eabi/lib/armv7-m\libc.a(lib_a-errno.o)
                0x0000b314                __errno
 *(.rodata .rodata.* .constdata .constdata.*)
 .rodata.str1.1
                0x0000b320       0x40 ./src/pi7/interpretador_comando/interpretador_comando.o
 .rodata.str1.1
                0x0000b360       0x22 ./src/pi7/controlador_trajetoria/controlador_trajetoria.o
 .rodata.str1.1
                0x0000b382       0x10 ./src/pi7/comunicacao_pic/comunicacao_pic.o
 .rodata.str1.1
                0x0000b392       0x1e ./src/pi7/comunicacao_pc/modbus.o
 .rodata.str1.1
                0x0000b3b0        0xb ./src/drivers/console/basic_io.o
 *fill*         0x0000b3bb        0x1 ff
 .rodata.DELAY_1SEC
                0x0000b3bc        0x4 ./src/main.o
                0x0000b3bc                DELAY_1SEC
 .rodata.DELAY_500MS
                0x0000b3c0        0x4 ./src/main.o
                0x0000b3c0                DELAY_500MS
 .rodata.str1.1
                0x0000b3c4       0x46 ./src/main.o
 *fill*         0x0000b40a        0x2 ff
 .rodata.DELAY_200MS
                0x0000b40c        0x4 ./src/main.o
                0x0000b40c                DELAY_200MS
 .rodata.str1.1
                0x0000b410       0x17 ./FreeRTOS_src/tasks.o
                                 0x1a (size before relaxing)
 *fill*         0x0000b427        0x1 ff
 .rodata.ulKernelPriority
                0x0000b428        0x4 ./FreeRTOS_portable/port.o
                0x0000b428                ulKernelPriority
 .rodata.blanks.7055
                0x0000b42c       0x10 d:/nxp/lpcxpresso_8.2.2_650/lpcxpresso/tools/bin/../lib/gcc/arm-none-eabi/5.4.1/../../../../arm-none-eabi/lib/armv7-m\libc.a(lib_a-svfprintf.o)
 .rodata.str1.4
                0x0000b43c       0x42 d:/nxp/lpcxpresso_8.2.2_650/lpcxpresso/tools/bin/../lib/gcc/arm-none-eabi/5.4.1/../../../../arm-none-eabi/lib/armv7-m\libc.a(lib_a-svfprintf.o)
 *fill*         0x0000b47e        0x2 ff
 .rodata.zeroes.7056
                0x0000b480       0x10 d:/nxp/lpcxpresso_8.2.2_650/lpcxpresso/tools/bin/../lib/gcc/arm-none-eabi/5.4.1/../../../../arm-none-eabi/lib/armv7-m\libc.a(lib_a-svfprintf.o)
 .rodata.blanks.7070
                0x0000b490       0x10 d:/nxp/lpcxpresso_8.2.2_650/lpcxpresso/tools/bin/../lib/gcc/arm-none-eabi/5.4.1/../../../../arm-none-eabi/lib/armv7-m\libc.a(lib_a-vfprintf.o)
 .rodata.str1.4
                0x0000b4a0       0x42 d:/nxp/lpcxpresso_8.2.2_650/lpcxpresso/tools/bin/../lib/gcc/arm-none-eabi/5.4.1/../../../../arm-none-eabi/lib/armv7-m\libc.a(lib_a-vfprintf.o)
 .rodata.zeroes.7071
                0x0000b4a0       0x10 d:/nxp/lpcxpresso_8.2.2_650/lpcxpresso/tools/bin/../lib/gcc/arm-none-eabi/5.4.1/../../../../arm-none-eabi/lib/armv7-m\libc.a(lib_a-vfprintf.o)
 .rodata.str1.4
                0x0000b4b0       0x10 d:/nxp/lpcxpresso_8.2.2_650/lpcxpresso/tools/bin/../lib/gcc/arm-none-eabi/5.4.1/../../../../arm-none-eabi/lib/armv7-m\libc.a(lib_a-dtoa.o)
                                 0x12 (size before relaxing)
 .rodata.str1.4
                0x0000b4c0        0x2 d:/nxp/lpcxpresso_8.2.2_650/lpcxpresso/tools/bin/../lib/gcc/arm-none-eabi/5.4.1/../../../../arm-none-eabi/lib/armv7-m\libc.a(lib_a-impure.o)
 *fill*         0x0000b4c2        0x2 ff
 .rodata._global_impure_ptr
                0x0000b4c4        0x4 d:/nxp/lpcxpresso_8.2.2_650/lpcxpresso/tools/bin/../lib/gcc/arm-none-eabi/5.4.1/../../../../arm-none-eabi/lib/armv7-m\libc.a(lib_a-impure.o)
                0x0000b4c4                _global_impure_ptr
 .rodata.str1.4
                0x0000b4c8        0xc d:/nxp/lpcxpresso_8.2.2_650/lpcxpresso/tools/bin/../lib/gcc/arm-none-eabi/5.4.1/../../../../arm-none-eabi/lib/armv7-m\libc.a(lib_a-locale.o)
                                 0x12 (size before relaxing)
 *fill*         0x0000b4d4        0x4 ff
 .rodata.__mprec_tens
                0x0000b4d8       0xc8 d:/nxp/lpcxpresso_8.2.2_650/lpcxpresso/tools/bin/../lib/gcc/arm-none-eabi/5.4.1/../../../../arm-none-eabi/lib/armv7-m\libc.a(lib_a-mprec.o)
                0x0000b4d8                __mprec_tens
 .rodata.__mprec_bigtens
                0x0000b5a0       0x28 d:/nxp/lpcxpresso_8.2.2_650/lpcxpresso/tools/bin/../lib/gcc/arm-none-eabi/5.4.1/../../../../arm-none-eabi/lib/armv7-m\libc.a(lib_a-mprec.o)
                0x0000b5a0                __mprec_bigtens
 .rodata.__mprec_tinytens
                0x0000b5c8       0x28 d:/nxp/lpcxpresso_8.2.2_650/lpcxpresso/tools/bin/../lib/gcc/arm-none-eabi/5.4.1/../../../../arm-none-eabi/lib/armv7-m\libc.a(lib_a-mprec.o)
                0x0000b5c8                __mprec_tinytens
 .rodata.p05.5396
                0x0000b5f0        0xc d:/nxp/lpcxpresso_8.2.2_650/lpcxpresso/tools/bin/../lib/gcc/arm-none-eabi/5.4.1/../../../../arm-none-eabi/lib/armv7-m\libc.a(lib_a-mprec.o)
 .rodata.blanks.6999
                0x0000b5fc       0x10 d:/nxp/lpcxpresso_8.2.2_650/lpcxpresso/tools/bin/../lib/gcc/arm-none-eabi/5.4.1/../../../../arm-none-eabi/lib/armv7-m\libc.a(lib_a-svfiprintf.o)
 .rodata.str1.4
                0x0000b60c       0x2f d:/nxp/lpcxpresso_8.2.2_650/lpcxpresso/tools/bin/../lib/gcc/arm-none-eabi/5.4.1/../../../../arm-none-eabi/lib/armv7-m\libc.a(lib_a-svfiprintf.o)
 .rodata.zeroes.7000
                0x0000b60c       0x10 d:/nxp/lpcxpresso_8.2.2_650/lpcxpresso/tools/bin/../lib/gcc/arm-none-eabi/5.4.1/../../../../arm-none-eabi/lib/armv7-m\libc.a(lib_a-svfiprintf.o)
 .rodata.blanks.7013
                0x0000b61c       0x10 d:/nxp/lpcxpresso_8.2.2_650/lpcxpresso/tools/bin/../lib/gcc/arm-none-eabi/5.4.1/../../../../arm-none-eabi/lib/armv7-m\libc.a(lib_a-vfiprintf.o)
 .rodata.str1.4
                0x0000b62c       0x2f d:/nxp/lpcxpresso_8.2.2_650/lpcxpresso/tools/bin/../lib/gcc/arm-none-eabi/5.4.1/../../../../arm-none-eabi/lib/armv7-m\libc.a(lib_a-vfiprintf.o)
 .rodata.zeroes.7014
                0x0000b62c       0x10 d:/nxp/lpcxpresso_8.2.2_650/lpcxpresso/tools/bin/../lib/gcc/arm-none-eabi/5.4.1/../../../../arm-none-eabi/lib/armv7-m\libc.a(lib_a-vfiprintf.o)
 .rodata.str1.1
                0x0000b63c        0x4 d:/nxp/lpcxpresso_8.2.2_650/lpcxpresso/tools/bin/../lib/gcc/arm-none-eabi/5.4.1/../../../../arm-none-eabi/lib/armv7-m\libcr_newlib_semihost.a(syscalls.o)
                0x0000b65c                . = ALIGN (0x4)

.glue_7         0x0000b640        0x0
 .glue_7        0x0000b640        0x0 linker stubs

.glue_7t        0x0000b640        0x0
 .glue_7t       0x0000b640        0x0 linker stubs

.vfp11_veneer   0x0000b640        0x0
 .vfp11_veneer  0x0000b640        0x0 linker stubs

.v4_bx          0x0000b640        0x0
 .v4_bx         0x0000b640        0x0 linker stubs

.iplt           0x0000b640        0x0
 .iplt          0x0000b640        0x0 ./src/pi7/programa_trajetoria/programa_trajetoria.o

.ARM.extab      0x0000b640        0x0
 *(.ARM.extab* .gnu.linkonce.armextab.*)
 .ARM.extab     0x0000b640        0x0 d:/nxp/lpcxpresso_8.2.2_650/lpcxpresso/tools/bin/../lib/gcc/arm-none-eabi/5.4.1/armv7-m\libgcc.a(_udivmoddi4.o)
                0x0000b640                __exidx_start = .

.ARM.exidx      0x0000b640        0x8
 *(.ARM.exidx* .gnu.linkonce.armexidx.*)
 .ARM.exidx     0x0000b640        0x8 d:/nxp/lpcxpresso_8.2.2_650/lpcxpresso/tools/bin/../lib/gcc/arm-none-eabi/5.4.1/armv7-m\libgcc.a(_udivmoddi4.o)
                0x0000b648                __exidx_end = .
                0x0000b648                _etext = .

.rel.dyn        0x0000b648        0x0
 .rel.iplt      0x0000b648        0x0 ./src/pi7/programa_trajetoria/programa_trajetoria.o

.data_RAM2      0x2007c000        0x0 load address 0x0000b648
 FILL mask 0xff
                [!provide]                PROVIDE (__start_data_RAM2, .)
 *(.ramfunc.$RAM2)
 *(.ramfunc.$RamAHB32)
 *(.data.$RAM2*)
 *(.data.$RamAHB32*)
                0x2007c000                . = ALIGN (0x4)
                [!provide]                PROVIDE (__end_data_RAM2, .)

.uninit_RESERVED
                0x10000000        0x0
 *(.bss.$RESERVED*)
                0x10000000                . = ALIGN (0x4)
                0x10000000                _end_uninit_RESERVED = .

.data           0x10000000      0x4e4 load address 0x0000b648
 FILL mask 0xff
                0x10000000                _data = .
 *(vtable)
 *(.ramfunc*)
 *(.data*)
 .data          0x10000000        0x0 ./src/pi7/programa_trajetoria/programa_trajetoria.o
 .data          0x10000000        0x0 ./src/pi7/interpretador_comando/interpretador_comando.o
 .data          0x10000000        0x0 ./src/pi7/estado_trajetoria/estado_trajetoria.o
 .data          0x10000000        0x0 ./src/pi7/controlador_trajetoria/controlador_trajetoria.o
 .data          0x10000000        0x0 ./src/pi7/comunicacao_pic/comunicacao_pic.o
 .data          0x10000000        0x0 ./src/pi7/comunicacao_pc/modbus.o
 .data          0x10000000        0x0 ./src/drivers/uart/uart.o
 .data.UART0TxEmpty
                0x10000000        0x1 ./src/drivers/uart/uart.o
                0x10000000                UART0TxEmpty
 .data.UART1TxEmpty
                0x10000001        0x1 ./src/drivers/uart/uart.o
                0x10000001                UART1TxEmpty
 .data          0x10000002        0x0 ./src/drivers/pwm/pwm.o
 .data          0x10000002        0x0 ./src/drivers/ledonboard/leds.o
 .data          0x10000002        0x0 ./src/drivers/console/alloc.o
 .data          0x10000002        0x0 ./src/drivers/console/basic_io.o
 .data          0x10000002        0x0 ./src/drivers/console/consoleprint.o
 .data          0x10000002        0x0 ./src/cr_startup_lpc17.o
 .data          0x10000002        0x0 ./src/main.o
 .data.msgReadRegister
                0x10000002        0xd ./src/main.o
                0x10000002                msgReadRegister
 .data.msgWriteRegister
                0x1000000f        0xf ./src/main.o
                0x1000000f                msgWriteRegister
 .data          0x1000001e        0x0 ./FreeRTOS_src/croutine.o
 .data          0x1000001e        0x0 ./FreeRTOS_src/list.o
 .data          0x1000001e        0x0 ./FreeRTOS_src/queue.o
 .data          0x1000001e        0x0 ./FreeRTOS_src/tasks.o
 *fill*         0x1000001e        0x2 ff
 .data.uxPreviousTask
                0x10000020        0x4 ./FreeRTOS_src/tasks.o
 .data.xNextTaskUnblockTime
                0x10000024        0x4 ./FreeRTOS_src/tasks.o
 .data          0x10000028        0x0 ./FreeRTOS_src/timers.o
 .data          0x10000028        0x0 ./FreeRTOS_portable/MemMang/heap_2.o
 .data.xFreeBytesRemaining
                0x10000028        0x4 ./FreeRTOS_portable/MemMang/heap_2.o
 .data          0x1000002c        0x0 ./FreeRTOS_portable/port.o
 .data.uxCriticalNesting
                0x1000002c        0x4 ./FreeRTOS_portable/port.o
 .data          0x10000030        0x4 ../Libraries\libCMSISv2_LPC17xx.a(system_LPC17xx.o)
                0x10000030                SystemFrequency
 .data          0x10000034        0x0 d:/nxp/lpcxpresso_8.2.2_650/lpcxpresso/tools/bin/../lib/gcc/arm-none-eabi/5.4.1/armv7-m\libgcc.a(_arm_addsubdf3.o)
 .data          0x10000034        0x0 d:/nxp/lpcxpresso_8.2.2_650/lpcxpresso/tools/bin/../lib/gcc/arm-none-eabi/5.4.1/armv7-m\libgcc.a(_arm_fixsfsi.o)
 .data          0x10000034        0x0 d:/nxp/lpcxpresso_8.2.2_650/lpcxpresso/tools/bin/../lib/gcc/arm-none-eabi/5.4.1/../../../../arm-none-eabi/lib/armv7-m\libc.a(lib_a-memcpy.o)
 .data          0x10000034        0x0 d:/nxp/lpcxpresso_8.2.2_650/lpcxpresso/tools/bin/../lib/gcc/arm-none-eabi/5.4.1/../../../../arm-none-eabi/lib/armv7-m\libc.a(lib_a-memset.o)
 .data          0x10000034        0x0 d:/nxp/lpcxpresso_8.2.2_650/lpcxpresso/tools/bin/../lib/gcc/arm-none-eabi/5.4.1/../../../../arm-none-eabi/lib/armv7-m\libc.a(lib_a-printf.o)
 .data          0x10000034        0x0 d:/nxp/lpcxpresso_8.2.2_650/lpcxpresso/tools/bin/../lib/gcc/arm-none-eabi/5.4.1/../../../../arm-none-eabi/lib/armv7-m\libc.a(lib_a-sprintf.o)
 .data          0x10000034        0x0 d:/nxp/lpcxpresso_8.2.2_650/lpcxpresso/tools/bin/../lib/gcc/arm-none-eabi/5.4.1/../../../../arm-none-eabi/lib/armv7-m\libc.a(lib_a-strcat.o)
 .data          0x10000034        0x0 d:/nxp/lpcxpresso_8.2.2_650/lpcxpresso/tools/bin/../lib/gcc/arm-none-eabi/5.4.1/../../../../arm-none-eabi/lib/armv7-m\libc.a(lib_a-strcpy.o)
 .data          0x10000034        0x0 d:/nxp/lpcxpresso_8.2.2_650/lpcxpresso/tools/bin/../lib/gcc/arm-none-eabi/5.4.1/../../../../arm-none-eabi/lib/armv7-m\libc.a(lib_a-strlen-stub.o)
 .data          0x10000034        0x0 d:/nxp/lpcxpresso_8.2.2_650/lpcxpresso/tools/bin/../lib/gcc/arm-none-eabi/5.4.1/../../../../arm-none-eabi/lib/armv7-m\libc.a(lib_a-strncpy.o)
 .data          0x10000034        0x0 d:/nxp/lpcxpresso_8.2.2_650/lpcxpresso/tools/bin/../lib/gcc/arm-none-eabi/5.4.1/../../../../arm-none-eabi/lib/armv7-m\libc.a(lib_a-svfprintf.o)
 .data          0x10000034        0x0 d:/nxp/lpcxpresso_8.2.2_650/lpcxpresso/tools/bin/../lib/gcc/arm-none-eabi/5.4.1/../../../../arm-none-eabi/lib/armv7-m\libc.a(lib_a-vfprintf.o)
 .data          0x10000034        0x0 d:/nxp/lpcxpresso_8.2.2_650/lpcxpresso/tools/bin/../lib/gcc/arm-none-eabi/5.4.1/../../../../arm-none-eabi/lib/armv7-m\libc.a(lib_a-wsetup.o)
 .data          0x10000034        0x0 d:/nxp/lpcxpresso_8.2.2_650/lpcxpresso/tools/bin/../lib/gcc/arm-none-eabi/5.4.1/../../../../arm-none-eabi/lib/armv7-m\libc.a(lib_a-dtoa.o)
 .data          0x10000034        0x0 d:/nxp/lpcxpresso_8.2.2_650/lpcxpresso/tools/bin/../lib/gcc/arm-none-eabi/5.4.1/../../../../arm-none-eabi/lib/armv7-m\libc.a(lib_a-fflush.o)
 .data          0x10000034        0x0 d:/nxp/lpcxpresso_8.2.2_650/lpcxpresso/tools/bin/../lib/gcc/arm-none-eabi/5.4.1/../../../../arm-none-eabi/lib/armv7-m\libc.a(lib_a-findfp.o)
 .data          0x10000034        0x0 d:/nxp/lpcxpresso_8.2.2_650/lpcxpresso/tools/bin/../lib/gcc/arm-none-eabi/5.4.1/../../../../arm-none-eabi/lib/armv7-m\libc.a(lib_a-fwalk.o)
 .data          0x10000034        0x0 d:/nxp/lpcxpresso_8.2.2_650/lpcxpresso/tools/bin/../lib/gcc/arm-none-eabi/5.4.1/../../../../arm-none-eabi/lib/armv7-m\libc.a(lib_a-impure.o)
 *fill*         0x10000034        0x4 ff
 .data.impure_data
                0x10000038      0x428 d:/nxp/lpcxpresso_8.2.2_650/lpcxpresso/tools/bin/../lib/gcc/arm-none-eabi/5.4.1/../../../../arm-none-eabi/lib/armv7-m\libc.a(lib_a-impure.o)
 .data._impure_ptr
                0x10000460        0x4 d:/nxp/lpcxpresso_8.2.2_650/lpcxpresso/tools/bin/../lib/gcc/arm-none-eabi/5.4.1/../../../../arm-none-eabi/lib/armv7-m\libc.a(lib_a-impure.o)
                0x10000460                _impure_ptr
 .data          0x10000464        0x0 d:/nxp/lpcxpresso_8.2.2_650/lpcxpresso/tools/bin/../lib/gcc/arm-none-eabi/5.4.1/../../../../arm-none-eabi/lib/armv7-m\libc.a(lib_a-locale.o)
 .data.lc_message_charset
                0x10000464       0x20 d:/nxp/lpcxpresso_8.2.2_650/lpcxpresso/tools/bin/../lib/gcc/arm-none-eabi/5.4.1/../../../../arm-none-eabi/lib/armv7-m\libc.a(lib_a-locale.o)
 .data.lconv    0x10000484       0x38 d:/nxp/lpcxpresso_8.2.2_650/lpcxpresso/tools/bin/../lib/gcc/arm-none-eabi/5.4.1/../../../../arm-none-eabi/lib/armv7-m\libc.a(lib_a-locale.o)
 .data.lc_ctype_charset
                0x100004bc       0x20 d:/nxp/lpcxpresso_8.2.2_650/lpcxpresso/tools/bin/../lib/gcc/arm-none-eabi/5.4.1/../../../../arm-none-eabi/lib/armv7-m\libc.a(lib_a-locale.o)
 .data.__mb_cur_max
                0x100004dc        0x4 d:/nxp/lpcxpresso_8.2.2_650/lpcxpresso/tools/bin/../lib/gcc/arm-none-eabi/5.4.1/../../../../arm-none-eabi/lib/armv7-m\libc.a(lib_a-locale.o)
                0x100004dc                __mb_cur_max
 .data          0x100004e0        0x0 d:/nxp/lpcxpresso_8.2.2_650/lpcxpresso/tools/bin/../lib/gcc/arm-none-eabi/5.4.1/../../../../arm-none-eabi/lib/armv7-m\libc.a(lib_a-makebuf.o)
 .data          0x100004e0        0x0 d:/nxp/lpcxpresso_8.2.2_650/lpcxpresso/tools/bin/../lib/gcc/arm-none-eabi/5.4.1/../../../../arm-none-eabi/lib/armv7-m\libc.a(lib_a-memchr-stub.o)
 .data          0x100004e0        0x0 d:/nxp/lpcxpresso_8.2.2_650/lpcxpresso/tools/bin/../lib/gcc/arm-none-eabi/5.4.1/../../../../arm-none-eabi/lib/armv7-m\libc.a(lib_a-mprec.o)
 .data          0x100004e0        0x0 d:/nxp/lpcxpresso_8.2.2_650/lpcxpresso/tools/bin/../lib/gcc/arm-none-eabi/5.4.1/../../../../arm-none-eabi/lib/armv7-m\libc.a(lib_a-stdio.o)
 .data          0x100004e0        0x0 d:/nxp/lpcxpresso_8.2.2_650/lpcxpresso/tools/bin/../lib/gcc/arm-none-eabi/5.4.1/../../../../arm-none-eabi/lib/armv7-m\libc.a(lib_a-strcmp.o)
 .data          0x100004e0        0x0 d:/nxp/lpcxpresso_8.2.2_650/lpcxpresso/tools/bin/../lib/gcc/arm-none-eabi/5.4.1/../../../../arm-none-eabi/lib/armv7-m\libc.a(lib_a-svfiprintf.o)
 .data          0x100004e0        0x0 d:/nxp/lpcxpresso_8.2.2_650/lpcxpresso/tools/bin/../lib/gcc/arm-none-eabi/5.4.1/../../../../arm-none-eabi/lib/armv7-m\libc.a(lib_a-vfiprintf.o)
 .data          0x100004e0        0x0 d:/nxp/lpcxpresso_8.2.2_650/lpcxpresso/tools/bin/../lib/gcc/arm-none-eabi/5.4.1/../../../../arm-none-eabi/lib/armv7-m\libc.a(lib_a-writer.o)
 .data          0x100004e0        0x0 d:/nxp/lpcxpresso_8.2.2_650/lpcxpresso/tools/bin/../lib/gcc/arm-none-eabi/5.4.1/../../../../arm-none-eabi/lib/armv7-m\libc.a(lib_a-closer.o)
 .data          0x100004e0        0x0 d:/nxp/lpcxpresso_8.2.2_650/lpcxpresso/tools/bin/../lib/gcc/arm-none-eabi/5.4.1/../../../../arm-none-eabi/lib/armv7-m\libc.a(lib_a-fclose.o)
 .data          0x100004e0        0x0 d:/nxp/lpcxpresso_8.2.2_650/lpcxpresso/tools/bin/../lib/gcc/arm-none-eabi/5.4.1/../../../../arm-none-eabi/lib/armv7-m\libc.a(lib_a-fputwc.o)
 .data          0x100004e0        0x0 d:/nxp/lpcxpresso_8.2.2_650/lpcxpresso/tools/bin/../lib/gcc/arm-none-eabi/5.4.1/../../../../arm-none-eabi/lib/armv7-m\libc.a(lib_a-fstatr.o)
 .data          0x100004e0        0x0 d:/nxp/lpcxpresso_8.2.2_650/lpcxpresso/tools/bin/../lib/gcc/arm-none-eabi/5.4.1/../../../../arm-none-eabi/lib/armv7-m\libc.a(lib_a-fvwrite.o)
 .data          0x100004e0        0x0 d:/nxp/lpcxpresso_8.2.2_650/lpcxpresso/tools/bin/../lib/gcc/arm-none-eabi/5.4.1/../../../../arm-none-eabi/lib/armv7-m\libc.a(lib_a-isattyr.o)
 .data          0x100004e0        0x0 d:/nxp/lpcxpresso_8.2.2_650/lpcxpresso/tools/bin/../lib/gcc/arm-none-eabi/5.4.1/../../../../arm-none-eabi/lib/armv7-m\libc.a(lib_a-lseekr.o)
 .data          0x100004e0        0x0 d:/nxp/lpcxpresso_8.2.2_650/lpcxpresso/tools/bin/../lib/gcc/arm-none-eabi/5.4.1/../../../../arm-none-eabi/lib/armv7-m\libc.a(lib_a-memmove.o)
 .data          0x100004e0        0x0 d:/nxp/lpcxpresso_8.2.2_650/lpcxpresso/tools/bin/../lib/gcc/arm-none-eabi/5.4.1/../../../../arm-none-eabi/lib/armv7-m\libc.a(lib_a-readr.o)
 .data          0x100004e0        0x0 d:/nxp/lpcxpresso_8.2.2_650/lpcxpresso/tools/bin/../lib/gcc/arm-none-eabi/5.4.1/../../../../arm-none-eabi/lib/armv7-m\libc.a(lib_a-reent.o)
 .data          0x100004e0        0x0 d:/nxp/lpcxpresso_8.2.2_650/lpcxpresso/tools/bin/../lib/gcc/arm-none-eabi/5.4.1/../../../../arm-none-eabi/lib/armv7-m\libc.a(lib_a-wbuf.o)
 .data          0x100004e0        0x0 d:/nxp/lpcxpresso_8.2.2_650/lpcxpresso/tools/bin/../lib/gcc/arm-none-eabi/5.4.1/../../../../arm-none-eabi/lib/armv7-m\libc.a(lib_a-wcrtomb.o)
 .data          0x100004e0        0x0 d:/nxp/lpcxpresso_8.2.2_650/lpcxpresso/tools/bin/../lib/gcc/arm-none-eabi/5.4.1/../../../../arm-none-eabi/lib/armv7-m\libc.a(lib_a-wctomb_r.o)
 .data.__wctomb
                0x100004e0        0x4 d:/nxp/lpcxpresso_8.2.2_650/lpcxpresso/tools/bin/../lib/gcc/arm-none-eabi/5.4.1/../../../../arm-none-eabi/lib/armv7-m\libc.a(lib_a-wctomb_r.o)
                0x100004e0                __wctomb
 .data          0x100004e4        0x0 d:/nxp/lpcxpresso_8.2.2_650/lpcxpresso/tools/bin/../lib/gcc/arm-none-eabi/5.4.1/../../../../arm-none-eabi/lib/armv7-m\libcr_newlib_semihost.a(syscalls.o)
 .data          0x100004e4        0x0 d:/nxp/lpcxpresso_8.2.2_650/lpcxpresso/tools/bin/../lib/gcc/arm-none-eabi/5.4.1/armv7-m\libgcc.a(_arm_muldivdf3.o)
 .data          0x100004e4        0x0 d:/nxp/lpcxpresso_8.2.2_650/lpcxpresso/tools/bin/../lib/gcc/arm-none-eabi/5.4.1/armv7-m\libgcc.a(_arm_cmpdf2.o)
 .data          0x100004e4        0x0 d:/nxp/lpcxpresso_8.2.2_650/lpcxpresso/tools/bin/../lib/gcc/arm-none-eabi/5.4.1/armv7-m\libgcc.a(_arm_unorddf2.o)
 .data          0x100004e4        0x0 d:/nxp/lpcxpresso_8.2.2_650/lpcxpresso/tools/bin/../lib/gcc/arm-none-eabi/5.4.1/armv7-m\libgcc.a(_arm_fixdfsi.o)
 .data          0x100004e4        0x0 d:/nxp/lpcxpresso_8.2.2_650/lpcxpresso/tools/bin/../lib/gcc/arm-none-eabi/5.4.1/armv7-m\libgcc.a(_aeabi_uldivmod.o)
 .data          0x100004e4        0x0 d:/nxp/lpcxpresso_8.2.2_650/lpcxpresso/tools/bin/../lib/gcc/arm-none-eabi/5.4.1/armv7-m\libgcc.a(_udivmoddi4.o)
 .data          0x100004e4        0x0 d:/nxp/lpcxpresso_8.2.2_650/lpcxpresso/tools/bin/../lib/gcc/arm-none-eabi/5.4.1/armv7-m\libgcc.a(_dvmd_tls.o)
 .data          0x100004e4        0x0 d:/nxp/lpcxpresso_8.2.2_650/lpcxpresso/tools/bin/../lib/gcc/arm-none-eabi/5.4.1/../../../../arm-none-eabi/lib/armv7-m\libc.a(lib_a-errno.o)
                0x100004e4                . = ALIGN (0x4)
                0x100004e4                _edata = .

.igot.plt       0x100004e4        0x0 load address 0x0000bb2c
 .igot.plt      0x100004e4        0x0 ./src/pi7/programa_trajetoria/programa_trajetoria.o

.bss_RAM2       0x2007c000        0x0
                [!provide]                PROVIDE (__start_bss_RAM2, .)
 *(.bss.$RAM2*)
 *(.bss.$RamAHB32*)
                0x2007c000                . = ALIGN ((. != 0x0)?0x4:0x1)
                [!provide]                PROVIDE (__end_bss_RAM2, .)

.bss            0x100004e8     0x59bc
                0x100004e8                _bss = .
 *(.bss*)
 .bss           0x100004e8        0x0 ./src/pi7/programa_trajetoria/programa_trajetoria.o
 .bss           0x100004e8        0x0 ./src/pi7/interpretador_comando/interpretador_comando.o
 .bss           0x100004e8        0x0 ./src/pi7/estado_trajetoria/estado_trajetoria.o
 .bss           0x100004e8        0x0 ./src/pi7/controlador_trajetoria/controlador_trajetoria.o
 .bss           0x100004e8        0x0 ./src/pi7/comunicacao_pic/comunicacao_pic.o
 .bss           0x100004e8        0x0 ./src/pi7/comunicacao_pc/modbus.o
 .bss           0x100004e8        0x0 ./src/drivers/uart/uart.o
 .bss.UART1Count
                0x100004e8        0x4 ./src/drivers/uart/uart.o
                0x100004e8                UART1Count
 .bss.UART0Count
                0x100004ec        0x4 ./src/drivers/uart/uart.o
                0x100004ec                UART0Count
 .bss           0x100004f0        0x0 ./src/drivers/pwm/pwm.o
 .bss           0x100004f0        0x0 ./src/drivers/ledonboard/leds.o
 .bss           0x100004f0        0x0 ./src/drivers/console/alloc.o
 .bss           0x100004f0        0x0 ./src/drivers/console/basic_io.o
 .bss.cBuffer   0x100004f0       0x32 ./src/drivers/console/basic_io.o
 .bss           0x10000522        0x0 ./src/drivers/console/consoleprint.o
 .bss           0x10000522        0x0 ./src/cr_startup_lpc17.o
 .bss           0x10000522        0x0 ./src/main.o
 .bss           0x10000522        0x0 ./FreeRTOS_src/croutine.o
 *fill*         0x10000522        0x2 
 .bss.xDelayedCoRoutineList1
                0x10000524       0x14 ./FreeRTOS_src/croutine.o
 .bss.xPassedTicks
                0x10000538        0x4 ./FreeRTOS_src/croutine.o
 .bss.xPendingReadyCoRoutineList
                0x1000053c       0x14 ./FreeRTOS_src/croutine.o
 .bss.pxCurrentCoRoutine
                0x10000550        0x4 ./FreeRTOS_src/croutine.o
                0x10000550                pxCurrentCoRoutine
 .bss.xDelayedCoRoutineList2
                0x10000554       0x14 ./FreeRTOS_src/croutine.o
 .bss.xCoRoutineTickCount
                0x10000568        0x4 ./FreeRTOS_src/croutine.o
 .bss.xLastTickCount
                0x1000056c        0x4 ./FreeRTOS_src/croutine.o
 .bss.pxDelayedCoRoutineList
                0x10000570        0x4 ./FreeRTOS_src/croutine.o
 .bss.pxReadyCoRoutineLists
                0x10000574       0x28 ./FreeRTOS_src/croutine.o
 .bss.uxTopCoRoutineReadyPriority
                0x1000059c        0x4 ./FreeRTOS_src/croutine.o
 .bss.pxOverflowDelayedCoRoutineList
                0x100005a0        0x4 ./FreeRTOS_src/croutine.o
 .bss           0x100005a4        0x0 ./FreeRTOS_src/list.o
 .bss           0x100005a4        0x0 ./FreeRTOS_src/queue.o