Archive member included to satisfy reference by file (symbol)

../Libraries\libCMSISv2_LPC17xx.a(system_LPC17xx.o)
                              ./src/drivers/uart/uart.o (SystemFrequency)
d:/nxp/lpcxpresso_8.2.2_650/lpcxpresso/tools/bin/../lib/gcc/arm-none-eabi/5.4.1/armv7-m\libgcc.a(_arm_addsubdf3.o)
                              ./src/pi7/comunicacao_pic/comunicacao_pic.o (__aeabi_f2d)
d:/nxp/lpcxpresso_8.2.2_650/lpcxpresso/tools/bin/../lib/gcc/arm-none-eabi/5.4.1/armv7-m\libgcc.a(_arm_muldivdf3.o)
                              ./src/pi7/comunicacao_pic/comunicacao_pic.o (__aeabi_dmul)
d:/nxp/lpcxpresso_8.2.2_650/lpcxpresso/tools/bin/../lib/gcc/arm-none-eabi/5.4.1/armv7-m\libgcc.a(_arm_fixdfsi.o)
                              ./src/pi7/comunicacao_pic/comunicacao_pic.o (__aeabi_d2iz)
d:/nxp/lpcxpresso_8.2.2_650/lpcxpresso/tools/bin/../lib/gcc/arm-none-eabi/5.4.1/armv7-m\libgcc.a(_arm_addsubsf3.o)
                              ./src/pi7/controlador_trajetoria/controlador_trajetoria.o (__aeabi_fadd)
d:/nxp/lpcxpresso_8.2.2_650/lpcxpresso/tools/bin/../lib/gcc/arm-none-eabi/5.4.1/armv7-m\libgcc.a(_arm_fixsfsi.o)
                              ./src/pi7/interpretador_comando/interpretador_comando.o (__aeabi_f2iz)
d:/nxp/lpcxpresso_8.2.2_650/lpcxpresso/tools/bin/../lib/gcc/arm-none-eabi/5.4.1/../../../../arm-none-eabi/lib/armv7-m\libc.a(lib_a-memcpy.o)
                              ./src/drivers/console/alloc.o (memcpy)
d:/nxp/lpcxpresso_8.2.2_650/lpcxpresso/tools/bin/../lib/gcc/arm-none-eabi/5.4.1/../../../../arm-none-eabi/lib/armv7-m\libc.a(lib_a-memset.o)
                              ./FreeRTOS_src/tasks.o (memset)
d:/nxp/lpcxpresso_8.2.2_650/lpcxpresso/tools/bin/../lib/gcc/arm-none-eabi/5.4.1/../../../../arm-none-eabi/lib/armv7-m\libc.a(lib_a-printf.o)
                              ./src/pi7/interpretador_comando/interpretador_comando.o (printf)
d:/nxp/lpcxpresso_8.2.2_650/lpcxpresso/tools/bin/../lib/gcc/arm-none-eabi/5.4.1/../../../../arm-none-eabi/lib/armv7-m\libc.a(lib_a-sprintf.o)
                              ./src/drivers/console/basic_io.o (sprintf)
d:/nxp/lpcxpresso_8.2.2_650/lpcxpresso/tools/bin/../lib/gcc/arm-none-eabi/5.4.1/../../../../arm-none-eabi/lib/armv7-m\libc.a(lib_a-strcat.o)
                              ./FreeRTOS_src/tasks.o (strcat)
d:/nxp/lpcxpresso_8.2.2_650/lpcxpresso/tools/bin/../lib/gcc/arm-none-eabi/5.4.1/../../../../arm-none-eabi/lib/armv7-m\libc.a(lib_a-strcpy.o)
                              d:/nxp/lpcxpresso_8.2.2_650/lpcxpresso/tools/bin/../lib/gcc/arm-none-eabi/5.4.1/../../../../arm-none-eabi/lib/armv7-m\libc.a(lib_a-strcat.o) (strcpy)
d:/nxp/lpcxpresso_8.2.2_650/lpcxpresso/tools/bin/../lib/gcc/arm-none-eabi/5.4.1/../../../../arm-none-eabi/lib/armv7-m\libc.a(lib_a-strlen-stub.o)
                              ./src/drivers/console/consoleprint.o (strlen)
d:/nxp/lpcxpresso_8.2.2_650/lpcxpresso/tools/bin/../lib/gcc/arm-none-eabi/5.4.1/../../../../arm-none-eabi/lib/armv7-m\libc.a(lib_a-strncpy.o)
                              ./FreeRTOS_src/tasks.o (strncpy)
d:/nxp/lpcxpresso_8.2.2_650/lpcxpresso/tools/bin/../lib/gcc/arm-none-eabi/5.4.1/../../../../arm-none-eabi/lib/armv7-m\libc.a(lib_a-svfprintf.o)
                              d:/nxp/lpcxpresso_8.2.2_650/lpcxpresso/tools/bin/../lib/gcc/arm-none-eabi/5.4.1/../../../../arm-none-eabi/lib/armv7-m\libc.a(lib_a-sprintf.o) (_svfprintf_r)
d:/nxp/lpcxpresso_8.2.2_650/lpcxpresso/tools/bin/../lib/gcc/arm-none-eabi/5.4.1/../../../../arm-none-eabi/lib/armv7-m\libc.a(lib_a-vfprintf.o)
                              d:/nxp/lpcxpresso_8.2.2_650/lpcxpresso/tools/bin/../lib/gcc/arm-none-eabi/5.4.1/../../../../arm-none-eabi/lib/armv7-m\libc.a(lib_a-printf.o) (_vfprintf_r)
d:/nxp/lpcxpresso_8.2.2_650/lpcxpresso/tools/bin/../lib/gcc/arm-none-eabi/5.4.1/../../../../arm-none-eabi/lib/armv7-m\libc.a(lib_a-wsetup.o)
                              d:/nxp/lpcxpresso_8.2.2_650/lpcxpresso/tools/bin/../lib/gcc/arm-none-eabi/5.4.1/../../../../arm-none-eabi/lib/armv7-m\libc.a(lib_a-vfprintf.o) (__swsetup_r)
d:/nxp/lpcxpresso_8.2.2_650/lpcxpresso/tools/bin/../lib/gcc/arm-none-eabi/5.4.1/../../../../arm-none-eabi/lib/armv7-m\libc.a(lib_a-dtoa.o)
                              d:/nxp/lpcxpresso_8.2.2_650/lpcxpresso/tools/bin/../lib/gcc/arm-none-eabi/5.4.1/../../../../arm-none-eabi/lib/armv7-m\libc.a(lib_a-svfprintf.o) (_dtoa_r)
d:/nxp/lpcxpresso_8.2.2_650/lpcxpresso/tools/bin/../lib/gcc/arm-none-eabi/5.4.1/../../../../arm-none-eabi/lib/armv7-m\libc.a(lib_a-fflush.o)
                              d:/nxp/lpcxpresso_8.2.2_650/lpcxpresso/tools/bin/../lib/gcc/arm-none-eabi/5.4.1/../../../../arm-none-eabi/lib/armv7-m\libc.a(lib_a-vfprintf.o) (_fflush_r)
d:/nxp/lpcxpresso_8.2.2_650/lpcxpresso/tools/bin/../lib/gcc/arm-none-eabi/5.4.1/../../../../arm-none-eabi/lib/armv7-m\libc.a(lib_a-findfp.o)
[...]
Memory Configuration

Name             Origin             Length             Attributes
MFlash512        0x00000000         0x00080000         xr
RamLoc32         0x10000000         0x00008000         xrw
RamAHB32         0x2007c000         0x00008000         xrw
*default*        0x00000000         0xffffffff

Linker script and memory map

LOAD ./src/pi7/programa_trajetoria/programa_trajetoria.o
LOAD ./src/pi7/interpretador_comando/interpretador_comando.o
LOAD ./src/pi7/estado_trajetoria/estado_trajetoria.o
LOAD ./src/pi7/controlador_trajetoria/controlador_trajetoria.o
LOAD ./src/pi7/comunicacao_pic/comunicacao_pic.o
LOAD ./src/pi7/comunicacao_pc/modbus.o
LOAD ./src/drivers/uart/uart.o
LOAD ./src/drivers/spi/spi.o
LOAD ./src/drivers/pwm/pwm.o
LOAD ./src/drivers/ledonboard/leds.o
LOAD ./src/drivers/console/alloc.o
LOAD ./src/drivers/console/basic_io.o
LOAD ./src/drivers/console/consoleprint.o
LOAD ./src/cr_startup_lpc17.o
LOAD ./src/main.o
LOAD ./FreeRTOS_src/croutine.o
LOAD ./FreeRTOS_src/list.o
LOAD ./FreeRTOS_src/queue.o
LOAD ./FreeRTOS_src/tasks.o
LOAD ./FreeRTOS_src/timers.o
LOAD ./FreeRTOS_portable/MemMang/heap_2.o
LOAD ./FreeRTOS_portable/port.o
LOAD ../Libraries\libCMSISv2_LPC17xx.a
START GROUP
LOAD d:/nxp/lpcxpresso_8.2.2_650/lpcxpresso/tools/bin/../lib/gcc/arm-none-eabi/5.4.1/armv7-m\libgcc.a
LOAD d:/nxp/lpcxpresso_8.2.2_650/lpcxpresso/tools/bin/../lib/gcc/arm-none-eabi/5.4.1/../../../../arm-none-eabi/lib/armv7-m\libc.a
LOAD d:/nxp/lpcxpresso_8.2.2_650/lpcxpresso/tools/bin/../lib/gcc/arm-none-eabi/5.4.1/../../../../arm-none-eabi/lib/armv7-m\libm.a
LOAD d:/nxp/lpcxpresso_8.2.2_650/lpcxpresso/tools/bin/../lib/gcc/arm-none-eabi/5.4.1/../../../../arm-none-eabi/lib/armv7-m\libcr_newlib_semihost.a
END GROUP
                0x00000000                __base_MFlash512 = 0x0
                0x00000000                __base_Flash = 0x0
                0x00080000                __top_MFlash512 = 0x80000
                0x00080000                __top_Flash = 0x80000
                0x10000000                __base_RamLoc32 = 0x10000000
                0x10000000                __base_RAM = 0x10000000
                0x10008000                __top_RamLoc32 = 0x10008000
                0x10008000                __top_RAM = 0x10008000
                0x2007c000                __base_RamAHB32 = 0x2007c000
                0x2007c000                __base_RAM2 = 0x2007c000
                0x20084000                __top_RamAHB32 = 0x20084000
                0x20084000                __top_RAM2 = 0x20084000

.text           0x00000000     0xbc00
 FILL mask 0xff
                0x00000000                __vectors_start__ = ABSOLUTE (.)
 *(.isr_vector)
 .isr_vector    0x00000000       0xcc ./src/cr_startup_lpc17.o
                0x00000000                g_pfnVectors
                0x000000cc                . = ALIGN (0x4)
                0x000000cc                __section_table_start = .
                0x000000cc                __data_section_table = .
                0x000000cc        0x4 LONG 0xbc08 LOADADDR (.data)
                0x000000d0        0x4 LONG 0x10000000 ADDR (.data)
                0x000000d4        0x4 LONG 0x4ec SIZEOF (.data)
                0x000000d8        0x4 LONG 0xbc08 LOADADDR (.data_RAM2)
                0x000000dc        0x4 LONG 0x2007c000 ADDR (.data_RAM2)
                0x000000e0        0x4 LONG 0x0 SIZEOF (.data_RAM2)
                0x000000e4                __data_section_table_end = .
                0x000000e4                __bss_section_table = .
                0x000000e4        0x4 LONG 0x100004f0 ADDR (.bss)
                0x000000e8        0x4 LONG 0x59b8 SIZEOF (.bss)
                0x000000ec        0x4 LONG 0x2007c000 ADDR (.bss_RAM2)
                0x000000f0        0x4 LONG 0x0 SIZEOF (.bss_RAM2)
                0x000000f4                __bss_section_table_end = .
                0x000000f4                __section_table_end = .
 *(.after_vectors*)
 *(.text*)
 .text          0x000000f4        0x0 ./src/pi7/programa_trajetoria/programa_trajetoria.o
 .text.ptj_storeProgram
                0x000000f4        0x2 ./src/pi7/programa_trajetoria/programa_trajetoria.o
                0x000000f4                ptj_storeProgram
 *fill*         0x000000f6        0x2 ff
 .text.ptj_getLine
                0x000000f8       0x1c ./src/pi7/programa_trajetoria/programa_trajetoria.o
                0x000000f8                ptj_getLine
 .text.ptj_init
                0x00000114       0x1c ./src/pi7/programa_trajetoria/programa_trajetoria.o
                0x00000114                ptj_init
 .text          0x00000130        0x0 ./src/pi7/interpretador_comando/interpretador_comando.o
 .text.setAUX   0x00000130        0xc ./src/pi7/interpretador_comando/interpretador_comando.o
                0x00000130                setAUX
 .text.getAUX   0x0000013c        0xc ./src/pi7/interpretador_comando/interpretador_comando.o
                0x0000013c                getAUX
 .text.ctl_ReadRegister
                0x00000148       0x44 ./src/pi7/interpretador_comando/interpretador_comando.o
                0x00000148                ctl_ReadRegister
 .text.ctl_WriteRegister
                0x0000018c       0xa4 ./src/pi7/interpretador_comando/interpretador_comando.o
                0x0000018c                ctl_WriteRegister
 .text.ctl_WriteProgram
                0x00000230        0x4 ./src/pi7/interpretador_comando/interpretador_comando.o
                0x00000230                ctl_WriteProgram
 .text.ctl_init
                0x00000234        0x2 ./src/pi7/interpretador_comando/interpretador_comando.o
                0x00000234                ctl_init
 .text          0x00000236        0x0 ./src/pi7/estado_trajetoria/estado_trajetoria.o
 *fill*         0x00000236        0x2 ff
 .text.stt_getCurrentLine
                0x00000238        0xc ./src/pi7/estado_trajetoria/estado_trajetoria.o
                0x00000238                stt_getCurrentLine
 .text.stt_setCurrentLine
                0x00000244        0xc ./src/pi7/estado_trajetoria/estado_trajetoria.o
                0x00000244                stt_setCurrentLine
 .text.stt_getX
                0x00000250        0xc ./src/pi7/estado_trajetoria/estado_trajetoria.o
                0x00000250                stt_getX
 .text.stt_getY
                0x0000025c        0xc ./src/pi7/estado_trajetoria/estado_trajetoria.o
                0x0000025c                stt_getY
 .text.stt_getZ
                0x00000268        0xc ./src/pi7/estado_trajetoria/estado_trajetoria.o
                0x00000268                stt_getZ
 .text.stt_setX
                0x00000274        0xc ./src/pi7/estado_trajetoria/estado_trajetoria.o
                0x00000274                stt_setX
 .text.stt_setY
                0x00000280        0xc ./src/pi7/estado_trajetoria/estado_trajetoria.o
                0x00000280                stt_setY
 .text.stt_setZ
                0x0000028c        0xc ./src/pi7/estado_trajetoria/estado_trajetoria.o
                0x0000028c                stt_setZ
 .text.stt_init
                0x00000298        0x2 ./src/pi7/estado_trajetoria/estado_trajetoria.o
                0x00000298                stt_init
 .text          0x0000029a        0x0 ./src/pi7/controlador_trajetoria/controlador_trajetoria.o
 *fill*         0x0000029a        0x2 ff
 .text.trj_generateSetpoint
                0x0000029c       0x54 ./src/pi7/controlador_trajetoria/controlador_trajetoria.o
                0x0000029c                trj_generateSetpoint
 .text.trj_processCommand
                0x000002f0       0xa4 ./src/pi7/controlador_trajetoria/controlador_trajetoria.o
                0x000002f0                trj_processCommand
 .text.trj_init
                0x00000394        0xc ./src/pi7/controlador_trajetoria/controlador_trajetoria.o
                0x00000394                trj_init
 .text          0x000003a0        0x0 ./src/pi7/comunicacao_pic/comunicacao_pic.o
 .text.pic_init
                0x000003a0        0x4 ./src/pi7/comunicacao_pic/comunicacao_pic.o
                0x000003a0                pic_init
 .text.xSend    0x000003a4       0x24 ./src/pi7/comunicacao_pic/comunicacao_pic.o
                0x000003a4                xSend
 .text.ySend    0x000003c8       0x24 ./src/pi7/comunicacao_pic/comunicacao_pic.o
                0x000003c8                ySend
 .text.pic_StopMotors
                0x000003ec       0x1e ./src/pi7/comunicacao_pic/comunicacao_pic.o
                0x000003ec                pic_StopMotors
 *fill*         0x0000040a        0x6 ff
 .text.pic_sendToPIC
                0x00000410       0x8c ./src/pi7/comunicacao_pic/comunicacao_pic.o
                0x00000410                pic_sendToPIC
 .text          0x0000049c        0x0 ./src/pi7/comunicacao_pc/modbus.o
 .text.decode   0x0000049c       0x20 ./src/pi7/comunicacao_pc/modbus.o
                0x0000049c                decode
 .text.encodeLow
                0x000004bc        0xe ./src/pi7/comunicacao_pc/modbus.o
                0x000004bc                encodeLow
 .text.encodeHigh
                0x000004ca        0xc ./src/pi7/comunicacao_pc/modbus.o
                0x000004ca                encodeHigh
 *fill*         0x000004d6        0x2 ff
 .text.putCharToSerial
                0x000004d8       0x30 ./src/pi7/comunicacao_pc/modbus.o
                0x000004d8                putCharToSerial
 .text.getCharFromSerial
                0x00000508       0x34 ./src/pi7/comunicacao_pc/modbus.o
                0x00000508                getCharFromSerial
 .text.myLRC    0x0000053c       0x1c ./src/pi7/comunicacao_pc/modbus.o
                0x0000053c                myLRC
 .text.calculateLRC
                0x00000558        0x4 ./src/pi7/comunicacao_pc/modbus.o
                0x00000558                calculateLRC
 .text.checkLRC
                0x0000055c       0x50 ./src/pi7/comunicacao_pc/modbus.o
                0x0000055c                checkLRC
 .text.processReadRegister
                0x000005ac       0x78 ./src/pi7/comunicacao_pc/modbus.o
                0x000005ac                processReadRegister
 .text.processWriteRegister
                0x00000624       0x98 ./src/pi7/comunicacao_pc/modbus.o
                0x00000624                processWriteRegister
 .text.processWriteFile
                0x000006bc        0x2 ./src/pi7/comunicacao_pc/modbus.o
                0x000006bc                processWriteFile
 *fill*         0x000006be        0x2 ff
 .text.decodeFunctionCode
                0x000006c0       0x14 ./src/pi7/comunicacao_pc/modbus.o
                0x000006c0                decodeFunctionCode
 .text.processMessage
                0x000006d4       0x2c ./src/pi7/comunicacao_pc/modbus.o
                0x000006d4                processMessage
 .text.receiveMessage
                0x00000700       0x70 ./src/pi7/comunicacao_pc/modbus.o
                0x00000700                receiveMessage
 .text.com_init
                0x00000770       0x1c ./src/pi7/comunicacao_pc/modbus.o
                0x00000770                com_init
 .text.com_executeCommunication
                0x0000078c       0x1c ./src/pi7/comunicacao_pc/modbus.o
                0x0000078c                com_executeCommunication
 .text          0x000007a8        0x0 ./src/drivers/uart/uart.o
 .text.UARTGetChar
                0x000007a8       0x3c ./src/drivers/uart/uart.o
                0x000007a8                UARTGetChar
 .text.UART0_IRQHandler
                0x000007e4       0xb8 ./src/drivers/uart/uart.o
                0x000007e4                UART0_IRQHandler
 .text.UART1_IRQHandler
                0x0000089c       0xb8 ./src/drivers/uart/uart.o
                0x0000089c                UART1_IRQHandler
 .text.UARTInit
                0x00000954      0x104 ./src/drivers/uart/uart.o
                0x00000954                UARTInit
 .text.UARTSend
                0x00000a58       0x50 ./src/drivers/uart/uart.o
                0x00000a58                UARTSend
 .text.UARTSendNullTerminated
                0x00000aa8       0x50 ./src/drivers/uart/uart.o
                0x00000aa8                UARTSendNullTerminated
 .text          0x00000af8        0x0 ./src/drivers/spi/spi.o
 .text.spi_init
                0x00000af8       0x94 ./src/drivers/spi/spi.o
                0x00000af8                spi_init
 .text.spi_txrx
                0x00000b8c       0x40 ./src/drivers/spi/spi.o
                0x00000b8c                spi_txrx
 .text.spi_select
                0x00000bcc       0x30 ./src/drivers/spi/spi.o
                0x00000bcc                spi_select
 .text.spi_txrx2
                0x00000bfc       0x2c ./src/drivers/spi/spi.o
                0x00000bfc                spi_txrx2
 .text          0x00000c28        0x0 ./src/drivers/pwm/pwm.o
 .text.PWM1_IRQHandler
                0x00000c28       0x20 ./src/drivers/pwm/pwm.o
                0x00000c28                PWM1_IRQHandler
 .text.PWM_Init
                0x00000c48       0x70 ./src/drivers/pwm/pwm.o
                0x00000c48                PWM_Init
 .text.PWM_Set  0x00000cb8       0x1c ./src/drivers/pwm/pwm.o
                0x00000cb8                PWM_Set
 .text.PWM_Start
                0x00000cd4       0x18 ./src/drivers/pwm/pwm.o
                0x00000cd4                PWM_Start
 .text.PWM_Stop
                0x00000cec       0x14 ./src/drivers/pwm/pwm.o
                0x00000cec                PWM_Stop
 .text          0x00000d00        0x0 ./src/drivers/ledonboard/leds.o
 .text.led2_init
                0x00000d00       0x20 ./src/drivers/ledonboard/leds.o
                0x00000d00                led2_init
 .text.led2_on  0x00000d20       0x10 ./src/drivers/ledonboard/leds.o
                0x00000d20                led2_on
 .text.led2_off
                0x00000d30       0x10 ./src/drivers/ledonboard/leds.o
                0x00000d30                led2_off
 .text.led2_invert
                0x00000d40       0x18 ./src/drivers/ledonboard/leds.o
                0x00000d40                led2_invert
 .text.led2_from_button
                0x00000d58       0x1c ./src/drivers/ledonboard/leds.o
                0x00000d58                led2_from_button
 .text          0x00000d74        0x0 ./src/drivers/console/alloc.o
 .text._realloc_r
                0x00000d74       0x2a ./src/drivers/console/alloc.o
                0x00000d74                _realloc_r
 .text._calloc_r
                0x00000d9e        0x8 ./src/drivers/console/alloc.o
                0x00000d9e                _calloc_r
 .text._malloc_r
                0x00000da6        0x6 ./src/drivers/console/alloc.o
                0x00000da6                _malloc_r
 .text._free_r  0x00000dac        0x6 ./src/drivers/console/alloc.o
                0x00000dac                _free_r
 .text          0x00000db2        0x0 ./src/drivers/console/basic_io.o
 *fill*         0x00000db2        0x2 ff
 .text.vPrintString
                0x00000db4       0x20 ./src/drivers/console/basic_io.o
                0x00000db4                vPrintString
 .text.vPrintStringAndNumber
                0x00000dd4       0x30 ./src/drivers/console/basic_io.o
                0x00000dd4                vPrintStringAndNumber
 .text          0x00000e04        0x0 ./src/drivers/console/consoleprint.o
 .text.consoleprint
                0x00000e04       0x16 ./src/drivers/console/consoleprint.o
                0x00000e04                consoleprint
 .text          0x00000e1a        0x0 ./src/cr_startup_lpc17.o
 .text.NMI_Handler
                0x00000e1a        0x2 ./src/cr_startup_lpc17.o
                0x00000e1a                NMI_Handler
 .text.HardFault_Handler
                0x00000e1c        0x2 ./src/cr_startup_lpc17.o
                0x00000e1c                HardFault_Handler
 .text.MemManage_Handler
                0x00000e1e        0x2 ./src/cr_startup_lpc17.o
                0x00000e1e                MemManage_Handler
 .text.BusFault_Handler
                0x00000e20        0x2 ./src/cr_startup_lpc17.o
                0x00000e20                BusFault_Handler
 .text.UsageFault_Handler
                0x00000e22        0x2 ./src/cr_startup_lpc17.o
                0x00000e22                UsageFault_Handler
 .text.DebugMon_Handler
                0x00000e24        0x2 ./src/cr_startup_lpc17.o
                0x00000e24                DebugMon_Handler
 .text.IntDefaultHandler
                0x00000e26        0x2 ./src/cr_startup_lpc17.o
                0x00000e26                TIMER2_IRQHandler
                0x00000e26                RIT_IRQHandler
                0x00000e26                I2C0_IRQHandler
                0x00000e26                USBActivity_IRQHandler
                0x00000e26                I2C1_IRQHandler
                0x00000e26                EINT2_IRQHandler
                0x00000e26                EINT3_IRQHandler
                0x00000e26                CANActivity_IRQHandler
                0x00000e26                TIMER3_IRQHandler
                0x00000e26                IntDefaultHandler
                0x00000e26                PLL0_IRQHandler
                0x00000e26                CAN_IRQHandler
                0x00000e26                PLL1_IRQHandler
                0x00000e26                SSP0_IRQHandler
                0x00000e26                I2S_IRQHandler
                0x00000e26                I2C2_IRQHandler
                0x00000e26                RTC_IRQHandler
                0x00000e26                TIMER0_IRQHandler
                0x00000e26                SPI_IRQHandler
                0x00000e26                EINT1_IRQHandler
                0x00000e26                TIMER1_IRQHandler
                0x00000e26                UART2_IRQHandler
                0x00000e26                ADC_IRQHandler
                0x00000e26                SSP1_IRQHandler
                0x00000e26                USB_IRQHandler
                0x00000e26                BOD_IRQHandler
                0x00000e26                WDT_IRQHandler
                0x00000e26                QEI_IRQHandler
                0x00000e26                EINT0_IRQHandler
                0x00000e26                DMA_IRQHandler
                0x00000e26                UART3_IRQHandler
                0x00000e26                MCPWM_IRQHandler
                0x00000e26                ENET_IRQHandler
 .text.ResetISR
                0x00000e28       0x48 ./src/cr_startup_lpc17.o
                0x00000e28                ResetISR
 .text          0x00000e70        0x0 ./src/main.o
 .text.taskController
                0x00000e70       0x14 ./src/main.o
                0x00000e70                taskController
 .text.taskBlinkLed
                0x00000e84       0x3c ./src/main.o
                0x00000e84                taskBlinkLed
 .text.__error__
                0x00000ec0        0x2 ./src/main.o
                0x00000ec0                __error__
 *fill*         0x00000ec2        0x2 ff
 .text.taskNCProcessing
                0x00000ec4       0x44 ./src/main.o
                0x00000ec4                taskNCProcessing
 .text.taskCommPIC
                0x00000f08       0x24 ./src/main.o
                0x00000f08                taskCommPIC
 .text.readEndStops
                0x00000f2c       0x18 ./src/main.o
                0x00000f2c                readEndStops
 .text.taskEmergencyController
                0x00000f44       0x14 ./src/main.o
                0x00000f44                taskEmergencyController
 .text.startup.main
                0x00000f58       0xc0 ./src/main.o
                0x00000f58                main
 .text          0x00001018        0x0 ./FreeRTOS_src/croutine.o
 .text.xCoRoutineCreate
                0x00001018       0xc4 ./FreeRTOS_src/croutine.o
                0x00001018                xCoRoutineCreate
 .text.vCoRoutineAddToDelayedList
                0x000010dc       0x4c ./FreeRTOS_src/croutine.o
                0x000010dc                vCoRoutineAddToDelayedList
 .text.vCoRoutineSchedule
                0x00001128      0x164 ./FreeRTOS_src/croutine.o
                0x00001128                vCoRoutineSchedule
 .text.xCoRoutineRemoveFromEventList
                0x0000128c       0x34 ./FreeRTOS_src/croutine.o
                0x0000128c                xCoRoutineRemoveFromEventList
 .text          0x000012c0        0x0 ./FreeRTOS_src/list.o
 .text.vListInitialise
                0x000012c0       0x16 ./FreeRTOS_src/list.o
                0x000012c0                vListInitialise
 .text.vListInitialiseItem
                0x000012d6        0x6 ./FreeRTOS_src/list.o
                0x000012d6                vListInitialiseItem
 .text.vListInsertEnd
                0x000012dc       0x1a ./FreeRTOS_src/list.o
                0x000012dc                vListInsertEnd
 .text.vListInsert
                0x000012f6       0x30 ./FreeRTOS_src/list.o
                0x000012f6                vListInsert
 .text.vListRemove
                0x00001326       0x20 ./FreeRTOS_src/list.o
                0x00001326                vListRemove
 .text          0x00001346        0x0 ./FreeRTOS_src/queue.o
 .text.prvCopyDataToQueue
                0x00001346       0x58 ./FreeRTOS_src/queue.o
 .text.prvCopyDataFromQueue
                0x0000139e       0x26 ./FreeRTOS_src/queue.o
 .text.prvUnlockQueue
                0x000013c4       0x68 ./FreeRTOS_src/queue.o
 .text.xQueueCreate
                0x0000142c       0x68 ./FreeRTOS_src/queue.o
                0x0000142c                xQueueCreate
 .text.xQueueGenericSend
                0x00001494       0xd0 ./FreeRTOS_src/queue.o
                0x00001494                xQueueGenericSend
 .text.xQueueCreateMutex
                0x00001564       0x44 ./FreeRTOS_src/queue.o
                0x00001564                xQueueCreateMutex
 .text.xQueueGiveMutexRecursive
                0x000015a8       0x2a ./FreeRTOS_src/queue.o
                0x000015a8                xQueueGiveMutexRecursive
 .text.xQueueGenericSendFromISR
                0x000015d2       0x4e ./FreeRTOS_src/queue.o
                0x000015d2                xQueueGenericSendFromISR
 .text.xQueueGenericReceive
                0x00001620      0x104 ./FreeRTOS_src/queue.o
                0x00001620                xQueueGenericReceive
 .text.xQueueTakeMutexRecursive
                0x00001724       0x32 ./FreeRTOS_src/queue.o
                0x00001724                xQueueTakeMutexRecursive
 .text.xQueueReceiveFromISR
                0x00001756       0x4a ./FreeRTOS_src/queue.o
                0x00001756                xQueueReceiveFromISR
 .text.uxQueueMessagesWaiting
                0x000017a0       0x12 ./FreeRTOS_src/queue.o
                0x000017a0                uxQueueMessagesWaiting
 .text.uxQueueMessagesWaitingFromISR
                0x000017b2        0x4 ./FreeRTOS_src/queue.o
                0x000017b2                uxQueueMessagesWaitingFromISR
 *fill*         0x000017b6        0x2 ff
 .text.vQueueDelete
                0x000017b8       0x38 ./FreeRTOS_src/queue.o
                0x000017b8                vQueueDelete
 .text.xQueueIsQueueEmptyFromISR
                0x000017f0        0xa ./FreeRTOS_src/queue.o
                0x000017f0                xQueueIsQueueEmptyFromISR
 .text.xQueueIsQueueFullFromISR
                0x000017fa        0xc ./FreeRTOS_src/queue.o
                0x000017fa                xQueueIsQueueFullFromISR
 *fill*         0x00001806        0x2 ff
 .text.vQueueAddToRegistry
                0x00001808       0x28 ./FreeRTOS_src/queue.o
                0x00001808                vQueueAddToRegistry
 .text          0x00001830        0x0 ./FreeRTOS_src/tasks.o
 .text.prvAddCurrentTaskToDelayedList
                0x00001830       0x50 ./FreeRTOS_src/tasks.o
 .text.prvListTaskWithinSingleList
                0x00001880       0x78 ./FreeRTOS_src/tasks.o
 .text.xTaskGenericCreate
                0x000018f8      0x194 ./FreeRTOS_src/tasks.o
                0x000018f8                xTaskGenericCreate
 .text.vTaskDelete
                0x00001a8c       0x70 ./FreeRTOS_src/tasks.o
                0x00001a8c                vTaskDelete
 .text.uxTaskPriorityGet
                0x00001afc       0x1c ./FreeRTOS_src/tasks.o
                0x00001afc                uxTaskPriorityGet
 .text.vTaskPrioritySet
                0x00001b18       0x94 ./FreeRTOS_src/tasks.o
                0x00001b18                vTaskPrioritySet
 .text.xTaskIsTaskSuspended
                0x00001bac       0x24 ./FreeRTOS_src/tasks.o
                0x00001bac                xTaskIsTaskSuspended
 .text.vTaskResume
                0x00001bd0       0x64 ./FreeRTOS_src/tasks.o
                0x00001bd0                vTaskResume
 .text.xTaskResumeFromISR
                0x00001c34       0x6c ./FreeRTOS_src/tasks.o
                0x00001c34                xTaskResumeFromISR
 .text.vTaskStartScheduler
                0x00001ca0       0x4c ./FreeRTOS_src/tasks.o
                0x00001ca0                vTaskStartScheduler
 .text.vTaskEndScheduler
                0x00001cec       0x18 ./FreeRTOS_src/tasks.o
                0x00001cec                vTaskEndScheduler
 .text.vTaskSuspendAll
                0x00001d04       0x10 ./FreeRTOS_src/tasks.o
                0x00001d04                vTaskSuspendAll
 .text.xTaskGetTickCount
                0x00001d14       0x18 ./FreeRTOS_src/tasks.o
                0x00001d14                xTaskGetTickCount
 .text.xTaskGetTickCountFromISR
                0x00001d2c       0x1c ./FreeRTOS_src/tasks.o
                0x00001d2c                xTaskGetTickCountFromISR
 .text.uxTaskGetNumberOfTasks
                0x00001d48        0xc ./FreeRTOS_src/tasks.o
                0x00001d48                uxTaskGetNumberOfTasks
 .text.vTaskStartTrace
                0x00001d54       0x38 ./FreeRTOS_src/tasks.o
                0x00001d54                vTaskStartTrace
 .text.ulTaskEndTrace
                0x00001d8c       0x28 ./FreeRTOS_src/tasks.o
                0x00001d8c                ulTaskEndTrace
 .text.vTaskIncrementTick
                0x00001db4       0xe0 ./FreeRTOS_src/tasks.o
                0x00001db4                vTaskIncrementTick
 .text.xTaskResumeAll
                0x00001e94       0xc8 ./FreeRTOS_src/tasks.o
                0x00001e94                xTaskResumeAll
 .text.vTaskDelayUntil
                0x00001f5c       0x5c ./FreeRTOS_src/tasks.o
                0x00001f5c                vTaskDelayUntil
 .text.vTaskDelay
                0x00001fb8       0x38 ./FreeRTOS_src/tasks.o
                0x00001fb8                vTaskDelay
 .text.prvIdleTask
                0x00001ff0       0x60 ./FreeRTOS_src/tasks.o
 .text.vTaskList
                0x00002050       0xa8 ./FreeRTOS_src/tasks.o
                0x00002050                vTaskList
 .text.vTaskSwitchContext
                0x000020f8       0xc4 ./FreeRTOS_src/tasks.o
                0x000020f8                vTaskSwitchContext
 .text.vTaskSuspend
                0x000021bc       0x74 ./FreeRTOS_src/tasks.o
                0x000021bc                vTaskSuspend
 .text.vTaskPlaceOnEventList
                0x00002230       0x44 ./FreeRTOS_src/tasks.o
                0x00002230                vTaskPlaceOnEventList
 .text.xTaskRemoveFromEventList
                0x00002274       0x64 ./FreeRTOS_src/tasks.o
                0x00002274                xTaskRemoveFromEventList
 .text.vTaskSetTimeOutState
                0x000022d8       0x18 ./FreeRTOS_src/tasks.o
                0x000022d8                vTaskSetTimeOutState
 .text.xTaskCheckForTimeOut
                0x000022f0       0x54 ./FreeRTOS_src/tasks.o
                0x000022f0                xTaskCheckForTimeOut
 .text.vTaskMissedYield
                0x00002344        0xc ./FreeRTOS_src/tasks.o
                0x00002344                vTaskMissedYield
 .text.uxTaskGetStackHighWaterMark
                0x00002350       0x20 ./FreeRTOS_src/tasks.o
                0x00002350                uxTaskGetStackHighWaterMark
 .text.xTaskGetCurrentTaskHandle
                0x00002370        0xc ./FreeRTOS_src/tasks.o
                0x00002370                xTaskGetCurrentTaskHandle
 .text.vTaskPriorityInherit
                0x0000237c       0x68 ./FreeRTOS_src/tasks.o
                0x0000237c                vTaskPriorityInherit
 .text.vTaskPriorityDisinherit
                0x000023e4       0x48 ./FreeRTOS_src/tasks.o
                0x000023e4                vTaskPriorityDisinherit
 .text          0x0000242c        0x0 ./FreeRTOS_src/timers.o
 .text          0x0000242c        0x0 ./FreeRTOS_portable/MemMang/heap_2.o
 .text.pvPortMalloc
                0x0000242c       0xb4 ./FreeRTOS_portable/MemMang/heap_2.o
                0x0000242c                pvPortMalloc
 .text.vPortFree
                0x000024e0       0x40 ./FreeRTOS_portable/MemMang/heap_2.o
                0x000024e0                vPortFree
 .text.xPortGetFreeHeapSize
                0x00002520        0xc ./FreeRTOS_portable/MemMang/heap_2.o
                0x00002520                xPortGetFreeHeapSize
 .text.vPortInitialiseBlocks
                0x0000252c        0x2 ./FreeRTOS_portable/MemMang/heap_2.o
                0x0000252c                vPortInitialiseBlocks
 .text          0x0000252e        0x0 ./FreeRTOS_portable/port.o
 .text.pxPortInitialiseStack
                0x0000252e       0x16 ./FreeRTOS_portable/port.o
                0x0000252e                pxPortInitialiseStack
 .text.vPortSVCHandler
                0x00002544       0x20 ./FreeRTOS_portable/port.o
                0x00002544                vPortSVCHandler
 .text.vPortStartFirstTask
                0x00002564       0x14 ./FreeRTOS_portable/port.o
                0x00002564                vPortStartFirstTask
 .text.xPortStartScheduler
                0x00002578       0x40 ./FreeRTOS_portable/port.o
                0x00002578                xPortStartScheduler
 .text.vPortEndScheduler
                0x000025b8        0x2 ./FreeRTOS_portable/port.o
                0x000025b8                vPortEndScheduler
 *fill*         0x000025ba        0x2 ff
 .text.vPortYieldFromISR
                0x000025bc       0x10 ./FreeRTOS_portable/port.o
                0x000025bc                vPortYieldFromISR
 .text.vPortEnterCritical
                0x000025cc       0x18 ./FreeRTOS_portable/port.o
                0x000025cc                vPortEnterCritical
 .text.vPortExitCritical
                0x000025e4       0x18 ./FreeRTOS_portable/port.o
                0x000025e4                vPortExitCritical
 .text.xPortPendSVHandler
                0x000025fc       0x3c ./FreeRTOS_portable/port.o
                0x000025fc                xPortPendSVHandler
 .text.xPortSysTickHandler
                0x00002638       0x24 ./FreeRTOS_portable/port.o
                0x00002638                xPortSysTickHandler
 .text          0x0000265c        0x0 ../Libraries\libCMSISv2_LPC17xx.a(system_LPC17xx.o)
 .text.SystemInit
                0x0000265c      0x1e4 ../Libraries\libCMSISv2_LPC17xx.a(system_LPC17xx.o)
                0x0000265c                SystemInit
 .text.SystemClockUpdate
                0x00002840      0x224 ../Libraries\libCMSISv2_LPC17xx.a(system_LPC17xx.o)
                0x00002840                SystemClockUpdate
 .text          0x00002a64      0x370 d:/nxp/lpcxpresso_8.2.2_650/lpcxpresso/tools/bin/../lib/gcc/arm-none-eabi/5.4.1/armv7-m\libgcc.a(_arm_addsubdf3.o)
                0x00002a64                __aeabi_drsub
                0x00002a6c                __aeabi_dsub
                0x00002a6c                __subdf3
                0x00002a70                __aeabi_dadd
                0x00002a70                __adddf3
                0x00002ce8                __floatunsidf
                0x00002ce8                __aeabi_ui2d
                0x00002d08                __floatsidf
                0x00002d08                __aeabi_i2d
                0x00002d2c                __aeabi_f2d
                0x00002d2c                __extendsfdf2
                0x00002d68                __floatundidf
                0x00002d68                __aeabi_ul2d
                0x00002d78                __floatdidf
                0x00002d78                __aeabi_l2d
 .text          0x00002dd4      0x424 d:/nxp/lpcxpresso_8.2.2_650/lpcxpresso/tools/bin/../lib/gcc/arm-none-eabi/5.4.1/armv7-m\libgcc.a(_arm_muldivdf3.o)
                0x00002dd4                __aeabi_dmul
                0x00002dd4                __muldf3
                0x00003028                __divdf3
                0x00003028                __aeabi_ddiv
 .text          0x000031f8       0x50 d:/nxp/lpcxpresso_8.2.2_650/lpcxpresso/tools/bin/../lib/gcc/arm-none-eabi/5.4.1/armv7-m\libgcc.a(_arm_fixdfsi.o)
                0x000031f8                __aeabi_d2iz
                0x000031f8                __fixdfsi
 .text          0x00003248      0x21c d:/nxp/lpcxpresso_8.2.2_650/lpcxpresso/tools/bin/../lib/gcc/arm-none-eabi/5.4.1/armv7-m\libgcc.a(_arm_addsubsf3.o)
                0x00003248                __aeabi_frsub
                0x00003250                __subsf3
                0x00003250                __aeabi_fsub
                0x00003254                __aeabi_fadd
                0x00003254                __addsf3
                0x000033b4                __aeabi_ui2f
                0x000033b4                __floatunsisf
                0x000033bc                __aeabi_i2f
                0x000033bc                __floatsisf
                0x000033d8                __aeabi_ul2f
                0x000033d8                __floatundisf
                0x000033e8                __aeabi_l2f
                0x000033e8                __floatdisf
 .text          0x00003464       0x4c d:/nxp/lpcxpresso_8.2.2_650/lpcxpresso/tools/bin/../lib/gcc/arm-none-eabi/5.4.1/armv7-m\libgcc.a(_arm_fixsfsi.o)
                0x00003464                __aeabi_f2iz
                0x00003464                __fixsfsi
 .text          0x000034b0       0xec d:/nxp/lpcxpresso_8.2.2_650/lpcxpresso/tools/bin/../lib/gcc/arm-none-eabi/5.4.1/../../../../arm-none-eabi/lib/armv7-m\libc.a(lib_a-memcpy.o)
                0x000034b0                memcpy
 .text          0x0000359c        0x0 d:/nxp/lpcxpresso_8.2.2_650/lpcxpresso/tools/bin/../lib/gcc/arm-none-eabi/5.4.1/../../../../arm-none-eabi/lib/armv7-m\libc.a(lib_a-memset.o)
 .text.memset   0x0000359c       0x9c d:/nxp/lpcxpresso_8.2.2_650/lpcxpresso/tools/bin/../lib/gcc/arm-none-eabi/5.4.1/../../../../arm-none-eabi/lib/armv7-m\libc.a(lib_a-memset.o)
                0x0000359c                memset
 .text          0x00003638        0x0 d:/nxp/lpcxpresso_8.2.2_650/lpcxpresso/tools/bin/../lib/gcc/arm-none-eabi/5.4.1/../../../../arm-none-eabi/lib/armv7-m\libc.a(lib_a-printf.o)
 .text._printf_r
                0x00003638       0x20 d:/nxp/lpcxpresso_8.2.2_650/lpcxpresso/tools/bin/../lib/gcc/arm-none-eabi/5.4.1/../../../../arm-none-eabi/lib/armv7-m\libc.a(lib_a-printf.o)
                0x00003638                _printf_r
 .text.printf   0x00003658       0x28 d:/nxp/lpcxpresso_8.2.2_650/lpcxpresso/tools/bin/../lib/gcc/arm-none-eabi/5.4.1/../../../../arm-none-eabi/lib/armv7-m\libc.a(lib_a-printf.o)
                0x00003658                printf
 .text          0x00003680        0x0 d:/nxp/lpcxpresso_8.2.2_650/lpcxpresso/tools/bin/../lib/gcc/arm-none-eabi/5.4.1/../../../../arm-none-eabi/lib/armv7-m\libc.a(lib_a-sprintf.o)
 .text._sprintf_r
                0x00003680       0x44 d:/nxp/lpcxpresso_8.2.2_650/lpcxpresso/tools/bin/../lib/gcc/arm-none-eabi/5.4.1/../../../../arm-none-eabi/lib/armv7-m\libc.a(lib_a-sprintf.o)
                0x00003680                _sprintf_r
 .text.sprintf  0x000036c4       0x4c d:/nxp/lpcxpresso_8.2.2_650/lpcxpresso/tools/bin/../lib/gcc/arm-none-eabi/5.4.1/../../../../arm-none-eabi/lib/armv7-m\libc.a(lib_a-sprintf.o)
                0x000036c4                sprintf
 .text          0x00003710        0x0 d:/nxp/lpcxpresso_8.2.2_650/lpcxpresso/tools/bin/../lib/gcc/arm-none-eabi/5.4.1/../../../../arm-none-eabi/lib/armv7-m\libc.a(lib_a-strcat.o)
 .text.strcat   0x00003710       0x40 d:/nxp/lpcxpresso_8.2.2_650/lpcxpresso/tools/bin/../lib/gcc/arm-none-eabi/5.4.1/../../../../arm-none-eabi/lib/armv7-m\libc.a(lib_a-strcat.o)
                0x00003710                strcat
 .text          0x00003750        0x0 d:/nxp/lpcxpresso_8.2.2_650/lpcxpresso/tools/bin/../lib/gcc/arm-none-eabi/5.4.1/../../../../arm-none-eabi/lib/armv7-m\libc.a(lib_a-strcpy.o)
 .text.strcpy   0x00003750       0xbc d:/nxp/lpcxpresso_8.2.2_650/lpcxpresso/tools/bin/../lib/gcc/arm-none-eabi/5.4.1/../../../../arm-none-eabi/lib/armv7-m\libc.a(lib_a-strcpy.o)
                0x00003750                strcpy
 .text          0x0000380c        0x0 d:/nxp/lpcxpresso_8.2.2_650/lpcxpresso/tools/bin/../lib/gcc/arm-none-eabi/5.4.1/../../../../arm-none-eabi/lib/armv7-m\libc.a(lib_a-strlen-stub.o)
 .text.strlen   0x0000380c       0x5c d:/nxp/lpcxpresso_8.2.2_650/lpcxpresso/tools/bin/../lib/gcc/arm-none-eabi/5.4.1/../../../../arm-none-eabi/lib/armv7-m\libc.a(lib_a-strlen-stub.o)
                0x0000380c                strlen
 .text          0x00003868        0x0 d:/nxp/lpcxpresso_8.2.2_650/lpcxpresso/tools/bin/../lib/gcc/arm-none-eabi/5.4.1/../../../../arm-none-eabi/lib/armv7-m\libc.a(lib_a-strncpy.o)
 .text.strncpy  0x00003868       0x68 d:/nxp/lpcxpresso_8.2.2_650/lpcxpresso/tools/bin/../lib/gcc/arm-none-eabi/5.4.1/../../../../arm-none-eabi/lib/armv7-m\libc.a(lib_a-strncpy.o)
                0x00003868                strncpy
 .text          0x000038d0        0x0 d:/nxp/lpcxpresso_8.2.2_650/lpcxpresso/tools/bin/../lib/gcc/arm-none-eabi/5.4.1/../../../../arm-none-eabi/lib/armv7-m\libc.a(lib_a-svfprintf.o)
 .text._svfprintf_r
                0x000038d0     0x175c d:/nxp/lpcxpresso_8.2.2_650/lpcxpresso/tools/bin/../lib/gcc/arm-none-eabi/5.4.1/../../../../arm-none-eabi/lib/armv7-m\libc.a(lib_a-svfprintf.o)
                0x000038d0                _svfprintf_r
 .text          0x0000502c        0x0 d:/nxp/lpcxpresso_8.2.2_650/lpcxpresso/tools/bin/../lib/gcc/arm-none-eabi/5.4.1/../../../../arm-none-eabi/lib/armv7-m\libc.a(lib_a-vfprintf.o)
 .text._vfprintf_r
                0x0000502c     0x1788 d:/nxp/lpcxpresso_8.2.2_650/lpcxpresso/tools/bin/../lib/gcc/arm-none-eabi/5.4.1/../../../../arm-none-eabi/lib/armv7-m\libc.a(lib_a-vfprintf.o)
                0x0000502c                _vfprintf_r
 .text.vfprintf
                0x000067b4       0x18 d:/nxp/lpcxpresso_8.2.2_650/lpcxpresso/tools/bin/../lib/gcc/arm-none-eabi/5.4.1/../../../../arm-none-eabi/lib/armv7-m\libc.a(lib_a-vfprintf.o)
                0x000067b4                vfprintf
 .text.__sbprintf
                0x000067cc       0x6c d:/nxp/lpcxpresso_8.2.2_650/lpcxpresso/tools/bin/../lib/gcc/arm-none-eabi/5.4.1/../../../../arm-none-eabi/lib/armv7-m\libc.a(lib_a-vfprintf.o)
 .text          0x00006838        0x0 d:/nxp/lpcxpresso_8.2.2_650/lpcxpresso/tools/bin/../lib/gcc/arm-none-eabi/5.4.1/../../../../arm-none-eabi/lib/armv7-m\libc.a(lib_a-wsetup.o)
 .text.__swsetup_r
                0x00006838       0xc8 d:/nxp/lpcxpresso_8.2.2_650/lpcxpresso/tools/bin/../lib/gcc/arm-none-eabi/5.4.1/../../../../arm-none-eabi/lib/armv7-m\libc.a(lib_a-wsetup.o)
                0x00006838                __swsetup_r
 .text          0x00006900        0x0 d:/nxp/lpcxpresso_8.2.2_650/lpcxpresso/tools/bin/../lib/gcc/arm-none-eabi/5.4.1/../../../../arm-none-eabi/lib/armv7-m\libc.a(lib_a-dtoa.o)
 .text.quorem   0x00006900      0x12c d:/nxp/lpcxpresso_8.2.2_650/lpcxpresso/tools/bin/../lib/gcc/arm-none-eabi/5.4.1/../../../../arm-none-eabi/lib/armv7-m\libc.a(lib_a-dtoa.o)
 *fill*         0x00006a2c        0x4 ff
 .text._dtoa_r  0x00006a30      0xe4c d:/nxp/lpcxpresso_8.2.2_650/lpcxpresso/tools/bin/../lib/gcc/arm-none-eabi/5.4.1/../../../../arm-none-eabi/lib/armv7-m\libc.a(lib_a-dtoa.o)
                0x00006a30                _dtoa_r
 .text          0x0000787c        0x0 d:/nxp/lpcxpresso_8.2.2_650/lpcxpresso/tools/bin/../lib/gcc/arm-none-eabi/5.4.1/../../../../arm-none-eabi/lib/armv7-m\libc.a(lib_a-fflush.o)
 .text.__sflush_r
                0x0000787c      0x148 d:/nxp/lpcxpresso_8.2.2_650/lpcxpresso/tools/bin/../lib/gcc/arm-none-eabi/5.4.1/../../../../arm-none-eabi/lib/armv7-m\libc.a(lib_a-fflush.o)
                0x0000787c                __sflush_r
 .text._fflush_r
                0x000079c4       0x2c d:/nxp/lpcxpresso_8.2.2_650/lpcxpresso/tools/bin/../lib/gcc/arm-none-eabi/5.4.1/../../../../arm-none-eabi/lib/armv7-m\libc.a(lib_a-fflush.o)
                0x000079c4                _fflush_r
 .text.fflush   0x000079f0       0x24 d:/nxp/lpcxpresso_8.2.2_650/lpcxpresso/tools/bin/../lib/gcc/arm-none-eabi/5.4.1/../../../../arm-none-eabi/lib/armv7-m\libc.a(lib_a-fflush.o)
                0x000079f0                fflush
 .text          0x00007a14        0x0 d:/nxp/lpcxpresso_8.2.2_650/lpcxpresso/tools/bin/../lib/gcc/arm-none-eabi/5.4.1/../../../../arm-none-eabi/lib/armv7-m\libc.a(lib_a-findfp.o)
 .text.__fp_unlock
                0x00007a14        0x4 d:/nxp/lpcxpresso_8.2.2_650/lpcxpresso/tools/bin/../lib/gcc/arm-none-eabi/5.4.1/../../../../arm-none-eabi/lib/armv7-m\libc.a(lib_a-findfp.o)
 .text._cleanup_r
                0x00007a18        0xc d:/nxp/lpcxpresso_8.2.2_650/lpcxpresso/tools/bin/../lib/gcc/arm-none-eabi/5.4.1/../../../../arm-none-eabi/lib/armv7-m\libc.a(lib_a-findfp.o)
                0x00007a18                _cleanup_r
 .text.__sinit.part.1
                0x00007a24       0xf0 d:/nxp/lpcxpresso_8.2.2_650/lpcxpresso/tools/bin/../lib/gcc/arm-none-eabi/5.4.1/../../../../arm-none-eabi/lib/armv7-m\libc.a(lib_a-findfp.o)
 .text.__fp_lock
                0x00007b14        0x4 d:/nxp/lpcxpresso_8.2.2_650/lpcxpresso/tools/bin/../lib/gcc/arm-none-eabi/5.4.1/../../../../arm-none-eabi/lib/armv7-m\libc.a(lib_a-findfp.o)
 .text.__sfmoreglue
                0x00007b18       0x30 d:/nxp/lpcxpresso_8.2.2_650/lpcxpresso/tools/bin/../lib/gcc/arm-none-eabi/5.4.1/../../../../arm-none-eabi/lib/armv7-m\libc.a(lib_a-findfp.o)
                0x00007b18                __sfmoreglue
 .text.__sfp    0x00007b48       0x88 d:/nxp/lpcxpresso_8.2.2_650/lpcxpresso/tools/bin/../lib/gcc/arm-none-eabi/5.4.1/../../../../arm-none-eabi/lib/armv7-m\libc.a(lib_a-findfp.o)
                0x00007b48                __sfp
 .text._cleanup
                0x00007bd0       0x14 d:/nxp/lpcxpresso_8.2.2_650/lpcxpresso/tools/bin/../lib/gcc/arm-none-eabi/5.4.1/../../../../arm-none-eabi/lib/armv7-m\libc.a(lib_a-findfp.o)
                0x00007bd0                _cleanup
 .text.__sinit  0x00007be4        0xc d:/nxp/lpcxpresso_8.2.2_650/lpcxpresso/tools/bin/../lib/gcc/arm-none-eabi/5.4.1/../../../../arm-none-eabi/lib/armv7-m\libc.a(lib_a-findfp.o)
                0x00007be4                __sinit
 .text.__sfp_lock_acquire
                0x00007bf0        0x4 d:/nxp/lpcxpresso_8.2.2_650/lpcxpresso/tools/bin/../lib/gcc/arm-none-eabi/5.4.1/../../../../arm-none-eabi/lib/armv7-m\libc.a(lib_a-findfp.o)
                0x00007bf0                __sfp_lock_acquire
 .text.__sfp_lock_release
                0x00007bf4        0x4 d:/nxp/lpcxpresso_8.2.2_650/lpcxpresso/tools/bin/../lib/gcc/arm-none-eabi/5.4.1/../../../../arm-none-eabi/lib/armv7-m\libc.a(lib_a-findfp.o)
                0x00007bf4                __sfp_lock_release
 .text.__sinit_lock_acquire
                0x00007bf8        0x4 d:/nxp/lpcxpresso_8.2.2_650/lpcxpresso/tools/bin/../lib/gcc/arm-none-eabi/5.4.1/../../../../arm-none-eabi/lib/armv7-m\libc.a(lib_a-findfp.o)
                0x00007bf8                __sinit_lock_acquire
 .text.__sinit_lock_release
                0x00007bfc        0x4 d:/nxp/lpcxpresso_8.2.2_650/lpcxpresso/tools/bin/../lib/gcc/arm-none-eabi/5.4.1/../../../../arm-none-eabi/lib/armv7-m\libc.a(lib_a-findfp.o)
                0x00007bfc                __sinit_lock_release
 .text.__fp_lock_all
                0x00007c00       0x14 d:/nxp/lpcxpresso_8.2.2_650/lpcxpresso/tools/bin/../lib/gcc/arm-none-eabi/5.4.1/../../../../arm-none-eabi/lib/armv7-m\libc.a(lib_a-findfp.o)
                0x00007c00                __fp_lock_all
 .text.__fp_unlock_all
                0x00007c14       0x14 d:/nxp/lpcxpresso_8.2.2_650/lpcxpresso/tools/bin/../lib/gcc/arm-none-eabi/5.4.1/../../../../arm-none-eabi/lib/armv7-m\libc.a(lib_a-findfp.o)
                0x00007c14                __fp_unlock_all
 .text          0x00007c28        0x0 d:/nxp/lpcxpresso_8.2.2_650/lpcxpresso/tools/bin/../lib/gcc/arm-none-eabi/5.4.1/../../../../arm-none-eabi/lib/armv7-m\libc.a(lib_a-fwalk.o)
 .text._fwalk   0x00007c28       0x48 d:/nxp/lpcxpresso_8.2.2_650/lpcxpresso/tools/bin/../lib/gcc/arm-none-eabi/5.4.1/../../../../arm-none-eabi/lib/armv7-m\libc.a(lib_a-fwalk.o)
                0x00007c28                _fwalk
 .text._fwalk_reent
                0x00007c70       0x50 d:/nxp/lpcxpresso_8.2.2_650/lpcxpresso/tools/bin/../lib/gcc/arm-none-eabi/5.4.1/../../../../arm-none-eabi/lib/armv7-m\libc.a(lib_a-fwalk.o)
                0x00007c70                _fwalk_reent
 .text          0x00007cc0        0x0 d:/nxp/lpcxpresso_8.2.2_650/lpcxpresso/tools/bin/../lib/gcc/arm-none-eabi/5.4.1/../../../../arm-none-eabi/lib/armv7-m\libc.a(lib_a-impure.o)
 .text          0x00007cc0        0x0 d:/nxp/lpcxpresso_8.2.2_650/lpcxpresso/tools/bin/../lib/gcc/arm-none-eabi/5.4.1/../../../../arm-none-eabi/lib/armv7-m\libc.a(lib_a-locale.o)
 .text._setlocale_r
                0x00007cc0       0x40 d:/nxp/lpcxpresso_8.2.2_650/lpcxpresso/tools/bin/../lib/gcc/arm-none-eabi/5.4.1/../../../../arm-none-eabi/lib/armv7-m\libc.a(lib_a-locale.o)
                0x00007cc0                _setlocale_r
 .text.__locale_charset
                0x00007d00        0x8 d:/nxp/lpcxpresso_8.2.2_650/lpcxpresso/tools/bin/../lib/gcc/arm-none-eabi/5.4.1/../../../../arm-none-eabi/lib/armv7-m\libc.a(lib_a-locale.o)
                0x00007d00                __locale_charset
 .text.__locale_mb_cur_max
                0x00007d08        0xc d:/nxp/lpcxpresso_8.2.2_650/lpcxpresso/tools/bin/../lib/gcc/arm-none-eabi/5.4.1/../../../../arm-none-eabi/lib/armv7-m\libc.a(lib_a-locale.o)
                0x00007d08                __locale_mb_cur_max
 .text.__locale_msgcharset
                0x00007d14        0x8 d:/nxp/lpcxpresso_8.2.2_650/lpcxpresso/tools/bin/../lib/gcc/arm-none-eabi/5.4.1/../../../../arm-none-eabi/lib/armv7-m\libc.a(lib_a-locale.o)
                0x00007d14                __locale_msgcharset
 .text.__locale_cjk_lang
                0x00007d1c        0x4 d:/nxp/lpcxpresso_8.2.2_650/lpcxpresso/tools/bin/../lib/gcc/arm-none-eabi/5.4.1/../../../../arm-none-eabi/lib/armv7-m\libc.a(lib_a-locale.o)
                0x00007d1c                __locale_cjk_lang
 .text._localeconv_r
                0x00007d20        0x8 d:/nxp/lpcxpresso_8.2.2_650/lpcxpresso/tools/bin/../lib/gcc/arm-none-eabi/5.4.1/../../../../arm-none-eabi/lib/armv7-m\libc.a(lib_a-locale.o)
                0x00007d20                _localeconv_r
 .text.setlocale
                0x00007d28       0x10 d:/nxp/lpcxpresso_8.2.2_650/lpcxpresso/tools/bin/../lib/gcc/arm-none-eabi/5.4.1/../../../../arm-none-eabi/lib/armv7-m\libc.a(lib_a-locale.o)
                0x00007d28                setlocale
 .text.localeconv
                0x00007d38        0x8 d:/nxp/lpcxpresso_8.2.2_650/lpcxpresso/tools/bin/../lib/gcc/arm-none-eabi/5.4.1/../../../../arm-none-eabi/lib/armv7-m\libc.a(lib_a-locale.o)
                0x00007d38                localeconv
 .text          0x00007d40        0x0 d:/nxp/lpcxpresso_8.2.2_650/lpcxpresso/tools/bin/../lib/gcc/arm-none-eabi/5.4.1/../../../../arm-none-eabi/lib/armv7-m\libc.a(lib_a-makebuf.o)
 .text.__swhatbuf_r
                0x00007d40       0x60 d:/nxp/lpcxpresso_8.2.2_650/lpcxpresso/tools/bin/../lib/gcc/arm-none-eabi/5.4.1/../../../../arm-none-eabi/lib/armv7-m\libc.a(lib_a-makebuf.o)
                0x00007d40                __swhatbuf_r
 .text.__smakebuf_r
                0x00007da0       0x88 d:/nxp/lpcxpresso_8.2.2_650/lpcxpresso/tools/bin/../lib/gcc/arm-none-eabi/5.4.1/../../../../arm-none-eabi/lib/armv7-m\libc.a(lib_a-makebuf.o)
                0x00007da0                __smakebuf_r
 .text          0x00007e28        0x0 d:/nxp/lpcxpresso_8.2.2_650/lpcxpresso/tools/bin/../lib/gcc/arm-none-eabi/5.4.1/../../../../arm-none-eabi/lib/armv7-m\libc.a(lib_a-memchr-stub.o)
 .text.memchr   0x00007e28       0x8c d:/nxp/lpcxpresso_8.2.2_650/lpcxpresso/tools/bin/../lib/gcc/arm-none-eabi/5.4.1/../../../../arm-none-eabi/lib/armv7-m\libc.a(lib_a-memchr-stub.o)
                0x00007e28                memchr
 .text          0x00007eb4        0x0 d:/nxp/lpcxpresso_8.2.2_650/lpcxpresso/tools/bin/../lib/gcc/arm-none-eabi/5.4.1/../../../../arm-none-eabi/lib/armv7-m\libc.a(lib_a-mprec.o)
 .text._Balloc  0x00007eb4       0x50 d:/nxp/lpcxpresso_8.2.2_650/lpcxpresso/tools/bin/../lib/gcc/arm-none-eabi/5.4.1/../../../../arm-none-eabi/lib/armv7-m\libc.a(lib_a-mprec.o)
                0x00007eb4                _Balloc
 .text._Bfree   0x00007f04       0x14 d:/nxp/lpcxpresso_8.2.2_650/lpcxpresso/tools/bin/../lib/gcc/arm-none-eabi/5.4.1/../../../../arm-none-eabi/lib/armv7-m\libc.a(lib_a-mprec.o)
                0x00007f04                _Bfree
 .text.__multadd
                0x00007f18       0x80 d:/nxp/lpcxpresso_8.2.2_650/lpcxpresso/tools/bin/../lib/gcc/arm-none-eabi/5.4.1/../../../../arm-none-eabi/lib/armv7-m\libc.a(lib_a-mprec.o)
                0x00007f18                __multadd
 .text.__s2b    0x00007f98       0x98 d:/nxp/lpcxpresso_8.2.2_650/lpcxpresso/tools/bin/../lib/gcc/arm-none-eabi/5.4.1/../../../../arm-none-eabi/lib/armv7-m\libc.a(lib_a-mprec.o)
                0x00007f98                __s2b
 .text.__hi0bits
                0x00008030       0x40 d:/nxp/lpcxpresso_8.2.2_650/lpcxpresso/tools/bin/../lib/gcc/arm-none-eabi/5.4.1/../../../../arm-none-eabi/lib/armv7-m\libc.a(lib_a-mprec.o)
                0x00008030                __hi0bits
 .text.__lo0bits
                0x00008070       0x5c d:/nxp/lpcxpresso_8.2.2_650/lpcxpresso/tools/bin/../lib/gcc/arm-none-eabi/5.4.1/../../../../arm-none-eabi/lib/armv7-m\libc.a(lib_a-mprec.o)
                0x00008070                __lo0bits
 .text.__i2b    0x000080cc       0x14 d:/nxp/lpcxpresso_8.2.2_650/lpcxpresso/tools/bin/../lib/gcc/arm-none-eabi/5.4.1/../../../../arm-none-eabi/lib/armv7-m\libc.a(lib_a-mprec.o)
                0x000080cc                __i2b
 .text.__multiply
                0x000080e0      0x13c d:/nxp/lpcxpresso_8.2.2_650/lpcxpresso/tools/bin/../lib/gcc/arm-none-eabi/5.4.1/../../../../arm-none-eabi/lib/armv7-m\libc.a(lib_a-mprec.o)
                0x000080e0                __multiply
 .text.__pow5mult
                0x0000821c       0xa0 d:/nxp/lpcxpresso_8.2.2_650/lpcxpresso/tools/bin/../lib/gcc/arm-none-eabi/5.4.1/../../../../arm-none-eabi/lib/armv7-m\libc.a(lib_a-mprec.o)
                0x0000821c                __pow5mult
 .text.__lshift
                0x000082bc       0xac d:/nxp/lpcxpresso_8.2.2_650/lpcxpresso/tools/bin/../lib/gcc/arm-none-eabi/5.4.1/../../../../arm-none-eabi/lib/armv7-m\libc.a(lib_a-mprec.o)
                0x000082bc                __lshift
 .text.__mcmp   0x00008368       0x40 d:/nxp/lpcxpresso_8.2.2_650/lpcxpresso/tools/bin/../lib/gcc/arm-none-eabi/5.4.1/../../../../arm-none-eabi/lib/armv7-m\libc.a(lib_a-mprec.o)
                0x00008368                __mcmp
 .text.__mdiff  0x000083a8      0x128 d:/nxp/lpcxpresso_8.2.2_650/lpcxpresso/tools/bin/../lib/gcc/arm-none-eabi/5.4.1/../../../../arm-none-eabi/lib/armv7-m\libc.a(lib_a-mprec.o)
                0x000083a8                __mdiff
 .text.__ulp    0x000084d0       0x44 d:/nxp/lpcxpresso_8.2.2_650/lpcxpresso/tools/bin/../lib/gcc/arm-none-eabi/5.4.1/../../../../arm-none-eabi/lib/armv7-m\libc.a(lib_a-mprec.o)
                0x000084d0                __ulp
 .text.__b2d    0x00008514       0xd4 d:/nxp/lpcxpresso_8.2.2_650/lpcxpresso/tools/bin/../lib/gcc/arm-none-eabi/5.4.1/../../../../arm-none-eabi/lib/armv7-m\libc.a(lib_a-mprec.o)
                0x00008514                __b2d
 .text.__d2b    0x000085e8       0xa8 d:/nxp/lpcxpresso_8.2.2_650/lpcxpresso/tools/bin/../lib/gcc/arm-none-eabi/5.4.1/../../../../arm-none-eabi/lib/armv7-m\libc.a(lib_a-mprec.o)
                0x000085e8                __d2b
 .text.__ratio  0x00008690       0x54 d:/nxp/lpcxpresso_8.2.2_650/lpcxpresso/tools/bin/../lib/gcc/arm-none-eabi/5.4.1/../../../../arm-none-eabi/lib/armv7-m\libc.a(lib_a-mprec.o)
                0x00008690                __ratio
 .text._mprec_log10
                0x000086e4       0x34 d:/nxp/lpcxpresso_8.2.2_650/lpcxpresso/tools/bin/../lib/gcc/arm-none-eabi/5.4.1/../../../../arm-none-eabi/lib/armv7-m\libc.a(lib_a-mprec.o)
                0x000086e4                _mprec_log10
 .text.__copybits
                0x00008718       0x48 d:/nxp/lpcxpresso_8.2.2_650/lpcxpresso/tools/bin/../lib/gcc/arm-none-eabi/5.4.1/../../../../arm-none-eabi/lib/armv7-m\libc.a(lib_a-mprec.o)
                0x00008718                __copybits
 .text.__any_on
                0x00008760       0x5c d:/nxp/lpcxpresso_8.2.2_650/lpcxpresso/tools/bin/../lib/gcc/arm-none-eabi/5.4.1/../../../../arm-none-eabi/lib/armv7-m\libc.a(lib_a-mprec.o)
                0x00008760                __any_on
 .text          0x000087bc        0x0 d:/nxp/lpcxpresso_8.2.2_650/lpcxpresso/tools/bin/../lib/gcc/arm-none-eabi/5.4.1/../../../../arm-none-eabi/lib/armv7-m\libc.a(lib_a-stdio.o)
 .text.__sread  0x000087bc       0x24 d:/nxp/lpcxpresso_8.2.2_650/lpcxpresso/tools/bin/../lib/gcc/arm-none-eabi/5.4.1/../../../../arm-none-eabi/lib/armv7-m\libc.a(lib_a-stdio.o)
                0x000087bc                __sread
 .text.__seofread
                0x000087e0        0x4 d:/nxp/lpcxpresso_8.2.2_650/lpcxpresso/tools/bin/../lib/gcc/arm-none-eabi/5.4.1/../../../../arm-none-eabi/lib/armv7-m\libc.a(lib_a-stdio.o)
                0x000087e0                __seofread
 .text.__swrite
                0x000087e4       0x3c d:/nxp/lpcxpresso_8.2.2_650/lpcxpresso/tools/bin/../lib/gcc/arm-none-eabi/5.4.1/../../../../arm-none-eabi/lib/armv7-m\libc.a(lib_a-stdio.o)
                0x000087e4                __swrite
 .text.__sseek  0x00008820       0x20 d:/nxp/lpcxpresso_8.2.2_650/lpcxpresso/tools/bin/../lib/gcc/arm-none-eabi/5.4.1/../../../../arm-none-eabi/lib/armv7-m\libc.a(lib_a-stdio.o)
                0x00008820                __sseek
 .text.__sclose
                0x00008840        0x8 d:/nxp/lpcxpresso_8.2.2_650/lpcxpresso/tools/bin/../lib/gcc/arm-none-eabi/5.4.1/../../../../arm-none-eabi/lib/armv7-m\libc.a(lib_a-stdio.o)
                0x00008840                __sclose
 .text          0x00008848      0x1bc d:/nxp/lpcxpresso_8.2.2_650/lpcxpresso/tools/bin/../lib/gcc/arm-none-eabi/5.4.1/../../../../arm-none-eabi/lib/armv7-m\libc.a(lib_a-strcmp.o)
                0x00008848                strcmp
 .text          0x00008a04        0x0 d:/nxp/lpcxpresso_8.2.2_650/lpcxpresso/tools/bin/../lib/gcc/arm-none-eabi/5.4.1/../../../../arm-none-eabi/lib/armv7-m\libc.a(lib_a-svfiprintf.o)
 .text.__ssprint_r
                0x00008a04      0x100 d:/nxp/lpcxpresso_8.2.2_650/lpcxpresso/tools/bin/../lib/gcc/arm-none-eabi/5.4.1/../../../../arm-none-eabi/lib/armv7-m\libc.a(lib_a-svfiprintf.o)
                0x00008a04                __ssprint_r
 .text._svfiprintf_r
                0x00008b04      0xc4c d:/nxp/lpcxpresso_8.2.2_650/lpcxpresso/tools/bin/../lib/gcc/arm-none-eabi/5.4.1/../../../../arm-none-eabi/lib/armv7-m\libc.a(lib_a-svfiprintf.o)
                0x00008b04                _svfiprintf_r
 .text          0x00009750        0x0 d:/nxp/lpcxpresso_8.2.2_650/lpcxpresso/tools/bin/../lib/gcc/arm-none-eabi/5.4.1/../../../../arm-none-eabi/lib/armv7-m\libc.a(lib_a-vfiprintf.o)
 .text.__sprint_r.part.0
                0x00009750       0x78 d:/nxp/lpcxpresso_8.2.2_650/lpcxpresso/tools/bin/../lib/gcc/arm-none-eabi/5.4.1/../../../../arm-none-eabi/lib/armv7-m\libc.a(lib_a-vfiprintf.o)
 .text.__sprint_r
                0x000097c8       0x14 d:/nxp/lpcxpresso_8.2.2_650/lpcxpresso/tools/bin/../lib/gcc/arm-none-eabi/5.4.1/../../../../arm-none-eabi/lib/armv7-m\libc.a(lib_a-vfiprintf.o)
                0x000097c8                __sprint_r
 .text._vfiprintf_r
                0x000097dc      0xde8 d:/nxp/lpcxpresso_8.2.2_650/lpcxpresso/tools/bin/../lib/gcc/arm-none-eabi/5.4.1/../../../../arm-none-eabi/lib/armv7-m\libc.a(lib_a-vfiprintf.o)
                0x000097dc                _vfiprintf_r
 .text.vfiprintf
                0x0000a5c4       0x18 d:/nxp/lpcxpresso_8.2.2_650/lpcxpresso/tools/bin/../lib/gcc/arm-none-eabi/5.4.1/../../../../arm-none-eabi/lib/armv7-m\libc.a(lib_a-vfiprintf.o)
                0x0000a5c4                vfiprintf
 .text.__sbprintf
                0x0000a5dc       0x6c d:/nxp/lpcxpresso_8.2.2_650/lpcxpresso/tools/bin/../lib/gcc/arm-none-eabi/5.4.1/../../../../arm-none-eabi/lib/armv7-m\libc.a(lib_a-vfiprintf.o)
 .text          0x0000a648        0x0 d:/nxp/lpcxpresso_8.2.2_650/lpcxpresso/tools/bin/../lib/gcc/arm-none-eabi/5.4.1/../../../../arm-none-eabi/lib/armv7-m\libc.a(lib_a-writer.o)
 .text._write_r
                0x0000a648       0x2c d:/nxp/lpcxpresso_8.2.2_650/lpcxpresso/tools/bin/../lib/gcc/arm-none-eabi/5.4.1/../../../../arm-none-eabi/lib/armv7-m\libc.a(lib_a-writer.o)
                0x0000a648                _write_r
 .text          0x0000a674        0x0 d:/nxp/lpcxpresso_8.2.2_650/lpcxpresso/tools/bin/../lib/gcc/arm-none-eabi/5.4.1/../../../../arm-none-eabi/lib/armv7-m\libc.a(lib_a-closer.o)
 .text._close_r
                0x0000a674       0x24 d:/nxp/lpcxpresso_8.2.2_650/lpcxpresso/tools/bin/../lib/gcc/arm-none-eabi/5.4.1/../../../../arm-none-eabi/lib/armv7-m\libc.a(lib_a-closer.o)
                0x0000a674                _close_r
 .text          0x0000a698        0x0 d:/nxp/lpcxpresso_8.2.2_650/lpcxpresso/tools/bin/../lib/gcc/arm-none-eabi/5.4.1/../../../../arm-none-eabi/lib/armv7-m\libc.a(lib_a-fclose.o)
 .text._fclose_r
                0x0000a698       0x84 d:/nxp/lpcxpresso_8.2.2_650/lpcxpresso/tools/bin/../lib/gcc/arm-none-eabi/5.4.1/../../../../arm-none-eabi/lib/armv7-m\libc.a(lib_a-fclose.o)
                0x0000a698                _fclose_r
 .text.fclose   0x0000a71c       0x10 d:/nxp/lpcxpresso_8.2.2_650/lpcxpresso/tools/bin/../lib/gcc/arm-none-eabi/5.4.1/../../../../arm-none-eabi/lib/armv7-m\libc.a(lib_a-fclose.o)
                0x0000a71c                fclose
 .text          0x0000a72c        0x0 d:/nxp/lpcxpresso_8.2.2_650/lpcxpresso/tools/bin/../lib/gcc/arm-none-eabi/5.4.1/../../../../arm-none-eabi/lib/armv7-m\libc.a(lib_a-fputwc.o)
 .text.__fputwc
                0x0000a72c       0x94 d:/nxp/lpcxpresso_8.2.2_650/lpcxpresso/tools/bin/../lib/gcc/arm-none-eabi/5.4.1/../../../../arm-none-eabi/lib/armv7-m\libc.a(lib_a-fputwc.o)
                0x0000a72c                __fputwc
 .text._fputwc_r
                0x0000a7c0       0x24 d:/nxp/lpcxpresso_8.2.2_650/lpcxpresso/tools/bin/../lib/gcc/arm-none-eabi/5.4.1/../../../../arm-none-eabi/lib/armv7-m\libc.a(lib_a-fputwc.o)
                0x0000a7c0                _fputwc_r
 .text.fputwc   0x0000a7e4       0x40 d:/nxp/lpcxpresso_8.2.2_650/lpcxpresso/tools/bin/../lib/gcc/arm-none-eabi/5.4.1/../../../../arm-none-eabi/lib/armv7-m\libc.a(lib_a-fputwc.o)
                0x0000a7e4                fputwc
 .text          0x0000a824        0x0 d:/nxp/lpcxpresso_8.2.2_650/lpcxpresso/tools/bin/../lib/gcc/arm-none-eabi/5.4.1/../../../../arm-none-eabi/lib/armv7-m\libc.a(lib_a-fstatr.o)
 .text._fstat_r
                0x0000a824       0x28 d:/nxp/lpcxpresso_8.2.2_650/lpcxpresso/tools/bin/../lib/gcc/arm-none-eabi/5.4.1/../../../../arm-none-eabi/lib/armv7-m\libc.a(lib_a-fstatr.o)
                0x0000a824                _fstat_r
 .text          0x0000a84c        0x0 d:/nxp/lpcxpresso_8.2.2_650/lpcxpresso/tools/bin/../lib/gcc/arm-none-eabi/5.4.1/../../../../arm-none-eabi/lib/armv7-m\libc.a(lib_a-fvwrite.o)
 .text.__sfvwrite_r
                0x0000a84c      0x308 d:/nxp/lpcxpresso_8.2.2_650/lpcxpresso/tools/bin/../lib/gcc/arm-none-eabi/5.4.1/../../../../arm-none-eabi/lib/armv7-m\libc.a(lib_a-fvwrite.o)
                0x0000a84c                __sfvwrite_r
 .text          0x0000ab54        0x0 d:/nxp/lpcxpresso_8.2.2_650/lpcxpresso/tools/bin/../lib/gcc/arm-none-eabi/5.4.1/../../../../arm-none-eabi/lib/armv7-m\libc.a(lib_a-isattyr.o)
 .text._isatty_r
                0x0000ab54       0x24 d:/nxp/lpcxpresso_8.2.2_650/lpcxpresso/tools/bin/../lib/gcc/arm-none-eabi/5.4.1/../../../../arm-none-eabi/lib/armv7-m\libc.a(lib_a-isattyr.o)
                0x0000ab54                _isatty_r
 .text          0x0000ab78        0x0 d:/nxp/lpcxpresso_8.2.2_650/lpcxpresso/tools/bin/../lib/gcc/arm-none-eabi/5.4.1/../../../../arm-none-eabi/lib/armv7-m\libc.a(lib_a-lseekr.o)
 .text._lseek_r
                0x0000ab78       0x2c d:/nxp/lpcxpresso_8.2.2_650/lpcxpresso/tools/bin/../lib/gcc/arm-none-eabi/5.4.1/../../../../arm-none-eabi/lib/armv7-m\libc.a(lib_a-lseekr.o)
                0x0000ab78                _lseek_r
 .text          0x0000aba4        0x0 d:/nxp/lpcxpresso_8.2.2_650/lpcxpresso/tools/bin/../lib/gcc/arm-none-eabi/5.4.1/../../../../arm-none-eabi/lib/armv7-m\libc.a(lib_a-memmove.o)
 .text.memmove  0x0000aba4       0xc8 d:/nxp/lpcxpresso_8.2.2_650/lpcxpresso/tools/bin/../lib/gcc/arm-none-eabi/5.4.1/../../../../arm-none-eabi/lib/armv7-m\libc.a(lib_a-memmove.o)
                0x0000aba4                memmove
 .text          0x0000ac6c        0x0 d:/nxp/lpcxpresso_8.2.2_650/lpcxpresso/tools/bin/../lib/gcc/arm-none-eabi/5.4.1/../../../../arm-none-eabi/lib/armv7-m\libc.a(lib_a-readr.o)
 .text._read_r  0x0000ac6c       0x2c d:/nxp/lpcxpresso_8.2.2_650/lpcxpresso/tools/bin/../lib/gcc/arm-none-eabi/5.4.1/../../../../arm-none-eabi/lib/armv7-m\libc.a(lib_a-readr.o)
                0x0000ac6c                _read_r
 .text          0x0000ac98        0x0 d:/nxp/lpcxpresso_8.2.2_650/lpcxpresso/tools/bin/../lib/gcc/arm-none-eabi/5.4.1/../../../../arm-none-eabi/lib/armv7-m\libc.a(lib_a-reent.o)
 .text.cleanup_glue
                0x0000ac98       0x1c d:/nxp/lpcxpresso_8.2.2_650/lpcxpresso/tools/bin/../lib/gcc/arm-none-eabi/5.4.1/../../../../arm-none-eabi/lib/armv7-m\libc.a(lib_a-reent.o)
                0x0000ac98                cleanup_glue
 .text._reclaim_reent
                0x0000acb4       0x88 d:/nxp/lpcxpresso_8.2.2_650/lpcxpresso/tools/bin/../lib/gcc/arm-none-eabi/5.4.1/../../../../arm-none-eabi/lib/armv7-m\libc.a(lib_a-reent.o)
                0x0000acb4                _reclaim_reent
 .text          0x0000ad3c        0x0 d:/nxp/lpcxpresso_8.2.2_650/lpcxpresso/tools/bin/../lib/gcc/arm-none-eabi/5.4.1/../../../../arm-none-eabi/lib/armv7-m\libc.a(lib_a-wbuf.o)
 .text.__swbuf_r
                0x0000ad3c       0xac d:/nxp/lpcxpresso_8.2.2_650/lpcxpresso/tools/bin/../lib/gcc/arm-none-eabi/5.4.1/../../../../arm-none-eabi/lib/armv7-m\libc.a(lib_a-wbuf.o)
                0x0000ad3c                __swbuf_r
 .text.__swbuf  0x0000ade8       0x10 d:/nxp/lpcxpresso_8.2.2_650/lpcxpresso/tools/bin/../lib/gcc/arm-none-eabi/5.4.1/../../../../arm-none-eabi/lib/armv7-m\libc.a(lib_a-wbuf.o)
                0x0000ade8                __swbuf
 .text          0x0000adf8        0x0 d:/nxp/lpcxpresso_8.2.2_650/lpcxpresso/tools/bin/../lib/gcc/arm-none-eabi/5.4.1/../../../../arm-none-eabi/lib/armv7-m\libc.a(lib_a-wcrtomb.o)
 .text._wcrtomb_r
                0x0000adf8       0x54 d:/nxp/lpcxpresso_8.2.2_650/lpcxpresso/tools/bin/../lib/gcc/arm-none-eabi/5.4.1/../../../../arm-none-eabi/lib/armv7-m\libc.a(lib_a-wcrtomb.o)
                0x0000adf8                _wcrtomb_r
 .text.wcrtomb  0x0000ae4c       0x58 d:/nxp/lpcxpresso_8.2.2_650/lpcxpresso/tools/bin/../lib/gcc/arm-none-eabi/5.4.1/../../../../arm-none-eabi/lib/armv7-m\libc.a(lib_a-wcrtomb.o)
                0x0000ae4c                wcrtomb
 .text          0x0000aea4        0x0 d:/nxp/lpcxpresso_8.2.2_650/lpcxpresso/tools/bin/../lib/gcc/arm-none-eabi/5.4.1/../../../../arm-none-eabi/lib/armv7-m\libc.a(lib_a-wctomb_r.o)
 .text.__ascii_wctomb
                0x0000aea4       0x1c d:/nxp/lpcxpresso_8.2.2_650/lpcxpresso/tools/bin/../lib/gcc/arm-none-eabi/5.4.1/../../../../arm-none-eabi/lib/armv7-m\libc.a(lib_a-wctomb_r.o)
                0x0000aea4                __ascii_wctomb
 .text._wctomb_r
                0x0000aec0       0x30 d:/nxp/lpcxpresso_8.2.2_650/lpcxpresso/tools/bin/../lib/gcc/arm-none-eabi/5.4.1/../../../../arm-none-eabi/lib/armv7-m\libc.a(lib_a-wctomb_r.o)
                0x0000aec0                _wctomb_r
 .text          0x0000aef0        0x0 d:/nxp/lpcxpresso_8.2.2_650/lpcxpresso/tools/bin/../lib/gcc/arm-none-eabi/5.4.1/../../../../arm-none-eabi/lib/armv7-m\libcr_newlib_semihost.a(syscalls.o)
 .text.error    0x0000aef0       0x1c d:/nxp/lpcxpresso_8.2.2_650/lpcxpresso/tools/bin/../lib/gcc/arm-none-eabi/5.4.1/../../../../arm-none-eabi/lib/armv7-m\libcr_newlib_semihost.a(syscalls.o)
 .text.initialise_monitor_handles.part.0
                0x0000af0c       0xa8 d:/nxp/lpcxpresso_8.2.2_650/lpcxpresso/tools/bin/../lib/gcc/arm-none-eabi/5.4.1/../../../../arm-none-eabi/lib/armv7-m\libcr_newlib_semihost.a(syscalls.o)
 .text.findslot
                0x0000afb4       0x30 d:/nxp/lpcxpresso_8.2.2_650/lpcxpresso/tools/bin/../lib/gcc/arm-none-eabi/5.4.1/../../../../arm-none-eabi/lib/armv7-m\libcr_newlib_semihost.a(syscalls.o)
 .text.checkerror
                0x0000afe4       0x20 d:/nxp/lpcxpresso_8.2.2_650/lpcxpresso/tools/bin/../lib/gcc/arm-none-eabi/5.4.1/../../../../arm-none-eabi/lib/armv7-m\libcr_newlib_semihost.a(syscalls.o)
 .text._swiread
                0x0000b004       0x20 d:/nxp/lpcxpresso_8.2.2_650/lpcxpresso/tools/bin/../lib/gcc/arm-none-eabi/5.4.1/../../../../arm-none-eabi/lib/armv7-m\libcr_newlib_semihost.a(syscalls.o)
                0x0000b004                _swiread
 .text._read    0x0000b024       0x34 d:/nxp/lpcxpresso_8.2.2_650/lpcxpresso/tools/bin/../lib/gcc/arm-none-eabi/5.4.1/../../../../arm-none-eabi/lib/armv7-m\libcr_newlib_semihost.a(syscalls.o)
                0x0000b024                _read
 .text._swilseek
                0x0000b058       0x7a d:/nxp/lpcxpresso_8.2.2_650/lpcxpresso/tools/bin/../lib/gcc/arm-none-eabi/5.4.1/../../../../arm-none-eabi/lib/armv7-m\libcr_newlib_semihost.a(syscalls.o)
                0x0000b058                _swilseek
 .text._lseek   0x0000b0d2        0x4 d:/nxp/lpcxpresso_8.2.2_650/lpcxpresso/tools/bin/../lib/gcc/arm-none-eabi/5.4.1/../../../../arm-none-eabi/lib/armv7-m\libcr_newlib_semihost.a(syscalls.o)
                0x0000b0d2                _lseek
 .text._swiwrite
                0x0000b0d6       0x20 d:/nxp/lpcxpresso_8.2.2_650/lpcxpresso/tools/bin/../lib/gcc/arm-none-eabi/5.4.1/../../../../arm-none-eabi/lib/armv7-m\libcr_newlib_semihost.a(syscalls.o)
                0x0000b0d6                _swiwrite
 .text._write   0x0000b0f6       0x42 d:/nxp/lpcxpresso_8.2.2_650/lpcxpresso/tools/bin/../lib/gcc/arm-none-eabi/5.4.1/../../../../arm-none-eabi/lib/armv7-m\libcr_newlib_semihost.a(syscalls.o)
                0x0000b0f6                _write
 .text._swiclose
                0x0000b138       0x1c d:/nxp/lpcxpresso_8.2.2_650/lpcxpresso/tools/bin/../lib/gcc/arm-none-eabi/5.4.1/../../../../arm-none-eabi/lib/armv7-m\libcr_newlib_semihost.a(syscalls.o)
                0x0000b138                _swiclose
 .text._close   0x0000b154       0x48 d:/nxp/lpcxpresso_8.2.2_650/lpcxpresso/tools/bin/../lib/gcc/arm-none-eabi/5.4.1/../../../../arm-none-eabi/lib/armv7-m\libcr_newlib_semihost.a(syscalls.o)
                0x0000b154                _close
 .text._getpid  0x0000b19c        0x4 d:/nxp/lpcxpresso_8.2.2_650/lpcxpresso/tools/bin/../lib/gcc/arm-none-eabi/5.4.1/../../../../arm-none-eabi/lib/armv7-m\libcr_newlib_semihost.a(syscalls.o)
                0x0000b19c                _getpid
 .text._swistat
                0x0000b1a0       0x42 d:/nxp/lpcxpresso_8.2.2_650/lpcxpresso/tools/bin/../lib/gcc/arm-none-eabi/5.4.1/../../../../arm-none-eabi/lib/armv7-m\libcr_newlib_semihost.a(syscalls.o)
                0x0000b1a0                _swistat
 .text._fstat   0x0000b1e2       0x1c d:/nxp/lpcxpresso_8.2.2_650/lpcxpresso/tools/bin/../lib/gcc/arm-none-eabi/5.4.1/../../../../arm-none-eabi/lib/armv7-m\libcr_newlib_semihost.a(syscalls.o)
                0x0000b1e2                _fstat
 .text._stat    0x0000b1fe       0x3a d:/nxp/lpcxpresso_8.2.2_650/lpcxpresso/tools/bin/../lib/gcc/arm-none-eabi/5.4.1/../../../../arm-none-eabi/lib/armv7-m\libcr_newlib_semihost.a(syscalls.o)
                0x0000b1fe                _stat
 .text._swiopen
                0x0000b238       0xc8 d:/nxp/lpcxpresso_8.2.2_650/lpcxpresso/tools/bin/../lib/gcc/arm-none-eabi/5.4.1/../../../../arm-none-eabi/lib/armv7-m\libcr_newlib_semihost.a(syscalls.o)
                0x0000b238                _swiopen
 .text._open    0x0000b300       0x12 d:/nxp/lpcxpresso_8.2.2_650/lpcxpresso/tools/bin/../lib/gcc/arm-none-eabi/5.4.1/../../../../arm-none-eabi/lib/armv7-m\libcr_newlib_semihost.a(syscalls.o)
                0x0000b300                _open
 .text._link    0x0000b312       0x10 d:/nxp/lpcxpresso_8.2.2_650/lpcxpresso/tools/bin/../lib/gcc/arm-none-eabi/5.4.1/../../../../arm-none-eabi/lib/armv7-m\libcr_newlib_semihost.a(syscalls.o)
                0x0000b312                _link
 .text._unlink  0x0000b322       0x28 d:/nxp/lpcxpresso_8.2.2_650/lpcxpresso/tools/bin/../lib/gcc/arm-none-eabi/5.4.1/../../../../arm-none-eabi/lib/armv7-m\libcr_newlib_semihost.a(syscalls.o)
                0x0000b322                _unlink
 .text._gettimeofday
                0x0000b34a       0x24 d:/nxp/lpcxpresso_8.2.2_650/lpcxpresso/tools/bin/../lib/gcc/arm-none-eabi/5.4.1/../../../../arm-none-eabi/lib/armv7-m\libcr_newlib_semihost.a(syscalls.o)
                0x0000b34a                _gettimeofday
 .text._clock   0x0000b36e       0x12 d:/nxp/lpcxpresso_8.2.2_650/lpcxpresso/tools/bin/../lib/gcc/arm-none-eabi/5.4.1/../../../../arm-none-eabi/lib/armv7-m\libcr_newlib_semihost.a(syscalls.o)
                0x0000b36e                _clock
 .text._times   0x0000b380       0x16 d:/nxp/lpcxpresso_8.2.2_650/lpcxpresso/tools/bin/../lib/gcc/arm-none-eabi/5.4.1/../../../../arm-none-eabi/lib/armv7-m\libcr_newlib_semihost.a(syscalls.o)
                0x0000b380                _times
 .text._isatty  0x0000b396       0x2a d:/nxp/lpcxpresso_8.2.2_650/lpcxpresso/tools/bin/../lib/gcc/arm-none-eabi/5.4.1/../../../../arm-none-eabi/lib/armv7-m\libcr_newlib_semihost.a(syscalls.o)
                0x0000b396                _isatty
 .text._system  0x0000b3c0       0x3c d:/nxp/lpcxpresso_8.2.2_650/lpcxpresso/tools/bin/../lib/gcc/arm-none-eabi/5.4.1/../../../../arm-none-eabi/lib/armv7-m\libcr_newlib_semihost.a(syscalls.o)
                0x0000b3c0                _system
 .text._rename  0x0000b3fc       0x36 d:/nxp/lpcxpresso_8.2.2_650/lpcxpresso/tools/bin/../lib/gcc/arm-none-eabi/5.4.1/../../../../arm-none-eabi/lib/armv7-m\libcr_newlib_semihost.a(syscalls.o)
                0x0000b3fc                _rename
 *fill*         0x0000b432        0x2 ff
 .text          0x0000b434      0x110 d:/nxp/lpcxpresso_8.2.2_650/lpcxpresso/tools/bin/../lib/gcc/arm-none-eabi/5.4.1/armv7-m\libgcc.a(_arm_cmpdf2.o)
                0x0000b434                __gtdf2
                0x0000b434                __gedf2
                0x0000b43c                __ltdf2
                0x0000b43c                __ledf2
                0x0000b444                __nedf2
                0x0000b444                __eqdf2
                0x0000b444                __cmpdf2
                0x0000b4c0                __aeabi_cdrcmple
                0x0000b4d0                __aeabi_cdcmpeq
                0x0000b4d0                __aeabi_cdcmple
                0x0000b4e0                __aeabi_dcmpeq
                0x0000b4f4                __aeabi_dcmplt
                0x0000b508                __aeabi_dcmple
                0x0000b51c                __aeabi_dcmpge
                0x0000b530                __aeabi_dcmpgt
 .text          0x0000b544       0x2c d:/nxp/lpcxpresso_8.2.2_650/lpcxpresso/tools/bin/../lib/gcc/arm-none-eabi/5.4.1/armv7-m\libgcc.a(_arm_unorddf2.o)
                0x0000b544                __unorddf2
                0x0000b544                __aeabi_dcmpun
 .text          0x0000b570       0x30 d:/nxp/lpcxpresso_8.2.2_650/lpcxpresso/tools/bin/../lib/gcc/arm-none-eabi/5.4.1/armv7-m\libgcc.a(_aeabi_uldivmod.o)
                0x0000b570                __aeabi_uldivmod
 .text          0x0000b5a0      0x2ec d:/nxp/lpcxpresso_8.2.2_650/lpcxpresso/tools/bin/../lib/gcc/arm-none-eabi/5.4.1/armv7-m\libgcc.a(_udivmoddi4.o)
                0x0000b5a0                __udivmoddi4
 .text          0x0000b88c        0x4 d:/nxp/lpcxpresso_8.2.2_650/lpcxpresso/tools/bin/../lib/gcc/arm-none-eabi/5.4.1/armv7-m\libgcc.a(_dvmd_tls.o)
                0x0000b88c                __aeabi_idiv0
                0x0000b88c                __aeabi_ldiv0
 .text          0x0000b890        0x0 d:/nxp/lpcxpresso_8.2.2_650/lpcxpresso/tools/bin/../lib/gcc/arm-none-eabi/5.4.1/../../../../arm-none-eabi/lib/armv7-m\libc.a(lib_a-errno.o)
 .text.__errno  0x0000b890        0xc d:/nxp/lpcxpresso_8.2.2_650/lpcxpresso/tools/bin/../lib/gcc/arm-none-eabi/5.4.1/../../../../arm-none-eabi/lib/armv7-m\libc.a(lib_a-errno.o)
                0x0000b890                __errno
 *(.rodata .rodata.* .constdata .constdata.*)
 .rodata.str1.1
                0x0000b89c       0x7d ./src/pi7/interpretador_comando/interpretador_comando.o
 .rodata.str1.1
                0x0000b919       0x22 ./src/pi7/controlador_trajetoria/controlador_trajetoria.o
 .rodata.str1.1
                0x0000b93b       0x10 ./src/pi7/comunicacao_pic/comunicacao_pic.o
 .rodata.str1.1
                0x0000b94b       0x1e ./src/pi7/comunicacao_pc/modbus.o
 .rodata.str1.1
                0x0000b969        0xb ./src/drivers/console/basic_io.o
 .rodata.DELAY_1MS
                0x0000b974        0x4 ./src/main.o
                0x0000b974                DELAY_1MS
 .rodata.DELAY_1SEC
                0x0000b978        0x4 ./src/main.o
                0x0000b978                DELAY_1SEC
 .rodata.DELAY_500MS
                0x0000b97c        0x4 ./src/main.o
                0x0000b97c                DELAY_500MS
 .rodata.str1.1
                0x0000b980       0x50 ./src/main.o
 .rodata.DELAY_200MS
                0x0000b9d0        0x4 ./src/main.o
                0x0000b9d0                DELAY_200MS
 .rodata.str1.1
                0x0000b9d4       0x17 ./FreeRTOS_src/tasks.o
                                 0x1a (size before relaxing)
 *fill*         0x0000b9eb        0x1 ff
 .rodata.ulKernelPriority
                0x0000b9ec        0x4 ./FreeRTOS_portable/port.o
                0x0000b9ec                ulKernelPriority
 .rodata.blanks.7055
                0x0000b9f0       0x10 d:/nxp/lpcxpresso_8.2.2_650/lpcxpresso/tools/bin/../lib/gcc/arm-none-eabi/5.4.1/../../../../arm-none-eabi/lib/armv7-m\libc.a(lib_a-svfprintf.o)
 .rodata.str1.4
                0x0000ba00       0x42 d:/nxp/lpcxpresso_8.2.2_650/lpcxpresso/tools/bin/../lib/gcc/arm-none-eabi/5.4.1/../../../../arm-none-eabi/lib/armv7-m\libc.a(lib_a-svfprintf.o)
 *fill*         0x0000ba42        0x2 ff
 .rodata.zeroes.7056
                0x0000ba44       0x10 d:/nxp/lpcxpresso_8.2.2_650/lpcxpresso/tools/bin/../lib/gcc/arm-none-eabi/5.4.1/../../../../arm-none-eabi/lib/armv7-m\libc.a(lib_a-svfprintf.o)
 .rodata.blanks.7070
                0x0000ba54       0x10 d:/nxp/lpcxpresso_8.2.2_650/lpcxpresso/tools/bin/../lib/gcc/arm-none-eabi/5.4.1/../../../../arm-none-eabi/lib/armv7-m\libc.a(lib_a-vfprintf.o)
 .rodata.str1.4
                0x0000ba64       0x42 d:/nxp/lpcxpresso_8.2.2_650/lpcxpresso/tools/bin/../lib/gcc/arm-none-eabi/5.4.1/../../../../arm-none-eabi/lib/armv7-m\libc.a(lib_a-vfprintf.o)
 .rodata.zeroes.7071
                0x0000ba64       0x10 d:/nxp/lpcxpresso_8.2.2_650/lpcxpresso/tools/bin/../lib/gcc/arm-none-eabi/5.4.1/../../../../arm-none-eabi/lib/armv7-m\libc.a(lib_a-vfprintf.o)
 .rodata.str1.4
                0x0000ba74       0x10 d:/nxp/lpcxpresso_8.2.2_650/lpcxpresso/tools/bin/../lib/gcc/arm-none-eabi/5.4.1/../../../../arm-none-eabi/lib/armv7-m\libc.a(lib_a-dtoa.o)
                                 0x12 (size before relaxing)
 .rodata.str1.4
                0x0000ba84        0x2 d:/nxp/lpcxpresso_8.2.2_650/lpcxpresso/tools/bin/../lib/gcc/arm-none-eabi/5.4.1/../../../../arm-none-eabi/lib/armv7-m\libc.a(lib_a-impure.o)
 *fill*         0x0000ba86        0x2 ff
 .rodata._global_impure_ptr
                0x0000ba88        0x4 d:/nxp/lpcxpresso_8.2.2_650/lpcxpresso/tools/bin/../lib/gcc/arm-none-eabi/5.4.1/../../../../arm-none-eabi/lib/armv7-m\libc.a(lib_a-impure.o)
                0x0000ba88                _global_impure_ptr
 .rodata.str1.4
                0x0000ba8c        0xc d:/nxp/lpcxpresso_8.2.2_650/lpcxpresso/tools/bin/../lib/gcc/arm-none-eabi/5.4.1/../../../../arm-none-eabi/lib/armv7-m\libc.a(lib_a-locale.o)
                                 0x12 (size before relaxing)
 .rodata.__mprec_tens
                0x0000ba98       0xc8 d:/nxp/lpcxpresso_8.2.2_650/lpcxpresso/tools/bin/../lib/gcc/arm-none-eabi/5.4.1/../../../../arm-none-eabi/lib/armv7-m\libc.a(lib_a-mprec.o)
                0x0000ba98                __mprec_tens
 .rodata.__mprec_bigtens
                0x0000bb60       0x28 d:/nxp/lpcxpresso_8.2.2_650/lpcxpresso/tools/bin/../lib/gcc/arm-none-eabi/5.4.1/../../../../arm-none-eabi/lib/armv7-m\libc.a(lib_a-mprec.o)
                0x0000bb60                __mprec_bigtens
 .rodata.__mprec_tinytens
                0x0000bb88       0x28 d:/nxp/lpcxpresso_8.2.2_650/lpcxpresso/tools/bin/../lib/gcc/arm-none-eabi/5.4.1/../../../../arm-none-eabi/lib/armv7-m\libc.a(lib_a-mprec.o)
                0x0000bb88                __mprec_tinytens
 .rodata.p05.5396
                0x0000bbb0        0xc d:/nxp/lpcxpresso_8.2.2_650/lpcxpresso/tools/bin/../lib/gcc/arm-none-eabi/5.4.1/../../../../arm-none-eabi/lib/armv7-m\libc.a(lib_a-mprec.o)
 .rodata.blanks.6999
                0x0000bbbc       0x10 d:/nxp/lpcxpresso_8.2.2_650/lpcxpresso/tools/bin/../lib/gcc/arm-none-eabi/5.4.1/../../../../arm-none-eabi/lib/armv7-m\libc.a(lib_a-svfiprintf.o)
 .rodata.str1.4
                0x0000bbcc       0x2f d:/nxp/lpcxpresso_8.2.2_650/lpcxpresso/tools/bin/../lib/gcc/arm-none-eabi/5.4.1/../../../../arm-none-eabi/lib/armv7-m\libc.a(lib_a-svfiprintf.o)
 .rodata.zeroes.7000
                0x0000bbcc       0x10 d:/nxp/lpcxpresso_8.2.2_650/lpcxpresso/tools/bin/../lib/gcc/arm-none-eabi/5.4.1/../../../../arm-none-eabi/lib/armv7-m\libc.a(lib_a-svfiprintf.o)
 .rodata.blanks.7013
                0x0000bbdc       0x10 d:/nxp/lpcxpresso_8.2.2_650/lpcxpresso/tools/bin/../lib/gcc/arm-none-eabi/5.4.1/../../../../arm-none-eabi/lib/armv7-m\libc.a(lib_a-vfiprintf.o)
 .rodata.str1.4
                0x0000bbec       0x2f d:/nxp/lpcxpresso_8.2.2_650/lpcxpresso/tools/bin/../lib/gcc/arm-none-eabi/5.4.1/../../../../arm-none-eabi/lib/armv7-m\libc.a(lib_a-vfiprintf.o)
 .rodata.zeroes.7014
                0x0000bbec       0x10 d:/nxp/lpcxpresso_8.2.2_650/lpcxpresso/tools/bin/../lib/gcc/arm-none-eabi/5.4.1/../../../../arm-none-eabi/lib/armv7-m\libc.a(lib_a-vfiprintf.o)
 .rodata.str1.1
                0x0000bbfc        0x4 d:/nxp/lpcxpresso_8.2.2_650/lpcxpresso/tools/bin/../lib/gcc/arm-none-eabi/5.4.1/../../../../arm-none-eabi/lib/armv7-m\libcr_newlib_semihost.a(syscalls.o)
                0x0000bc1c                . = ALIGN (0x4)

.glue_7         0x0000bc00        0x0
 .glue_7        0x0000bc00        0x0 linker stubs

.glue_7t        0x0000bc00        0x0
 .glue_7t       0x0000bc00        0x0 linker stubs

.vfp11_veneer   0x0000bc00        0x0
 .vfp11_veneer  0x0000bc00        0x0 linker stubs

.v4_bx          0x0000bc00        0x0
 .v4_bx         0x0000bc00        0x0 linker stubs

.iplt           0x0000bc00        0x0
 .iplt          0x0000bc00        0x0 ./src/pi7/programa_trajetoria/programa_trajetoria.o

.ARM.extab      0x0000bc00        0x0
 *(.ARM.extab* .gnu.linkonce.armextab.*)
 .ARM.extab     0x0000bc00        0x0 d:/nxp/lpcxpresso_8.2.2_650/lpcxpresso/tools/bin/../lib/gcc/arm-none-eabi/5.4.1/armv7-m\libgcc.a(_udivmoddi4.o)
                0x0000bc00                __exidx_start = .

.ARM.exidx      0x0000bc00        0x8
 *(.ARM.exidx* .gnu.linkonce.armexidx.*)
 .ARM.exidx     0x0000bc00        0x8 d:/nxp/lpcxpresso_8.2.2_650/lpcxpresso/tools/bin/../lib/gcc/arm-none-eabi/5.4.1/armv7-m\libgcc.a(_udivmoddi4.o)
                0x0000bc08                __exidx_end = .
                0x0000bc08                _etext = .

.rel.dyn        0x0000bc08        0x0
 .rel.iplt      0x0000bc08        0x0 ./src/pi7/programa_trajetoria/programa_trajetoria.o

.data_RAM2      0x2007c000        0x0 load address 0x0000bc08
 FILL mask 0xff
                [!provide]                PROVIDE (__start_data_RAM2, .)
 *(.ramfunc.$RAM2)
 *(.ramfunc.$RamAHB32)
 *(.data.$RAM2*)
 *(.data.$RamAHB32*)
                0x2007c000                . = ALIGN (0x4)
                [!provide]                PROVIDE (__end_data_RAM2, .)

.uninit_RESERVED
                0x10000000        0x0
 *(.bss.$RESERVED*)
                0x10000000                . = ALIGN (0x4)
                0x10000000                _end_uninit_RESERVED = .

.data           0x10000000      0x4ec load address 0x0000bc08
 FILL mask 0xff
                0x10000000                _data = .
 *(vtable)
 *(.ramfunc*)
 *(.data*)
 .data          0x10000000        0x0 ./src/pi7/programa_trajetoria/programa_trajetoria.o
 .data          0x10000000        0x0 ./src/pi7/interpretador_comando/interpretador_comando.o
 .data          0x10000000        0x0 ./src/pi7/estado_trajetoria/estado_trajetoria.o
 .data.stt_x    0x10000000        0x4 ./src/pi7/estado_trajetoria/estado_trajetoria.o
                0x10000000                stt_x
 .data.stt_y    0x10000004        0x4 ./src/pi7/estado_trajetoria/estado_trajetoria.o
                0x10000004                stt_y
 .data.stt_z    0x10000008        0x4 ./src/pi7/estado_trajetoria/estado_trajetoria.o
                0x10000008                stt_z
 .data          0x1000000c        0x0 ./src/pi7/controlador_trajetoria/controlador_trajetoria.o
 .data          0x1000000c        0x0 ./src/pi7/comunicacao_pic/comunicacao_pic.o
 .data          0x1000000c        0x0 ./src/pi7/comunicacao_pc/modbus.o
 .data          0x1000000c        0x0 ./src/drivers/uart/uart.o
 .data.UART0TxEmpty
                0x1000000c        0x1 ./src/drivers/uart/uart.o
                0x1000000c                UART0TxEmpty
 .data.UART1TxEmpty
                0x1000000d        0x1 ./src/drivers/uart/uart.o
                0x1000000d                UART1TxEmpty
 .data          0x1000000e        0x0 ./src/drivers/spi/spi.o
 .data          0x1000000e        0x0 ./src/drivers/pwm/pwm.o
 .data          0x1000000e        0x0 ./src/drivers/ledonboard/leds.o
 .data          0x1000000e        0x0 ./src/drivers/console/alloc.o
 .data          0x1000000e        0x0 ./src/drivers/console/basic_io.o
 .data          0x1000000e        0x0 ./src/drivers/console/consoleprint.o
 .data          0x1000000e        0x0 ./src/cr_startup_lpc17.o
 .data          0x1000000e        0x0 ./src/main.o
 .data.msgReadRegister
                0x1000000e        0xd ./src/main.o
                0x1000000e                msgReadRegister
 .data.msgWriteRegister
                0x1000001b        0xf ./src/main.o
                0x1000001b                msgWriteRegister
 .data          0x1000002a        0x0 ./FreeRTOS_src/croutine.o
 .data          0x1000002a        0x0 ./FreeRTOS_src/list.o
 .data          0x1000002a        0x0 ./FreeRTOS_src/queue.o
 .data          0x1000002a        0x0 ./FreeRTOS_src/tasks.o
 *fill*         0x1000002a        0x2 ff
 .data.uxPreviousTask
                0x1000002c        0x4 ./FreeRTOS_src/tasks.o
 .data.xNextTaskUnblockTime
                0x10000030        0x4 ./FreeRTOS_src/tasks.o
 .data          0x10000034        0x0 ./FreeRTOS_src/timers.o
 .data          0x10000034        0x0 ./FreeRTOS_portable/MemMang/heap_2.o
 .data.xFreeBytesRemaining
                0x10000034        0x4 ./FreeRTOS_portable/MemMang/heap_2.o
 .data          0x10000038        0x0 ./FreeRTOS_portable/port.o
 .data.uxCriticalNesting
                0x10000038        0x4 ./FreeRTOS_portable/port.o
 .data          0x1000003c        0x4 ../Libraries\libCMSISv2_LPC17xx.a(system_LPC17xx.o)
                0x1000003c                SystemFrequency
 .data          0x10000040        0x0 d:/nxp/lpcxpresso_8.2.2_650/lpcxpresso/tools/bin/../lib/gcc/arm-none-eabi/5.4.1/armv7-m\libgcc.a(_arm_addsubdf3.o)
 .data          0x10000040        0x0 d:/nxp/lpcxpresso_8.2.2_650/lpcxpresso/tools/bin/../lib/gcc/arm-none-eabi/5.4.1/armv7-m\libgcc.a(_arm_muldivdf3.o)
 .data          0x10000040        0x0 d:/nxp/lpcxpresso_8.2.2_650/lpcxpresso/tools/bin/../lib/gcc/arm-none-eabi/5.4.1/armv7-m\libgcc.a(_arm_fixdfsi.o)
 .data          0x10000040        0x0 d:/nxp/lpcxpresso_8.2.2_650/lpcxpresso/tools/bin/../lib/gcc/arm-none-eabi/5.4.1/armv7-m\libgcc.a(_arm_addsubsf3.o)
 .data          0x10000040        0x0 d:/nxp/lpcxpresso_8.2.2_650/lpcxpresso/tools/bin/../lib/gcc/arm-none-eabi/5.4.1/armv7-m\libgcc.a(_arm_fixsfsi.o)
 .data          0x10000040        0x0 d:/nxp/lpcxpresso_8.2.2_650/lpcxpresso/tools/bin/../lib/gcc/arm-none-eabi/5.4.1/../../../../arm-none-eabi/lib/armv7-m\libc.a(lib_a-memcpy.o)
 .data          0x10000040        0x0 d:/nxp/lpcxpresso_8.2.2_650/lpcxpresso/tools/bin/../lib/gcc/arm-none-eabi/5.4.1/../../../../arm-none-eabi/lib/armv7-m\libc.a(lib_a-memset.o)
 .data          0x10000040        0x0 d:/nxp/lpcxpresso_8.2.2_650/lpcxpresso/tools/bin/../lib/gcc/arm-none-eabi/5.4.1/../../../../arm-none-eabi/lib/armv7-m\libc.a(lib_a-printf.o)
 .data          0x10000040        0x0 d:/nxp/lpcxpresso_8.2.2_650/lpcxpresso/tools/bin/../lib/gcc/arm-none-eabi/5.4.1/../../../../arm-none-eabi/lib/armv7-m\libc.a(lib_a-sprintf.o)
 .data          0x10000040        0x0 d:/nxp/lpcxpresso_8.2.2_650/lpcxpresso/tools/bin/../lib/gcc/arm-none-eabi/5.4.1/../../../../arm-none-eabi/lib/armv7-m\libc.a(lib_a-strcat.o)
 .data          0x10000040        0x0 d:/nxp/lpcxpresso_8.2.2_650/lpcxpresso/tools/bin/../lib/gcc/arm-none-eabi/5.4.1/../../../../arm-none-eabi/lib/armv7-m\libc.a(lib_a-strcpy.o)
 .data          0x10000040        0x0 d:/nxp/lpcxpresso_8.2.2_650/lpcxpresso/tools/bin/../lib/gcc/arm-none-eabi/5.4.1/../../../../arm-none-eabi/lib/armv7-m\libc.a(lib_a-strlen-stub.o)
 .data          0x10000040        0x0 d:/nxp/lpcxpresso_8.2.2_650/lpcxpresso/tools/bin/../lib/gcc/arm-none-eabi/5.4.1/../../../../arm-none-eabi/lib/armv7-m\libc.a(lib_a-strncpy.o)
 .data          0x10000040        0x0 d:/nxp/lpcxpresso_8.2.2_650/lpcxpresso/tools/bin/../lib/gcc/arm-none-eabi/5.4.1/../../../../arm-none-eabi/lib/armv7-m\libc.a(lib_a-svfprintf.o)
 .data          0x10000040        0x0 d:/nxp/lpcxpresso_8.2.2_650/lpcxpresso/tools/bin/../lib/gcc/arm-none-eabi/5.4.1/../../../../arm-none-eabi/lib/armv7-m\libc.a(lib_a-vfprintf.o)
 .data          0x10000040        0x0 d:/nxp/lpcxpresso_8.2.2_650/lpcxpresso/tools/bin/../lib/gcc/arm-none-eabi/5.4.1/../../../../arm-none-eabi/lib/armv7-m\libc.a(lib_a-wsetup.o)
 .data          0x10000040        0x0 d:/nxp/lpcxpresso_8.2.2_650/lpcxpresso/tools/bin/../lib/gcc/arm-none-eabi/5.4.1/../../../../arm-none-eabi/lib/armv7-m\libc.a(lib_a-dtoa.o)
 .data          0x10000040        0x0 d:/nxp/lpcxpresso_8.2.2_650/lpcxpresso/tools/bin/../lib/gcc/arm-none-eabi/5.4.1/../../../../arm-none-eabi/lib/armv7-m\libc.a(lib_a-fflush.o)
 .data          0x10000040        0x0 d:/nxp/lpcxpresso_8.2.2_650/lpcxpresso/tools/bin/../lib/gcc/arm-none-eabi/5.4.1/../../../../arm-none-eabi/lib/armv7-m\libc.a(lib_a-findfp.o)
 .data          0x10000040        0x0 d:/nxp/lpcxpresso_8.2.2_650/lpcxpresso/tools/bin/../lib/gcc/arm-none-eabi/5.4.1/../../../../arm-none-eabi/lib/armv7-m\libc.a(lib_a-fwalk.o)
 .data          0x10000040        0x0 d:/nxp/lpcxpresso_8.2.2_650/lpcxpresso/tools/bin/../lib/gcc/arm-none-eabi/5.4.1/../../../../arm-none-eabi/lib/armv7-m\libc.a(lib_a-impure.o)
 .data.impure_data
                0x10000040      0x428 d:/nxp/lpcxpresso_8.2.2_650/lpcxpresso/tools/bin/../lib/gcc/arm-none-eabi/5.4.1/../../../../arm-none-eabi/lib/armv7-m\libc.a(lib_a-impure.o)
 .data._impure_ptr
                0x10000468        0x4 d:/nxp/lpcxpresso_8.2.2_650/lpcxpresso/tools/bin/../lib/gcc/arm-none-eabi/5.4.1/../../../../arm-none-eabi/lib/armv7-m\libc.a(lib_a-impure.o)
                0x10000468                _impure_ptr
 .data          0x1000046c        0x0 d:/nxp/lpcxpresso_8.2.2_650/lpcxpresso/tools/bin/../lib/gcc/arm-none-eabi/5.4.1/../../../../arm-none-eabi/lib/armv7-m\libc.a(lib_a-locale.o)
 .data.lc_message_charset
                0x1000046c       0x20 d:/nxp/lpcxpresso_8.2.2_650/lpcxpresso/tools/bin/../lib/gcc/arm-none-eabi/5.4.1/../../../../arm-none-eabi/lib/armv7-m\libc.a(lib_a-locale.o)
 .data.lconv    0x1000048c       0x38 d:/nxp/lpcxpresso_8.2.2_650/lpcxpresso/tools/bin/../lib/gcc/arm-none-eabi/5.4.1/../../../../arm-none-eabi/lib/armv7-m\libc.a(lib_a-locale.o)
 .data.lc_ctype_charset
                0x100004c4       0x20 d:/nxp/lpcxpresso_8.2.2_650/lpcxpresso/tools/bin/../lib/gcc/arm-none-eabi/5.4.1/../../../../arm-none-eabi/lib/armv7-m\libc.a(lib_a-locale.o)
 .data.__mb_cur_max
                0x100004e4        0x4 d:/nxp/lpcxpresso_8.2.2_650/lpcxpresso/tools/bin/../lib/gcc/arm-none-eabi/5.4.1/../../../../arm-none-eabi/lib/armv7-m\libc.a(lib_a-locale.o)
                0x100004e4                __mb_cur_max
 .data          0x100004e8        0x0 d:/nxp/lpcxpresso_8.2.2_650/lpcxpresso/tools/bin/../lib/gcc/arm-none-eabi/5.4.1/../../../../arm-none-eabi/lib/armv7-m\libc.a(lib_a-makebuf.o)
 .data          0x100004e8        0x0 d:/nxp/lpcxpresso_8.2.2_650/lpcxpresso/tools/bin/../lib/gcc/arm-none-eabi/5.4.1/../../../../arm-none-eabi/lib/armv7-m\libc.a(lib_a-memchr-stub.o)
 .data          0x100004e8        0x0 d:/nxp/lpcxpresso_8.2.2_650/lpcxpresso/tools/bin/../lib/gcc/arm-none-eabi/5.4.1/../../../../arm-none-eabi/lib/armv7-m\libc.a(lib_a-mprec.o)
 .data          0x100004e8        0x0 d:/nxp/lpcxpresso_8.2.2_650/lpcxpresso/tools/bin/../lib/gcc/arm-none-eabi/5.4.1/../../../../arm-none-eabi/lib/armv7-m\libc.a(lib_a-stdio.o)
 .data          0x100004e8        0x0 d:/nxp/lpcxpresso_8.2.2_650/lpcxpresso/tools/bin/../lib/gcc/arm-none-eabi/5.4.1/../../../../arm-none-eabi/lib/armv7-m\libc.a(lib_a-strcmp.o)
 .data          0x100004e8        0x0 d:/nxp/lpcxpresso_8.2.2_650/lpcxpresso/tools/bin/../lib/gcc/arm-none-eabi/5.4.1/../../../../arm-none-eabi/lib/armv7-m\libc.a(lib_a-svfiprintf.o)
 .data          0x100004e8        0x0 d:/nxp/lpcxpresso_8.2.2_650/lpcxpresso/tools/bin/../lib/gcc/arm-none-eabi/5.4.1/../../../../arm-none-eabi/lib/armv7-m\libc.a(lib_a-vfiprintf.o)
 .data          0x100004e8        0x0 d:/nxp/lpcxpresso_8.2.2_650/lpcxpresso/tools/bin/../lib/gcc/arm-none-eabi/5.4.1/../../../../arm-none-eabi/lib/armv7-m\libc.a(lib_a-writer.o)
 .data          0x100004e8        0x0 d:/nxp/lpcxpresso_8.2.2_650/lpcxpresso/tools/bin/../lib/gcc/arm-none-eabi/5.4.1/../../../../arm-none-eabi/lib/armv7-m\libc.a(lib_a-closer.o)
 .data          0x100004e8        0x0 d:/nxp/lpcxpresso_8.2.2_650/lpcxpresso/tools/bin/../lib/gcc/arm-none-eabi/5.4.1/../../../../arm-none-eabi/lib/armv7-m\libc.a(lib_a-fclose.o)
 .data          0x100004e8        0x0 d:/nxp/lpcxpresso_8.2.2_650/lpcxpresso/tools/bin/../lib/gcc/arm-none-eabi/5.4.1/../../../../arm-none-eabi/lib/armv7-m\libc.a(lib_a-fputwc.o)
 .data          0x100004e8        0x0 d:/nxp/lpcxpresso_8.2.2_650/lpcxpresso/tools/bin/../lib/gcc/arm-none-eabi/5.4.1/../../../../arm-none-eabi/lib/armv7-m\libc.a(lib_a-fstatr.o)
 .data          0x100004e8        0x0 d:/nxp/lpcxpresso_8.2.2_650/lpcxpresso/tools/bin/../lib/gcc/arm-none-eabi/5.4.1/../../../../arm-none-eabi/lib/armv7-m\libc.a(lib_a-fvwrite.o)
 .data          0x100004e8        0x0 d:/nxp/lpcxpresso_8.2.2_650/lpcxpresso/tools/bin/../lib/gcc/arm-none-eabi/5.4.1/../../../../arm-none-eabi/lib/armv7-m\libc.a(lib_a-isattyr.o)
 .data          0x100004e8        0x0 d:/nxp/lpcxpresso_8.2.2_650/lpcxpresso/tools/bin/../lib/gcc/arm-none-eabi/5.4.1/../../../../arm-none-eabi/lib/armv7-m\libc.a(lib_a-lseekr.o)
 .data          0x100004e8        0x0 d:/nxp/lpcxpresso_8.2.2_650/lpcxpresso/tools/bin/../lib/gcc/arm-none-eabi/5.4.1/../../../../arm-none-eabi/lib/armv7-m\libc.a(lib_a-memmove.o)
 .data          0x100004e8        0x0 d:/nxp/lpcxpresso_8.2.2_650/lpcxpresso/tools/bin/../lib/gcc/arm-none-eabi/5.4.1/../../../../arm-none-eabi/lib/armv7-m\libc.a(lib_a-readr.o)
 .data          0x100004e8        0x0 d:/nxp/lpcxpresso_8.2.2_650/lpcxpresso/tools/bin/../lib/gcc/arm-none-eabi/5.4.1/../../../../arm-none-eabi/lib/armv7-m\libc.a(lib_a-reent.o)
 .data          0x100004e8        0x0 d:/nxp/lpcxpresso_8.2.2_650/lpcxpresso/tools/bin/../lib/gcc/arm-none-eabi/5.4.1/../../../../arm-none-eabi/lib/armv7-m\libc.a(lib_a-wbuf.o)
 .data          0x100004e8        0x0 d:/nxp/lpcxpresso_8.2.2_650/lpcxpresso/tools/bin/../lib/gcc/arm-none-eabi/5.4.1/../../../../arm-none-eabi/lib/armv7-m\libc.a(lib_a-wcrtomb.o)
 .data          0x100004e8        0x0 d:/nxp/lpcxpresso_8.2.2_650/lpcxpresso/tools/bin/../lib/gcc/arm-none-eabi/5.4.1/../../../../arm-none-eabi/lib/armv7-m\libc.a(lib_a-wctomb_r.o)
 .data.__wctomb
                0x100004e8        0x4 d:/nxp/lpcxpresso_8.2.2_650/lpcxpresso/tools/bin/../lib/gcc/arm-none-eabi/5.4.1/../../../../arm-none-eabi/lib/armv7-m\libc.a(lib_a-wctomb_r.o)
                0x100004e8                __wctomb
 .data          0x100004ec        0x0 d:/nxp/lpcxpresso_8.2.2_650/lpcxpresso/tools/bin/../lib/gcc/arm-none-eabi/5.4.1/../../../../arm-none-eabi/lib/armv7-m\libcr_newlib_semihost.a(syscalls.o)
 .data          0x100004ec        0x0 d:/nxp/lpcxpresso_8.2.2_650/lpcxpresso/tools/bin/../lib/gcc/arm-none-eabi/5.4.1/armv7-m\libgcc.a(_arm_cmpdf2.o)
 .data          0x100004ec        0x0 d:/nxp/lpcxpresso_8.2.2_650/lpcxpresso/tools/bin/../lib/gcc/arm-none-eabi/5.4.1/armv7-m\libgcc.a(_arm_unorddf2.o)
 .data          0x100004ec        0x0 d:/nxp/lpcxpresso_8.2.2_650/lpcxpresso/tools/bin/../lib/gcc/arm-none-eabi/5.4.1/armv7-m\libgcc.a(_aeabi_uldivmod.o)
 .data          0x100004ec        0x0 d:/nxp/lpcxpresso_8.2.2_650/lpcxpresso/tools/bin/../lib/gcc/arm-none-eabi/5.4.1/armv7-m\libgcc.a(_udivmoddi4.o)
 .data          0x100004ec        0x0 d:/nxp/lpcxpresso_8.2.2_650/lpcxpresso/tools/bin/../lib/gcc/arm-none-eabi/5.4.1/armv7-m\libgcc.a(_dvmd_tls.o)
 .data          0x100004ec        0x0 d:/nxp/lpcxpresso_8.2.2_650/lpcxpresso/tools/bin/../lib/gcc/arm-none-eabi/5.4.1/../../../../arm-none-eabi/lib/armv7-m\libc.a(lib_a-errno.o)