Archive member included to satisfy reference by file (symbol)

../Libraries\libCMSISv2_LPC17xx.a(system_LPC17xx.o)
                              ./src/drivers/uart/uart.o (SystemFrequency)
d:/nxp/lpcxpresso_8.2.2_650/lpcxpresso/tools/bin/../lib/gcc/arm-none-eabi/5.4.1/armv7-m\libgcc.a(_arm_addsubdf3.o)
                              ./src/pi7/comunicacao_pic/comunicacao_pic.o (__aeabi_f2d)
d:/nxp/lpcxpresso_8.2.2_650/lpcxpresso/tools/bin/../lib/gcc/arm-none-eabi/5.4.1/armv7-m\libgcc.a(_arm_fixsfsi.o)
                              ./src/pi7/interpretador_comando/interpretador_comando.o (__aeabi_f2iz)
d:/nxp/lpcxpresso_8.2.2_650/lpcxpresso/tools/bin/../lib/gcc/arm-none-eabi/5.4.1/../../../../arm-none-eabi/lib/armv7-m\libc.a(lib_a-memcpy.o)
                              ./src/drivers/console/alloc.o (memcpy)
d:/nxp/lpcxpresso_8.2.2_650/lpcxpresso/tools/bin/../lib/gcc/arm-none-eabi/5.4.1/../../../../arm-none-eabi/lib/armv7-m\libc.a(lib_a-memset.o)
                              ./FreeRTOS_src/tasks.o (memset)
d:/nxp/lpcxpresso_8.2.2_650/lpcxpresso/tools/bin/../lib/gcc/arm-none-eabi/5.4.1/../../../../arm-none-eabi/lib/armv7-m\libc.a(lib_a-printf.o)
                              ./src/pi7/interpretador_comando/interpretador_comando.o (printf)
d:/nxp/lpcxpresso_8.2.2_650/lpcxpresso/tools/bin/../lib/gcc/arm-none-eabi/5.4.1/../../../../arm-none-eabi/lib/armv7-m\libc.a(lib_a-sprintf.o)
                              ./src/drivers/console/basic_io.o (sprintf)
d:/nxp/lpcxpresso_8.2.2_650/lpcxpresso/tools/bin/../lib/gcc/arm-none-eabi/5.4.1/../../../../arm-none-eabi/lib/armv7-m\libc.a(lib_a-strcat.o)
                              ./FreeRTOS_src/tasks.o (strcat)
d:/nxp/lpcxpresso_8.2.2_650/lpcxpresso/tools/bin/../lib/gcc/arm-none-eabi/5.4.1/../../../../arm-none-eabi/lib/armv7-m\libc.a(lib_a-strcpy.o)
                              d:/nxp/lpcxpresso_8.2.2_650/lpcxpresso/tools/bin/../lib/gcc/arm-none-eabi/5.4.1/../../../../arm-none-eabi/lib/armv7-m\libc.a(lib_a-strcat.o) (strcpy)
d:/nxp/lpcxpresso_8.2.2_650/lpcxpresso/tools/bin/../lib/gcc/arm-none-eabi/5.4.1/../../../../arm-none-eabi/lib/armv7-m\libc.a(lib_a-strlen-stub.o)
                              ./src/drivers/console/consoleprint.o (strlen)
d:/nxp/lpcxpresso_8.2.2_650/lpcxpresso/tools/bin/../lib/gcc/arm-none-eabi/5.4.1/../../../../arm-none-eabi/lib/armv7-m\libc.a(lib_a-strncpy.o)
                              ./FreeRTOS_src/tasks.o (strncpy)
d:/nxp/lpcxpresso_8.2.2_650/lpcxpresso/tools/bin/../lib/gcc/arm-none-eabi/5.4.1/../../../../arm-none-eabi/lib/armv7-m\libc.a(lib_a-svfprintf.o)
                              d:/nxp/lpcxpresso_8.2.2_650/lpcxpresso/tools/bin/../lib/gcc/arm-none-eabi/5.4.1/../../../../arm-none-eabi/lib/armv7-m\libc.a(lib_a-sprintf.o) (_svfprintf_r)
d:/nxp/lpcxpresso_8.2.2_650/lpcxpresso/tools/bin/../lib/gcc/arm-none-eabi/5.4.1/../../../../arm-none-eabi/lib/armv7-m\libc.a(lib_a-vfprintf.o)
                              d:/nxp/lpcxpresso_8.2.2_650/lpcxpresso/tools/bin/../lib/gcc/arm-none-eabi/5.4.1/../../../../arm-none-eabi/lib/armv7-m\libc.a(lib_a-printf.o) (_vfprintf_r)
d:/nxp/lpcxpresso_8.2.2_650/lpcxpresso/tools/bin/../lib/gcc/arm-none-eabi/5.4.1/../../../../arm-none-eabi/lib/armv7-m\libc.a(lib_a-wsetup.o)
                              d:/nxp/lpcxpresso_8.2.2_650/lpcxpresso/tools/bin/../lib/gcc/arm-none-eabi/5.4.1/../../../../arm-none-eabi/lib/armv7-m\libc.a(lib_a-vfprintf.o) (__swsetup_r)
d:/nxp/lpcxpresso_8.2.2_650/lpcxpresso/tools/bin/../lib/gcc/arm-none-eabi/5.4.1/../../../../arm-none-eabi/lib/armv7-m\libc.a(lib_a-dtoa.o)
                              d:/nxp/lpcxpresso_8.2.2_650/lpcxpresso/tools/bin/../lib/gcc/arm-none-eabi/5.4.1/../../../../arm-none-eabi/lib/armv7-m\libc.a(lib_a-svfprintf.o) (_dtoa_r)
d:/nxp/lpcxpresso_8.2.2_650/lpcxpresso/tools/bin/../lib/gcc/arm-none-eabi/5.4.1/../../../../arm-none-eabi/lib/armv7-m\libc.a(lib_a-fflush.o)
                              d:/nxp/lpcxpresso_8.2.2_650/lpcxpresso/tools/bin/../lib/gcc/arm-none-eabi/5.4.1/../../../../arm-none-eabi/lib/armv7-m\libc.a(lib_a-vfprintf.o) (_fflush_r)
d:/nxp/lpcxpresso_8.2.2_650/lpcxpresso/tools/bin/../lib/gcc/arm-none-eabi/5.4.1/../../../../arm-none-eabi/lib/armv7-m\libc.a(lib_a-findfp.o)
                              d:/nxp/lpcxpresso_8.2.2_650/lpcxpresso/tools/bin/../lib/gcc/arm-none-eabi/5.4.1/../../../../arm-none-eabi/lib/armv7-m\libc.a(lib_a-vfprintf.o) (__sinit)
d:/nxp/lpcxpresso_8.2.2_650/lpcxpresso/tools/bin/../lib/gcc/arm-none-eabi/5.4.1/../../../../arm-none-eabi/lib/armv7-m\libc.a(lib_a-fwalk.o)
                              d:/nxp/lpcxpresso_8.2.2_650/lpcxpresso/tools/bin/../lib/gcc/arm-none-eabi/5.4.1/../../../../arm-none-eabi/lib/armv7-m\libc.a(lib_a-findfp.o) (_fwalk)
d:/nxp/lpcxpresso_8.2.2_650/lpcxpresso/tools/bin/../lib/gcc/arm-none-eabi/5.4.1/../../../../arm-none-eabi/lib/armv7-m\libc.a(lib_a-impure.o)
[...]
Memory Configuration

Name             Origin             Length             Attributes
MFlash512        0x00000000         0x00080000         xr
RamLoc32         0x10000000         0x00008000         xrw
RamAHB32         0x2007c000         0x00008000         xrw
*default*        0x00000000         0xffffffff

Linker script and memory map

LOAD ./src/pi7/programa_trajetoria/programa_trajetoria.o
LOAD ./src/pi7/interpretador_comando/interpretador_comando.o
LOAD ./src/pi7/estado_trajetoria/estado_trajetoria.o
LOAD ./src/pi7/controlador_trajetoria/controlador_trajetoria.o
LOAD ./src/pi7/comunicacao_pic/comunicacao_pic.o
LOAD ./src/pi7/comunicacao_pc/modbus.o
LOAD ./src/drivers/uart/uart.o
LOAD ./src/drivers/pwm/pwm.o
LOAD ./src/drivers/ledonboard/leds.o
LOAD ./src/drivers/console/alloc.o
LOAD ./src/drivers/console/basic_io.o
LOAD ./src/drivers/console/consoleprint.o
LOAD ./src/cr_startup_lpc17.o
LOAD ./src/main.o
LOAD ./FreeRTOS_src/croutine.o
LOAD ./FreeRTOS_src/list.o
LOAD ./FreeRTOS_src/queue.o
LOAD ./FreeRTOS_src/tasks.o
LOAD ./FreeRTOS_src/timers.o
LOAD ./FreeRTOS_portable/MemMang/heap_2.o
LOAD ./FreeRTOS_portable/port.o
LOAD ../Libraries\libCMSISv2_LPC17xx.a
START GROUP
LOAD d:/nxp/lpcxpresso_8.2.2_650/lpcxpresso/tools/bin/../lib/gcc/arm-none-eabi/5.4.1/armv7-m\libgcc.a
LOAD d:/nxp/lpcxpresso_8.2.2_650/lpcxpresso/tools/bin/../lib/gcc/arm-none-eabi/5.4.1/../../../../arm-none-eabi/lib/armv7-m\libc.a
LOAD d:/nxp/lpcxpresso_8.2.2_650/lpcxpresso/tools/bin/../lib/gcc/arm-none-eabi/5.4.1/../../../../arm-none-eabi/lib/armv7-m\libm.a
LOAD d:/nxp/lpcxpresso_8.2.2_650/lpcxpresso/tools/bin/../lib/gcc/arm-none-eabi/5.4.1/../../../../arm-none-eabi/lib/armv7-m\libcr_newlib_semihost.a
END GROUP
                0x00000000                __base_MFlash512 = 0x0
                0x00000000                __base_Flash = 0x0
                0x00080000                __top_MFlash512 = 0x80000
                0x00080000                __top_Flash = 0x80000
                0x10000000                __base_RamLoc32 = 0x10000000
                0x10000000                __base_RAM = 0x10000000
                0x10008000                __top_RamLoc32 = 0x10008000
                0x10008000                __top_RAM = 0x10008000
                0x2007c000                __base_RamAHB32 = 0x2007c000
                0x2007c000                __base_RAM2 = 0x2007c000
                0x20084000                __top_RamAHB32 = 0x20084000
                0x20084000                __top_RAM2 = 0x20084000

.text           0x00000000     0xb6d0
 FILL mask 0xff
                0x00000000                __vectors_start__ = ABSOLUTE (.)
 *(.isr_vector)
 .isr_vector    0x00000000       0xcc ./src/cr_startup_lpc17.o
                0x00000000                g_pfnVectors
                0x000000cc                . = ALIGN (0x4)
                0x000000cc                __section_table_start = .
                0x000000cc                __data_section_table = .
                0x000000cc        0x4 LONG 0xb6d8 LOADADDR (.data)
                0x000000d0        0x4 LONG 0x10000000 ADDR (.data)
                0x000000d4        0x4 LONG 0x4ec SIZEOF (.data)
                0x000000d8        0x4 LONG 0xb6d8 LOADADDR (.data_RAM2)
                0x000000dc        0x4 LONG 0x2007c000 ADDR (.data_RAM2)
                0x000000e0        0x4 LONG 0x0 SIZEOF (.data_RAM2)
                0x000000e4                __data_section_table_end = .
                0x000000e4                __bss_section_table = .
                0x000000e4        0x4 LONG 0x100004f0 ADDR (.bss)
                0x000000e8        0x4 LONG 0x59b8 SIZEOF (.bss)
                0x000000ec        0x4 LONG 0x2007c000 ADDR (.bss_RAM2)
                0x000000f0        0x4 LONG 0x0 SIZEOF (.bss_RAM2)
                0x000000f4                __bss_section_table_end = .
                0x000000f4                __section_table_end = .
 *(.after_vectors*)
 *(.text*)
 .text          0x000000f4        0x0 ./src/pi7/programa_trajetoria/programa_trajetoria.o
 .text.ptj_storeProgram
                0x000000f4        0x2 ./src/pi7/programa_trajetoria/programa_trajetoria.o
                0x000000f4                ptj_storeProgram
 *fill*         0x000000f6        0x2 ff
 .text.ptj_getLine
                0x000000f8       0x1c ./src/pi7/programa_trajetoria/programa_trajetoria.o
                0x000000f8                ptj_getLine
 .text.ptj_init
                0x00000114       0x1c ./src/pi7/programa_trajetoria/programa_trajetoria.o
                0x00000114                ptj_init
 .text          0x00000130        0x0 ./src/pi7/interpretador_comando/interpretador_comando.o
 .text.setAUX   0x00000130        0xc ./src/pi7/interpretador_comando/interpretador_comando.o
                0x00000130                setAUX
 .text.getAUX   0x0000013c        0xc ./src/pi7/interpretador_comando/interpretador_comando.o
                0x0000013c                getAUX
 .text.ctl_ReadRegister
                0x00000148       0x44 ./src/pi7/interpretador_comando/interpretador_comando.o
                0x00000148                ctl_ReadRegister
 .text.ctl_WriteRegister
                0x0000018c       0x64 ./src/pi7/interpretador_comando/interpretador_comando.o
                0x0000018c                ctl_WriteRegister
 .text.ctl_WriteProgram
                0x000001f0        0x4 ./src/pi7/interpretador_comando/interpretador_comando.o
                0x000001f0                ctl_WriteProgram
 .text.ctl_init
                0x000001f4        0x2 ./src/pi7/interpretador_comando/interpretador_comando.o
                0x000001f4                ctl_init
 .text          0x000001f6        0x0 ./src/pi7/estado_trajetoria/estado_trajetoria.o
 *fill*         0x000001f6        0x2 ff
 .text.stt_getCurrentLine
                0x000001f8        0xc ./src/pi7/estado_trajetoria/estado_trajetoria.o
                0x000001f8                stt_getCurrentLine
 .text.stt_setCurrentLine
                0x00000204        0xc ./src/pi7/estado_trajetoria/estado_trajetoria.o
                0x00000204                stt_setCurrentLine
 .text.stt_getX
                0x00000210        0xc ./src/pi7/estado_trajetoria/estado_trajetoria.o
                0x00000210                stt_getX
 .text.stt_getY
                0x0000021c        0xc ./src/pi7/estado_trajetoria/estado_trajetoria.o
                0x0000021c                stt_getY
 .text.stt_getZ
                0x00000228        0xc ./src/pi7/estado_trajetoria/estado_trajetoria.o
                0x00000228                stt_getZ
 .text.stt_setX
                0x00000234        0xc ./src/pi7/estado_trajetoria/estado_trajetoria.o
                0x00000234                stt_setX
 .text.stt_setY
                0x00000240        0xc ./src/pi7/estado_trajetoria/estado_trajetoria.o
                0x00000240                stt_setY
 .text.stt_setZ
                0x0000024c        0xc ./src/pi7/estado_trajetoria/estado_trajetoria.o
                0x0000024c                stt_setZ
 .text.stt_init
                0x00000258        0x2 ./src/pi7/estado_trajetoria/estado_trajetoria.o
                0x00000258                stt_init
 .text          0x0000025a        0x0 ./src/pi7/controlador_trajetoria/controlador_trajetoria.o
 *fill*         0x0000025a        0x2 ff
 .text.trj_generateSetpoint
                0x0000025c       0x54 ./src/pi7/controlador_trajetoria/controlador_trajetoria.o
                0x0000025c                trj_generateSetpoint
 .text.trj_processCommand
                0x000002b0       0x3c ./src/pi7/controlador_trajetoria/controlador_trajetoria.o
                0x000002b0                trj_processCommand
 .text.trj_init
                0x000002ec        0xc ./src/pi7/controlador_trajetoria/controlador_trajetoria.o
                0x000002ec                trj_init
 .text          0x000002f8        0x0 ./src/pi7/comunicacao_pic/comunicacao_pic.o
 .text.pic_sendToPIC
                0x000002f8       0x3c ./src/pi7/comunicacao_pic/comunicacao_pic.o
                0x000002f8                pic_sendToPIC
 .text.pic_init
                0x00000334        0x2 ./src/pi7/comunicacao_pic/comunicacao_pic.o
                0x00000334                pic_init
 .text          0x00000336        0x0 ./src/pi7/comunicacao_pc/modbus.o
 .text.decode   0x00000336       0x20 ./src/pi7/comunicacao_pc/modbus.o
                0x00000336                decode
 .text.encodeLow
                0x00000356        0xe ./src/pi7/comunicacao_pc/modbus.o
                0x00000356                encodeLow
 .text.encodeHigh
                0x00000364        0xc ./src/pi7/comunicacao_pc/modbus.o
                0x00000364                encodeHigh
 .text.putCharToSerial
                0x00000370       0x30 ./src/pi7/comunicacao_pc/modbus.o
                0x00000370                putCharToSerial
 .text.getCharFromSerial
                0x000003a0       0x34 ./src/pi7/comunicacao_pc/modbus.o
                0x000003a0                getCharFromSerial
 .text.myLRC    0x000003d4       0x1c ./src/pi7/comunicacao_pc/modbus.o
                0x000003d4                myLRC
 .text.calculateLRC
                0x000003f0        0x4 ./src/pi7/comunicacao_pc/modbus.o
                0x000003f0                calculateLRC
 .text.checkLRC
                0x000003f4       0x50 ./src/pi7/comunicacao_pc/modbus.o
                0x000003f4                checkLRC
 .text.processReadRegister
                0x00000444       0x78 ./src/pi7/comunicacao_pc/modbus.o
                0x00000444                processReadRegister
 .text.processWriteRegister
                0x000004bc       0x98 ./src/pi7/comunicacao_pc/modbus.o
                0x000004bc                processWriteRegister
 .text.processWriteFile
                0x00000554        0x2 ./src/pi7/comunicacao_pc/modbus.o
                0x00000554                processWriteFile
 *fill*         0x00000556        0x2 ff
 .text.decodeFunctionCode
                0x00000558       0x14 ./src/pi7/comunicacao_pc/modbus.o
                0x00000558                decodeFunctionCode
 .text.processMessage
                0x0000056c       0x2c ./src/pi7/comunicacao_pc/modbus.o
                0x0000056c                processMessage
 .text.receiveMessage
                0x00000598       0x70 ./src/pi7/comunicacao_pc/modbus.o
                0x00000598                receiveMessage
 .text.com_init
                0x00000608       0x1c ./src/pi7/comunicacao_pc/modbus.o
                0x00000608                com_init
 .text.com_executeCommunication
                0x00000624       0x1c ./src/pi7/comunicacao_pc/modbus.o
                0x00000624                com_executeCommunication
 .text          0x00000640        0x0 ./src/drivers/uart/uart.o
 .text.UARTGetChar
                0x00000640       0x3c ./src/drivers/uart/uart.o
                0x00000640                UARTGetChar
 .text.UART0_IRQHandler
                0x0000067c       0xb8 ./src/drivers/uart/uart.o
                0x0000067c                UART0_IRQHandler
 .text.UART1_IRQHandler
                0x00000734       0xb8 ./src/drivers/uart/uart.o
                0x00000734                UART1_IRQHandler
 .text.UARTInit
                0x000007ec      0x104 ./src/drivers/uart/uart.o
                0x000007ec                UARTInit
 .text.UARTSend
                0x000008f0       0x50 ./src/drivers/uart/uart.o
                0x000008f0                UARTSend
 .text.UARTSendNullTerminated
                0x00000940       0x50 ./src/drivers/uart/uart.o
                0x00000940                UARTSendNullTerminated
 .text          0x00000990        0x0 ./src/drivers/pwm/pwm.o
 .text.PWM1_IRQHandler
                0x00000990       0x20 ./src/drivers/pwm/pwm.o
                0x00000990                PWM1_IRQHandler
 .text.PWM_Init
                0x000009b0       0x70 ./src/drivers/pwm/pwm.o
                0x000009b0                PWM_Init
 .text.PWM_Set  0x00000a20       0x1c ./src/drivers/pwm/pwm.o
                0x00000a20                PWM_Set
 .text.PWM_Start
                0x00000a3c       0x18 ./src/drivers/pwm/pwm.o
                0x00000a3c                PWM_Start
 .text.PWM_Stop
                0x00000a54       0x14 ./src/drivers/pwm/pwm.o
                0x00000a54                PWM_Stop
 .text          0x00000a68        0x0 ./src/drivers/ledonboard/leds.o
 .text.led2_init
                0x00000a68       0x20 ./src/drivers/ledonboard/leds.o
                0x00000a68                led2_init
 .text.led2_on  0x00000a88       0x10 ./src/drivers/ledonboard/leds.o
                0x00000a88                led2_on
 .text.led2_off
                0x00000a98       0x10 ./src/drivers/ledonboard/leds.o
                0x00000a98                led2_off
 .text.led2_invert
                0x00000aa8       0x18 ./src/drivers/ledonboard/leds.o
                0x00000aa8                led2_invert
 .text.led2_from_button
                0x00000ac0       0x1c ./src/drivers/ledonboard/leds.o
                0x00000ac0                led2_from_button
 .text          0x00000adc        0x0 ./src/drivers/console/alloc.o
 .text._realloc_r
                0x00000adc       0x2a ./src/drivers/console/alloc.o
                0x00000adc                _realloc_r
 .text._calloc_r
                0x00000b06        0x8 ./src/drivers/console/alloc.o
                0x00000b06                _calloc_r
 .text._malloc_r
                0x00000b0e        0x6 ./src/drivers/console/alloc.o
                0x00000b0e                _malloc_r
 .text._free_r  0x00000b14        0x6 ./src/drivers/console/alloc.o
                0x00000b14                _free_r
 .text          0x00000b1a        0x0 ./src/drivers/console/basic_io.o
 *fill*         0x00000b1a        0x2 ff
 .text.vPrintString
                0x00000b1c       0x20 ./src/drivers/console/basic_io.o
                0x00000b1c                vPrintString
 .text.vPrintStringAndNumber
                0x00000b3c       0x30 ./src/drivers/console/basic_io.o
                0x00000b3c                vPrintStringAndNumber
 .text          0x00000b6c        0x0 ./src/drivers/console/consoleprint.o
 .text.consoleprint
                0x00000b6c       0x16 ./src/drivers/console/consoleprint.o
                0x00000b6c                consoleprint
 .text          0x00000b82        0x0 ./src/cr_startup_lpc17.o
 .text.NMI_Handler
                0x00000b82        0x2 ./src/cr_startup_lpc17.o
                0x00000b82                NMI_Handler
 .text.HardFault_Handler
                0x00000b84        0x2 ./src/cr_startup_lpc17.o
                0x00000b84                HardFault_Handler
 .text.MemManage_Handler
                0x00000b86        0x2 ./src/cr_startup_lpc17.o
                0x00000b86                MemManage_Handler
 .text.BusFault_Handler
                0x00000b88        0x2 ./src/cr_startup_lpc17.o
                0x00000b88                BusFault_Handler
 .text.UsageFault_Handler
                0x00000b8a        0x2 ./src/cr_startup_lpc17.o
                0x00000b8a                UsageFault_Handler
 .text.DebugMon_Handler
                0x00000b8c        0x2 ./src/cr_startup_lpc17.o
                0x00000b8c                DebugMon_Handler
 .text.IntDefaultHandler
                0x00000b8e        0x2 ./src/cr_startup_lpc17.o
                0x00000b8e                TIMER2_IRQHandler
                0x00000b8e                RIT_IRQHandler
                0x00000b8e                I2C0_IRQHandler
                0x00000b8e                USBActivity_IRQHandler
                0x00000b8e                I2C1_IRQHandler
                0x00000b8e                EINT2_IRQHandler
                0x00000b8e                EINT3_IRQHandler
                0x00000b8e                CANActivity_IRQHandler
                0x00000b8e                TIMER3_IRQHandler
                0x00000b8e                IntDefaultHandler
                0x00000b8e                PLL0_IRQHandler
                0x00000b8e                CAN_IRQHandler
                0x00000b8e                PLL1_IRQHandler
                0x00000b8e                SSP0_IRQHandler
                0x00000b8e                I2S_IRQHandler
                0x00000b8e                I2C2_IRQHandler
                0x00000b8e                RTC_IRQHandler
                0x00000b8e                TIMER0_IRQHandler
                0x00000b8e                SPI_IRQHandler
                0x00000b8e                EINT1_IRQHandler
                0x00000b8e                TIMER1_IRQHandler
                0x00000b8e                UART2_IRQHandler
                0x00000b8e                ADC_IRQHandler
                0x00000b8e                SSP1_IRQHandler
                0x00000b8e                USB_IRQHandler
                0x00000b8e                BOD_IRQHandler
                0x00000b8e                WDT_IRQHandler
                0x00000b8e                QEI_IRQHandler
                0x00000b8e                EINT0_IRQHandler
                0x00000b8e                DMA_IRQHandler
                0x00000b8e                UART3_IRQHandler
                0x00000b8e                MCPWM_IRQHandler
                0x00000b8e                ENET_IRQHandler
 .text.ResetISR
                0x00000b90       0x48 ./src/cr_startup_lpc17.o
                0x00000b90                ResetISR
 .text          0x00000bd8        0x0 ./src/main.o
 .text.taskController
                0x00000bd8       0x14 ./src/main.o
                0x00000bd8                taskController
 .text.taskBlinkLed
                0x00000bec       0x2c ./src/main.o
                0x00000bec                taskBlinkLed
 .text.__error__
                0x00000c18        0x2 ./src/main.o
                0x00000c18                __error__
 *fill*         0x00000c1a        0x2 ff
 .text.taskNCProcessing
                0x00000c1c       0x3c ./src/main.o
                0x00000c1c                taskNCProcessing
 .text.taskCommPIC
                0x00000c58       0x24 ./src/main.o
                0x00000c58                taskCommPIC
 .text.startup.main
                0x00000c7c       0xc0 ./src/main.o
                0x00000c7c                main
 .text          0x00000d3c        0x0 ./FreeRTOS_src/croutine.o
 .text.xCoRoutineCreate
                0x00000d3c       0xc4 ./FreeRTOS_src/croutine.o
                0x00000d3c                xCoRoutineCreate
 .text.vCoRoutineAddToDelayedList
                0x00000e00       0x4c ./FreeRTOS_src/croutine.o
                0x00000e00                vCoRoutineAddToDelayedList
 .text.vCoRoutineSchedule
                0x00000e4c      0x164 ./FreeRTOS_src/croutine.o
                0x00000e4c                vCoRoutineSchedule
 .text.xCoRoutineRemoveFromEventList
                0x00000fb0       0x34 ./FreeRTOS_src/croutine.o
                0x00000fb0                xCoRoutineRemoveFromEventList
 .text          0x00000fe4        0x0 ./FreeRTOS_src/list.o
 .text.vListInitialise
                0x00000fe4       0x16 ./FreeRTOS_src/list.o
                0x00000fe4                vListInitialise
 .text.vListInitialiseItem
                0x00000ffa        0x6 ./FreeRTOS_src/list.o
                0x00000ffa                vListInitialiseItem
 .text.vListInsertEnd
                0x00001000       0x1a ./FreeRTOS_src/list.o
                0x00001000                vListInsertEnd
 .text.vListInsert
                0x0000101a       0x30 ./FreeRTOS_src/list.o
                0x0000101a                vListInsert
 .text.vListRemove
                0x0000104a       0x20 ./FreeRTOS_src/list.o
                0x0000104a                vListRemove
 .text          0x0000106a        0x0 ./FreeRTOS_src/queue.o
 .text.prvCopyDataToQueue
                0x0000106a       0x58 ./FreeRTOS_src/queue.o
 .text.prvCopyDataFromQueue
                0x000010c2       0x26 ./FreeRTOS_src/queue.o
 .text.prvUnlockQueue
                0x000010e8       0x68 ./FreeRTOS_src/queue.o
 .text.xQueueCreate
                0x00001150       0x68 ./FreeRTOS_src/queue.o
                0x00001150                xQueueCreate
 .text.xQueueGenericSend
                0x000011b8       0xd0 ./FreeRTOS_src/queue.o
                0x000011b8                xQueueGenericSend
 .text.xQueueCreateMutex
                0x00001288       0x44 ./FreeRTOS_src/queue.o
                0x00001288                xQueueCreateMutex
 .text.xQueueGiveMutexRecursive
                0x000012cc       0x2a ./FreeRTOS_src/queue.o
                0x000012cc                xQueueGiveMutexRecursive
 .text.xQueueGenericSendFromISR
                0x000012f6       0x4e ./FreeRTOS_src/queue.o
                0x000012f6                xQueueGenericSendFromISR
 .text.xQueueGenericReceive
                0x00001344      0x104 ./FreeRTOS_src/queue.o
                0x00001344                xQueueGenericReceive
 .text.xQueueTakeMutexRecursive
                0x00001448       0x32 ./FreeRTOS_src/queue.o
                0x00001448                xQueueTakeMutexRecursive
 .text.xQueueReceiveFromISR
                0x0000147a       0x4a ./FreeRTOS_src/queue.o
                0x0000147a                xQueueReceiveFromISR
 .text.uxQueueMessagesWaiting
                0x000014c4       0x12 ./FreeRTOS_src/queue.o
                0x000014c4                uxQueueMessagesWaiting
 .text.uxQueueMessagesWaitingFromISR
                0x000014d6        0x4 ./FreeRTOS_src/queue.o
                0x000014d6                uxQueueMessagesWaitingFromISR
 *fill*         0x000014da        0x2 ff
 .text.vQueueDelete
                0x000014dc       0x38 ./FreeRTOS_src/queue.o
                0x000014dc                vQueueDelete
 .text.xQueueIsQueueEmptyFromISR
                0x00001514        0xa ./FreeRTOS_src/queue.o
                0x00001514                xQueueIsQueueEmptyFromISR
 .text.xQueueIsQueueFullFromISR
                0x0000151e        0xc ./FreeRTOS_src/queue.o
                0x0000151e                xQueueIsQueueFullFromISR
 *fill*         0x0000152a        0x2 ff
 .text.vQueueAddToRegistry
                0x0000152c       0x28 ./FreeRTOS_src/queue.o
                0x0000152c                vQueueAddToRegistry
 .text          0x00001554        0x0 ./FreeRTOS_src/tasks.o
 .text.prvAddCurrentTaskToDelayedList
                0x00001554       0x50 ./FreeRTOS_src/tasks.o
 .text.prvListTaskWithinSingleList
                0x000015a4       0x78 ./FreeRTOS_src/tasks.o
 .text.xTaskGenericCreate
                0x0000161c      0x194 ./FreeRTOS_src/tasks.o
                0x0000161c                xTaskGenericCreate
 .text.vTaskDelete
                0x000017b0       0x70 ./FreeRTOS_src/tasks.o
                0x000017b0                vTaskDelete
 .text.uxTaskPriorityGet
                0x00001820       0x1c ./FreeRTOS_src/tasks.o
                0x00001820                uxTaskPriorityGet
 .text.vTaskPrioritySet
                0x0000183c       0x94 ./FreeRTOS_src/tasks.o
                0x0000183c                vTaskPrioritySet
 .text.xTaskIsTaskSuspended
                0x000018d0       0x24 ./FreeRTOS_src/tasks.o
                0x000018d0                xTaskIsTaskSuspended
 .text.vTaskResume
                0x000018f4       0x64 ./FreeRTOS_src/tasks.o
                0x000018f4                vTaskResume
 .text.xTaskResumeFromISR
                0x00001958       0x6c ./FreeRTOS_src/tasks.o
                0x00001958                xTaskResumeFromISR
 .text.vTaskStartScheduler
                0x000019c4       0x4c ./FreeRTOS_src/tasks.o
                0x000019c4                vTaskStartScheduler
 .text.vTaskEndScheduler
                0x00001a10       0x18 ./FreeRTOS_src/tasks.o
                0x00001a10                vTaskEndScheduler
 .text.vTaskSuspendAll
                0x00001a28       0x10 ./FreeRTOS_src/tasks.o
                0x00001a28                vTaskSuspendAll
 .text.xTaskGetTickCount
                0x00001a38       0x18 ./FreeRTOS_src/tasks.o
                0x00001a38                xTaskGetTickCount
 .text.xTaskGetTickCountFromISR
                0x00001a50       0x1c ./FreeRTOS_src/tasks.o
                0x00001a50                xTaskGetTickCountFromISR
 .text.uxTaskGetNumberOfTasks
                0x00001a6c        0xc ./FreeRTOS_src/tasks.o
                0x00001a6c                uxTaskGetNumberOfTasks
 .text.vTaskStartTrace
                0x00001a78       0x38 ./FreeRTOS_src/tasks.o
                0x00001a78                vTaskStartTrace
 .text.ulTaskEndTrace
                0x00001ab0       0x28 ./FreeRTOS_src/tasks.o
                0x00001ab0                ulTaskEndTrace
 .text.vTaskIncrementTick
                0x00001ad8       0xe0 ./FreeRTOS_src/tasks.o
                0x00001ad8                vTaskIncrementTick
 .text.xTaskResumeAll
                0x00001bb8       0xc8 ./FreeRTOS_src/tasks.o
                0x00001bb8                xTaskResumeAll
 .text.vTaskDelayUntil
                0x00001c80       0x5c ./FreeRTOS_src/tasks.o
                0x00001c80                vTaskDelayUntil
 .text.vTaskDelay
                0x00001cdc       0x38 ./FreeRTOS_src/tasks.o
                0x00001cdc                vTaskDelay
 .text.prvIdleTask
                0x00001d14       0x60 ./FreeRTOS_src/tasks.o
 .text.vTaskList
                0x00001d74       0xa8 ./FreeRTOS_src/tasks.o
                0x00001d74                vTaskList
 .text.vTaskSwitchContext
                0x00001e1c       0xc4 ./FreeRTOS_src/tasks.o
                0x00001e1c                vTaskSwitchContext
 .text.vTaskSuspend
                0x00001ee0       0x74 ./FreeRTOS_src/tasks.o
                0x00001ee0                vTaskSuspend
 .text.vTaskPlaceOnEventList
                0x00001f54       0x44 ./FreeRTOS_src/tasks.o
                0x00001f54                vTaskPlaceOnEventList
 .text.xTaskRemoveFromEventList
                0x00001f98       0x64 ./FreeRTOS_src/tasks.o
                0x00001f98                xTaskRemoveFromEventList
 .text.vTaskSetTimeOutState
                0x00001ffc       0x18 ./FreeRTOS_src/tasks.o
                0x00001ffc                vTaskSetTimeOutState
 .text.xTaskCheckForTimeOut
                0x00002014       0x54 ./FreeRTOS_src/tasks.o
                0x00002014                xTaskCheckForTimeOut
 .text.vTaskMissedYield
                0x00002068        0xc ./FreeRTOS_src/tasks.o
                0x00002068                vTaskMissedYield
 .text.uxTaskGetStackHighWaterMark
                0x00002074       0x20 ./FreeRTOS_src/tasks.o
                0x00002074                uxTaskGetStackHighWaterMark
 .text.xTaskGetCurrentTaskHandle
                0x00002094        0xc ./FreeRTOS_src/tasks.o
                0x00002094                xTaskGetCurrentTaskHandle
 .text.vTaskPriorityInherit
                0x000020a0       0x68 ./FreeRTOS_src/tasks.o
                0x000020a0                vTaskPriorityInherit
 .text.vTaskPriorityDisinherit
                0x00002108       0x48 ./FreeRTOS_src/tasks.o
                0x00002108                vTaskPriorityDisinherit
 .text          0x00002150        0x0 ./FreeRTOS_src/timers.o
 .text          0x00002150        0x0 ./FreeRTOS_portable/MemMang/heap_2.o
 .text.pvPortMalloc
                0x00002150       0xb4 ./FreeRTOS_portable/MemMang/heap_2.o
                0x00002150                pvPortMalloc
 .text.vPortFree
                0x00002204       0x40 ./FreeRTOS_portable/MemMang/heap_2.o
                0x00002204                vPortFree
 .text.xPortGetFreeHeapSize
                0x00002244        0xc ./FreeRTOS_portable/MemMang/heap_2.o
                0x00002244                xPortGetFreeHeapSize
 .text.vPortInitialiseBlocks
                0x00002250        0x2 ./FreeRTOS_portable/MemMang/heap_2.o
                0x00002250                vPortInitialiseBlocks
 .text          0x00002252        0x0 ./FreeRTOS_portable/port.o
 .text.pxPortInitialiseStack
                0x00002252       0x16 ./FreeRTOS_portable/port.o
                0x00002252                pxPortInitialiseStack
 .text.vPortSVCHandler
                0x00002268       0x20 ./FreeRTOS_portable/port.o
                0x00002268                vPortSVCHandler
 .text.vPortStartFirstTask
                0x00002288       0x14 ./FreeRTOS_portable/port.o
                0x00002288                vPortStartFirstTask
 .text.xPortStartScheduler
                0x0000229c       0x40 ./FreeRTOS_portable/port.o
                0x0000229c                xPortStartScheduler
 .text.vPortEndScheduler
                0x000022dc        0x2 ./FreeRTOS_portable/port.o
                0x000022dc                vPortEndScheduler
 *fill*         0x000022de        0x2 ff
 .text.vPortYieldFromISR
                0x000022e0       0x10 ./FreeRTOS_portable/port.o
                0x000022e0                vPortYieldFromISR
 .text.vPortEnterCritical
                0x000022f0       0x18 ./FreeRTOS_portable/port.o
                0x000022f0                vPortEnterCritical
 .text.vPortExitCritical
                0x00002308       0x18 ./FreeRTOS_portable/port.o
                0x00002308                vPortExitCritical
 .text.xPortPendSVHandler
                0x00002320       0x3c ./FreeRTOS_portable/port.o
                0x00002320                xPortPendSVHandler
 .text.xPortSysTickHandler
                0x0000235c       0x24 ./FreeRTOS_portable/port.o
                0x0000235c                xPortSysTickHandler
 .text          0x00002380        0x0 ../Libraries\libCMSISv2_LPC17xx.a(system_LPC17xx.o)
 .text.SystemInit
                0x00002380      0x1e4 ../Libraries\libCMSISv2_LPC17xx.a(system_LPC17xx.o)
                0x00002380                SystemInit
 .text.SystemClockUpdate
                0x00002564      0x224 ../Libraries\libCMSISv2_LPC17xx.a(system_LPC17xx.o)
                0x00002564                SystemClockUpdate
 .text          0x00002788      0x370 d:/nxp/lpcxpresso_8.2.2_650/lpcxpresso/tools/bin/../lib/gcc/arm-none-eabi/5.4.1/armv7-m\libgcc.a(_arm_addsubdf3.o)
                0x00002788                __aeabi_drsub
                0x00002790                __aeabi_dsub
                0x00002790                __subdf3
                0x00002794                __aeabi_dadd
                0x00002794                __adddf3
                0x00002a0c                __floatunsidf
                0x00002a0c                __aeabi_ui2d
                0x00002a2c                __floatsidf
                0x00002a2c                __aeabi_i2d
                0x00002a50                __aeabi_f2d
                0x00002a50                __extendsfdf2
                0x00002a8c                __floatundidf
                0x00002a8c                __aeabi_ul2d
                0x00002a9c                __floatdidf
                0x00002a9c                __aeabi_l2d
 .text          0x00002af8       0x4c d:/nxp/lpcxpresso_8.2.2_650/lpcxpresso/tools/bin/../lib/gcc/arm-none-eabi/5.4.1/armv7-m\libgcc.a(_arm_fixsfsi.o)
                0x00002af8                __aeabi_f2iz
                0x00002af8                __fixsfsi
 .text          0x00002b44       0xec d:/nxp/lpcxpresso_8.2.2_650/lpcxpresso/tools/bin/../lib/gcc/arm-none-eabi/5.4.1/../../../../arm-none-eabi/lib/armv7-m\libc.a(lib_a-memcpy.o)
                0x00002b44                memcpy
 .text          0x00002c30        0x0 d:/nxp/lpcxpresso_8.2.2_650/lpcxpresso/tools/bin/../lib/gcc/arm-none-eabi/5.4.1/../../../../arm-none-eabi/lib/armv7-m\libc.a(lib_a-memset.o)
 .text.memset   0x00002c30       0x9c d:/nxp/lpcxpresso_8.2.2_650/lpcxpresso/tools/bin/../lib/gcc/arm-none-eabi/5.4.1/../../../../arm-none-eabi/lib/armv7-m\libc.a(lib_a-memset.o)
                0x00002c30                memset
 .text          0x00002ccc        0x0 d:/nxp/lpcxpresso_8.2.2_650/lpcxpresso/tools/bin/../lib/gcc/arm-none-eabi/5.4.1/../../../../arm-none-eabi/lib/armv7-m\libc.a(lib_a-printf.o)
 .text._printf_r
                0x00002ccc       0x20 d:/nxp/lpcxpresso_8.2.2_650/lpcxpresso/tools/bin/../lib/gcc/arm-none-eabi/5.4.1/../../../../arm-none-eabi/lib/armv7-m\libc.a(lib_a-printf.o)
                0x00002ccc                _printf_r
 .text.printf   0x00002cec       0x28 d:/nxp/lpcxpresso_8.2.2_650/lpcxpresso/tools/bin/../lib/gcc/arm-none-eabi/5.4.1/../../../../arm-none-eabi/lib/armv7-m\libc.a(lib_a-printf.o)
                0x00002cec                printf
 .text          0x00002d14        0x0 d:/nxp/lpcxpresso_8.2.2_650/lpcxpresso/tools/bin/../lib/gcc/arm-none-eabi/5.4.1/../../../../arm-none-eabi/lib/armv7-m\libc.a(lib_a-sprintf.o)
 .text._sprintf_r
                0x00002d14       0x44 d:/nxp/lpcxpresso_8.2.2_650/lpcxpresso/tools/bin/../lib/gcc/arm-none-eabi/5.4.1/../../../../arm-none-eabi/lib/armv7-m\libc.a(lib_a-sprintf.o)
                0x00002d14                _sprintf_r
 .text.sprintf  0x00002d58       0x4c d:/nxp/lpcxpresso_8.2.2_650/lpcxpresso/tools/bin/../lib/gcc/arm-none-eabi/5.4.1/../../../../arm-none-eabi/lib/armv7-m\libc.a(lib_a-sprintf.o)
                0x00002d58                sprintf
 .text          0x00002da4        0x0 d:/nxp/lpcxpresso_8.2.2_650/lpcxpresso/tools/bin/../lib/gcc/arm-none-eabi/5.4.1/../../../../arm-none-eabi/lib/armv7-m\libc.a(lib_a-strcat.o)
 .text.strcat   0x00002da4       0x40 d:/nxp/lpcxpresso_8.2.2_650/lpcxpresso/tools/bin/../lib/gcc/arm-none-eabi/5.4.1/../../../../arm-none-eabi/lib/armv7-m\libc.a(lib_a-strcat.o)
                0x00002da4                strcat
 .text          0x00002de4        0x0 d:/nxp/lpcxpresso_8.2.2_650/lpcxpresso/tools/bin/../lib/gcc/arm-none-eabi/5.4.1/../../../../arm-none-eabi/lib/armv7-m\libc.a(lib_a-strcpy.o)
 .text.strcpy   0x00002de4       0xbc d:/nxp/lpcxpresso_8.2.2_650/lpcxpresso/tools/bin/../lib/gcc/arm-none-eabi/5.4.1/../../../../arm-none-eabi/lib/armv7-m\libc.a(lib_a-strcpy.o)
                0x00002de4                strcpy
 .text          0x00002ea0        0x0 d:/nxp/lpcxpresso_8.2.2_650/lpcxpresso/tools/bin/../lib/gcc/arm-none-eabi/5.4.1/../../../../arm-none-eabi/lib/armv7-m\libc.a(lib_a-strlen-stub.o)
 .text.strlen   0x00002ea0       0x5c d:/nxp/lpcxpresso_8.2.2_650/lpcxpresso/tools/bin/../lib/gcc/arm-none-eabi/5.4.1/../../../../arm-none-eabi/lib/armv7-m\libc.a(lib_a-strlen-stub.o)
                0x00002ea0                strlen
 .text          0x00002efc        0x0 d:/nxp/lpcxpresso_8.2.2_650/lpcxpresso/tools/bin/../lib/gcc/arm-none-eabi/5.4.1/../../../../arm-none-eabi/lib/armv7-m\libc.a(lib_a-strncpy.o)
 .text.strncpy  0x00002efc       0x68 d:/nxp/lpcxpresso_8.2.2_650/lpcxpresso/tools/bin/../lib/gcc/arm-none-eabi/5.4.1/../../../../arm-none-eabi/lib/armv7-m\libc.a(lib_a-strncpy.o)
                0x00002efc                strncpy
 .text          0x00002f64        0x0 d:/nxp/lpcxpresso_8.2.2_650/lpcxpresso/tools/bin/../lib/gcc/arm-none-eabi/5.4.1/../../../../arm-none-eabi/lib/armv7-m\libc.a(lib_a-svfprintf.o)
 .text._svfprintf_r
                0x00002f64     0x175c d:/nxp/lpcxpresso_8.2.2_650/lpcxpresso/tools/bin/../lib/gcc/arm-none-eabi/5.4.1/../../../../arm-none-eabi/lib/armv7-m\libc.a(lib_a-svfprintf.o)
                0x00002f64                _svfprintf_r
 .text          0x000046c0        0x0 d:/nxp/lpcxpresso_8.2.2_650/lpcxpresso/tools/bin/../lib/gcc/arm-none-eabi/5.4.1/../../../../arm-none-eabi/lib/armv7-m\libc.a(lib_a-vfprintf.o)
 .text._vfprintf_r
                0x000046c0     0x1788 d:/nxp/lpcxpresso_8.2.2_650/lpcxpresso/tools/bin/../lib/gcc/arm-none-eabi/5.4.1/../../../../arm-none-eabi/lib/armv7-m\libc.a(lib_a-vfprintf.o)
                0x000046c0                _vfprintf_r
 .text.vfprintf
                0x00005e48       0x18 d:/nxp/lpcxpresso_8.2.2_650/lpcxpresso/tools/bin/../lib/gcc/arm-none-eabi/5.4.1/../../../../arm-none-eabi/lib/armv7-m\libc.a(lib_a-vfprintf.o)
                0x00005e48                vfprintf
 .text.__sbprintf
                0x00005e60       0x6c d:/nxp/lpcxpresso_8.2.2_650/lpcxpresso/tools/bin/../lib/gcc/arm-none-eabi/5.4.1/../../../../arm-none-eabi/lib/armv7-m\libc.a(lib_a-vfprintf.o)
 .text          0x00005ecc        0x0 d:/nxp/lpcxpresso_8.2.2_650/lpcxpresso/tools/bin/../lib/gcc/arm-none-eabi/5.4.1/../../../../arm-none-eabi/lib/armv7-m\libc.a(lib_a-wsetup.o)
 .text.__swsetup_r
                0x00005ecc       0xc8 d:/nxp/lpcxpresso_8.2.2_650/lpcxpresso/tools/bin/../lib/gcc/arm-none-eabi/5.4.1/../../../../arm-none-eabi/lib/armv7-m\libc.a(lib_a-wsetup.o)
                0x00005ecc                __swsetup_r
 .text          0x00005f94        0x0 d:/nxp/lpcxpresso_8.2.2_650/lpcxpresso/tools/bin/../lib/gcc/arm-none-eabi/5.4.1/../../../../arm-none-eabi/lib/armv7-m\libc.a(lib_a-dtoa.o)
 .text.quorem   0x00005f94      0x12c d:/nxp/lpcxpresso_8.2.2_650/lpcxpresso/tools/bin/../lib/gcc/arm-none-eabi/5.4.1/../../../../arm-none-eabi/lib/armv7-m\libc.a(lib_a-dtoa.o)
 .text._dtoa_r  0x000060c0      0xe4c d:/nxp/lpcxpresso_8.2.2_650/lpcxpresso/tools/bin/../lib/gcc/arm-none-eabi/5.4.1/../../../../arm-none-eabi/lib/armv7-m\libc.a(lib_a-dtoa.o)
                0x000060c0                _dtoa_r
 .text          0x00006f0c        0x0 d:/nxp/lpcxpresso_8.2.2_650/lpcxpresso/tools/bin/../lib/gcc/arm-none-eabi/5.4.1/../../../../arm-none-eabi/lib/armv7-m\libc.a(lib_a-fflush.o)
 .text.__sflush_r
                0x00006f0c      0x148 d:/nxp/lpcxpresso_8.2.2_650/lpcxpresso/tools/bin/../lib/gcc/arm-none-eabi/5.4.1/../../../../arm-none-eabi/lib/armv7-m\libc.a(lib_a-fflush.o)
                0x00006f0c                __sflush_r
 .text._fflush_r
                0x00007054       0x2c d:/nxp/lpcxpresso_8.2.2_650/lpcxpresso/tools/bin/../lib/gcc/arm-none-eabi/5.4.1/../../../../arm-none-eabi/lib/armv7-m\libc.a(lib_a-fflush.o)
                0x00007054                _fflush_r
 .text.fflush   0x00007080       0x24 d:/nxp/lpcxpresso_8.2.2_650/lpcxpresso/tools/bin/../lib/gcc/arm-none-eabi/5.4.1/../../../../arm-none-eabi/lib/armv7-m\libc.a(lib_a-fflush.o)
                0x00007080                fflush
 .text          0x000070a4        0x0 d:/nxp/lpcxpresso_8.2.2_650/lpcxpresso/tools/bin/../lib/gcc/arm-none-eabi/5.4.1/../../../../arm-none-eabi/lib/armv7-m\libc.a(lib_a-findfp.o)
 .text.__fp_unlock
                0x000070a4        0x4 d:/nxp/lpcxpresso_8.2.2_650/lpcxpresso/tools/bin/../lib/gcc/arm-none-eabi/5.4.1/../../../../arm-none-eabi/lib/armv7-m\libc.a(lib_a-findfp.o)
 .text._cleanup_r
                0x000070a8        0xc d:/nxp/lpcxpresso_8.2.2_650/lpcxpresso/tools/bin/../lib/gcc/arm-none-eabi/5.4.1/../../../../arm-none-eabi/lib/armv7-m\libc.a(lib_a-findfp.o)
                0x000070a8                _cleanup_r
 .text.__sinit.part.1
                0x000070b4       0xf0 d:/nxp/lpcxpresso_8.2.2_650/lpcxpresso/tools/bin/../lib/gcc/arm-none-eabi/5.4.1/../../../../arm-none-eabi/lib/armv7-m\libc.a(lib_a-findfp.o)
 .text.__fp_lock
                0x000071a4        0x4 d:/nxp/lpcxpresso_8.2.2_650/lpcxpresso/tools/bin/../lib/gcc/arm-none-eabi/5.4.1/../../../../arm-none-eabi/lib/armv7-m\libc.a(lib_a-findfp.o)
 .text.__sfmoreglue
                0x000071a8       0x30 d:/nxp/lpcxpresso_8.2.2_650/lpcxpresso/tools/bin/../lib/gcc/arm-none-eabi/5.4.1/../../../../arm-none-eabi/lib/armv7-m\libc.a(lib_a-findfp.o)
                0x000071a8                __sfmoreglue
 .text.__sfp    0x000071d8       0x88 d:/nxp/lpcxpresso_8.2.2_650/lpcxpresso/tools/bin/../lib/gcc/arm-none-eabi/5.4.1/../../../../arm-none-eabi/lib/armv7-m\libc.a(lib_a-findfp.o)
                0x000071d8                __sfp
 .text._cleanup
                0x00007260       0x14 d:/nxp/lpcxpresso_8.2.2_650/lpcxpresso/tools/bin/../lib/gcc/arm-none-eabi/5.4.1/../../../../arm-none-eabi/lib/armv7-m\libc.a(lib_a-findfp.o)
                0x00007260                _cleanup
 .text.__sinit  0x00007274        0xc d:/nxp/lpcxpresso_8.2.2_650/lpcxpresso/tools/bin/../lib/gcc/arm-none-eabi/5.4.1/../../../../arm-none-eabi/lib/armv7-m\libc.a(lib_a-findfp.o)
                0x00007274                __sinit
 .text.__sfp_lock_acquire
                0x00007280        0x4 d:/nxp/lpcxpresso_8.2.2_650/lpcxpresso/tools/bin/../lib/gcc/arm-none-eabi/5.4.1/../../../../arm-none-eabi/lib/armv7-m\libc.a(lib_a-findfp.o)
                0x00007280                __sfp_lock_acquire
 .text.__sfp_lock_release
                0x00007284        0x4 d:/nxp/lpcxpresso_8.2.2_650/lpcxpresso/tools/bin/../lib/gcc/arm-none-eabi/5.4.1/../../../../arm-none-eabi/lib/armv7-m\libc.a(lib_a-findfp.o)
                0x00007284                __sfp_lock_release
 .text.__sinit_lock_acquire
                0x00007288        0x4 d:/nxp/lpcxpresso_8.2.2_650/lpcxpresso/tools/bin/../lib/gcc/arm-none-eabi/5.4.1/../../../../arm-none-eabi/lib/armv7-m\libc.a(lib_a-findfp.o)
                0x00007288                __sinit_lock_acquire
 .text.__sinit_lock_release
                0x0000728c        0x4 d:/nxp/lpcxpresso_8.2.2_650/lpcxpresso/tools/bin/../lib/gcc/arm-none-eabi/5.4.1/../../../../arm-none-eabi/lib/armv7-m\libc.a(lib_a-findfp.o)
                0x0000728c                __sinit_lock_release
 .text.__fp_lock_all
                0x00007290       0x14 d:/nxp/lpcxpresso_8.2.2_650/lpcxpresso/tools/bin/../lib/gcc/arm-none-eabi/5.4.1/../../../../arm-none-eabi/lib/armv7-m\libc.a(lib_a-findfp.o)
                0x00007290                __fp_lock_all
 .text.__fp_unlock_all
                0x000072a4       0x14 d:/nxp/lpcxpresso_8.2.2_650/lpcxpresso/tools/bin/../lib/gcc/arm-none-eabi/5.4.1/../../../../arm-none-eabi/lib/armv7-m\libc.a(lib_a-findfp.o)
                0x000072a4                __fp_unlock_all
 .text          0x000072b8        0x0 d:/nxp/lpcxpresso_8.2.2_650/lpcxpresso/tools/bin/../lib/gcc/arm-none-eabi/5.4.1/../../../../arm-none-eabi/lib/armv7-m\libc.a(lib_a-fwalk.o)
 .text._fwalk   0x000072b8       0x48 d:/nxp/lpcxpresso_8.2.2_650/lpcxpresso/tools/bin/../lib/gcc/arm-none-eabi/5.4.1/../../../../arm-none-eabi/lib/armv7-m\libc.a(lib_a-fwalk.o)
                0x000072b8                _fwalk
 .text._fwalk_reent
                0x00007300       0x50 d:/nxp/lpcxpresso_8.2.2_650/lpcxpresso/tools/bin/../lib/gcc/arm-none-eabi/5.4.1/../../../../arm-none-eabi/lib/armv7-m\libc.a(lib_a-fwalk.o)
                0x00007300                _fwalk_reent
 .text          0x00007350        0x0 d:/nxp/lpcxpresso_8.2.2_650/lpcxpresso/tools/bin/../lib/gcc/arm-none-eabi/5.4.1/../../../../arm-none-eabi/lib/armv7-m\libc.a(lib_a-impure.o)
 .text          0x00007350        0x0 d:/nxp/lpcxpresso_8.2.2_650/lpcxpresso/tools/bin/../lib/gcc/arm-none-eabi/5.4.1/../../../../arm-none-eabi/lib/armv7-m\libc.a(lib_a-locale.o)
 .text._setlocale_r
                0x00007350       0x40 d:/nxp/lpcxpresso_8.2.2_650/lpcxpresso/tools/bin/../lib/gcc/arm-none-eabi/5.4.1/../../../../arm-none-eabi/lib/armv7-m\libc.a(lib_a-locale.o)
                0x00007350                _setlocale_r
 .text.__locale_charset
                0x00007390        0x8 d:/nxp/lpcxpresso_8.2.2_650/lpcxpresso/tools/bin/../lib/gcc/arm-none-eabi/5.4.1/../../../../arm-none-eabi/lib/armv7-m\libc.a(lib_a-locale.o)
                0x00007390                __locale_charset
 .text.__locale_mb_cur_max
                0x00007398        0xc d:/nxp/lpcxpresso_8.2.2_650/lpcxpresso/tools/bin/../lib/gcc/arm-none-eabi/5.4.1/../../../../arm-none-eabi/lib/armv7-m\libc.a(lib_a-locale.o)
                0x00007398                __locale_mb_cur_max
 .text.__locale_msgcharset
                0x000073a4        0x8 d:/nxp/lpcxpresso_8.2.2_650/lpcxpresso/tools/bin/../lib/gcc/arm-none-eabi/5.4.1/../../../../arm-none-eabi/lib/armv7-m\libc.a(lib_a-locale.o)
                0x000073a4                __locale_msgcharset
 .text.__locale_cjk_lang
                0x000073ac        0x4 d:/nxp/lpcxpresso_8.2.2_650/lpcxpresso/tools/bin/../lib/gcc/arm-none-eabi/5.4.1/../../../../arm-none-eabi/lib/armv7-m\libc.a(lib_a-locale.o)
                0x000073ac                __locale_cjk_lang
 .text._localeconv_r
                0x000073b0        0x8 d:/nxp/lpcxpresso_8.2.2_650/lpcxpresso/tools/bin/../lib/gcc/arm-none-eabi/5.4.1/../../../../arm-none-eabi/lib/armv7-m\libc.a(lib_a-locale.o)
                0x000073b0                _localeconv_r
 .text.setlocale
                0x000073b8       0x10 d:/nxp/lpcxpresso_8.2.2_650/lpcxpresso/tools/bin/../lib/gcc/arm-none-eabi/5.4.1/../../../../arm-none-eabi/lib/armv7-m\libc.a(lib_a-locale.o)
                0x000073b8                setlocale
 .text.localeconv
                0x000073c8        0x8 d:/nxp/lpcxpresso_8.2.2_650/lpcxpresso/tools/bin/../lib/gcc/arm-none-eabi/5.4.1/../../../../arm-none-eabi/lib/armv7-m\libc.a(lib_a-locale.o)
                0x000073c8                localeconv
 .text          0x000073d0        0x0 d:/nxp/lpcxpresso_8.2.2_650/lpcxpresso/tools/bin/../lib/gcc/arm-none-eabi/5.4.1/../../../../arm-none-eabi/lib/armv7-m\libc.a(lib_a-makebuf.o)
 .text.__swhatbuf_r
                0x000073d0       0x60 d:/nxp/lpcxpresso_8.2.2_650/lpcxpresso/tools/bin/../lib/gcc/arm-none-eabi/5.4.1/../../../../arm-none-eabi/lib/armv7-m\libc.a(lib_a-makebuf.o)
                0x000073d0                __swhatbuf_r
 .text.__smakebuf_r
                0x00007430       0x88 d:/nxp/lpcxpresso_8.2.2_650/lpcxpresso/tools/bin/../lib/gcc/arm-none-eabi/5.4.1/../../../../arm-none-eabi/lib/armv7-m\libc.a(lib_a-makebuf.o)
                0x00007430                __smakebuf_r
 .text          0x000074b8        0x0 d:/nxp/lpcxpresso_8.2.2_650/lpcxpresso/tools/bin/../lib/gcc/arm-none-eabi/5.4.1/../../../../arm-none-eabi/lib/armv7-m\libc.a(lib_a-memchr-stub.o)
 .text.memchr   0x000074b8       0x8c d:/nxp/lpcxpresso_8.2.2_650/lpcxpresso/tools/bin/../lib/gcc/arm-none-eabi/5.4.1/../../../../arm-none-eabi/lib/armv7-m\libc.a(lib_a-memchr-stub.o)
                0x000074b8                memchr
 .text          0x00007544        0x0 d:/nxp/lpcxpresso_8.2.2_650/lpcxpresso/tools/bin/../lib/gcc/arm-none-eabi/5.4.1/../../../../arm-none-eabi/lib/armv7-m\libc.a(lib_a-mprec.o)
 .text._Balloc  0x00007544       0x50 d:/nxp/lpcxpresso_8.2.2_650/lpcxpresso/tools/bin/../lib/gcc/arm-none-eabi/5.4.1/../../../../arm-none-eabi/lib/armv7-m\libc.a(lib_a-mprec.o)
                0x00007544                _Balloc
 .text._Bfree   0x00007594       0x14 d:/nxp/lpcxpresso_8.2.2_650/lpcxpresso/tools/bin/../lib/gcc/arm-none-eabi/5.4.1/../../../../arm-none-eabi/lib/armv7-m\libc.a(lib_a-mprec.o)
                0x00007594                _Bfree
 .text.__multadd
                0x000075a8       0x80 d:/nxp/lpcxpresso_8.2.2_650/lpcxpresso/tools/bin/../lib/gcc/arm-none-eabi/5.4.1/../../../../arm-none-eabi/lib/armv7-m\libc.a(lib_a-mprec.o)
                0x000075a8                __multadd
 .text.__s2b    0x00007628       0x98 d:/nxp/lpcxpresso_8.2.2_650/lpcxpresso/tools/bin/../lib/gcc/arm-none-eabi/5.4.1/../../../../arm-none-eabi/lib/armv7-m\libc.a(lib_a-mprec.o)
                0x00007628                __s2b
 .text.__hi0bits
                0x000076c0       0x40 d:/nxp/lpcxpresso_8.2.2_650/lpcxpresso/tools/bin/../lib/gcc/arm-none-eabi/5.4.1/../../../../arm-none-eabi/lib/armv7-m\libc.a(lib_a-mprec.o)
                0x000076c0                __hi0bits
 .text.__lo0bits
                0x00007700       0x5c d:/nxp/lpcxpresso_8.2.2_650/lpcxpresso/tools/bin/../lib/gcc/arm-none-eabi/5.4.1/../../../../arm-none-eabi/lib/armv7-m\libc.a(lib_a-mprec.o)
                0x00007700                __lo0bits
 .text.__i2b    0x0000775c       0x14 d:/nxp/lpcxpresso_8.2.2_650/lpcxpresso/tools/bin/../lib/gcc/arm-none-eabi/5.4.1/../../../../arm-none-eabi/lib/armv7-m\libc.a(lib_a-mprec.o)
                0x0000775c                __i2b
 .text.__multiply
                0x00007770      0x13c d:/nxp/lpcxpresso_8.2.2_650/lpcxpresso/tools/bin/../lib/gcc/arm-none-eabi/5.4.1/../../../../arm-none-eabi/lib/armv7-m\libc.a(lib_a-mprec.o)
                0x00007770                __multiply
 .text.__pow5mult
                0x000078ac       0xa0 d:/nxp/lpcxpresso_8.2.2_650/lpcxpresso/tools/bin/../lib/gcc/arm-none-eabi/5.4.1/../../../../arm-none-eabi/lib/armv7-m\libc.a(lib_a-mprec.o)
                0x000078ac                __pow5mult
 .text.__lshift
                0x0000794c       0xac d:/nxp/lpcxpresso_8.2.2_650/lpcxpresso/tools/bin/../lib/gcc/arm-none-eabi/5.4.1/../../../../arm-none-eabi/lib/armv7-m\libc.a(lib_a-mprec.o)
                0x0000794c                __lshift
 .text.__mcmp   0x000079f8       0x40 d:/nxp/lpcxpresso_8.2.2_650/lpcxpresso/tools/bin/../lib/gcc/arm-none-eabi/5.4.1/../../../../arm-none-eabi/lib/armv7-m\libc.a(lib_a-mprec.o)
                0x000079f8                __mcmp
 .text.__mdiff  0x00007a38      0x128 d:/nxp/lpcxpresso_8.2.2_650/lpcxpresso/tools/bin/../lib/gcc/arm-none-eabi/5.4.1/../../../../arm-none-eabi/lib/armv7-m\libc.a(lib_a-mprec.o)
                0x00007a38                __mdiff
 .text.__ulp    0x00007b60       0x44 d:/nxp/lpcxpresso_8.2.2_650/lpcxpresso/tools/bin/../lib/gcc/arm-none-eabi/5.4.1/../../../../arm-none-eabi/lib/armv7-m\libc.a(lib_a-mprec.o)
                0x00007b60                __ulp
 .text.__b2d    0x00007ba4       0xd4 d:/nxp/lpcxpresso_8.2.2_650/lpcxpresso/tools/bin/../lib/gcc/arm-none-eabi/5.4.1/../../../../arm-none-eabi/lib/armv7-m\libc.a(lib_a-mprec.o)
                0x00007ba4                __b2d
 .text.__d2b    0x00007c78       0xa8 d:/nxp/lpcxpresso_8.2.2_650/lpcxpresso/tools/bin/../lib/gcc/arm-none-eabi/5.4.1/../../../../arm-none-eabi/lib/armv7-m\libc.a(lib_a-mprec.o)
                0x00007c78                __d2b
 .text.__ratio  0x00007d20       0x54 d:/nxp/lpcxpresso_8.2.2_650/lpcxpresso/tools/bin/../lib/gcc/arm-none-eabi/5.4.1/../../../../arm-none-eabi/lib/armv7-m\libc.a(lib_a-mprec.o)
                0x00007d20                __ratio
 .text._mprec_log10
                0x00007d74       0x34 d:/nxp/lpcxpresso_8.2.2_650/lpcxpresso/tools/bin/../lib/gcc/arm-none-eabi/5.4.1/../../../../arm-none-eabi/lib/armv7-m\libc.a(lib_a-mprec.o)
                0x00007d74                _mprec_log10
 .text.__copybits
                0x00007da8       0x48 d:/nxp/lpcxpresso_8.2.2_650/lpcxpresso/tools/bin/../lib/gcc/arm-none-eabi/5.4.1/../../../../arm-none-eabi/lib/armv7-m\libc.a(lib_a-mprec.o)
                0x00007da8                __copybits
 .text.__any_on
                0x00007df0       0x5c d:/nxp/lpcxpresso_8.2.2_650/lpcxpresso/tools/bin/../lib/gcc/arm-none-eabi/5.4.1/../../../../arm-none-eabi/lib/armv7-m\libc.a(lib_a-mprec.o)
                0x00007df0                __any_on
 .text          0x00007e4c        0x0 d:/nxp/lpcxpresso_8.2.2_650/lpcxpresso/tools/bin/../lib/gcc/arm-none-eabi/5.4.1/../../../../arm-none-eabi/lib/armv7-m\libc.a(lib_a-stdio.o)
 .text.__sread  0x00007e4c       0x24 d:/nxp/lpcxpresso_8.2.2_650/lpcxpresso/tools/bin/../lib/gcc/arm-none-eabi/5.4.1/../../../../arm-none-eabi/lib/armv7-m\libc.a(lib_a-stdio.o)
                0x00007e4c                __sread
 .text.__seofread
                0x00007e70        0x4 d:/nxp/lpcxpresso_8.2.2_650/lpcxpresso/tools/bin/../lib/gcc/arm-none-eabi/5.4.1/../../../../arm-none-eabi/lib/armv7-m\libc.a(lib_a-stdio.o)
                0x00007e70                __seofread
 .text.__swrite
                0x00007e74       0x3c d:/nxp/lpcxpresso_8.2.2_650/lpcxpresso/tools/bin/../lib/gcc/arm-none-eabi/5.4.1/../../../../arm-none-eabi/lib/armv7-m\libc.a(lib_a-stdio.o)
                0x00007e74                __swrite
 .text.__sseek  0x00007eb0       0x20 d:/nxp/lpcxpresso_8.2.2_650/lpcxpresso/tools/bin/../lib/gcc/arm-none-eabi/5.4.1/../../../../arm-none-eabi/lib/armv7-m\libc.a(lib_a-stdio.o)
                0x00007eb0                __sseek
 .text.__sclose
                0x00007ed0        0x8 d:/nxp/lpcxpresso_8.2.2_650/lpcxpresso/tools/bin/../lib/gcc/arm-none-eabi/5.4.1/../../../../arm-none-eabi/lib/armv7-m\libc.a(lib_a-stdio.o)
                0x00007ed0                __sclose
 .text          0x00007ed8      0x1bc d:/nxp/lpcxpresso_8.2.2_650/lpcxpresso/tools/bin/../lib/gcc/arm-none-eabi/5.4.1/../../../../arm-none-eabi/lib/armv7-m\libc.a(lib_a-strcmp.o)
                0x00007ed8                strcmp
 .text          0x00008094        0x0 d:/nxp/lpcxpresso_8.2.2_650/lpcxpresso/tools/bin/../lib/gcc/arm-none-eabi/5.4.1/../../../../arm-none-eabi/lib/armv7-m\libc.a(lib_a-svfiprintf.o)
 .text.__ssprint_r
                0x00008094      0x100 d:/nxp/lpcxpresso_8.2.2_650/lpcxpresso/tools/bin/../lib/gcc/arm-none-eabi/5.4.1/../../../../arm-none-eabi/lib/armv7-m\libc.a(lib_a-svfiprintf.o)
                0x00008094                __ssprint_r
 .text._svfiprintf_r
                0x00008194      0xc4c d:/nxp/lpcxpresso_8.2.2_650/lpcxpresso/tools/bin/../lib/gcc/arm-none-eabi/5.4.1/../../../../arm-none-eabi/lib/armv7-m\libc.a(lib_a-svfiprintf.o)
                0x00008194                _svfiprintf_r
 .text          0x00008de0        0x0 d:/nxp/lpcxpresso_8.2.2_650/lpcxpresso/tools/bin/../lib/gcc/arm-none-eabi/5.4.1/../../../../arm-none-eabi/lib/armv7-m\libc.a(lib_a-vfiprintf.o)
 .text.__sprint_r.part.0
                0x00008de0       0x78 d:/nxp/lpcxpresso_8.2.2_650/lpcxpresso/tools/bin/../lib/gcc/arm-none-eabi/5.4.1/../../../../arm-none-eabi/lib/armv7-m\libc.a(lib_a-vfiprintf.o)
 .text.__sprint_r
                0x00008e58       0x14 d:/nxp/lpcxpresso_8.2.2_650/lpcxpresso/tools/bin/../lib/gcc/arm-none-eabi/5.4.1/../../../../arm-none-eabi/lib/armv7-m\libc.a(lib_a-vfiprintf.o)
                0x00008e58                __sprint_r
 .text._vfiprintf_r
                0x00008e6c      0xde8 d:/nxp/lpcxpresso_8.2.2_650/lpcxpresso/tools/bin/../lib/gcc/arm-none-eabi/5.4.1/../../../../arm-none-eabi/lib/armv7-m\libc.a(lib_a-vfiprintf.o)
                0x00008e6c                _vfiprintf_r
 .text.vfiprintf
                0x00009c54       0x18 d:/nxp/lpcxpresso_8.2.2_650/lpcxpresso/tools/bin/../lib/gcc/arm-none-eabi/5.4.1/../../../../arm-none-eabi/lib/armv7-m\libc.a(lib_a-vfiprintf.o)
                0x00009c54                vfiprintf
 .text.__sbprintf
                0x00009c6c       0x6c d:/nxp/lpcxpresso_8.2.2_650/lpcxpresso/tools/bin/../lib/gcc/arm-none-eabi/5.4.1/../../../../arm-none-eabi/lib/armv7-m\libc.a(lib_a-vfiprintf.o)
 .text          0x00009cd8        0x0 d:/nxp/lpcxpresso_8.2.2_650/lpcxpresso/tools/bin/../lib/gcc/arm-none-eabi/5.4.1/../../../../arm-none-eabi/lib/armv7-m\libc.a(lib_a-writer.o)
 .text._write_r
                0x00009cd8       0x2c d:/nxp/lpcxpresso_8.2.2_650/lpcxpresso/tools/bin/../lib/gcc/arm-none-eabi/5.4.1/../../../../arm-none-eabi/lib/armv7-m\libc.a(lib_a-writer.o)
                0x00009cd8                _write_r
 .text          0x00009d04        0x0 d:/nxp/lpcxpresso_8.2.2_650/lpcxpresso/tools/bin/../lib/gcc/arm-none-eabi/5.4.1/../../../../arm-none-eabi/lib/armv7-m\libc.a(lib_a-closer.o)
 .text._close_r
                0x00009d04       0x24 d:/nxp/lpcxpresso_8.2.2_650/lpcxpresso/tools/bin/../lib/gcc/arm-none-eabi/5.4.1/../../../../arm-none-eabi/lib/armv7-m\libc.a(lib_a-closer.o)
                0x00009d04                _close_r
 .text          0x00009d28        0x0 d:/nxp/lpcxpresso_8.2.2_650/lpcxpresso/tools/bin/../lib/gcc/arm-none-eabi/5.4.1/../../../../arm-none-eabi/lib/armv7-m\libc.a(lib_a-fclose.o)
 .text._fclose_r
                0x00009d28       0x84 d:/nxp/lpcxpresso_8.2.2_650/lpcxpresso/tools/bin/../lib/gcc/arm-none-eabi/5.4.1/../../../../arm-none-eabi/lib/armv7-m\libc.a(lib_a-fclose.o)
                0x00009d28                _fclose_r
 .text.fclose   0x00009dac       0x10 d:/nxp/lpcxpresso_8.2.2_650/lpcxpresso/tools/bin/../lib/gcc/arm-none-eabi/5.4.1/../../../../arm-none-eabi/lib/armv7-m\libc.a(lib_a-fclose.o)
                0x00009dac                fclose
 .text          0x00009dbc        0x0 d:/nxp/lpcxpresso_8.2.2_650/lpcxpresso/tools/bin/../lib/gcc/arm-none-eabi/5.4.1/../../../../arm-none-eabi/lib/armv7-m\libc.a(lib_a-fputwc.o)
 .text.__fputwc
                0x00009dbc       0x94 d:/nxp/lpcxpresso_8.2.2_650/lpcxpresso/tools/bin/../lib/gcc/arm-none-eabi/5.4.1/../../../../arm-none-eabi/lib/armv7-m\libc.a(lib_a-fputwc.o)
                0x00009dbc                __fputwc
 .text._fputwc_r
                0x00009e50       0x24 d:/nxp/lpcxpresso_8.2.2_650/lpcxpresso/tools/bin/../lib/gcc/arm-none-eabi/5.4.1/../../../../arm-none-eabi/lib/armv7-m\libc.a(lib_a-fputwc.o)
                0x00009e50                _fputwc_r
 .text.fputwc   0x00009e74       0x40 d:/nxp/lpcxpresso_8.2.2_650/lpcxpresso/tools/bin/../lib/gcc/arm-none-eabi/5.4.1/../../../../arm-none-eabi/lib/armv7-m\libc.a(lib_a-fputwc.o)
                0x00009e74                fputwc
 .text          0x00009eb4        0x0 d:/nxp/lpcxpresso_8.2.2_650/lpcxpresso/tools/bin/../lib/gcc/arm-none-eabi/5.4.1/../../../../arm-none-eabi/lib/armv7-m\libc.a(lib_a-fstatr.o)
 .text._fstat_r
                0x00009eb4       0x28 d:/nxp/lpcxpresso_8.2.2_650/lpcxpresso/tools/bin/../lib/gcc/arm-none-eabi/5.4.1/../../../../arm-none-eabi/lib/armv7-m\libc.a(lib_a-fstatr.o)
                0x00009eb4                _fstat_r
 .text          0x00009edc        0x0 d:/nxp/lpcxpresso_8.2.2_650/lpcxpresso/tools/bin/../lib/gcc/arm-none-eabi/5.4.1/../../../../arm-none-eabi/lib/armv7-m\libc.a(lib_a-fvwrite.o)
 .text.__sfvwrite_r
                0x00009edc      0x308 d:/nxp/lpcxpresso_8.2.2_650/lpcxpresso/tools/bin/../lib/gcc/arm-none-eabi/5.4.1/../../../../arm-none-eabi/lib/armv7-m\libc.a(lib_a-fvwrite.o)
                0x00009edc                __sfvwrite_r
 .text          0x0000a1e4        0x0 d:/nxp/lpcxpresso_8.2.2_650/lpcxpresso/tools/bin/../lib/gcc/arm-none-eabi/5.4.1/../../../../arm-none-eabi/lib/armv7-m\libc.a(lib_a-isattyr.o)
 .text._isatty_r
                0x0000a1e4       0x24 d:/nxp/lpcxpresso_8.2.2_650/lpcxpresso/tools/bin/../lib/gcc/arm-none-eabi/5.4.1/../../../../arm-none-eabi/lib/armv7-m\libc.a(lib_a-isattyr.o)
                0x0000a1e4                _isatty_r
 .text          0x0000a208        0x0 d:/nxp/lpcxpresso_8.2.2_650/lpcxpresso/tools/bin/../lib/gcc/arm-none-eabi/5.4.1/../../../../arm-none-eabi/lib/armv7-m\libc.a(lib_a-lseekr.o)
 .text._lseek_r
                0x0000a208       0x2c d:/nxp/lpcxpresso_8.2.2_650/lpcxpresso/tools/bin/../lib/gcc/arm-none-eabi/5.4.1/../../../../arm-none-eabi/lib/armv7-m\libc.a(lib_a-lseekr.o)
                0x0000a208                _lseek_r
 .text          0x0000a234        0x0 d:/nxp/lpcxpresso_8.2.2_650/lpcxpresso/tools/bin/../lib/gcc/arm-none-eabi/5.4.1/../../../../arm-none-eabi/lib/armv7-m\libc.a(lib_a-memmove.o)
 .text.memmove  0x0000a234       0xc8 d:/nxp/lpcxpresso_8.2.2_650/lpcxpresso/tools/bin/../lib/gcc/arm-none-eabi/5.4.1/../../../../arm-none-eabi/lib/armv7-m\libc.a(lib_a-memmove.o)
                0x0000a234                memmove
 .text          0x0000a2fc        0x0 d:/nxp/lpcxpresso_8.2.2_650/lpcxpresso/tools/bin/../lib/gcc/arm-none-eabi/5.4.1/../../../../arm-none-eabi/lib/armv7-m\libc.a(lib_a-readr.o)
 .text._read_r  0x0000a2fc       0x2c d:/nxp/lpcxpresso_8.2.2_650/lpcxpresso/tools/bin/../lib/gcc/arm-none-eabi/5.4.1/../../../../arm-none-eabi/lib/armv7-m\libc.a(lib_a-readr.o)
                0x0000a2fc                _read_r
 .text          0x0000a328        0x0 d:/nxp/lpcxpresso_8.2.2_650/lpcxpresso/tools/bin/../lib/gcc/arm-none-eabi/5.4.1/../../../../arm-none-eabi/lib/armv7-m\libc.a(lib_a-reent.o)
 .text.cleanup_glue
                0x0000a328       0x1c d:/nxp/lpcxpresso_8.2.2_650/lpcxpresso/tools/bin/../lib/gcc/arm-none-eabi/5.4.1/../../../../arm-none-eabi/lib/armv7-m\libc.a(lib_a-reent.o)
                0x0000a328                cleanup_glue
 .text._reclaim_reent
                0x0000a344       0x88 d:/nxp/lpcxpresso_8.2.2_650/lpcxpresso/tools/bin/../lib/gcc/arm-none-eabi/5.4.1/../../../../arm-none-eabi/lib/armv7-m\libc.a(lib_a-reent.o)
                0x0000a344                _reclaim_reent
 .text          0x0000a3cc        0x0 d:/nxp/lpcxpresso_8.2.2_650/lpcxpresso/tools/bin/../lib/gcc/arm-none-eabi/5.4.1/../../../../arm-none-eabi/lib/armv7-m\libc.a(lib_a-wbuf.o)
 .text.__swbuf_r
                0x0000a3cc       0xac d:/nxp/lpcxpresso_8.2.2_650/lpcxpresso/tools/bin/../lib/gcc/arm-none-eabi/5.4.1/../../../../arm-none-eabi/lib/armv7-m\libc.a(lib_a-wbuf.o)
                0x0000a3cc                __swbuf_r
 .text.__swbuf  0x0000a478       0x10 d:/nxp/lpcxpresso_8.2.2_650/lpcxpresso/tools/bin/../lib/gcc/arm-none-eabi/5.4.1/../../../../arm-none-eabi/lib/armv7-m\libc.a(lib_a-wbuf.o)
                0x0000a478                __swbuf
 .text          0x0000a488        0x0 d:/nxp/lpcxpresso_8.2.2_650/lpcxpresso/tools/bin/../lib/gcc/arm-none-eabi/5.4.1/../../../../arm-none-eabi/lib/armv7-m\libc.a(lib_a-wcrtomb.o)
 .text._wcrtomb_r
                0x0000a488       0x54 d:/nxp/lpcxpresso_8.2.2_650/lpcxpresso/tools/bin/../lib/gcc/arm-none-eabi/5.4.1/../../../../arm-none-eabi/lib/armv7-m\libc.a(lib_a-wcrtomb.o)
                0x0000a488                _wcrtomb_r
 .text.wcrtomb  0x0000a4dc       0x58 d:/nxp/lpcxpresso_8.2.2_650/lpcxpresso/tools/bin/../lib/gcc/arm-none-eabi/5.4.1/../../../../arm-none-eabi/lib/armv7-m\libc.a(lib_a-wcrtomb.o)
                0x0000a4dc                wcrtomb
 .text          0x0000a534        0x0 d:/nxp/lpcxpresso_8.2.2_650/lpcxpresso/tools/bin/../lib/gcc/arm-none-eabi/5.4.1/../../../../arm-none-eabi/lib/armv7-m\libc.a(lib_a-wctomb_r.o)
 .text.__ascii_wctomb
                0x0000a534       0x1c d:/nxp/lpcxpresso_8.2.2_650/lpcxpresso/tools/bin/../lib/gcc/arm-none-eabi/5.4.1/../../../../arm-none-eabi/lib/armv7-m\libc.a(lib_a-wctomb_r.o)
                0x0000a534                __ascii_wctomb
 .text._wctomb_r
                0x0000a550       0x30 d:/nxp/lpcxpresso_8.2.2_650/lpcxpresso/tools/bin/../lib/gcc/arm-none-eabi/5.4.1/../../../../arm-none-eabi/lib/armv7-m\libc.a(lib_a-wctomb_r.o)
                0x0000a550                _wctomb_r
 .text          0x0000a580        0x0 d:/nxp/lpcxpresso_8.2.2_650/lpcxpresso/tools/bin/../lib/gcc/arm-none-eabi/5.4.1/../../../../arm-none-eabi/lib/armv7-m\libcr_newlib_semihost.a(syscalls.o)
 .text.error    0x0000a580       0x1c d:/nxp/lpcxpresso_8.2.2_650/lpcxpresso/tools/bin/../lib/gcc/arm-none-eabi/5.4.1/../../../../arm-none-eabi/lib/armv7-m\libcr_newlib_semihost.a(syscalls.o)
 .text.initialise_monitor_handles.part.0
                0x0000a59c       0xa8 d:/nxp/lpcxpresso_8.2.2_650/lpcxpresso/tools/bin/../lib/gcc/arm-none-eabi/5.4.1/../../../../arm-none-eabi/lib/armv7-m\libcr_newlib_semihost.a(syscalls.o)
 .text.findslot
                0x0000a644       0x30 d:/nxp/lpcxpresso_8.2.2_650/lpcxpresso/tools/bin/../lib/gcc/arm-none-eabi/5.4.1/../../../../arm-none-eabi/lib/armv7-m\libcr_newlib_semihost.a(syscalls.o)
 .text.checkerror
                0x0000a674       0x20 d:/nxp/lpcxpresso_8.2.2_650/lpcxpresso/tools/bin/../lib/gcc/arm-none-eabi/5.4.1/../../../../arm-none-eabi/lib/armv7-m\libcr_newlib_semihost.a(syscalls.o)
 .text._swiread
                0x0000a694       0x20 d:/nxp/lpcxpresso_8.2.2_650/lpcxpresso/tools/bin/../lib/gcc/arm-none-eabi/5.4.1/../../../../arm-none-eabi/lib/armv7-m\libcr_newlib_semihost.a(syscalls.o)
                0x0000a694                _swiread
 .text._read    0x0000a6b4       0x34 d:/nxp/lpcxpresso_8.2.2_650/lpcxpresso/tools/bin/../lib/gcc/arm-none-eabi/5.4.1/../../../../arm-none-eabi/lib/armv7-m\libcr_newlib_semihost.a(syscalls.o)
                0x0000a6b4                _read
 .text._swilseek
                0x0000a6e8       0x7a d:/nxp/lpcxpresso_8.2.2_650/lpcxpresso/tools/bin/../lib/gcc/arm-none-eabi/5.4.1/../../../../arm-none-eabi/lib/armv7-m\libcr_newlib_semihost.a(syscalls.o)
                0x0000a6e8                _swilseek
 .text._lseek   0x0000a762        0x4 d:/nxp/lpcxpresso_8.2.2_650/lpcxpresso/tools/bin/../lib/gcc/arm-none-eabi/5.4.1/../../../../arm-none-eabi/lib/armv7-m\libcr_newlib_semihost.a(syscalls.o)
                0x0000a762                _lseek
 .text._swiwrite
                0x0000a766       0x20 d:/nxp/lpcxpresso_8.2.2_650/lpcxpresso/tools/bin/../lib/gcc/arm-none-eabi/5.4.1/../../../../arm-none-eabi/lib/armv7-m\libcr_newlib_semihost.a(syscalls.o)
                0x0000a766                _swiwrite
 .text._write   0x0000a786       0x42 d:/nxp/lpcxpresso_8.2.2_650/lpcxpresso/tools/bin/../lib/gcc/arm-none-eabi/5.4.1/../../../../arm-none-eabi/lib/armv7-m\libcr_newlib_semihost.a(syscalls.o)
                0x0000a786                _write
 .text._swiclose
                0x0000a7c8       0x1c d:/nxp/lpcxpresso_8.2.2_650/lpcxpresso/tools/bin/../lib/gcc/arm-none-eabi/5.4.1/../../../../arm-none-eabi/lib/armv7-m\libcr_newlib_semihost.a(syscalls.o)
                0x0000a7c8                _swiclose
 .text._close   0x0000a7e4       0x48 d:/nxp/lpcxpresso_8.2.2_650/lpcxpresso/tools/bin/../lib/gcc/arm-none-eabi/5.4.1/../../../../arm-none-eabi/lib/armv7-m\libcr_newlib_semihost.a(syscalls.o)
                0x0000a7e4                _close
 .text._getpid  0x0000a82c        0x4 d:/nxp/lpcxpresso_8.2.2_650/lpcxpresso/tools/bin/../lib/gcc/arm-none-eabi/5.4.1/../../../../arm-none-eabi/lib/armv7-m\libcr_newlib_semihost.a(syscalls.o)
                0x0000a82c                _getpid
 .text._swistat
                0x0000a830       0x42 d:/nxp/lpcxpresso_8.2.2_650/lpcxpresso/tools/bin/../lib/gcc/arm-none-eabi/5.4.1/../../../../arm-none-eabi/lib/armv7-m\libcr_newlib_semihost.a(syscalls.o)
                0x0000a830                _swistat
 .text._fstat   0x0000a872       0x1c d:/nxp/lpcxpresso_8.2.2_650/lpcxpresso/tools/bin/../lib/gcc/arm-none-eabi/5.4.1/../../../../arm-none-eabi/lib/armv7-m\libcr_newlib_semihost.a(syscalls.o)
                0x0000a872                _fstat
 .text._stat    0x0000a88e       0x3a d:/nxp/lpcxpresso_8.2.2_650/lpcxpresso/tools/bin/../lib/gcc/arm-none-eabi/5.4.1/../../../../arm-none-eabi/lib/armv7-m\libcr_newlib_semihost.a(syscalls.o)
                0x0000a88e                _stat
 .text._swiopen
                0x0000a8c8       0xc8 d:/nxp/lpcxpresso_8.2.2_650/lpcxpresso/tools/bin/../lib/gcc/arm-none-eabi/5.4.1/../../../../arm-none-eabi/lib/armv7-m\libcr_newlib_semihost.a(syscalls.o)
                0x0000a8c8                _swiopen
 .text._open    0x0000a990       0x12 d:/nxp/lpcxpresso_8.2.2_650/lpcxpresso/tools/bin/../lib/gcc/arm-none-eabi/5.4.1/../../../../arm-none-eabi/lib/armv7-m\libcr_newlib_semihost.a(syscalls.o)
                0x0000a990                _open
 .text._link    0x0000a9a2       0x10 d:/nxp/lpcxpresso_8.2.2_650/lpcxpresso/tools/bin/../lib/gcc/arm-none-eabi/5.4.1/../../../../arm-none-eabi/lib/armv7-m\libcr_newlib_semihost.a(syscalls.o)
                0x0000a9a2                _link
 .text._unlink  0x0000a9b2       0x28 d:/nxp/lpcxpresso_8.2.2_650/lpcxpresso/tools/bin/../lib/gcc/arm-none-eabi/5.4.1/../../../../arm-none-eabi/lib/armv7-m\libcr_newlib_semihost.a(syscalls.o)
                0x0000a9b2                _unlink
 .text._gettimeofday
                0x0000a9da       0x24 d:/nxp/lpcxpresso_8.2.2_650/lpcxpresso/tools/bin/../lib/gcc/arm-none-eabi/5.4.1/../../../../arm-none-eabi/lib/armv7-m\libcr_newlib_semihost.a(syscalls.o)
                0x0000a9da                _gettimeofday
 .text._clock   0x0000a9fe       0x12 d:/nxp/lpcxpresso_8.2.2_650/lpcxpresso/tools/bin/../lib/gcc/arm-none-eabi/5.4.1/../../../../arm-none-eabi/lib/armv7-m\libcr_newlib_semihost.a(syscalls.o)
                0x0000a9fe                _clock
 .text._times   0x0000aa10       0x16 d:/nxp/lpcxpresso_8.2.2_650/lpcxpresso/tools/bin/../lib/gcc/arm-none-eabi/5.4.1/../../../../arm-none-eabi/lib/armv7-m\libcr_newlib_semihost.a(syscalls.o)
                0x0000aa10                _times
 .text._isatty  0x0000aa26       0x2a d:/nxp/lpcxpresso_8.2.2_650/lpcxpresso/tools/bin/../lib/gcc/arm-none-eabi/5.4.1/../../../../arm-none-eabi/lib/armv7-m\libcr_newlib_semihost.a(syscalls.o)
                0x0000aa26                _isatty
 .text._system  0x0000aa50       0x3c d:/nxp/lpcxpresso_8.2.2_650/lpcxpresso/tools/bin/../lib/gcc/arm-none-eabi/5.4.1/../../../../arm-none-eabi/lib/armv7-m\libcr_newlib_semihost.a(syscalls.o)
                0x0000aa50                _system
 .text._rename  0x0000aa8c       0x36 d:/nxp/lpcxpresso_8.2.2_650/lpcxpresso/tools/bin/../lib/gcc/arm-none-eabi/5.4.1/../../../../arm-none-eabi/lib/armv7-m\libcr_newlib_semihost.a(syscalls.o)
                0x0000aa8c                _rename
 *fill*         0x0000aac2        0x2 ff
 .text          0x0000aac4      0x424 d:/nxp/lpcxpresso_8.2.2_650/lpcxpresso/tools/bin/../lib/gcc/arm-none-eabi/5.4.1/armv7-m\libgcc.a(_arm_muldivdf3.o)
                0x0000aac4                __aeabi_dmul
                0x0000aac4                __muldf3
                0x0000ad18                __divdf3
                0x0000ad18                __aeabi_ddiv
 .text          0x0000aee8      0x110 d:/nxp/lpcxpresso_8.2.2_650/lpcxpresso/tools/bin/../lib/gcc/arm-none-eabi/5.4.1/armv7-m\libgcc.a(_arm_cmpdf2.o)
                0x0000aee8                __gtdf2
                0x0000aee8                __gedf2
                0x0000aef0                __ltdf2
                0x0000aef0                __ledf2
                0x0000aef8                __nedf2
                0x0000aef8                __eqdf2
                0x0000aef8                __cmpdf2
                0x0000af74                __aeabi_cdrcmple
                0x0000af84                __aeabi_cdcmpeq
                0x0000af84                __aeabi_cdcmple
                0x0000af94                __aeabi_dcmpeq
                0x0000afa8                __aeabi_dcmplt
                0x0000afbc                __aeabi_dcmple
                0x0000afd0                __aeabi_dcmpge
                0x0000afe4                __aeabi_dcmpgt
 .text          0x0000aff8       0x2c d:/nxp/lpcxpresso_8.2.2_650/lpcxpresso/tools/bin/../lib/gcc/arm-none-eabi/5.4.1/armv7-m\libgcc.a(_arm_unorddf2.o)
                0x0000aff8                __unorddf2
                0x0000aff8                __aeabi_dcmpun
 .text          0x0000b024       0x50 d:/nxp/lpcxpresso_8.2.2_650/lpcxpresso/tools/bin/../lib/gcc/arm-none-eabi/5.4.1/armv7-m\libgcc.a(_arm_fixdfsi.o)
                0x0000b024                __aeabi_d2iz
                0x0000b024                __fixdfsi
 .text          0x0000b074       0x30 d:/nxp/lpcxpresso_8.2.2_650/lpcxpresso/tools/bin/../lib/gcc/arm-none-eabi/5.4.1/armv7-m\libgcc.a(_aeabi_uldivmod.o)
                0x0000b074                __aeabi_uldivmod
 .text          0x0000b0a4      0x2ec d:/nxp/lpcxpresso_8.2.2_650/lpcxpresso/tools/bin/../lib/gcc/arm-none-eabi/5.4.1/armv7-m\libgcc.a(_udivmoddi4.o)
                0x0000b0a4                __udivmoddi4
 .text          0x0000b390        0x4 d:/nxp/lpcxpresso_8.2.2_650/lpcxpresso/tools/bin/../lib/gcc/arm-none-eabi/5.4.1/armv7-m\libgcc.a(_dvmd_tls.o)
                0x0000b390                __aeabi_idiv0
                0x0000b390                __aeabi_ldiv0
 .text          0x0000b394        0x0 d:/nxp/lpcxpresso_8.2.2_650/lpcxpresso/tools/bin/../lib/gcc/arm-none-eabi/5.4.1/../../../../arm-none-eabi/lib/armv7-m\libc.a(lib_a-errno.o)
 .text.__errno  0x0000b394        0xc d:/nxp/lpcxpresso_8.2.2_650/lpcxpresso/tools/bin/../lib/gcc/arm-none-eabi/5.4.1/../../../../arm-none-eabi/lib/armv7-m\libc.a(lib_a-errno.o)
                0x0000b394                __errno
 *(.rodata .rodata.* .constdata .constdata.*)
 .rodata.str1.1
                0x0000b3a0       0x4e ./src/pi7/interpretador_comando/interpretador_comando.o
 .rodata.str1.1
                0x0000b3ee       0x22 ./src/pi7/controlador_trajetoria/controlador_trajetoria.o
 .rodata.str1.1
                0x0000b410       0x10 ./src/pi7/comunicacao_pic/comunicacao_pic.o
 .rodata.str1.1
                0x0000b420       0x1e ./src/pi7/comunicacao_pc/modbus.o
 .rodata.str1.1
                0x0000b43e        0xb ./src/drivers/console/basic_io.o
 *fill*         0x0000b449        0x3 ff
 .rodata.DELAY_1MS
                0x0000b44c        0x4 ./src/main.o
                0x0000b44c                DELAY_1MS
 .rodata.DELAY_1SEC
                0x0000b450        0x4 ./src/main.o
                0x0000b450                DELAY_1SEC
 .rodata.DELAY_500MS
                0x0000b454        0x4 ./src/main.o
                0x0000b454                DELAY_500MS
 .rodata.str1.1
                0x0000b458       0x46 ./src/main.o
 *fill*         0x0000b49e        0x2 ff
 .rodata.DELAY_200MS
                0x0000b4a0        0x4 ./src/main.o
                0x0000b4a0                DELAY_200MS
 .rodata.str1.1
                0x0000b4a4       0x17 ./FreeRTOS_src/tasks.o
                                 0x1a (size before relaxing)
 *fill*         0x0000b4bb        0x1 ff
 .rodata.ulKernelPriority
                0x0000b4bc        0x4 ./FreeRTOS_portable/port.o
                0x0000b4bc                ulKernelPriority
 .rodata.blanks.7055
                0x0000b4c0       0x10 d:/nxp/lpcxpresso_8.2.2_650/lpcxpresso/tools/bin/../lib/gcc/arm-none-eabi/5.4.1/../../../../arm-none-eabi/lib/armv7-m\libc.a(lib_a-svfprintf.o)
 .rodata.str1.4
                0x0000b4d0       0x42 d:/nxp/lpcxpresso_8.2.2_650/lpcxpresso/tools/bin/../lib/gcc/arm-none-eabi/5.4.1/../../../../arm-none-eabi/lib/armv7-m\libc.a(lib_a-svfprintf.o)
 *fill*         0x0000b512        0x2 ff
 .rodata.zeroes.7056
                0x0000b514       0x10 d:/nxp/lpcxpresso_8.2.2_650/lpcxpresso/tools/bin/../lib/gcc/arm-none-eabi/5.4.1/../../../../arm-none-eabi/lib/armv7-m\libc.a(lib_a-svfprintf.o)
 .rodata.blanks.7070
                0x0000b524       0x10 d:/nxp/lpcxpresso_8.2.2_650/lpcxpresso/tools/bin/../lib/gcc/arm-none-eabi/5.4.1/../../../../arm-none-eabi/lib/armv7-m\libc.a(lib_a-vfprintf.o)
 .rodata.str1.4
                0x0000b534       0x42 d:/nxp/lpcxpresso_8.2.2_650/lpcxpresso/tools/bin/../lib/gcc/arm-none-eabi/5.4.1/../../../../arm-none-eabi/lib/armv7-m\libc.a(lib_a-vfprintf.o)
 .rodata.zeroes.7071
                0x0000b534       0x10 d:/nxp/lpcxpresso_8.2.2_650/lpcxpresso/tools/bin/../lib/gcc/arm-none-eabi/5.4.1/../../../../arm-none-eabi/lib/armv7-m\libc.a(lib_a-vfprintf.o)
 .rodata.str1.4
                0x0000b544       0x10 d:/nxp/lpcxpresso_8.2.2_650/lpcxpresso/tools/bin/../lib/gcc/arm-none-eabi/5.4.1/../../../../arm-none-eabi/lib/armv7-m\libc.a(lib_a-dtoa.o)
                                 0x12 (size before relaxing)
 .rodata.str1.4
                0x0000b554        0x2 d:/nxp/lpcxpresso_8.2.2_650/lpcxpresso/tools/bin/../lib/gcc/arm-none-eabi/5.4.1/../../../../arm-none-eabi/lib/armv7-m\libc.a(lib_a-impure.o)
 *fill*         0x0000b556        0x2 ff
 .rodata._global_impure_ptr
                0x0000b558        0x4 d:/nxp/lpcxpresso_8.2.2_650/lpcxpresso/tools/bin/../lib/gcc/arm-none-eabi/5.4.1/../../../../arm-none-eabi/lib/armv7-m\libc.a(lib_a-impure.o)
                0x0000b558                _global_impure_ptr
 .rodata.str1.4
                0x0000b55c        0xc d:/nxp/lpcxpresso_8.2.2_650/lpcxpresso/tools/bin/../lib/gcc/arm-none-eabi/5.4.1/../../../../arm-none-eabi/lib/armv7-m\libc.a(lib_a-locale.o)
                                 0x12 (size before relaxing)
 .rodata.__mprec_tens
                0x0000b568       0xc8 d:/nxp/lpcxpresso_8.2.2_650/lpcxpresso/tools/bin/../lib/gcc/arm-none-eabi/5.4.1/../../../../arm-none-eabi/lib/armv7-m\libc.a(lib_a-mprec.o)
                0x0000b568                __mprec_tens
 .rodata.__mprec_bigtens
                0x0000b630       0x28 d:/nxp/lpcxpresso_8.2.2_650/lpcxpresso/tools/bin/../lib/gcc/arm-none-eabi/5.4.1/../../../../arm-none-eabi/lib/armv7-m\libc.a(lib_a-mprec.o)
                0x0000b630                __mprec_bigtens
 .rodata.__mprec_tinytens
                0x0000b658       0x28 d:/nxp/lpcxpresso_8.2.2_650/lpcxpresso/tools/bin/../lib/gcc/arm-none-eabi/5.4.1/../../../../arm-none-eabi/lib/armv7-m\libc.a(lib_a-mprec.o)
                0x0000b658                __mprec_tinytens
 .rodata.p05.5396
                0x0000b680        0xc d:/nxp/lpcxpresso_8.2.2_650/lpcxpresso/tools/bin/../lib/gcc/arm-none-eabi/5.4.1/../../../../arm-none-eabi/lib/armv7-m\libc.a(lib_a-mprec.o)
 .rodata.blanks.6999
                0x0000b68c       0x10 d:/nxp/lpcxpresso_8.2.2_650/lpcxpresso/tools/bin/../lib/gcc/arm-none-eabi/5.4.1/../../../../arm-none-eabi/lib/armv7-m\libc.a(lib_a-svfiprintf.o)
 .rodata.str1.4
                0x0000b69c       0x2f d:/nxp/lpcxpresso_8.2.2_650/lpcxpresso/tools/bin/../lib/gcc/arm-none-eabi/5.4.1/../../../../arm-none-eabi/lib/armv7-m\libc.a(lib_a-svfiprintf.o)
 .rodata.zeroes.7000
                0x0000b69c       0x10 d:/nxp/lpcxpresso_8.2.2_650/lpcxpresso/tools/bin/../lib/gcc/arm-none-eabi/5.4.1/../../../../arm-none-eabi/lib/armv7-m\libc.a(lib_a-svfiprintf.o)
 .rodata.blanks.7013
                0x0000b6ac       0x10 d:/nxp/lpcxpresso_8.2.2_650/lpcxpresso/tools/bin/../lib/gcc/arm-none-eabi/5.4.1/../../../../arm-none-eabi/lib/armv7-m\libc.a(lib_a-vfiprintf.o)
 .rodata.str1.4
                0x0000b6bc       0x2f d:/nxp/lpcxpresso_8.2.2_650/lpcxpresso/tools/bin/../lib/gcc/arm-none-eabi/5.4.1/../../../../arm-none-eabi/lib/armv7-m\libc.a(lib_a-vfiprintf.o)
 .rodata.zeroes.7014
                0x0000b6bc       0x10 d:/nxp/lpcxpresso_8.2.2_650/lpcxpresso/tools/bin/../lib/gcc/arm-none-eabi/5.4.1/../../../../arm-none-eabi/lib/armv7-m\libc.a(lib_a-vfiprintf.o)
 .rodata.str1.1
                0x0000b6cc        0x4 d:/nxp/lpcxpresso_8.2.2_650/lpcxpresso/tools/bin/../lib/gcc/arm-none-eabi/5.4.1/../../../../arm-none-eabi/lib/armv7-m\libcr_newlib_semihost.a(syscalls.o)
                0x0000b6ec                . = ALIGN (0x4)

.glue_7         0x0000b6d0        0x0
 .glue_7        0x0000b6d0        0x0 linker stubs

.glue_7t        0x0000b6d0        0x0
 .glue_7t       0x0000b6d0        0x0 linker stubs

.vfp11_veneer   0x0000b6d0        0x0
 .vfp11_veneer  0x0000b6d0        0x0 linker stubs

.v4_bx          0x0000b6d0        0x0
 .v4_bx         0x0000b6d0        0x0 linker stubs

.iplt           0x0000b6d0        0x0
 .iplt          0x0000b6d0        0x0 ./src/pi7/programa_trajetoria/programa_trajetoria.o

.ARM.extab      0x0000b6d0        0x0
 *(.ARM.extab* .gnu.linkonce.armextab.*)
 .ARM.extab     0x0000b6d0        0x0 d:/nxp/lpcxpresso_8.2.2_650/lpcxpresso/tools/bin/../lib/gcc/arm-none-eabi/5.4.1/armv7-m\libgcc.a(_udivmoddi4.o)
                0x0000b6d0                __exidx_start = .

.ARM.exidx      0x0000b6d0        0x8
 *(.ARM.exidx* .gnu.linkonce.armexidx.*)
 .ARM.exidx     0x0000b6d0        0x8 d:/nxp/lpcxpresso_8.2.2_650/lpcxpresso/tools/bin/../lib/gcc/arm-none-eabi/5.4.1/armv7-m\libgcc.a(_udivmoddi4.o)
                0x0000b6d8                __exidx_end = .
                0x0000b6d8                _etext = .

.rel.dyn        0x0000b6d8        0x0
 .rel.iplt      0x0000b6d8        0x0 ./src/pi7/programa_trajetoria/programa_trajetoria.o

.data_RAM2      0x2007c000        0x0 load address 0x0000b6d8
 FILL mask 0xff
                [!provide]                PROVIDE (__start_data_RAM2, .)
 *(.ramfunc.$RAM2)
 *(.ramfunc.$RamAHB32)
 *(.data.$RAM2*)
 *(.data.$RamAHB32*)
                0x2007c000                . = ALIGN (0x4)
                [!provide]                PROVIDE (__end_data_RAM2, .)

.uninit_RESERVED
                0x10000000        0x0
 *(.bss.$RESERVED*)
                0x10000000                . = ALIGN (0x4)
                0x10000000                _end_uninit_RESERVED = .

.data           0x10000000      0x4ec load address 0x0000b6d8
 FILL mask 0xff
                0x10000000                _data = .
 *(vtable)
 *(.ramfunc*)
 *(.data*)
 .data          0x10000000        0x0 ./src/pi7/programa_trajetoria/programa_trajetoria.o
 .data          0x10000000        0x0 ./src/pi7/interpretador_comando/interpretador_comando.o
 .data          0x10000000        0x0 ./src/pi7/estado_trajetoria/estado_trajetoria.o
 .data.stt_x    0x10000000        0x4 ./src/pi7/estado_trajetoria/estado_trajetoria.o
                0x10000000                stt_x
 .data.stt_y    0x10000004        0x4 ./src/pi7/estado_trajetoria/estado_trajetoria.o
                0x10000004                stt_y
 .data.stt_z    0x10000008        0x4 ./src/pi7/estado_trajetoria/estado_trajetoria.o
                0x10000008                stt_z
 .data          0x1000000c        0x0 ./src/pi7/controlador_trajetoria/controlador_trajetoria.o
 .data          0x1000000c        0x0 ./src/pi7/comunicacao_pic/comunicacao_pic.o
 .data          0x1000000c        0x0 ./src/pi7/comunicacao_pc/modbus.o
 .data          0x1000000c        0x0 ./src/drivers/uart/uart.o
 .data.UART0TxEmpty
                0x1000000c        0x1 ./src/drivers/uart/uart.o
                0x1000000c                UART0TxEmpty
 .data.UART1TxEmpty
                0x1000000d        0x1 ./src/drivers/uart/uart.o
                0x1000000d                UART1TxEmpty
 .data          0x1000000e        0x0 ./src/drivers/pwm/pwm.o
 .data          0x1000000e        0x0 ./src/drivers/ledonboard/leds.o
 .data          0x1000000e        0x0 ./src/drivers/console/alloc.o
 .data          0x1000000e        0x0 ./src/drivers/console/basic_io.o
 .data          0x1000000e        0x0 ./src/drivers/console/consoleprint.o
 .data          0x1000000e        0x0 ./src/cr_startup_lpc17.o
 .data          0x1000000e        0x0 ./src/main.o
 .data.msgReadRegister
                0x1000000e        0xd ./src/main.o
                0x1000000e                msgReadRegister
 .data.msgWriteRegister
                0x1000001b        0xf ./src/main.o
                0x1000001b                msgWriteRegister
 .data          0x1000002a        0x0 ./FreeRTOS_src/croutine.o
 .data          0x1000002a        0x0 ./FreeRTOS_src/list.o
 .data          0x1000002a        0x0 ./FreeRTOS_src/queue.o
 .data          0x1000002a        0x0 ./FreeRTOS_src/tasks.o
 *fill*         0x1000002a        0x2 ff
 .data.uxPreviousTask
                0x1000002c        0x4 ./FreeRTOS_src/tasks.o
 .data.xNextTaskUnblockTime
                0x10000030        0x4 ./FreeRTOS_src/tasks.o
 .data          0x10000034        0x0 ./FreeRTOS_src/timers.o
 .data          0x10000034        0x0 ./FreeRTOS_portable/MemMang/heap_2.o
 .data.xFreeBytesRemaining
                0x10000034        0x4 ./FreeRTOS_portable/MemMang/heap_2.o
 .data          0x10000038        0x0 ./FreeRTOS_portable/port.o
 .data.uxCriticalNesting
                0x10000038        0x4 ./FreeRTOS_portable/port.o
 .data          0x1000003c        0x4 ../Libraries\libCMSISv2_LPC17xx.a(system_LPC17xx.o)
                0x1000003c                SystemFrequency
 .data          0x10000040        0x0 d:/nxp/lpcxpresso_8.2.2_650/lpcxpresso/tools/bin/../lib/gcc/arm-none-eabi/5.4.1/armv7-m\libgcc.a(_arm_addsubdf3.o)
 .data          0x10000040        0x0 d:/nxp/lpcxpresso_8.2.2_650/lpcxpresso/tools/bin/../lib/gcc/arm-none-eabi/5.4.1/armv7-m\libgcc.a(_arm_fixsfsi.o)
 .data          0x10000040        0x0 d:/nxp/lpcxpresso_8.2.2_650/lpcxpresso/tools/bin/../lib/gcc/arm-none-eabi/5.4.1/../../../../arm-none-eabi/lib/armv7-m\libc.a(lib_a-memcpy.o)
 .data          0x10000040        0x0 d:/nxp/lpcxpresso_8.2.2_650/lpcxpresso/tools/bin/../lib/gcc/arm-none-eabi/5.4.1/../../../../arm-none-eabi/lib/armv7-m\libc.a(lib_a-memset.o)
 .data          0x10000040        0x0 d:/nxp/lpcxpresso_8.2.2_650/lpcxpresso/tools/bin/../lib/gcc/arm-none-eabi/5.4.1/../../../../arm-none-eabi/lib/armv7-m\libc.a(lib_a-printf.o)
 .data          0x10000040        0x0 d:/nxp/lpcxpresso_8.2.2_650/lpcxpresso/tools/bin/../lib/gcc/arm-none-eabi/5.4.1/../../../../arm-none-eabi/lib/armv7-m\libc.a(lib_a-sprintf.o)
 .data          0x10000040        0x0 d:/nxp/lpcxpresso_8.2.2_650/lpcxpresso/tools/bin/../lib/gcc/arm-none-eabi/5.4.1/../../../../arm-none-eabi/lib/armv7-m\libc.a(lib_a-strcat.o)
 .data          0x10000040        0x0 d:/nxp/lpcxpresso_8.2.2_650/lpcxpresso/tools/bin/../lib/gcc/arm-none-eabi/5.4.1/../../../../arm-none-eabi/lib/armv7-m\libc.a(lib_a-strcpy.o)
 .data          0x10000040        0x0 d:/nxp/lpcxpresso_8.2.2_650/lpcxpresso/tools/bin/../lib/gcc/arm-none-eabi/5.4.1/../../../../arm-none-eabi/lib/armv7-m\libc.a(lib_a-strlen-stub.o)
 .data          0x10000040        0x0 d:/nxp/lpcxpresso_8.2.2_650/lpcxpresso/tools/bin/../lib/gcc/arm-none-eabi/5.4.1/../../../../arm-none-eabi/lib/armv7-m\libc.a(lib_a-strncpy.o)
 .data          0x10000040        0x0 d:/nxp/lpcxpresso_8.2.2_650/lpcxpresso/tools/bin/../lib/gcc/arm-none-eabi/5.4.1/../../../../arm-none-eabi/lib/armv7-m\libc.a(lib_a-svfprintf.o)
 .data          0x10000040        0x0 d:/nxp/lpcxpresso_8.2.2_650/lpcxpresso/tools/bin/../lib/gcc/arm-none-eabi/5.4.1/../../../../arm-none-eabi/lib/armv7-m\libc.a(lib_a-vfprintf.o)
 .data          0x10000040        0x0 d:/nxp/lpcxpresso_8.2.2_650/lpcxpresso/tools/bin/../lib/gcc/arm-none-eabi/5.4.1/../../../../arm-none-eabi/lib/armv7-m\libc.a(lib_a-wsetup.o)
 .data          0x10000040        0x0 d:/nxp/lpcxpresso_8.2.2_650/lpcxpresso/tools/bin/../lib/gcc/arm-none-eabi/5.4.1/../../../../arm-none-eabi/lib/armv7-m\libc.a(lib_a-dtoa.o)
 .data          0x10000040        0x0 d:/nxp/lpcxpresso_8.2.2_650/lpcxpresso/tools/bin/../lib/gcc/arm-none-eabi/5.4.1/../../../../arm-none-eabi/lib/armv7-m\libc.a(lib_a-fflush.o)
 .data          0x10000040        0x0 d:/nxp/lpcxpresso_8.2.2_650/lpcxpresso/tools/bin/../lib/gcc/arm-none-eabi/5.4.1/../../../../arm-none-eabi/lib/armv7-m\libc.a(lib_a-findfp.o)
 .data          0x10000040        0x0 d:/nxp/lpcxpresso_8.2.2_650/lpcxpresso/tools/bin/../lib/gcc/arm-none-eabi/5.4.1/../../../../arm-none-eabi/lib/armv7-m\libc.a(lib_a-fwalk.o)
 .data          0x10000040        0x0 d:/nxp/lpcxpresso_8.2.2_650/lpcxpresso/tools/bin/../lib/gcc/arm-none-eabi/5.4.1/../../../../arm-none-eabi/lib/armv7-m\libc.a(lib_a-impure.o)
 .data.impure_data
                0x10000040      0x428 d:/nxp/lpcxpresso_8.2.2_650/lpcxpresso/tools/bin/../lib/gcc/arm-none-eabi/5.4.1/../../../../arm-none-eabi/lib/armv7-m\libc.a(lib_a-impure.o)
 .data._impure_ptr
                0x10000468        0x4 d:/nxp/lpcxpresso_8.2.2_650/lpcxpresso/tools/bin/../lib/gcc/arm-none-eabi/5.4.1/../../../../arm-none-eabi/lib/armv7-m\libc.a(lib_a-impure.o)
                0x10000468                _impure_ptr
 .data          0x1000046c        0x0 d:/nxp/lpcxpresso_8.2.2_650/lpcxpresso/tools/bin/../lib/gcc/arm-none-eabi/5.4.1/../../../../arm-none-eabi/lib/armv7-m\libc.a(lib_a-locale.o)
 .data.lc_message_charset
                0x1000046c       0x20 d:/nxp/lpcxpresso_8.2.2_650/lpcxpresso/tools/bin/../lib/gcc/arm-none-eabi/5.4.1/../../../../arm-none-eabi/lib/armv7-m\libc.a(lib_a-locale.o)
 .data.lconv    0x1000048c       0x38 d:/nxp/lpcxpresso_8.2.2_650/lpcxpresso/tools/bin/../lib/gcc/arm-none-eabi/5.4.1/../../../../arm-none-eabi/lib/armv7-m\libc.a(lib_a-locale.o)
 .data.lc_ctype_charset
                0x100004c4       0x20 d:/nxp/lpcxpresso_8.2.2_650/lpcxpresso/tools/bin/../lib/gcc/arm-none-eabi/5.4.1/../../../../arm-none-eabi/lib/armv7-m\libc.a(lib_a-locale.o)
 .data.__mb_cur_max
                0x100004e4        0x4 d:/nxp/lpcxpresso_8.2.2_650/lpcxpresso/tools/bin/../lib/gcc/arm-none-eabi/5.4.1/../../../../arm-none-eabi/lib/armv7-m\libc.a(lib_a-locale.o)
                0x100004e4                __mb_cur_max
 .data          0x100004e8        0x0 d:/nxp/lpcxpresso_8.2.2_650/lpcxpresso/tools/bin/../lib/gcc/arm-none-eabi/5.4.1/../../../../arm-none-eabi/lib/armv7-m\libc.a(lib_a-makebuf.o)
 .data          0x100004e8        0x0 d:/nxp/lpcxpresso_8.2.2_650/lpcxpresso/tools/bin/../lib/gcc/arm-none-eabi/5.4.1/../../../../arm-none-eabi/lib/armv7-m\libc.a(lib_a-memchr-stub.o)
 .data          0x100004e8        0x0 d:/nxp/lpcxpresso_8.2.2_650/lpcxpresso/tools/bin/../lib/gcc/arm-none-eabi/5.4.1/../../../../arm-none-eabi/lib/armv7-m\libc.a(lib_a-mprec.o)
 .data          0x100004e8        0x0 d:/nxp/lpcxpresso_8.2.2_650/lpcxpresso/tools/bin/../lib/gcc/arm-none-eabi/5.4.1/../../../../arm-none-eabi/lib/armv7-m\libc.a(lib_a-stdio.o)
 .data          0x100004e8        0x0 d:/nxp/lpcxpresso_8.2.2_650/lpcxpresso/tools/bin/../lib/gcc/arm-none-eabi/5.4.1/../../../../arm-none-eabi/lib/armv7-m\libc.a(lib_a-strcmp.o)
 .data          0x100004e8        0x0 d:/nxp/lpcxpresso_8.2.2_650/lpcxpresso/tools/bin/../lib/gcc/arm-none-eabi/5.4.1/../../../../arm-none-eabi/lib/armv7-m\libc.a(lib_a-svfiprintf.o)
 .data          0x100004e8        0x0 d:/nxp/lpcxpresso_8.2.2_650/lpcxpresso/tools/bin/../lib/gcc/arm-none-eabi/5.4.1/../../../../arm-none-eabi/lib/armv7-m\libc.a(lib_a-vfiprintf.o)
 .data          0x100004e8        0x0 d:/nxp/lpcxpresso_8.2.2_650/lpcxpresso/tools/bin/../lib/gcc/arm-none-eabi/5.4.1/../../../../arm-none-eabi/lib/armv7-m\libc.a(lib_a-writer.o)
 .data          0x100004e8        0x0 d:/nxp/lpcxpresso_8.2.2_650/lpcxpresso/tools/bin/../lib/gcc/arm-none-eabi/5.4.1/../../../../arm-none-eabi/lib/armv7-m\libc.a(lib_a-closer.o)
 .data          0x100004e8        0x0 d:/nxp/lpcxpresso_8.2.2_650/lpcxpresso/tools/bin/../lib/gcc/arm-none-eabi/5.4.1/../../../../arm-none-eabi/lib/armv7-m\libc.a(lib_a-fclose.o)
 .data          0x100004e8        0x0 d:/nxp/lpcxpresso_8.2.2_650/lpcxpresso/tools/bin/../lib/gcc/arm-none-eabi/5.4.1/../../../../arm-none-eabi/lib/armv7-m\libc.a(lib_a-fputwc.o)
 .data          0x100004e8        0x0 d:/nxp/lpcxpresso_8.2.2_650/lpcxpresso/tools/bin/../lib/gcc/arm-none-eabi/5.4.1/../../../../arm-none-eabi/lib/armv7-m\libc.a(lib_a-fstatr.o)
 .data          0x100004e8        0x0 d:/nxp/lpcxpresso_8.2.2_650/lpcxpresso/tools/bin/../lib/gcc/arm-none-eabi/5.4.1/../../../../arm-none-eabi/lib/armv7-m\libc.a(lib_a-fvwrite.o)
 .data          0x100004e8        0x0 d:/nxp/lpcxpresso_8.2.2_650/lpcxpresso/tools/bin/../lib/gcc/arm-none-eabi/5.4.1/../../../../arm-none-eabi/lib/armv7-m\libc.a(lib_a-isattyr.o)
 .data          0x100004e8        0x0 d:/nxp/lpcxpresso_8.2.2_650/lpcxpresso/tools/bin/../lib/gcc/arm-none-eabi/5.4.1/../../../../arm-none-eabi/lib/armv7-m\libc.a(lib_a-lseekr.o)
 .data          0x100004e8        0x0 d:/nxp/lpcxpresso_8.2.2_650/lpcxpresso/tools/bin/../lib/gcc/arm-none-eabi/5.4.1/../../../../arm-none-eabi/lib/armv7-m\libc.a(lib_a-memmove.o)
 .data          0x100004e8        0x0 d:/nxp/lpcxpresso_8.2.2_650/lpcxpresso/tools/bin/../lib/gcc/arm-none-eabi/5.4.1/../../../../arm-none-eabi/lib/armv7-m\libc.a(lib_a-readr.o)
 .data          0x100004e8        0x0 d:/nxp/lpcxpresso_8.2.2_650/lpcxpresso/tools/bin/../lib/gcc/arm-none-eabi/5.4.1/../../../../arm-none-eabi/lib/armv7-m\libc.a(lib_a-reent.o)
 .data          0x100004e8        0x0 d:/nxp/lpcxpresso_8.2.2_650/lpcxpresso/tools/bin/../lib/gcc/arm-none-eabi/5.4.1/../../../../arm-none-eabi/lib/armv7-m\libc.a(lib_a-wbuf.o)
 .data          0x100004e8        0x0 d:/nxp/lpcxpresso_8.2.2_650/lpcxpresso/tools/bin/../lib/gcc/arm-none-eabi/5.4.1/../../../../arm-none-eabi/lib/armv7-m\libc.a(lib_a-wcrtomb.o)
 .data          0x100004e8        0x0 d:/nxp/lpcxpresso_8.2.2_650/lpcxpresso/tools/bin/../lib/gcc/arm-none-eabi/5.4.1/../../../../arm-none-eabi/lib/armv7-m\libc.a(lib_a-wctomb_r.o)
 .data.__wctomb
                0x100004e8        0x4 d:/nxp/lpcxpresso_8.2.2_650/lpcxpresso/tools/bin/../lib/gcc/arm-none-eabi/5.4.1/../../../../arm-none-eabi/lib/armv7-m\libc.a(lib_a-wctomb_r.o)
                0x100004e8                __wctomb
 .data          0x100004ec        0x0 d:/nxp/lpcxpresso_8.2.2_650/lpcxpresso/tools/bin/../lib/gcc/arm-none-eabi/5.4.1/../../../../arm-none-eabi/lib/armv7-m\libcr_newlib_semihost.a(syscalls.o)
 .data          0x100004ec        0x0 d:/nxp/lpcxpresso_8.2.2_650/lpcxpresso/tools/bin/../lib/gcc/arm-none-eabi/5.4.1/armv7-m\libgcc.a(_arm_muldivdf3.o)
 .data          0x100004ec        0x0 d:/nxp/lpcxpresso_8.2.2_650/lpcxpresso/tools/bin/../lib/gcc/arm-none-eabi/5.4.1/armv7-m\libgcc.a(_arm_cmpdf2.o)
 .data          0x100004ec        0x0 d:/nxp/lpcxpresso_8.2.2_650/lpcxpresso/tools/bin/../lib/gcc/arm-none-eabi/5.4.1/armv7-m\libgcc.a(_arm_unorddf2.o)
 .data          0x100004ec        0x0 d:/nxp/lpcxpresso_8.2.2_650/lpcxpresso/tools/bin/../lib/gcc/arm-none-eabi/5.4.1/armv7-m\libgcc.a(_arm_fixdfsi.o)
 .data          0x100004ec        0x0 d:/nxp/lpcxpresso_8.2.2_650/lpcxpresso/tools/bin/../lib/gcc/arm-none-eabi/5.4.1/armv7-m\libgcc.a(_aeabi_uldivmod.o)
 .data          0x100004ec        0x0 d:/nxp/lpcxpresso_8.2.2_650/lpcxpresso/tools/bin/../lib/gcc/arm-none-eabi/5.4.1/armv7-m\libgcc.a(_udivmoddi4.o)
 .data          0x100004ec        0x0 d:/nxp/lpcxpresso_8.2.2_650/lpcxpresso/tools/bin/../lib/gcc/arm-none-eabi/5.4.1/armv7-m\libgcc.a(_dvmd_tls.o)
 .data          0x100004ec        0x0 d:/nxp/lpcxpresso_8.2.2_650/lpcxpresso/tools/bin/../lib/gcc/arm-none-eabi/5.4.1/../../../../arm-none-eabi/lib/armv7-m\libc.a(lib_a-errno.o)
                0x100004ec                . = ALIGN (0x4)
                0x100004ec                _edata = .

.igot.plt       0x100004ec        0x0 load address 0x0000bbc4
 .igot.plt      0x100004ec        0x0 ./src/pi7/programa_trajetoria/programa_trajetoria.o

.bss_RAM2       0x2007c000        0x0
                [!provide]                PROVIDE (__start_bss_RAM2, .)
 *(.bss.$RAM2*)
 *(.bss.$RamAHB32*)
                0x2007c000                . = ALIGN ((. != 0x0)?0x4:0x1)
                [!provide]                PROVIDE (__end_bss_RAM2, .)

.bss            0x100004f0     0x59b8
                0x100004f0                _bss = .
 *(.bss*)
 .bss           0x100004f0        0x0 ./src/pi7/programa_trajetoria/programa_trajetoria.o
 .bss           0x100004f0        0x0 ./src/pi7/interpretador_comando/interpretador_comando.o
 .bss.ctl_AUX   0x100004f0        0x4 ./src/pi7/interpretador_comando/interpretador_comando.o
                0x100004f0                ctl_AUX
 .bss           0x100004f4        0x0 ./src/pi7/estado_trajetoria/estado_trajetoria.o
 .bss           0x100004f4        0x0 ./src/pi7/controlador_trajetoria/controlador_trajetoria.o
 .bss           0x100004f4        0x0 ./src/pi7/comunicacao_pic/comunicacao_pic.o
 .bss           0x100004f4        0x0 ./src/pi7/comunicacao_pc/modbus.o
 .bss           0x100004f4        0x0 ./src/drivers/uart/uart.o
 .bss.UART1Count
                0x100004f4        0x4 ./src/drivers/uart/uart.o
                0x100004f4                UART1Count
 .bss.UART0Count
                0x100004f8        0x4 ./src/drivers/uart/uart.o
                0x100004f8                UART0Count
 .bss           0x100004fc        0x0 ./src/drivers/pwm/pwm.o
 .bss           0x100004fc        0x0 ./src/drivers/ledonboard/leds.o
 .bss           0x100004fc        0x0 ./src/drivers/console/alloc.o
 .bss           0x100004fc        0x0 ./src/drivers/console/basic_io.o
 .bss.cBuffer   0x100004fc       0x32 ./src/drivers/console/basic_io.o
 .bss           0x1000052e        0x0 ./src/drivers/console/consoleprint.o
 .bss           0x1000052e        0x0 ./src/cr_startup_lpc17.o
 .bss           0x1000052e        0x0 ./src/main.o
 *fill*         0x1000052e        0x2 
 .bss.ki        0x10000530        0x4 ./src/main.o
                0x10000530                ki
 .bss           0x10000534        0x0 ./FreeRTOS_src/croutine.o
 .bss.xDelayedCoRoutineList1