Archive member included to satisfy reference by file (symbol)

../Libraries\libCMSISv2_LPC17xx.a(system_LPC17xx.o)
                              ./src/drivers/uart/uart.o (SystemFrequency)
d:/nxp/lpcxpresso_8.2.2_650/lpcxpresso/tools/bin/../lib/gcc/arm-none-eabi/5.4.1/armv7-m\libgcc.a(_arm_addsubdf3.o)
                              ./src/pi7/comunicacao_pic/comunicacao_pic.o (__aeabi_f2d)
d:/nxp/lpcxpresso_8.2.2_650/lpcxpresso/tools/bin/../lib/gcc/arm-none-eabi/5.4.1/armv7-m\libgcc.a(_arm_fixsfsi.o)
                              ./src/pi7/interpretador_comando/interpretador_comando.o (__aeabi_f2iz)
d:/nxp/lpcxpresso_8.2.2_650/lpcxpresso/tools/bin/../lib/gcc/arm-none-eabi/5.4.1/../../../../arm-none-eabi/lib/armv7-m\libc.a(lib_a-memcpy.o)
                              ./src/drivers/console/alloc.o (memcpy)
d:/nxp/lpcxpresso_8.2.2_650/lpcxpresso/tools/bin/../lib/gcc/arm-none-eabi/5.4.1/../../../../arm-none-eabi/lib/armv7-m\libc.a(lib_a-memset.o)
                              ./FreeRTOS_src/tasks.o (memset)
d:/nxp/lpcxpresso_8.2.2_650/lpcxpresso/tools/bin/../lib/gcc/arm-none-eabi/5.4.1/../../../../arm-none-eabi/lib/armv7-m\libc.a(lib_a-printf.o)
                              ./src/pi7/interpretador_comando/interpretador_comando.o (printf)
d:/nxp/lpcxpresso_8.2.2_650/lpcxpresso/tools/bin/../lib/gcc/arm-none-eabi/5.4.1/../../../../arm-none-eabi/lib/armv7-m\libc.a(lib_a-sprintf.o)
                              ./src/drivers/console/basic_io.o (sprintf)
d:/nxp/lpcxpresso_8.2.2_650/lpcxpresso/tools/bin/../lib/gcc/arm-none-eabi/5.4.1/../../../../arm-none-eabi/lib/armv7-m\libc.a(lib_a-strcat.o)
                              ./FreeRTOS_src/tasks.o (strcat)
d:/nxp/lpcxpresso_8.2.2_650/lpcxpresso/tools/bin/../lib/gcc/arm-none-eabi/5.4.1/../../../../arm-none-eabi/lib/armv7-m\libc.a(lib_a-strcpy.o)
                              d:/nxp/lpcxpresso_8.2.2_650/lpcxpresso/tools/bin/../lib/gcc/arm-none-eabi/5.4.1/../../../../arm-none-eabi/lib/armv7-m\libc.a(lib_a-strcat.o) (strcpy)
d:/nxp/lpcxpresso_8.2.2_650/lpcxpresso/tools/bin/../lib/gcc/arm-none-eabi/5.4.1/../../../../arm-none-eabi/lib/armv7-m\libc.a(lib_a-strlen-stub.o)
                              ./src/drivers/console/consoleprint.o (strlen)
d:/nxp/lpcxpresso_8.2.2_650/lpcxpresso/tools/bin/../lib/gcc/arm-none-eabi/5.4.1/../../../../arm-none-eabi/lib/armv7-m\libc.a(lib_a-strncpy.o)
                              ./FreeRTOS_src/tasks.o (strncpy)
d:/nxp/lpcxpresso_8.2.2_650/lpcxpresso/tools/bin/../lib/gcc/arm-none-eabi/5.4.1/../../../../arm-none-eabi/lib/armv7-m\libc.a(lib_a-svfprintf.o)
                              d:/nxp/lpcxpresso_8.2.2_650/lpcxpresso/tools/bin/../lib/gcc/arm-none-eabi/5.4.1/../../../../arm-none-eabi/lib/armv7-m\libc.a(lib_a-sprintf.o) (_svfprintf_r)
d:/nxp/lpcxpresso_8.2.2_650/lpcxpresso/tools/bin/../lib/gcc/arm-none-eabi/5.4.1/../../../../arm-none-eabi/lib/armv7-m\libc.a(lib_a-vfprintf.o)
                              d:/nxp/lpcxpresso_8.2.2_650/lpcxpresso/tools/bin/../lib/gcc/arm-none-eabi/5.4.1/../../../../arm-none-eabi/lib/armv7-m\libc.a(lib_a-printf.o) (_vfprintf_r)
d:/nxp/lpcxpresso_8.2.2_650/lpcxpresso/tools/bin/../lib/gcc/arm-none-eabi/5.4.1/../../../../arm-none-eabi/lib/armv7-m\libc.a(lib_a-wsetup.o)
                              d:/nxp/lpcxpresso_8.2.2_650/lpcxpresso/tools/bin/../lib/gcc/arm-none-eabi/5.4.1/../../../../arm-none-eabi/lib/armv7-m\libc.a(lib_a-vfprintf.o) (__swsetup_r)
d:/nxp/lpcxpresso_8.2.2_650/lpcxpresso/tools/bin/../lib/gcc/arm-none-eabi/5.4.1/../../../../arm-none-eabi/lib/armv7-m\libc.a(lib_a-dtoa.o)
                              d:/nxp/lpcxpresso_8.2.2_650/lpcxpresso/tools/bin/../lib/gcc/arm-none-eabi/5.4.1/../../../../arm-none-eabi/lib/armv7-m\libc.a(lib_a-svfprintf.o) (_dtoa_r)
d:/nxp/lpcxpresso_8.2.2_650/lpcxpresso/tools/bin/../lib/gcc/arm-none-eabi/5.4.1/../../../../arm-none-eabi/lib/armv7-m\libc.a(lib_a-fflush.o)
                              d:/nxp/lpcxpresso_8.2.2_650/lpcxpresso/tools/bin/../lib/gcc/arm-none-eabi/5.4.1/../../../../arm-none-eabi/lib/armv7-m\libc.a(lib_a-vfprintf.o) (_fflush_r)
d:/nxp/lpcxpresso_8.2.2_650/lpcxpresso/tools/bin/../lib/gcc/arm-none-eabi/5.4.1/../../../../arm-none-eabi/lib/armv7-m\libc.a(lib_a-findfp.o)
                              d:/nxp/lpcxpresso_8.2.2_650/lpcxpresso/tools/bin/../lib/gcc/arm-none-eabi/5.4.1/../../../../arm-none-eabi/lib/armv7-m\libc.a(lib_a-vfprintf.o) (__sinit)
d:/nxp/lpcxpresso_8.2.2_650/lpcxpresso/tools/bin/../lib/gcc/arm-none-eabi/5.4.1/../../../../arm-none-eabi/lib/armv7-m\libc.a(lib_a-fwalk.o)
                              d:/nxp/lpcxpresso_8.2.2_650/lpcxpresso/tools/bin/../lib/gcc/arm-none-eabi/5.4.1/../../../../arm-none-eabi/lib/armv7-m\libc.a(lib_a-findfp.o) (_fwalk)
d:/nxp/lpcxpresso_8.2.2_650/lpcxpresso/tools/bin/../lib/gcc/arm-none-eabi/5.4.1/../../../../arm-none-eabi/lib/armv7-m\libc.a(lib_a-impure.o)
[...]
Memory Configuration

Name             Origin             Length             Attributes
MFlash512        0x00000000         0x00080000         xr
RamLoc32         0x10000000         0x00008000         xrw
RamAHB32         0x2007c000         0x00008000         xrw
*default*        0x00000000         0xffffffff

Linker script and memory map

LOAD ./src/pi7/programa_trajetoria/programa_trajetoria.o
LOAD ./src/pi7/interpretador_comando/interpretador_comando.o
LOAD ./src/pi7/estado_trajetoria/estado_trajetoria.o
LOAD ./src/pi7/controlador_trajetoria/controlador_trajetoria.o
LOAD ./src/pi7/comunicacao_pic/comunicacao_pic.o
LOAD ./src/pi7/comunicacao_pc/modbus.o
LOAD ./src/drivers/uart/uart.o
LOAD ./src/drivers/pwm/pwm.o
LOAD ./src/drivers/ledonboard/leds.o
LOAD ./src/drivers/console/alloc.o
LOAD ./src/drivers/console/basic_io.o
LOAD ./src/drivers/console/consoleprint.o
LOAD ./src/cr_startup_lpc17.o
LOAD ./src/main.o
LOAD ./FreeRTOS_src/croutine.o
LOAD ./FreeRTOS_src/list.o
LOAD ./FreeRTOS_src/queue.o
LOAD ./FreeRTOS_src/tasks.o
LOAD ./FreeRTOS_src/timers.o
LOAD ./FreeRTOS_portable/MemMang/heap_2.o
LOAD ./FreeRTOS_portable/port.o
LOAD ../Libraries\libCMSISv2_LPC17xx.a
START GROUP
LOAD d:/nxp/lpcxpresso_8.2.2_650/lpcxpresso/tools/bin/../lib/gcc/arm-none-eabi/5.4.1/armv7-m\libgcc.a
LOAD d:/nxp/lpcxpresso_8.2.2_650/lpcxpresso/tools/bin/../lib/gcc/arm-none-eabi/5.4.1/../../../../arm-none-eabi/lib/armv7-m\libc.a
LOAD d:/nxp/lpcxpresso_8.2.2_650/lpcxpresso/tools/bin/../lib/gcc/arm-none-eabi/5.4.1/../../../../arm-none-eabi/lib/armv7-m\libm.a
LOAD d:/nxp/lpcxpresso_8.2.2_650/lpcxpresso/tools/bin/../lib/gcc/arm-none-eabi/5.4.1/../../../../arm-none-eabi/lib/armv7-m\libcr_newlib_semihost.a
END GROUP
                0x00000000                __base_MFlash512 = 0x0
                0x00000000                __base_Flash = 0x0
                0x00080000                __top_MFlash512 = 0x80000
                0x00080000                __top_Flash = 0x80000
                0x10000000                __base_RamLoc32 = 0x10000000
                0x10000000                __base_RAM = 0x10000000
                0x10008000                __top_RamLoc32 = 0x10008000
                0x10008000                __top_RAM = 0x10008000
                0x2007c000                __base_RamAHB32 = 0x2007c000
                0x2007c000                __base_RAM2 = 0x2007c000
                0x20084000                __top_RamAHB32 = 0x20084000
                0x20084000                __top_RAM2 = 0x20084000

.text           0x00000000     0xb650
 FILL mask 0xff
                0x00000000                __vectors_start__ = ABSOLUTE (.)
 *(.isr_vector)
 .isr_vector    0x00000000       0xcc ./src/cr_startup_lpc17.o
                0x00000000                g_pfnVectors
                0x000000cc                . = ALIGN (0x4)
                0x000000cc                __section_table_start = .
                0x000000cc                __data_section_table = .
                0x000000cc        0x4 LONG 0xb658 LOADADDR (.data)
                0x000000d0        0x4 LONG 0x10000000 ADDR (.data)
                0x000000d4        0x4 LONG 0x4ec SIZEOF (.data)
                0x000000d8        0x4 LONG 0xb658 LOADADDR (.data_RAM2)
                0x000000dc        0x4 LONG 0x2007c000 ADDR (.data_RAM2)
                0x000000e0        0x4 LONG 0x0 SIZEOF (.data_RAM2)
                0x000000e4                __data_section_table_end = .
                0x000000e4                __bss_section_table = .
                0x000000e4        0x4 LONG 0x100004f0 ADDR (.bss)
                0x000000e8        0x4 LONG 0x59b0 SIZEOF (.bss)
                0x000000ec        0x4 LONG 0x2007c000 ADDR (.bss_RAM2)
                0x000000f0        0x4 LONG 0x0 SIZEOF (.bss_RAM2)
                0x000000f4                __bss_section_table_end = .
                0x000000f4                __section_table_end = .
 *(.after_vectors*)
 *(.text*)
 .text          0x000000f4        0x0 ./src/pi7/programa_trajetoria/programa_trajetoria.o
 .text.ptj_storeProgram
                0x000000f4        0x2 ./src/pi7/programa_trajetoria/programa_trajetoria.o
                0x000000f4                ptj_storeProgram
 *fill*         0x000000f6        0x2 ff
 .text.ptj_getLine
                0x000000f8       0x1c ./src/pi7/programa_trajetoria/programa_trajetoria.o
                0x000000f8                ptj_getLine
 .text.ptj_init
                0x00000114       0x1c ./src/pi7/programa_trajetoria/programa_trajetoria.o
                0x00000114                ptj_init
 .text          0x00000130        0x0 ./src/pi7/interpretador_comando/interpretador_comando.o
 .text.ctl_ReadRegister
                0x00000130       0x32 ./src/pi7/interpretador_comando/interpretador_comando.o
                0x00000130                ctl_ReadRegister
 *fill*         0x00000162        0x2 ff
 .text.ctl_WriteRegister
                0x00000164       0x4c ./src/pi7/interpretador_comando/interpretador_comando.o
                0x00000164                ctl_WriteRegister
 .text.ctl_WriteProgram
                0x000001b0        0x4 ./src/pi7/interpretador_comando/interpretador_comando.o
                0x000001b0                ctl_WriteProgram
 .text.ctl_init
                0x000001b4        0x2 ./src/pi7/interpretador_comando/interpretador_comando.o
                0x000001b4                ctl_init
 .text          0x000001b6        0x0 ./src/pi7/estado_trajetoria/estado_trajetoria.o
 *fill*         0x000001b6        0x2 ff
 .text.stt_getCurrentLine
                0x000001b8        0xc ./src/pi7/estado_trajetoria/estado_trajetoria.o
                0x000001b8                stt_getCurrentLine
 .text.stt_setCurrentLine
                0x000001c4        0xc ./src/pi7/estado_trajetoria/estado_trajetoria.o
                0x000001c4                stt_setCurrentLine
 .text.stt_getX
                0x000001d0        0xc ./src/pi7/estado_trajetoria/estado_trajetoria.o
                0x000001d0                stt_getX
 .text.stt_getY
                0x000001dc        0xc ./src/pi7/estado_trajetoria/estado_trajetoria.o
                0x000001dc                stt_getY
 .text.stt_getZ
                0x000001e8        0xc ./src/pi7/estado_trajetoria/estado_trajetoria.o
                0x000001e8                stt_getZ
 .text.stt_setX
                0x000001f4        0xc ./src/pi7/estado_trajetoria/estado_trajetoria.o
                0x000001f4                stt_setX
 .text.stt_setY
                0x00000200        0xc ./src/pi7/estado_trajetoria/estado_trajetoria.o
                0x00000200                stt_setY
 .text.stt_setZ
                0x0000020c        0xc ./src/pi7/estado_trajetoria/estado_trajetoria.o
                0x0000020c                stt_setZ
 .text.stt_init
                0x00000218        0x2 ./src/pi7/estado_trajetoria/estado_trajetoria.o
                0x00000218                stt_init
 .text          0x0000021a        0x0 ./src/pi7/controlador_trajetoria/controlador_trajetoria.o
 *fill*         0x0000021a        0x2 ff
 .text.trj_generateSetpoint
                0x0000021c       0x54 ./src/pi7/controlador_trajetoria/controlador_trajetoria.o
                0x0000021c                trj_generateSetpoint
 .text.trj_processCommand
                0x00000270       0x3c ./src/pi7/controlador_trajetoria/controlador_trajetoria.o
                0x00000270                trj_processCommand
 .text.trj_init
                0x000002ac        0xc ./src/pi7/controlador_trajetoria/controlador_trajetoria.o
                0x000002ac                trj_init
 .text          0x000002b8        0x0 ./src/pi7/comunicacao_pic/comunicacao_pic.o
 .text.pic_sendToPIC
                0x000002b8       0x3c ./src/pi7/comunicacao_pic/comunicacao_pic.o
                0x000002b8                pic_sendToPIC
 .text.pic_init
                0x000002f4        0x2 ./src/pi7/comunicacao_pic/comunicacao_pic.o
                0x000002f4                pic_init
 .text          0x000002f6        0x0 ./src/pi7/comunicacao_pc/modbus.o
 .text.decode   0x000002f6       0x20 ./src/pi7/comunicacao_pc/modbus.o
                0x000002f6                decode
 .text.encodeLow
                0x00000316        0xe ./src/pi7/comunicacao_pc/modbus.o
                0x00000316                encodeLow
 .text.encodeHigh
                0x00000324        0xc ./src/pi7/comunicacao_pc/modbus.o
                0x00000324                encodeHigh
 .text.putCharToSerial
                0x00000330       0x30 ./src/pi7/comunicacao_pc/modbus.o
                0x00000330                putCharToSerial
 .text.getCharFromSerial
                0x00000360       0x34 ./src/pi7/comunicacao_pc/modbus.o
                0x00000360                getCharFromSerial
 .text.myLRC    0x00000394       0x1c ./src/pi7/comunicacao_pc/modbus.o
                0x00000394                myLRC
 .text.calculateLRC
                0x000003b0        0x4 ./src/pi7/comunicacao_pc/modbus.o
                0x000003b0                calculateLRC
 .text.checkLRC
                0x000003b4       0x50 ./src/pi7/comunicacao_pc/modbus.o
                0x000003b4                checkLRC
 .text.processReadRegister
                0x00000404       0x70 ./src/pi7/comunicacao_pc/modbus.o
                0x00000404                processReadRegister
 .text.processWriteRegister
                0x00000474       0x90 ./src/pi7/comunicacao_pc/modbus.o
                0x00000474                processWriteRegister
 .text.processWriteFile
                0x00000504        0x2 ./src/pi7/comunicacao_pc/modbus.o
                0x00000504                processWriteFile
 *fill*         0x00000506        0x2 ff
 .text.decodeFunctionCode
                0x00000508       0x14 ./src/pi7/comunicacao_pc/modbus.o
                0x00000508                decodeFunctionCode
 .text.processMessage
                0x0000051c       0x2c ./src/pi7/comunicacao_pc/modbus.o
                0x0000051c                processMessage
 .text.receiveMessage
                0x00000548       0x70 ./src/pi7/comunicacao_pc/modbus.o
                0x00000548                receiveMessage
 .text.com_init
                0x000005b8       0x1c ./src/pi7/comunicacao_pc/modbus.o
                0x000005b8                com_init
 .text.com_executeCommunication
                0x000005d4       0x1c ./src/pi7/comunicacao_pc/modbus.o
                0x000005d4                com_executeCommunication
 .text          0x000005f0        0x0 ./src/drivers/uart/uart.o
 .text.UARTGetChar
                0x000005f0       0x3c ./src/drivers/uart/uart.o
                0x000005f0                UARTGetChar
 .text.UART0_IRQHandler
                0x0000062c       0xb8 ./src/drivers/uart/uart.o
                0x0000062c                UART0_IRQHandler
 .text.UART1_IRQHandler
                0x000006e4       0xb8 ./src/drivers/uart/uart.o
                0x000006e4                UART1_IRQHandler
 .text.UARTInit
                0x0000079c      0x104 ./src/drivers/uart/uart.o
                0x0000079c                UARTInit
 .text.UARTSend
                0x000008a0       0x50 ./src/drivers/uart/uart.o
                0x000008a0                UARTSend
 .text.UARTSendNullTerminated
                0x000008f0       0x50 ./src/drivers/uart/uart.o
                0x000008f0                UARTSendNullTerminated
 .text          0x00000940        0x0 ./src/drivers/pwm/pwm.o
 .text.PWM1_IRQHandler
                0x00000940       0x20 ./src/drivers/pwm/pwm.o
                0x00000940                PWM1_IRQHandler
 .text.PWM_Init
                0x00000960       0x6c ./src/drivers/pwm/pwm.o
                0x00000960                PWM_Init
 .text.PWM_Set  0x000009cc       0x48 ./src/drivers/pwm/pwm.o
                0x000009cc                PWM_Set
 .text.PWM_Start
                0x00000a14       0x18 ./src/drivers/pwm/pwm.o
                0x00000a14                PWM_Start
 .text.PWM_Stop
                0x00000a2c       0x14 ./src/drivers/pwm/pwm.o
                0x00000a2c                PWM_Stop
 .text          0x00000a40        0x0 ./src/drivers/ledonboard/leds.o
 .text.led2_init
                0x00000a40       0x20 ./src/drivers/ledonboard/leds.o
                0x00000a40                led2_init
 .text.led2_on  0x00000a60       0x10 ./src/drivers/ledonboard/leds.o
                0x00000a60                led2_on
 .text.led2_off
                0x00000a70       0x10 ./src/drivers/ledonboard/leds.o
                0x00000a70                led2_off
 .text.led2_invert
                0x00000a80       0x18 ./src/drivers/ledonboard/leds.o
                0x00000a80                led2_invert
 .text          0x00000a98        0x0 ./src/drivers/console/alloc.o
 .text._realloc_r
                0x00000a98       0x2a ./src/drivers/console/alloc.o
                0x00000a98                _realloc_r
 .text._calloc_r
                0x00000ac2        0x8 ./src/drivers/console/alloc.o
                0x00000ac2                _calloc_r
 .text._malloc_r
                0x00000aca        0x6 ./src/drivers/console/alloc.o
                0x00000aca                _malloc_r
 .text._free_r  0x00000ad0        0x6 ./src/drivers/console/alloc.o
                0x00000ad0                _free_r
 .text          0x00000ad6        0x0 ./src/drivers/console/basic_io.o
 *fill*         0x00000ad6        0x2 ff
 .text.vPrintString
                0x00000ad8       0x20 ./src/drivers/console/basic_io.o
                0x00000ad8                vPrintString
 .text.vPrintStringAndNumber
                0x00000af8       0x30 ./src/drivers/console/basic_io.o
                0x00000af8                vPrintStringAndNumber
 .text          0x00000b28        0x0 ./src/drivers/console/consoleprint.o
 .text.consoleprint
                0x00000b28       0x16 ./src/drivers/console/consoleprint.o
                0x00000b28                consoleprint
 .text          0x00000b3e        0x0 ./src/cr_startup_lpc17.o
 .text.NMI_Handler
                0x00000b3e        0x2 ./src/cr_startup_lpc17.o
                0x00000b3e                NMI_Handler
 .text.HardFault_Handler
                0x00000b40        0x2 ./src/cr_startup_lpc17.o
                0x00000b40                HardFault_Handler
 .text.MemManage_Handler
                0x00000b42        0x2 ./src/cr_startup_lpc17.o
                0x00000b42                MemManage_Handler
 .text.BusFault_Handler
                0x00000b44        0x2 ./src/cr_startup_lpc17.o
                0x00000b44                BusFault_Handler
 .text.UsageFault_Handler
                0x00000b46        0x2 ./src/cr_startup_lpc17.o
                0x00000b46                UsageFault_Handler
 .text.DebugMon_Handler
                0x00000b48        0x2 ./src/cr_startup_lpc17.o
                0x00000b48                DebugMon_Handler
 .text.IntDefaultHandler
                0x00000b4a        0x2 ./src/cr_startup_lpc17.o
                0x00000b4a                TIMER2_IRQHandler
                0x00000b4a                RIT_IRQHandler
                0x00000b4a                I2C0_IRQHandler
                0x00000b4a                USBActivity_IRQHandler
                0x00000b4a                I2C1_IRQHandler
                0x00000b4a                EINT2_IRQHandler
                0x00000b4a                EINT3_IRQHandler
                0x00000b4a                CANActivity_IRQHandler
                0x00000b4a                TIMER3_IRQHandler
                0x00000b4a                IntDefaultHandler
                0x00000b4a                PLL0_IRQHandler
                0x00000b4a                CAN_IRQHandler
                0x00000b4a                PLL1_IRQHandler
                0x00000b4a                SSP0_IRQHandler
                0x00000b4a                I2S_IRQHandler
                0x00000b4a                I2C2_IRQHandler
                0x00000b4a                RTC_IRQHandler
                0x00000b4a                TIMER0_IRQHandler
                0x00000b4a                SPI_IRQHandler
                0x00000b4a                EINT1_IRQHandler
                0x00000b4a                TIMER1_IRQHandler
                0x00000b4a                UART2_IRQHandler
                0x00000b4a                ADC_IRQHandler
                0x00000b4a                SSP1_IRQHandler
                0x00000b4a                USB_IRQHandler
                0x00000b4a                BOD_IRQHandler
                0x00000b4a                WDT_IRQHandler
                0x00000b4a                QEI_IRQHandler
                0x00000b4a                EINT0_IRQHandler
                0x00000b4a                DMA_IRQHandler
                0x00000b4a                UART3_IRQHandler
                0x00000b4a                MCPWM_IRQHandler
                0x00000b4a                ENET_IRQHandler
 .text.ResetISR
                0x00000b4c       0x48 ./src/cr_startup_lpc17.o
                0x00000b4c                ResetISR
 .text          0x00000b94        0x0 ./src/main.o
 .text.taskController
                0x00000b94       0x14 ./src/main.o
                0x00000b94                taskController
 .text.taskBlinkLed
                0x00000ba8       0x10 ./src/main.o
                0x00000ba8                taskBlinkLed
 .text.__error__
                0x00000bb8        0x2 ./src/main.o
                0x00000bb8                __error__
 *fill*         0x00000bba        0x2 ff
 .text.taskNCProcessing
                0x00000bbc       0x3c ./src/main.o
                0x00000bbc                taskNCProcessing
 .text.taskCommPIC
                0x00000bf8       0x24 ./src/main.o
                0x00000bf8                taskCommPIC
 .text.startup.main
                0x00000c1c       0xac ./src/main.o
                0x00000c1c                main
 .text          0x00000cc8        0x0 ./FreeRTOS_src/croutine.o
 .text.xCoRoutineCreate
                0x00000cc8       0xc4 ./FreeRTOS_src/croutine.o
                0x00000cc8                xCoRoutineCreate
 .text.vCoRoutineAddToDelayedList
                0x00000d8c       0x4c ./FreeRTOS_src/croutine.o
                0x00000d8c                vCoRoutineAddToDelayedList
 .text.vCoRoutineSchedule
                0x00000dd8      0x164 ./FreeRTOS_src/croutine.o
                0x00000dd8                vCoRoutineSchedule
 .text.xCoRoutineRemoveFromEventList
                0x00000f3c       0x34 ./FreeRTOS_src/croutine.o
                0x00000f3c                xCoRoutineRemoveFromEventList
 .text          0x00000f70        0x0 ./FreeRTOS_src/list.o
 .text.vListInitialise
                0x00000f70       0x16 ./FreeRTOS_src/list.o
                0x00000f70                vListInitialise
 .text.vListInitialiseItem
                0x00000f86        0x6 ./FreeRTOS_src/list.o
                0x00000f86                vListInitialiseItem
 .text.vListInsertEnd
                0x00000f8c       0x1a ./FreeRTOS_src/list.o
                0x00000f8c                vListInsertEnd
 .text.vListInsert
                0x00000fa6       0x30 ./FreeRTOS_src/list.o
                0x00000fa6                vListInsert
 .text.vListRemove
                0x00000fd6       0x20 ./FreeRTOS_src/list.o
                0x00000fd6                vListRemove
 .text          0x00000ff6        0x0 ./FreeRTOS_src/queue.o
 .text.prvCopyDataToQueue
                0x00000ff6       0x58 ./FreeRTOS_src/queue.o
 .text.prvCopyDataFromQueue
                0x0000104e       0x26 ./FreeRTOS_src/queue.o
 .text.prvUnlockQueue
                0x00001074       0x68 ./FreeRTOS_src/queue.o
 .text.xQueueCreate
                0x000010dc       0x68 ./FreeRTOS_src/queue.o
                0x000010dc                xQueueCreate
 .text.xQueueGenericSend
                0x00001144       0xd0 ./FreeRTOS_src/queue.o
                0x00001144                xQueueGenericSend
 .text.xQueueCreateMutex
                0x00001214       0x44 ./FreeRTOS_src/queue.o
                0x00001214                xQueueCreateMutex
 .text.xQueueGiveMutexRecursive
                0x00001258       0x2a ./FreeRTOS_src/queue.o
                0x00001258                xQueueGiveMutexRecursive
 .text.xQueueGenericSendFromISR
                0x00001282       0x4e ./FreeRTOS_src/queue.o
                0x00001282                xQueueGenericSendFromISR
 .text.xQueueGenericReceive
                0x000012d0      0x104 ./FreeRTOS_src/queue.o
                0x000012d0                xQueueGenericReceive
 .text.xQueueTakeMutexRecursive
                0x000013d4       0x32 ./FreeRTOS_src/queue.o
                0x000013d4                xQueueTakeMutexRecursive
 .text.xQueueReceiveFromISR
                0x00001406       0x4a ./FreeRTOS_src/queue.o
                0x00001406                xQueueReceiveFromISR
 .text.uxQueueMessagesWaiting
                0x00001450       0x12 ./FreeRTOS_src/queue.o
                0x00001450                uxQueueMessagesWaiting
 .text.uxQueueMessagesWaitingFromISR
                0x00001462        0x4 ./FreeRTOS_src/queue.o
                0x00001462                uxQueueMessagesWaitingFromISR
 *fill*         0x00001466        0x2 ff
 .text.vQueueDelete
                0x00001468       0x38 ./FreeRTOS_src/queue.o
                0x00001468                vQueueDelete
 .text.xQueueIsQueueEmptyFromISR
                0x000014a0        0xa ./FreeRTOS_src/queue.o
                0x000014a0                xQueueIsQueueEmptyFromISR
 .text.xQueueIsQueueFullFromISR
                0x000014aa        0xc ./FreeRTOS_src/queue.o
                0x000014aa                xQueueIsQueueFullFromISR
 *fill*         0x000014b6        0x2 ff
 .text.vQueueAddToRegistry
                0x000014b8       0x28 ./FreeRTOS_src/queue.o
                0x000014b8                vQueueAddToRegistry
 .text          0x000014e0        0x0 ./FreeRTOS_src/tasks.o
 .text.prvAddCurrentTaskToDelayedList
                0x000014e0       0x50 ./FreeRTOS_src/tasks.o
 .text.prvListTaskWithinSingleList
                0x00001530       0x78 ./FreeRTOS_src/tasks.o
 .text.xTaskGenericCreate
                0x000015a8      0x194 ./FreeRTOS_src/tasks.o
                0x000015a8                xTaskGenericCreate
 .text.vTaskDelete
                0x0000173c       0x70 ./FreeRTOS_src/tasks.o
                0x0000173c                vTaskDelete
 .text.uxTaskPriorityGet
                0x000017ac       0x1c ./FreeRTOS_src/tasks.o
                0x000017ac                uxTaskPriorityGet
 .text.vTaskPrioritySet
                0x000017c8       0x94 ./FreeRTOS_src/tasks.o
                0x000017c8                vTaskPrioritySet
 .text.xTaskIsTaskSuspended
                0x0000185c       0x24 ./FreeRTOS_src/tasks.o
                0x0000185c                xTaskIsTaskSuspended
 .text.vTaskResume
                0x00001880       0x64 ./FreeRTOS_src/tasks.o
                0x00001880                vTaskResume
 .text.xTaskResumeFromISR
                0x000018e4       0x6c ./FreeRTOS_src/tasks.o
                0x000018e4                xTaskResumeFromISR
 .text.vTaskStartScheduler
                0x00001950       0x4c ./FreeRTOS_src/tasks.o
                0x00001950                vTaskStartScheduler
 .text.vTaskEndScheduler
                0x0000199c       0x18 ./FreeRTOS_src/tasks.o
                0x0000199c                vTaskEndScheduler
 .text.vTaskSuspendAll
                0x000019b4       0x10 ./FreeRTOS_src/tasks.o
                0x000019b4                vTaskSuspendAll
 .text.xTaskGetTickCount
                0x000019c4       0x18 ./FreeRTOS_src/tasks.o
                0x000019c4                xTaskGetTickCount
 .text.xTaskGetTickCountFromISR
                0x000019dc       0x1c ./FreeRTOS_src/tasks.o
                0x000019dc                xTaskGetTickCountFromISR
 .text.uxTaskGetNumberOfTasks
                0x000019f8        0xc ./FreeRTOS_src/tasks.o
                0x000019f8                uxTaskGetNumberOfTasks
 .text.vTaskStartTrace
                0x00001a04       0x38 ./FreeRTOS_src/tasks.o
                0x00001a04                vTaskStartTrace
 .text.ulTaskEndTrace
                0x00001a3c       0x28 ./FreeRTOS_src/tasks.o
                0x00001a3c                ulTaskEndTrace
 .text.vTaskIncrementTick
                0x00001a64       0xe0 ./FreeRTOS_src/tasks.o
                0x00001a64                vTaskIncrementTick
 .text.xTaskResumeAll
                0x00001b44       0xc8 ./FreeRTOS_src/tasks.o
                0x00001b44                xTaskResumeAll
 .text.vTaskDelayUntil
                0x00001c0c       0x5c ./FreeRTOS_src/tasks.o
                0x00001c0c                vTaskDelayUntil
 .text.vTaskDelay
                0x00001c68       0x38 ./FreeRTOS_src/tasks.o
                0x00001c68                vTaskDelay
 .text.prvIdleTask
                0x00001ca0       0x60 ./FreeRTOS_src/tasks.o
 .text.vTaskList
                0x00001d00       0xa8 ./FreeRTOS_src/tasks.o
                0x00001d00                vTaskList
 .text.vTaskSwitchContext
                0x00001da8       0xc4 ./FreeRTOS_src/tasks.o
                0x00001da8                vTaskSwitchContext
 .text.vTaskSuspend
                0x00001e6c       0x74 ./FreeRTOS_src/tasks.o
                0x00001e6c                vTaskSuspend
 .text.vTaskPlaceOnEventList
                0x00001ee0       0x44 ./FreeRTOS_src/tasks.o
                0x00001ee0                vTaskPlaceOnEventList
 .text.xTaskRemoveFromEventList
                0x00001f24       0x64 ./FreeRTOS_src/tasks.o
                0x00001f24                xTaskRemoveFromEventList
 .text.vTaskSetTimeOutState
                0x00001f88       0x18 ./FreeRTOS_src/tasks.o
                0x00001f88                vTaskSetTimeOutState
 .text.xTaskCheckForTimeOut
                0x00001fa0       0x54 ./FreeRTOS_src/tasks.o
                0x00001fa0                xTaskCheckForTimeOut
 .text.vTaskMissedYield
                0x00001ff4        0xc ./FreeRTOS_src/tasks.o
                0x00001ff4                vTaskMissedYield
 .text.uxTaskGetStackHighWaterMark
                0x00002000       0x20 ./FreeRTOS_src/tasks.o
                0x00002000                uxTaskGetStackHighWaterMark
 .text.xTaskGetCurrentTaskHandle
                0x00002020        0xc ./FreeRTOS_src/tasks.o
                0x00002020                xTaskGetCurrentTaskHandle
 .text.vTaskPriorityInherit
                0x0000202c       0x68 ./FreeRTOS_src/tasks.o
                0x0000202c                vTaskPriorityInherit
 .text.vTaskPriorityDisinherit
                0x00002094       0x48 ./FreeRTOS_src/tasks.o
                0x00002094                vTaskPriorityDisinherit
 .text          0x000020dc        0x0 ./FreeRTOS_src/timers.o
 .text          0x000020dc        0x0 ./FreeRTOS_portable/MemMang/heap_2.o
 .text.pvPortMalloc
                0x000020dc       0xb4 ./FreeRTOS_portable/MemMang/heap_2.o
                0x000020dc                pvPortMalloc
 .text.vPortFree
                0x00002190       0x40 ./FreeRTOS_portable/MemMang/heap_2.o
                0x00002190                vPortFree
 .text.xPortGetFreeHeapSize
                0x000021d0        0xc ./FreeRTOS_portable/MemMang/heap_2.o
                0x000021d0                xPortGetFreeHeapSize
 .text.vPortInitialiseBlocks
                0x000021dc        0x2 ./FreeRTOS_portable/MemMang/heap_2.o
                0x000021dc                vPortInitialiseBlocks
 .text          0x000021de        0x0 ./FreeRTOS_portable/port.o
 .text.pxPortInitialiseStack
                0x000021de       0x16 ./FreeRTOS_portable/port.o
                0x000021de                pxPortInitialiseStack
 .text.vPortSVCHandler
                0x000021f4       0x20 ./FreeRTOS_portable/port.o
                0x000021f4                vPortSVCHandler
 .text.vPortStartFirstTask
                0x00002214       0x14 ./FreeRTOS_portable/port.o
                0x00002214                vPortStartFirstTask
 .text.xPortStartScheduler
                0x00002228       0x40 ./FreeRTOS_portable/port.o
                0x00002228                xPortStartScheduler
 .text.vPortEndScheduler
                0x00002268        0x2 ./FreeRTOS_portable/port.o
                0x00002268                vPortEndScheduler
 *fill*         0x0000226a        0x2 ff
 .text.vPortYieldFromISR
                0x0000226c       0x10 ./FreeRTOS_portable/port.o
                0x0000226c                vPortYieldFromISR
 .text.vPortEnterCritical
                0x0000227c       0x18 ./FreeRTOS_portable/port.o
                0x0000227c                vPortEnterCritical
 .text.vPortExitCritical
                0x00002294       0x18 ./FreeRTOS_portable/port.o
                0x00002294                vPortExitCritical
 .text.xPortPendSVHandler
                0x000022ac       0x3c ./FreeRTOS_portable/port.o
                0x000022ac                xPortPendSVHandler
 .text.xPortSysTickHandler
                0x000022e8       0x24 ./FreeRTOS_portable/port.o
                0x000022e8                xPortSysTickHandler
 .text          0x0000230c        0x0 ../Libraries\libCMSISv2_LPC17xx.a(system_LPC17xx.o)
 .text.SystemInit
                0x0000230c      0x1e4 ../Libraries\libCMSISv2_LPC17xx.a(system_LPC17xx.o)
                0x0000230c                SystemInit
 .text.SystemClockUpdate
                0x000024f0      0x224 ../Libraries\libCMSISv2_LPC17xx.a(system_LPC17xx.o)
                0x000024f0                SystemClockUpdate
 .text          0x00002714      0x370 d:/nxp/lpcxpresso_8.2.2_650/lpcxpresso/tools/bin/../lib/gcc/arm-none-eabi/5.4.1/armv7-m\libgcc.a(_arm_addsubdf3.o)
                0x00002714                __aeabi_drsub
                0x0000271c                __aeabi_dsub
                0x0000271c                __subdf3
                0x00002720                __aeabi_dadd
                0x00002720                __adddf3
                0x00002998                __floatunsidf
                0x00002998                __aeabi_ui2d
                0x000029b8                __floatsidf
                0x000029b8                __aeabi_i2d
                0x000029dc                __aeabi_f2d
                0x000029dc                __extendsfdf2
                0x00002a18                __floatundidf
                0x00002a18                __aeabi_ul2d
                0x00002a28                __floatdidf
                0x00002a28                __aeabi_l2d
 .text          0x00002a84       0x4c d:/nxp/lpcxpresso_8.2.2_650/lpcxpresso/tools/bin/../lib/gcc/arm-none-eabi/5.4.1/armv7-m\libgcc.a(_arm_fixsfsi.o)
                0x00002a84                __aeabi_f2iz
                0x00002a84                __fixsfsi
 .text          0x00002ad0       0xec d:/nxp/lpcxpresso_8.2.2_650/lpcxpresso/tools/bin/../lib/gcc/arm-none-eabi/5.4.1/../../../../arm-none-eabi/lib/armv7-m\libc.a(lib_a-memcpy.o)
                0x00002ad0                memcpy
 .text          0x00002bbc        0x0 d:/nxp/lpcxpresso_8.2.2_650/lpcxpresso/tools/bin/../lib/gcc/arm-none-eabi/5.4.1/../../../../arm-none-eabi/lib/armv7-m\libc.a(lib_a-memset.o)
 .text.memset   0x00002bbc       0x9c d:/nxp/lpcxpresso_8.2.2_650/lpcxpresso/tools/bin/../lib/gcc/arm-none-eabi/5.4.1/../../../../arm-none-eabi/lib/armv7-m\libc.a(lib_a-memset.o)
                0x00002bbc                memset
 .text          0x00002c58        0x0 d:/nxp/lpcxpresso_8.2.2_650/lpcxpresso/tools/bin/../lib/gcc/arm-none-eabi/5.4.1/../../../../arm-none-eabi/lib/armv7-m\libc.a(lib_a-printf.o)
 .text._printf_r
                0x00002c58       0x20 d:/nxp/lpcxpresso_8.2.2_650/lpcxpresso/tools/bin/../lib/gcc/arm-none-eabi/5.4.1/../../../../arm-none-eabi/lib/armv7-m\libc.a(lib_a-printf.o)
                0x00002c58                _printf_r
 .text.printf   0x00002c78       0x28 d:/nxp/lpcxpresso_8.2.2_650/lpcxpresso/tools/bin/../lib/gcc/arm-none-eabi/5.4.1/../../../../arm-none-eabi/lib/armv7-m\libc.a(lib_a-printf.o)
                0x00002c78                printf
 .text          0x00002ca0        0x0 d:/nxp/lpcxpresso_8.2.2_650/lpcxpresso/tools/bin/../lib/gcc/arm-none-eabi/5.4.1/../../../../arm-none-eabi/lib/armv7-m\libc.a(lib_a-sprintf.o)
 .text._sprintf_r
                0x00002ca0       0x44 d:/nxp/lpcxpresso_8.2.2_650/lpcxpresso/tools/bin/../lib/gcc/arm-none-eabi/5.4.1/../../../../arm-none-eabi/lib/armv7-m\libc.a(lib_a-sprintf.o)
                0x00002ca0                _sprintf_r
 .text.sprintf  0x00002ce4       0x4c d:/nxp/lpcxpresso_8.2.2_650/lpcxpresso/tools/bin/../lib/gcc/arm-none-eabi/5.4.1/../../../../arm-none-eabi/lib/armv7-m\libc.a(lib_a-sprintf.o)
                0x00002ce4                sprintf
 .text          0x00002d30        0x0 d:/nxp/lpcxpresso_8.2.2_650/lpcxpresso/tools/bin/../lib/gcc/arm-none-eabi/5.4.1/../../../../arm-none-eabi/lib/armv7-m\libc.a(lib_a-strcat.o)
 .text.strcat   0x00002d30       0x40 d:/nxp/lpcxpresso_8.2.2_650/lpcxpresso/tools/bin/../lib/gcc/arm-none-eabi/5.4.1/../../../../arm-none-eabi/lib/armv7-m\libc.a(lib_a-strcat.o)
                0x00002d30                strcat
 .text          0x00002d70        0x0 d:/nxp/lpcxpresso_8.2.2_650/lpcxpresso/tools/bin/../lib/gcc/arm-none-eabi/5.4.1/../../../../arm-none-eabi/lib/armv7-m\libc.a(lib_a-strcpy.o)
 .text.strcpy   0x00002d70       0xbc d:/nxp/lpcxpresso_8.2.2_650/lpcxpresso/tools/bin/../lib/gcc/arm-none-eabi/5.4.1/../../../../arm-none-eabi/lib/armv7-m\libc.a(lib_a-strcpy.o)
                0x00002d70                strcpy
 .text          0x00002e2c        0x0 d:/nxp/lpcxpresso_8.2.2_650/lpcxpresso/tools/bin/../lib/gcc/arm-none-eabi/5.4.1/../../../../arm-none-eabi/lib/armv7-m\libc.a(lib_a-strlen-stub.o)
 .text.strlen   0x00002e2c       0x5c d:/nxp/lpcxpresso_8.2.2_650/lpcxpresso/tools/bin/../lib/gcc/arm-none-eabi/5.4.1/../../../../arm-none-eabi/lib/armv7-m\libc.a(lib_a-strlen-stub.o)
                0x00002e2c                strlen
 .text          0x00002e88        0x0 d:/nxp/lpcxpresso_8.2.2_650/lpcxpresso/tools/bin/../lib/gcc/arm-none-eabi/5.4.1/../../../../arm-none-eabi/lib/armv7-m\libc.a(lib_a-strncpy.o)
 .text.strncpy  0x00002e88       0x68 d:/nxp/lpcxpresso_8.2.2_650/lpcxpresso/tools/bin/../lib/gcc/arm-none-eabi/5.4.1/../../../../arm-none-eabi/lib/armv7-m\libc.a(lib_a-strncpy.o)
                0x00002e88                strncpy
 .text          0x00002ef0        0x0 d:/nxp/lpcxpresso_8.2.2_650/lpcxpresso/tools/bin/../lib/gcc/arm-none-eabi/5.4.1/../../../../arm-none-eabi/lib/armv7-m\libc.a(lib_a-svfprintf.o)
 .text._svfprintf_r
                0x00002ef0     0x175c d:/nxp/lpcxpresso_8.2.2_650/lpcxpresso/tools/bin/../lib/gcc/arm-none-eabi/5.4.1/../../../../arm-none-eabi/lib/armv7-m\libc.a(lib_a-svfprintf.o)
                0x00002ef0                _svfprintf_r
 .text          0x0000464c        0x0 d:/nxp/lpcxpresso_8.2.2_650/lpcxpresso/tools/bin/../lib/gcc/arm-none-eabi/5.4.1/../../../../arm-none-eabi/lib/armv7-m\libc.a(lib_a-vfprintf.o)
 .text._vfprintf_r
                0x0000464c     0x1788 d:/nxp/lpcxpresso_8.2.2_650/lpcxpresso/tools/bin/../lib/gcc/arm-none-eabi/5.4.1/../../../../arm-none-eabi/lib/armv7-m\libc.a(lib_a-vfprintf.o)
                0x0000464c                _vfprintf_r
 .text.vfprintf
                0x00005dd4       0x18 d:/nxp/lpcxpresso_8.2.2_650/lpcxpresso/tools/bin/../lib/gcc/arm-none-eabi/5.4.1/../../../../arm-none-eabi/lib/armv7-m\libc.a(lib_a-vfprintf.o)
                0x00005dd4                vfprintf
 .text.__sbprintf
                0x00005dec       0x6c d:/nxp/lpcxpresso_8.2.2_650/lpcxpresso/tools/bin/../lib/gcc/arm-none-eabi/5.4.1/../../../../arm-none-eabi/lib/armv7-m\libc.a(lib_a-vfprintf.o)
 .text          0x00005e58        0x0 d:/nxp/lpcxpresso_8.2.2_650/lpcxpresso/tools/bin/../lib/gcc/arm-none-eabi/5.4.1/../../../../arm-none-eabi/lib/armv7-m\libc.a(lib_a-wsetup.o)
 .text.__swsetup_r
                0x00005e58       0xc8 d:/nxp/lpcxpresso_8.2.2_650/lpcxpresso/tools/bin/../lib/gcc/arm-none-eabi/5.4.1/../../../../arm-none-eabi/lib/armv7-m\libc.a(lib_a-wsetup.o)
                0x00005e58                __swsetup_r
 .text          0x00005f20        0x0 d:/nxp/lpcxpresso_8.2.2_650/lpcxpresso/tools/bin/../lib/gcc/arm-none-eabi/5.4.1/../../../../arm-none-eabi/lib/armv7-m\libc.a(lib_a-dtoa.o)
 .text.quorem   0x00005f20      0x12c d:/nxp/lpcxpresso_8.2.2_650/lpcxpresso/tools/bin/../lib/gcc/arm-none-eabi/5.4.1/../../../../arm-none-eabi/lib/armv7-m\libc.a(lib_a-dtoa.o)
 *fill*         0x0000604c        0x4 ff
 .text._dtoa_r  0x00006050      0xe4c d:/nxp/lpcxpresso_8.2.2_650/lpcxpresso/tools/bin/../lib/gcc/arm-none-eabi/5.4.1/../../../../arm-none-eabi/lib/armv7-m\libc.a(lib_a-dtoa.o)
                0x00006050                _dtoa_r
 .text          0x00006e9c        0x0 d:/nxp/lpcxpresso_8.2.2_650/lpcxpresso/tools/bin/../lib/gcc/arm-none-eabi/5.4.1/../../../../arm-none-eabi/lib/armv7-m\libc.a(lib_a-fflush.o)
 .text.__sflush_r
                0x00006e9c      0x148 d:/nxp/lpcxpresso_8.2.2_650/lpcxpresso/tools/bin/../lib/gcc/arm-none-eabi/5.4.1/../../../../arm-none-eabi/lib/armv7-m\libc.a(lib_a-fflush.o)
                0x00006e9c                __sflush_r
 .text._fflush_r
                0x00006fe4       0x2c d:/nxp/lpcxpresso_8.2.2_650/lpcxpresso/tools/bin/../lib/gcc/arm-none-eabi/5.4.1/../../../../arm-none-eabi/lib/armv7-m\libc.a(lib_a-fflush.o)
                0x00006fe4                _fflush_r
 .text.fflush   0x00007010       0x24 d:/nxp/lpcxpresso_8.2.2_650/lpcxpresso/tools/bin/../lib/gcc/arm-none-eabi/5.4.1/../../../../arm-none-eabi/lib/armv7-m\libc.a(lib_a-fflush.o)
                0x00007010                fflush
 .text          0x00007034        0x0 d:/nxp/lpcxpresso_8.2.2_650/lpcxpresso/tools/bin/../lib/gcc/arm-none-eabi/5.4.1/../../../../arm-none-eabi/lib/armv7-m\libc.a(lib_a-findfp.o)
 .text.__fp_unlock
                0x00007034        0x4 d:/nxp/lpcxpresso_8.2.2_650/lpcxpresso/tools/bin/../lib/gcc/arm-none-eabi/5.4.1/../../../../arm-none-eabi/lib/armv7-m\libc.a(lib_a-findfp.o)
 .text._cleanup_r
                0x00007038        0xc d:/nxp/lpcxpresso_8.2.2_650/lpcxpresso/tools/bin/../lib/gcc/arm-none-eabi/5.4.1/../../../../arm-none-eabi/lib/armv7-m\libc.a(lib_a-findfp.o)
                0x00007038                _cleanup_r
 .text.__sinit.part.1
                0x00007044       0xf0 d:/nxp/lpcxpresso_8.2.2_650/lpcxpresso/tools/bin/../lib/gcc/arm-none-eabi/5.4.1/../../../../arm-none-eabi/lib/armv7-m\libc.a(lib_a-findfp.o)
 .text.__fp_lock
                0x00007134        0x4 d:/nxp/lpcxpresso_8.2.2_650/lpcxpresso/tools/bin/../lib/gcc/arm-none-eabi/5.4.1/../../../../arm-none-eabi/lib/armv7-m\libc.a(lib_a-findfp.o)
 .text.__sfmoreglue
                0x00007138       0x30 d:/nxp/lpcxpresso_8.2.2_650/lpcxpresso/tools/bin/../lib/gcc/arm-none-eabi/5.4.1/../../../../arm-none-eabi/lib/armv7-m\libc.a(lib_a-findfp.o)
                0x00007138                __sfmoreglue
 .text.__sfp    0x00007168       0x88 d:/nxp/lpcxpresso_8.2.2_650/lpcxpresso/tools/bin/../lib/gcc/arm-none-eabi/5.4.1/../../../../arm-none-eabi/lib/armv7-m\libc.a(lib_a-findfp.o)
                0x00007168                __sfp
 .text._cleanup
                0x000071f0       0x14 d:/nxp/lpcxpresso_8.2.2_650/lpcxpresso/tools/bin/../lib/gcc/arm-none-eabi/5.4.1/../../../../arm-none-eabi/lib/armv7-m\libc.a(lib_a-findfp.o)
                0x000071f0                _cleanup
 .text.__sinit  0x00007204        0xc d:/nxp/lpcxpresso_8.2.2_650/lpcxpresso/tools/bin/../lib/gcc/arm-none-eabi/5.4.1/../../../../arm-none-eabi/lib/armv7-m\libc.a(lib_a-findfp.o)
                0x00007204                __sinit
 .text.__sfp_lock_acquire
                0x00007210        0x4 d:/nxp/lpcxpresso_8.2.2_650/lpcxpresso/tools/bin/../lib/gcc/arm-none-eabi/5.4.1/../../../../arm-none-eabi/lib/armv7-m\libc.a(lib_a-findfp.o)
                0x00007210                __sfp_lock_acquire
 .text.__sfp_lock_release
                0x00007214        0x4 d:/nxp/lpcxpresso_8.2.2_650/lpcxpresso/tools/bin/../lib/gcc/arm-none-eabi/5.4.1/../../../../arm-none-eabi/lib/armv7-m\libc.a(lib_a-findfp.o)
                0x00007214                __sfp_lock_release
 .text.__sinit_lock_acquire
                0x00007218        0x4 d:/nxp/lpcxpresso_8.2.2_650/lpcxpresso/tools/bin/../lib/gcc/arm-none-eabi/5.4.1/../../../../arm-none-eabi/lib/armv7-m\libc.a(lib_a-findfp.o)
                0x00007218                __sinit_lock_acquire
 .text.__sinit_lock_release
                0x0000721c        0x4 d:/nxp/lpcxpresso_8.2.2_650/lpcxpresso/tools/bin/../lib/gcc/arm-none-eabi/5.4.1/../../../../arm-none-eabi/lib/armv7-m\libc.a(lib_a-findfp.o)
                0x0000721c                __sinit_lock_release
 .text.__fp_lock_all
                0x00007220       0x14 d:/nxp/lpcxpresso_8.2.2_650/lpcxpresso/tools/bin/../lib/gcc/arm-none-eabi/5.4.1/../../../../arm-none-eabi/lib/armv7-m\libc.a(lib_a-findfp.o)
                0x00007220                __fp_lock_all
 .text.__fp_unlock_all
                0x00007234       0x14 d:/nxp/lpcxpresso_8.2.2_650/lpcxpresso/tools/bin/../lib/gcc/arm-none-eabi/5.4.1/../../../../arm-none-eabi/lib/armv7-m\libc.a(lib_a-findfp.o)
                0x00007234                __fp_unlock_all
 .text          0x00007248        0x0 d:/nxp/lpcxpresso_8.2.2_650/lpcxpresso/tools/bin/../lib/gcc/arm-none-eabi/5.4.1/../../../../arm-none-eabi/lib/armv7-m\libc.a(lib_a-fwalk.o)
 .text._fwalk   0x00007248       0x48 d:/nxp/lpcxpresso_8.2.2_650/lpcxpresso/tools/bin/../lib/gcc/arm-none-eabi/5.4.1/../../../../arm-none-eabi/lib/armv7-m\libc.a(lib_a-fwalk.o)
                0x00007248                _fwalk
 .text._fwalk_reent
                0x00007290       0x50 d:/nxp/lpcxpresso_8.2.2_650/lpcxpresso/tools/bin/../lib/gcc/arm-none-eabi/5.4.1/../../../../arm-none-eabi/lib/armv7-m\libc.a(lib_a-fwalk.o)
                0x00007290                _fwalk_reent
 .text          0x000072e0        0x0 d:/nxp/lpcxpresso_8.2.2_650/lpcxpresso/tools/bin/../lib/gcc/arm-none-eabi/5.4.1/../../../../arm-none-eabi/lib/armv7-m\libc.a(lib_a-impure.o)
 .text          0x000072e0        0x0 d:/nxp/lpcxpresso_8.2.2_650/lpcxpresso/tools/bin/../lib/gcc/arm-none-eabi/5.4.1/../../../../arm-none-eabi/lib/armv7-m\libc.a(lib_a-locale.o)
 .text._setlocale_r
                0x000072e0       0x40 d:/nxp/lpcxpresso_8.2.2_650/lpcxpresso/tools/bin/../lib/gcc/arm-none-eabi/5.4.1/../../../../arm-none-eabi/lib/armv7-m\libc.a(lib_a-locale.o)
                0x000072e0                _setlocale_r
 .text.__locale_charset
                0x00007320        0x8 d:/nxp/lpcxpresso_8.2.2_650/lpcxpresso/tools/bin/../lib/gcc/arm-none-eabi/5.4.1/../../../../arm-none-eabi/lib/armv7-m\libc.a(lib_a-locale.o)
                0x00007320                __locale_charset
 .text.__locale_mb_cur_max
                0x00007328        0xc d:/nxp/lpcxpresso_8.2.2_650/lpcxpresso/tools/bin/../lib/gcc/arm-none-eabi/5.4.1/../../../../arm-none-eabi/lib/armv7-m\libc.a(lib_a-locale.o)
                0x00007328                __locale_mb_cur_max
 .text.__locale_msgcharset
                0x00007334        0x8 d:/nxp/lpcxpresso_8.2.2_650/lpcxpresso/tools/bin/../lib/gcc/arm-none-eabi/5.4.1/../../../../arm-none-eabi/lib/armv7-m\libc.a(lib_a-locale.o)
                0x00007334                __locale_msgcharset
 .text.__locale_cjk_lang
                0x0000733c        0x4 d:/nxp/lpcxpresso_8.2.2_650/lpcxpresso/tools/bin/../lib/gcc/arm-none-eabi/5.4.1/../../../../arm-none-eabi/lib/armv7-m\libc.a(lib_a-locale.o)
                0x0000733c                __locale_cjk_lang
 .text._localeconv_r
                0x00007340        0x8 d:/nxp/lpcxpresso_8.2.2_650/lpcxpresso/tools/bin/../lib/gcc/arm-none-eabi/5.4.1/../../../../arm-none-eabi/lib/armv7-m\libc.a(lib_a-locale.o)
                0x00007340                _localeconv_r
 .text.setlocale
                0x00007348       0x10 d:/nxp/lpcxpresso_8.2.2_650/lpcxpresso/tools/bin/../lib/gcc/arm-none-eabi/5.4.1/../../../../arm-none-eabi/lib/armv7-m\libc.a(lib_a-locale.o)
                0x00007348                setlocale
 .text.localeconv
                0x00007358        0x8 d:/nxp/lpcxpresso_8.2.2_650/lpcxpresso/tools/bin/../lib/gcc/arm-none-eabi/5.4.1/../../../../arm-none-eabi/lib/armv7-m\libc.a(lib_a-locale.o)
                0x00007358                localeconv
 .text          0x00007360        0x0 d:/nxp/lpcxpresso_8.2.2_650/lpcxpresso/tools/bin/../lib/gcc/arm-none-eabi/5.4.1/../../../../arm-none-eabi/lib/armv7-m\libc.a(lib_a-makebuf.o)
 .text.__swhatbuf_r
                0x00007360       0x60 d:/nxp/lpcxpresso_8.2.2_650/lpcxpresso/tools/bin/../lib/gcc/arm-none-eabi/5.4.1/../../../../arm-none-eabi/lib/armv7-m\libc.a(lib_a-makebuf.o)
                0x00007360                __swhatbuf_r
 .text.__smakebuf_r
                0x000073c0       0x88 d:/nxp/lpcxpresso_8.2.2_650/lpcxpresso/tools/bin/../lib/gcc/arm-none-eabi/5.4.1/../../../../arm-none-eabi/lib/armv7-m\libc.a(lib_a-makebuf.o)
                0x000073c0                __smakebuf_r
 .text          0x00007448        0x0 d:/nxp/lpcxpresso_8.2.2_650/lpcxpresso/tools/bin/../lib/gcc/arm-none-eabi/5.4.1/../../../../arm-none-eabi/lib/armv7-m\libc.a(lib_a-memchr-stub.o)
 .text.memchr   0x00007448       0x8c d:/nxp/lpcxpresso_8.2.2_650/lpcxpresso/tools/bin/../lib/gcc/arm-none-eabi/5.4.1/../../../../arm-none-eabi/lib/armv7-m\libc.a(lib_a-memchr-stub.o)
                0x00007448                memchr
 .text          0x000074d4        0x0 d:/nxp/lpcxpresso_8.2.2_650/lpcxpresso/tools/bin/../lib/gcc/arm-none-eabi/5.4.1/../../../../arm-none-eabi/lib/armv7-m\libc.a(lib_a-mprec.o)
 .text._Balloc  0x000074d4       0x50 d:/nxp/lpcxpresso_8.2.2_650/lpcxpresso/tools/bin/../lib/gcc/arm-none-eabi/5.4.1/../../../../arm-none-eabi/lib/armv7-m\libc.a(lib_a-mprec.o)
                0x000074d4                _Balloc
 .text._Bfree   0x00007524       0x14 d:/nxp/lpcxpresso_8.2.2_650/lpcxpresso/tools/bin/../lib/gcc/arm-none-eabi/5.4.1/../../../../arm-none-eabi/lib/armv7-m\libc.a(lib_a-mprec.o)
                0x00007524                _Bfree
 .text.__multadd
                0x00007538       0x80 d:/nxp/lpcxpresso_8.2.2_650/lpcxpresso/tools/bin/../lib/gcc/arm-none-eabi/5.4.1/../../../../arm-none-eabi/lib/armv7-m\libc.a(lib_a-mprec.o)
                0x00007538                __multadd
 .text.__s2b    0x000075b8       0x98 d:/nxp/lpcxpresso_8.2.2_650/lpcxpresso/tools/bin/../lib/gcc/arm-none-eabi/5.4.1/../../../../arm-none-eabi/lib/armv7-m\libc.a(lib_a-mprec.o)
                0x000075b8                __s2b
 .text.__hi0bits
                0x00007650       0x40 d:/nxp/lpcxpresso_8.2.2_650/lpcxpresso/tools/bin/../lib/gcc/arm-none-eabi/5.4.1/../../../../arm-none-eabi/lib/armv7-m\libc.a(lib_a-mprec.o)
                0x00007650                __hi0bits
 .text.__lo0bits
                0x00007690       0x5c d:/nxp/lpcxpresso_8.2.2_650/lpcxpresso/tools/bin/../lib/gcc/arm-none-eabi/5.4.1/../../../../arm-none-eabi/lib/armv7-m\libc.a(lib_a-mprec.o)
                0x00007690                __lo0bits
 .text.__i2b    0x000076ec       0x14 d:/nxp/lpcxpresso_8.2.2_650/lpcxpresso/tools/bin/../lib/gcc/arm-none-eabi/5.4.1/../../../../arm-none-eabi/lib/armv7-m\libc.a(lib_a-mprec.o)
                0x000076ec                __i2b
 .text.__multiply
                0x00007700      0x13c d:/nxp/lpcxpresso_8.2.2_650/lpcxpresso/tools/bin/../lib/gcc/arm-none-eabi/5.4.1/../../../../arm-none-eabi/lib/armv7-m\libc.a(lib_a-mprec.o)
                0x00007700                __multiply
 .text.__pow5mult
                0x0000783c       0xa0 d:/nxp/lpcxpresso_8.2.2_650/lpcxpresso/tools/bin/../lib/gcc/arm-none-eabi/5.4.1/../../../../arm-none-eabi/lib/armv7-m\libc.a(lib_a-mprec.o)
                0x0000783c                __pow5mult
 .text.__lshift
                0x000078dc       0xac d:/nxp/lpcxpresso_8.2.2_650/lpcxpresso/tools/bin/../lib/gcc/arm-none-eabi/5.4.1/../../../../arm-none-eabi/lib/armv7-m\libc.a(lib_a-mprec.o)
                0x000078dc                __lshift
 .text.__mcmp   0x00007988       0x40 d:/nxp/lpcxpresso_8.2.2_650/lpcxpresso/tools/bin/../lib/gcc/arm-none-eabi/5.4.1/../../../../arm-none-eabi/lib/armv7-m\libc.a(lib_a-mprec.o)
                0x00007988                __mcmp
 .text.__mdiff  0x000079c8      0x128 d:/nxp/lpcxpresso_8.2.2_650/lpcxpresso/tools/bin/../lib/gcc/arm-none-eabi/5.4.1/../../../../arm-none-eabi/lib/armv7-m\libc.a(lib_a-mprec.o)
                0x000079c8                __mdiff
 .text.__ulp    0x00007af0       0x44 d:/nxp/lpcxpresso_8.2.2_650/lpcxpresso/tools/bin/../lib/gcc/arm-none-eabi/5.4.1/../../../../arm-none-eabi/lib/armv7-m\libc.a(lib_a-mprec.o)
                0x00007af0                __ulp
 .text.__b2d    0x00007b34       0xd4 d:/nxp/lpcxpresso_8.2.2_650/lpcxpresso/tools/bin/../lib/gcc/arm-none-eabi/5.4.1/../../../../arm-none-eabi/lib/armv7-m\libc.a(lib_a-mprec.o)
                0x00007b34                __b2d
 .text.__d2b    0x00007c08       0xa8 d:/nxp/lpcxpresso_8.2.2_650/lpcxpresso/tools/bin/../lib/gcc/arm-none-eabi/5.4.1/../../../../arm-none-eabi/lib/armv7-m\libc.a(lib_a-mprec.o)
                0x00007c08                __d2b
 .text.__ratio  0x00007cb0       0x54 d:/nxp/lpcxpresso_8.2.2_650/lpcxpresso/tools/bin/../lib/gcc/arm-none-eabi/5.4.1/../../../../arm-none-eabi/lib/armv7-m\libc.a(lib_a-mprec.o)
                0x00007cb0                __ratio
 .text._mprec_log10
                0x00007d04       0x34 d:/nxp/lpcxpresso_8.2.2_650/lpcxpresso/tools/bin/../lib/gcc/arm-none-eabi/5.4.1/../../../../arm-none-eabi/lib/armv7-m\libc.a(lib_a-mprec.o)
                0x00007d04                _mprec_log10
 .text.__copybits
                0x00007d38       0x48 d:/nxp/lpcxpresso_8.2.2_650/lpcxpresso/tools/bin/../lib/gcc/arm-none-eabi/5.4.1/../../../../arm-none-eabi/lib/armv7-m\libc.a(lib_a-mprec.o)
                0x00007d38                __copybits
 .text.__any_on
                0x00007d80       0x5c d:/nxp/lpcxpresso_8.2.2_650/lpcxpresso/tools/bin/../lib/gcc/arm-none-eabi/5.4.1/../../../../arm-none-eabi/lib/armv7-m\libc.a(lib_a-mprec.o)
                0x00007d80                __any_on
 .text          0x00007ddc        0x0 d:/nxp/lpcxpresso_8.2.2_650/lpcxpresso/tools/bin/../lib/gcc/arm-none-eabi/5.4.1/../../../../arm-none-eabi/lib/armv7-m\libc.a(lib_a-stdio.o)
 .text.__sread  0x00007ddc       0x24 d:/nxp/lpcxpresso_8.2.2_650/lpcxpresso/tools/bin/../lib/gcc/arm-none-eabi/5.4.1/../../../../arm-none-eabi/lib/armv7-m\libc.a(lib_a-stdio.o)
                0x00007ddc                __sread
 .text.__seofread
                0x00007e00        0x4 d:/nxp/lpcxpresso_8.2.2_650/lpcxpresso/tools/bin/../lib/gcc/arm-none-eabi/5.4.1/../../../../arm-none-eabi/lib/armv7-m\libc.a(lib_a-stdio.o)
                0x00007e00                __seofread
 .text.__swrite
                0x00007e04       0x3c d:/nxp/lpcxpresso_8.2.2_650/lpcxpresso/tools/bin/../lib/gcc/arm-none-eabi/5.4.1/../../../../arm-none-eabi/lib/armv7-m\libc.a(lib_a-stdio.o)
                0x00007e04                __swrite
 .text.__sseek  0x00007e40       0x20 d:/nxp/lpcxpresso_8.2.2_650/lpcxpresso/tools/bin/../lib/gcc/arm-none-eabi/5.4.1/../../../../arm-none-eabi/lib/armv7-m\libc.a(lib_a-stdio.o)
                0x00007e40                __sseek
 .text.__sclose
                0x00007e60        0x8 d:/nxp/lpcxpresso_8.2.2_650/lpcxpresso/tools/bin/../lib/gcc/arm-none-eabi/5.4.1/../../../../arm-none-eabi/lib/armv7-m\libc.a(lib_a-stdio.o)
                0x00007e60                __sclose
 .text          0x00007e68      0x1bc d:/nxp/lpcxpresso_8.2.2_650/lpcxpresso/tools/bin/../lib/gcc/arm-none-eabi/5.4.1/../../../../arm-none-eabi/lib/armv7-m\libc.a(lib_a-strcmp.o)
                0x00007e68                strcmp
 .text          0x00008024        0x0 d:/nxp/lpcxpresso_8.2.2_650/lpcxpresso/tools/bin/../lib/gcc/arm-none-eabi/5.4.1/../../../../arm-none-eabi/lib/armv7-m\libc.a(lib_a-svfiprintf.o)
 .text.__ssprint_r
                0x00008024      0x100 d:/nxp/lpcxpresso_8.2.2_650/lpcxpresso/tools/bin/../lib/gcc/arm-none-eabi/5.4.1/../../../../arm-none-eabi/lib/armv7-m\libc.a(lib_a-svfiprintf.o)
                0x00008024                __ssprint_r
 .text._svfiprintf_r
                0x00008124      0xc4c d:/nxp/lpcxpresso_8.2.2_650/lpcxpresso/tools/bin/../lib/gcc/arm-none-eabi/5.4.1/../../../../arm-none-eabi/lib/armv7-m\libc.a(lib_a-svfiprintf.o)
                0x00008124                _svfiprintf_r
 .text          0x00008d70        0x0 d:/nxp/lpcxpresso_8.2.2_650/lpcxpresso/tools/bin/../lib/gcc/arm-none-eabi/5.4.1/../../../../arm-none-eabi/lib/armv7-m\libc.a(lib_a-vfiprintf.o)
 .text.__sprint_r.part.0
                0x00008d70       0x78 d:/nxp/lpcxpresso_8.2.2_650/lpcxpresso/tools/bin/../lib/gcc/arm-none-eabi/5.4.1/../../../../arm-none-eabi/lib/armv7-m\libc.a(lib_a-vfiprintf.o)
 .text.__sprint_r
                0x00008de8       0x14 d:/nxp/lpcxpresso_8.2.2_650/lpcxpresso/tools/bin/../lib/gcc/arm-none-eabi/5.4.1/../../../../arm-none-eabi/lib/armv7-m\libc.a(lib_a-vfiprintf.o)
                0x00008de8                __sprint_r
 .text._vfiprintf_r
                0x00008dfc      0xde8 d:/nxp/lpcxpresso_8.2.2_650/lpcxpresso/tools/bin/../lib/gcc/arm-none-eabi/5.4.1/../../../../arm-none-eabi/lib/armv7-m\libc.a(lib_a-vfiprintf.o)
                0x00008dfc                _vfiprintf_r
 .text.vfiprintf
                0x00009be4       0x18 d:/nxp/lpcxpresso_8.2.2_650/lpcxpresso/tools/bin/../lib/gcc/arm-none-eabi/5.4.1/../../../../arm-none-eabi/lib/armv7-m\libc.a(lib_a-vfiprintf.o)
                0x00009be4                vfiprintf
 .text.__sbprintf
                0x00009bfc       0x6c d:/nxp/lpcxpresso_8.2.2_650/lpcxpresso/tools/bin/../lib/gcc/arm-none-eabi/5.4.1/../../../../arm-none-eabi/lib/armv7-m\libc.a(lib_a-vfiprintf.o)
 .text          0x00009c68        0x0 d:/nxp/lpcxpresso_8.2.2_650/lpcxpresso/tools/bin/../lib/gcc/arm-none-eabi/5.4.1/../../../../arm-none-eabi/lib/armv7-m\libc.a(lib_a-writer.o)
 .text._write_r
                0x00009c68       0x2c d:/nxp/lpcxpresso_8.2.2_650/lpcxpresso/tools/bin/../lib/gcc/arm-none-eabi/5.4.1/../../../../arm-none-eabi/lib/armv7-m\libc.a(lib_a-writer.o)
                0x00009c68                _write_r
 .text          0x00009c94        0x0 d:/nxp/lpcxpresso_8.2.2_650/lpcxpresso/tools/bin/../lib/gcc/arm-none-eabi/5.4.1/../../../../arm-none-eabi/lib/armv7-m\libc.a(lib_a-closer.o)
 .text._close_r
                0x00009c94       0x24 d:/nxp/lpcxpresso_8.2.2_650/lpcxpresso/tools/bin/../lib/gcc/arm-none-eabi/5.4.1/../../../../arm-none-eabi/lib/armv7-m\libc.a(lib_a-closer.o)
                0x00009c94                _close_r
 .text          0x00009cb8        0x0 d:/nxp/lpcxpresso_8.2.2_650/lpcxpresso/tools/bin/../lib/gcc/arm-none-eabi/5.4.1/../../../../arm-none-eabi/lib/armv7-m\libc.a(lib_a-fclose.o)
 .text._fclose_r
                0x00009cb8       0x84 d:/nxp/lpcxpresso_8.2.2_650/lpcxpresso/tools/bin/../lib/gcc/arm-none-eabi/5.4.1/../../../../arm-none-eabi/lib/armv7-m\libc.a(lib_a-fclose.o)
                0x00009cb8                _fclose_r
 .text.fclose   0x00009d3c       0x10 d:/nxp/lpcxpresso_8.2.2_650/lpcxpresso/tools/bin/../lib/gcc/arm-none-eabi/5.4.1/../../../../arm-none-eabi/lib/armv7-m\libc.a(lib_a-fclose.o)
                0x00009d3c                fclose
 .text          0x00009d4c        0x0 d:/nxp/lpcxpresso_8.2.2_650/lpcxpresso/tools/bin/../lib/gcc/arm-none-eabi/5.4.1/../../../../arm-none-eabi/lib/armv7-m\libc.a(lib_a-fputwc.o)
 .text.__fputwc
                0x00009d4c       0x94 d:/nxp/lpcxpresso_8.2.2_650/lpcxpresso/tools/bin/../lib/gcc/arm-none-eabi/5.4.1/../../../../arm-none-eabi/lib/armv7-m\libc.a(lib_a-fputwc.o)
                0x00009d4c                __fputwc
 .text._fputwc_r
                0x00009de0       0x24 d:/nxp/lpcxpresso_8.2.2_650/lpcxpresso/tools/bin/../lib/gcc/arm-none-eabi/5.4.1/../../../../arm-none-eabi/lib/armv7-m\libc.a(lib_a-fputwc.o)
                0x00009de0                _fputwc_r
 .text.fputwc   0x00009e04       0x40 d:/nxp/lpcxpresso_8.2.2_650/lpcxpresso/tools/bin/../lib/gcc/arm-none-eabi/5.4.1/../../../../arm-none-eabi/lib/armv7-m\libc.a(lib_a-fputwc.o)
                0x00009e04                fputwc
 .text          0x00009e44        0x0 d:/nxp/lpcxpresso_8.2.2_650/lpcxpresso/tools/bin/../lib/gcc/arm-none-eabi/5.4.1/../../../../arm-none-eabi/lib/armv7-m\libc.a(lib_a-fstatr.o)
 .text._fstat_r
                0x00009e44       0x28 d:/nxp/lpcxpresso_8.2.2_650/lpcxpresso/tools/bin/../lib/gcc/arm-none-eabi/5.4.1/../../../../arm-none-eabi/lib/armv7-m\libc.a(lib_a-fstatr.o)
                0x00009e44                _fstat_r
 .text          0x00009e6c        0x0 d:/nxp/lpcxpresso_8.2.2_650/lpcxpresso/tools/bin/../lib/gcc/arm-none-eabi/5.4.1/../../../../arm-none-eabi/lib/armv7-m\libc.a(lib_a-fvwrite.o)
 .text.__sfvwrite_r
                0x00009e6c      0x308 d:/nxp/lpcxpresso_8.2.2_650/lpcxpresso/tools/bin/../lib/gcc/arm-none-eabi/5.4.1/../../../../arm-none-eabi/lib/armv7-m\libc.a(lib_a-fvwrite.o)
                0x00009e6c                __sfvwrite_r
 .text          0x0000a174        0x0 d:/nxp/lpcxpresso_8.2.2_650/lpcxpresso/tools/bin/../lib/gcc/arm-none-eabi/5.4.1/../../../../arm-none-eabi/lib/armv7-m\libc.a(lib_a-isattyr.o)
 .text._isatty_r
                0x0000a174       0x24 d:/nxp/lpcxpresso_8.2.2_650/lpcxpresso/tools/bin/../lib/gcc/arm-none-eabi/5.4.1/../../../../arm-none-eabi/lib/armv7-m\libc.a(lib_a-isattyr.o)
                0x0000a174                _isatty_r
 .text          0x0000a198        0x0 d:/nxp/lpcxpresso_8.2.2_650/lpcxpresso/tools/bin/../lib/gcc/arm-none-eabi/5.4.1/../../../../arm-none-eabi/lib/armv7-m\libc.a(lib_a-lseekr.o)
 .text._lseek_r
                0x0000a198       0x2c d:/nxp/lpcxpresso_8.2.2_650/lpcxpresso/tools/bin/../lib/gcc/arm-none-eabi/5.4.1/../../../../arm-none-eabi/lib/armv7-m\libc.a(lib_a-lseekr.o)
                0x0000a198                _lseek_r
 .text          0x0000a1c4        0x0 d:/nxp/lpcxpresso_8.2.2_650/lpcxpresso/tools/bin/../lib/gcc/arm-none-eabi/5.4.1/../../../../arm-none-eabi/lib/armv7-m\libc.a(lib_a-memmove.o)
 .text.memmove  0x0000a1c4       0xc8 d:/nxp/lpcxpresso_8.2.2_650/lpcxpresso/tools/bin/../lib/gcc/arm-none-eabi/5.4.1/../../../../arm-none-eabi/lib/armv7-m\libc.a(lib_a-memmove.o)
                0x0000a1c4                memmove
 .text          0x0000a28c        0x0 d:/nxp/lpcxpresso_8.2.2_650/lpcxpresso/tools/bin/../lib/gcc/arm-none-eabi/5.4.1/../../../../arm-none-eabi/lib/armv7-m\libc.a(lib_a-readr.o)
 .text._read_r  0x0000a28c       0x2c d:/nxp/lpcxpresso_8.2.2_650/lpcxpresso/tools/bin/../lib/gcc/arm-none-eabi/5.4.1/../../../../arm-none-eabi/lib/armv7-m\libc.a(lib_a-readr.o)
                0x0000a28c                _read_r
 .text          0x0000a2b8        0x0 d:/nxp/lpcxpresso_8.2.2_650/lpcxpresso/tools/bin/../lib/gcc/arm-none-eabi/5.4.1/../../../../arm-none-eabi/lib/armv7-m\libc.a(lib_a-reent.o)
 .text.cleanup_glue
                0x0000a2b8       0x1c d:/nxp/lpcxpresso_8.2.2_650/lpcxpresso/tools/bin/../lib/gcc/arm-none-eabi/5.4.1/../../../../arm-none-eabi/lib/armv7-m\libc.a(lib_a-reent.o)
                0x0000a2b8                cleanup_glue
 .text._reclaim_reent
                0x0000a2d4       0x88 d:/nxp/lpcxpresso_8.2.2_650/lpcxpresso/tools/bin/../lib/gcc/arm-none-eabi/5.4.1/../../../../arm-none-eabi/lib/armv7-m\libc.a(lib_a-reent.o)
                0x0000a2d4                _reclaim_reent
 .text          0x0000a35c        0x0 d:/nxp/lpcxpresso_8.2.2_650/lpcxpresso/tools/bin/../lib/gcc/arm-none-eabi/5.4.1/../../../../arm-none-eabi/lib/armv7-m\libc.a(lib_a-wbuf.o)
 .text.__swbuf_r
                0x0000a35c       0xac d:/nxp/lpcxpresso_8.2.2_650/lpcxpresso/tools/bin/../lib/gcc/arm-none-eabi/5.4.1/../../../../arm-none-eabi/lib/armv7-m\libc.a(lib_a-wbuf.o)
                0x0000a35c                __swbuf_r
 .text.__swbuf  0x0000a408       0x10 d:/nxp/lpcxpresso_8.2.2_650/lpcxpresso/tools/bin/../lib/gcc/arm-none-eabi/5.4.1/../../../../arm-none-eabi/lib/armv7-m\libc.a(lib_a-wbuf.o)
                0x0000a408                __swbuf
 .text          0x0000a418        0x0 d:/nxp/lpcxpresso_8.2.2_650/lpcxpresso/tools/bin/../lib/gcc/arm-none-eabi/5.4.1/../../../../arm-none-eabi/lib/armv7-m\libc.a(lib_a-wcrtomb.o)
 .text._wcrtomb_r
                0x0000a418       0x54 d:/nxp/lpcxpresso_8.2.2_650/lpcxpresso/tools/bin/../lib/gcc/arm-none-eabi/5.4.1/../../../../arm-none-eabi/lib/armv7-m\libc.a(lib_a-wcrtomb.o)
                0x0000a418                _wcrtomb_r
 .text.wcrtomb  0x0000a46c       0x58 d:/nxp/lpcxpresso_8.2.2_650/lpcxpresso/tools/bin/../lib/gcc/arm-none-eabi/5.4.1/../../../../arm-none-eabi/lib/armv7-m\libc.a(lib_a-wcrtomb.o)
                0x0000a46c                wcrtomb
 .text          0x0000a4c4        0x0 d:/nxp/lpcxpresso_8.2.2_650/lpcxpresso/tools/bin/../lib/gcc/arm-none-eabi/5.4.1/../../../../arm-none-eabi/lib/armv7-m\libc.a(lib_a-wctomb_r.o)
 .text.__ascii_wctomb
                0x0000a4c4       0x1c d:/nxp/lpcxpresso_8.2.2_650/lpcxpresso/tools/bin/../lib/gcc/arm-none-eabi/5.4.1/../../../../arm-none-eabi/lib/armv7-m\libc.a(lib_a-wctomb_r.o)
                0x0000a4c4                __ascii_wctomb
 .text._wctomb_r
                0x0000a4e0       0x30 d:/nxp/lpcxpresso_8.2.2_650/lpcxpresso/tools/bin/../lib/gcc/arm-none-eabi/5.4.1/../../../../arm-none-eabi/lib/armv7-m\libc.a(lib_a-wctomb_r.o)
                0x0000a4e0                _wctomb_r
 .text          0x0000a510        0x0 d:/nxp/lpcxpresso_8.2.2_650/lpcxpresso/tools/bin/../lib/gcc/arm-none-eabi/5.4.1/../../../../arm-none-eabi/lib/armv7-m\libcr_newlib_semihost.a(syscalls.o)
 .text.error    0x0000a510       0x1c d:/nxp/lpcxpresso_8.2.2_650/lpcxpresso/tools/bin/../lib/gcc/arm-none-eabi/5.4.1/../../../../arm-none-eabi/lib/armv7-m\libcr_newlib_semihost.a(syscalls.o)
 .text.initialise_monitor_handles.part.0
                0x0000a52c       0xa8 d:/nxp/lpcxpresso_8.2.2_650/lpcxpresso/tools/bin/../lib/gcc/arm-none-eabi/5.4.1/../../../../arm-none-eabi/lib/armv7-m\libcr_newlib_semihost.a(syscalls.o)
 .text.findslot
                0x0000a5d4       0x30 d:/nxp/lpcxpresso_8.2.2_650/lpcxpresso/tools/bin/../lib/gcc/arm-none-eabi/5.4.1/../../../../arm-none-eabi/lib/armv7-m\libcr_newlib_semihost.a(syscalls.o)
 .text.checkerror
                0x0000a604       0x20 d:/nxp/lpcxpresso_8.2.2_650/lpcxpresso/tools/bin/../lib/gcc/arm-none-eabi/5.4.1/../../../../arm-none-eabi/lib/armv7-m\libcr_newlib_semihost.a(syscalls.o)
 .text._swiread
                0x0000a624       0x20 d:/nxp/lpcxpresso_8.2.2_650/lpcxpresso/tools/bin/../lib/gcc/arm-none-eabi/5.4.1/../../../../arm-none-eabi/lib/armv7-m\libcr_newlib_semihost.a(syscalls.o)
                0x0000a624                _swiread
 .text._read    0x0000a644       0x34 d:/nxp/lpcxpresso_8.2.2_650/lpcxpresso/tools/bin/../lib/gcc/arm-none-eabi/5.4.1/../../../../arm-none-eabi/lib/armv7-m\libcr_newlib_semihost.a(syscalls.o)
                0x0000a644                _read
 .text._swilseek
                0x0000a678       0x7a d:/nxp/lpcxpresso_8.2.2_650/lpcxpresso/tools/bin/../lib/gcc/arm-none-eabi/5.4.1/../../../../arm-none-eabi/lib/armv7-m\libcr_newlib_semihost.a(syscalls.o)
                0x0000a678                _swilseek
 .text._lseek   0x0000a6f2        0x4 d:/nxp/lpcxpresso_8.2.2_650/lpcxpresso/tools/bin/../lib/gcc/arm-none-eabi/5.4.1/../../../../arm-none-eabi/lib/armv7-m\libcr_newlib_semihost.a(syscalls.o)
                0x0000a6f2                _lseek
 .text._swiwrite
                0x0000a6f6       0x20 d:/nxp/lpcxpresso_8.2.2_650/lpcxpresso/tools/bin/../lib/gcc/arm-none-eabi/5.4.1/../../../../arm-none-eabi/lib/armv7-m\libcr_newlib_semihost.a(syscalls.o)
                0x0000a6f6                _swiwrite
 .text._write   0x0000a716       0x42 d:/nxp/lpcxpresso_8.2.2_650/lpcxpresso/tools/bin/../lib/gcc/arm-none-eabi/5.4.1/../../../../arm-none-eabi/lib/armv7-m\libcr_newlib_semihost.a(syscalls.o)
                0x0000a716                _write
 .text._swiclose
                0x0000a758       0x1c d:/nxp/lpcxpresso_8.2.2_650/lpcxpresso/tools/bin/../lib/gcc/arm-none-eabi/5.4.1/../../../../arm-none-eabi/lib/armv7-m\libcr_newlib_semihost.a(syscalls.o)
                0x0000a758                _swiclose
 .text._close   0x0000a774       0x48 d:/nxp/lpcxpresso_8.2.2_650/lpcxpresso/tools/bin/../lib/gcc/arm-none-eabi/5.4.1/../../../../arm-none-eabi/lib/armv7-m\libcr_newlib_semihost.a(syscalls.o)
                0x0000a774                _close
 .text._getpid  0x0000a7bc        0x4 d:/nxp/lpcxpresso_8.2.2_650/lpcxpresso/tools/bin/../lib/gcc/arm-none-eabi/5.4.1/../../../../arm-none-eabi/lib/armv7-m\libcr_newlib_semihost.a(syscalls.o)
                0x0000a7bc                _getpid
 .text._swistat
                0x0000a7c0       0x42 d:/nxp/lpcxpresso_8.2.2_650/lpcxpresso/tools/bin/../lib/gcc/arm-none-eabi/5.4.1/../../../../arm-none-eabi/lib/armv7-m\libcr_newlib_semihost.a(syscalls.o)
                0x0000a7c0                _swistat
 .text._fstat   0x0000a802       0x1c d:/nxp/lpcxpresso_8.2.2_650/lpcxpresso/tools/bin/../lib/gcc/arm-none-eabi/5.4.1/../../../../arm-none-eabi/lib/armv7-m\libcr_newlib_semihost.a(syscalls.o)
                0x0000a802                _fstat
 .text._stat    0x0000a81e       0x3a d:/nxp/lpcxpresso_8.2.2_650/lpcxpresso/tools/bin/../lib/gcc/arm-none-eabi/5.4.1/../../../../arm-none-eabi/lib/armv7-m\libcr_newlib_semihost.a(syscalls.o)
                0x0000a81e                _stat
 .text._swiopen
                0x0000a858       0xc8 d:/nxp/lpcxpresso_8.2.2_650/lpcxpresso/tools/bin/../lib/gcc/arm-none-eabi/5.4.1/../../../../arm-none-eabi/lib/armv7-m\libcr_newlib_semihost.a(syscalls.o)
                0x0000a858                _swiopen
 .text._open    0x0000a920       0x12 d:/nxp/lpcxpresso_8.2.2_650/lpcxpresso/tools/bin/../lib/gcc/arm-none-eabi/5.4.1/../../../../arm-none-eabi/lib/armv7-m\libcr_newlib_semihost.a(syscalls.o)
                0x0000a920                _open
 .text._link    0x0000a932       0x10 d:/nxp/lpcxpresso_8.2.2_650/lpcxpresso/tools/bin/../lib/gcc/arm-none-eabi/5.4.1/../../../../arm-none-eabi/lib/armv7-m\libcr_newlib_semihost.a(syscalls.o)
                0x0000a932                _link
 .text._unlink  0x0000a942       0x28 d:/nxp/lpcxpresso_8.2.2_650/lpcxpresso/tools/bin/../lib/gcc/arm-none-eabi/5.4.1/../../../../arm-none-eabi/lib/armv7-m\libcr_newlib_semihost.a(syscalls.o)
                0x0000a942                _unlink
 .text._gettimeofday
                0x0000a96a       0x24 d:/nxp/lpcxpresso_8.2.2_650/lpcxpresso/tools/bin/../lib/gcc/arm-none-eabi/5.4.1/../../../../arm-none-eabi/lib/armv7-m\libcr_newlib_semihost.a(syscalls.o)
                0x0000a96a                _gettimeofday
 .text._clock   0x0000a98e       0x12 d:/nxp/lpcxpresso_8.2.2_650/lpcxpresso/tools/bin/../lib/gcc/arm-none-eabi/5.4.1/../../../../arm-none-eabi/lib/armv7-m\libcr_newlib_semihost.a(syscalls.o)
                0x0000a98e                _clock
 .text._times   0x0000a9a0       0x16 d:/nxp/lpcxpresso_8.2.2_650/lpcxpresso/tools/bin/../lib/gcc/arm-none-eabi/5.4.1/../../../../arm-none-eabi/lib/armv7-m\libcr_newlib_semihost.a(syscalls.o)
                0x0000a9a0                _times
 .text._isatty  0x0000a9b6       0x2a d:/nxp/lpcxpresso_8.2.2_650/lpcxpresso/tools/bin/../lib/gcc/arm-none-eabi/5.4.1/../../../../arm-none-eabi/lib/armv7-m\libcr_newlib_semihost.a(syscalls.o)
                0x0000a9b6                _isatty
 .text._system  0x0000a9e0       0x3c d:/nxp/lpcxpresso_8.2.2_650/lpcxpresso/tools/bin/../lib/gcc/arm-none-eabi/5.4.1/../../../../arm-none-eabi/lib/armv7-m\libcr_newlib_semihost.a(syscalls.o)
                0x0000a9e0                _system
 .text._rename  0x0000aa1c       0x36 d:/nxp/lpcxpresso_8.2.2_650/lpcxpresso/tools/bin/../lib/gcc/arm-none-eabi/5.4.1/../../../../arm-none-eabi/lib/armv7-m\libcr_newlib_semihost.a(syscalls.o)
                0x0000aa1c                _rename
 *fill*         0x0000aa52        0x2 ff
 .text          0x0000aa54      0x424 d:/nxp/lpcxpresso_8.2.2_650/lpcxpresso/tools/bin/../lib/gcc/arm-none-eabi/5.4.1/armv7-m\libgcc.a(_arm_muldivdf3.o)
                0x0000aa54                __aeabi_dmul
                0x0000aa54                __muldf3
                0x0000aca8                __divdf3
                0x0000aca8                __aeabi_ddiv
 .text          0x0000ae78      0x110 d:/nxp/lpcxpresso_8.2.2_650/lpcxpresso/tools/bin/../lib/gcc/arm-none-eabi/5.4.1/armv7-m\libgcc.a(_arm_cmpdf2.o)
                0x0000ae78                __gtdf2
                0x0000ae78                __gedf2
                0x0000ae80                __ltdf2
                0x0000ae80                __ledf2
                0x0000ae88                __nedf2
                0x0000ae88                __eqdf2
                0x0000ae88                __cmpdf2
                0x0000af04                __aeabi_cdrcmple
                0x0000af14                __aeabi_cdcmpeq
                0x0000af14                __aeabi_cdcmple
                0x0000af24                __aeabi_dcmpeq
                0x0000af38                __aeabi_dcmplt
                0x0000af4c                __aeabi_dcmple
                0x0000af60                __aeabi_dcmpge
                0x0000af74                __aeabi_dcmpgt
 .text          0x0000af88       0x2c d:/nxp/lpcxpresso_8.2.2_650/lpcxpresso/tools/bin/../lib/gcc/arm-none-eabi/5.4.1/armv7-m\libgcc.a(_arm_unorddf2.o)
                0x0000af88                __unorddf2
                0x0000af88                __aeabi_dcmpun
 .text          0x0000afb4       0x50 d:/nxp/lpcxpresso_8.2.2_650/lpcxpresso/tools/bin/../lib/gcc/arm-none-eabi/5.4.1/armv7-m\libgcc.a(_arm_fixdfsi.o)
                0x0000afb4                __aeabi_d2iz
                0x0000afb4                __fixdfsi
 .text          0x0000b004       0x30 d:/nxp/lpcxpresso_8.2.2_650/lpcxpresso/tools/bin/../lib/gcc/arm-none-eabi/5.4.1/armv7-m\libgcc.a(_aeabi_uldivmod.o)
                0x0000b004                __aeabi_uldivmod
 .text          0x0000b034      0x2ec d:/nxp/lpcxpresso_8.2.2_650/lpcxpresso/tools/bin/../lib/gcc/arm-none-eabi/5.4.1/armv7-m\libgcc.a(_udivmoddi4.o)
                0x0000b034                __udivmoddi4
 .text          0x0000b320        0x4 d:/nxp/lpcxpresso_8.2.2_650/lpcxpresso/tools/bin/../lib/gcc/arm-none-eabi/5.4.1/armv7-m\libgcc.a(_dvmd_tls.o)
                0x0000b320                __aeabi_idiv0
                0x0000b320                __aeabi_ldiv0
 .text          0x0000b324        0x0 d:/nxp/lpcxpresso_8.2.2_650/lpcxpresso/tools/bin/../lib/gcc/arm-none-eabi/5.4.1/../../../../arm-none-eabi/lib/armv7-m\libc.a(lib_a-errno.o)
 .text.__errno  0x0000b324        0xc d:/nxp/lpcxpresso_8.2.2_650/lpcxpresso/tools/bin/../lib/gcc/arm-none-eabi/5.4.1/../../../../arm-none-eabi/lib/armv7-m\libc.a(lib_a-errno.o)
                0x0000b324                __errno
 *(.rodata .rodata.* .constdata .constdata.*)
 .rodata.str1.1
                0x0000b330       0x40 ./src/pi7/interpretador_comando/interpretador_comando.o
 .rodata.str1.1
                0x0000b370       0x22 ./src/pi7/controlador_trajetoria/controlador_trajetoria.o
 .rodata.str1.1
                0x0000b392       0x10 ./src/pi7/comunicacao_pic/comunicacao_pic.o
 .rodata.str1.1
                0x0000b3a2       0x1e ./src/pi7/comunicacao_pc/modbus.o
 .rodata.str1.1
                0x0000b3c0        0xb ./src/drivers/console/basic_io.o
 *fill*         0x0000b3cb        0x1 ff
 .rodata.DELAY_1SEC
                0x0000b3cc        0x4 ./src/main.o
                0x0000b3cc                DELAY_1SEC
 .rodata.DELAY_500MS
                0x0000b3d0        0x4 ./src/main.o
                0x0000b3d0                DELAY_500MS
 .rodata.str1.1
                0x0000b3d4       0x46 ./src/main.o
 *fill*         0x0000b41a        0x2 ff
 .rodata.DELAY_200MS
                0x0000b41c        0x4 ./src/main.o
                0x0000b41c                DELAY_200MS
 .rodata.str1.1
                0x0000b420       0x17 ./FreeRTOS_src/tasks.o
                                 0x1a (size before relaxing)
 *fill*         0x0000b437        0x1 ff
 .rodata.ulKernelPriority
                0x0000b438        0x4 ./FreeRTOS_portable/port.o
                0x0000b438                ulKernelPriority
 .rodata.blanks.7055
                0x0000b43c       0x10 d:/nxp/lpcxpresso_8.2.2_650/lpcxpresso/tools/bin/../lib/gcc/arm-none-eabi/5.4.1/../../../../arm-none-eabi/lib/armv7-m\libc.a(lib_a-svfprintf.o)
 .rodata.str1.4
                0x0000b44c       0x42 d:/nxp/lpcxpresso_8.2.2_650/lpcxpresso/tools/bin/../lib/gcc/arm-none-eabi/5.4.1/../../../../arm-none-eabi/lib/armv7-m\libc.a(lib_a-svfprintf.o)
 *fill*         0x0000b48e        0x2 ff
 .rodata.zeroes.7056
                0x0000b490       0x10 d:/nxp/lpcxpresso_8.2.2_650/lpcxpresso/tools/bin/../lib/gcc/arm-none-eabi/5.4.1/../../../../arm-none-eabi/lib/armv7-m\libc.a(lib_a-svfprintf.o)
 .rodata.blanks.7070
                0x0000b4a0       0x10 d:/nxp/lpcxpresso_8.2.2_650/lpcxpresso/tools/bin/../lib/gcc/arm-none-eabi/5.4.1/../../../../arm-none-eabi/lib/armv7-m\libc.a(lib_a-vfprintf.o)
 .rodata.str1.4
                0x0000b4b0       0x42 d:/nxp/lpcxpresso_8.2.2_650/lpcxpresso/tools/bin/../lib/gcc/arm-none-eabi/5.4.1/../../../../arm-none-eabi/lib/armv7-m\libc.a(lib_a-vfprintf.o)
 .rodata.zeroes.7071
                0x0000b4b0       0x10 d:/nxp/lpcxpresso_8.2.2_650/lpcxpresso/tools/bin/../lib/gcc/arm-none-eabi/5.4.1/../../../../arm-none-eabi/lib/armv7-m\libc.a(lib_a-vfprintf.o)
 .rodata.str1.4
                0x0000b4c0       0x10 d:/nxp/lpcxpresso_8.2.2_650/lpcxpresso/tools/bin/../lib/gcc/arm-none-eabi/5.4.1/../../../../arm-none-eabi/lib/armv7-m\libc.a(lib_a-dtoa.o)
                                 0x12 (size before relaxing)
 .rodata.str1.4
                0x0000b4d0        0x2 d:/nxp/lpcxpresso_8.2.2_650/lpcxpresso/tools/bin/../lib/gcc/arm-none-eabi/5.4.1/../../../../arm-none-eabi/lib/armv7-m\libc.a(lib_a-impure.o)
 *fill*         0x0000b4d2        0x2 ff
 .rodata._global_impure_ptr
                0x0000b4d4        0x4 d:/nxp/lpcxpresso_8.2.2_650/lpcxpresso/tools/bin/../lib/gcc/arm-none-eabi/5.4.1/../../../../arm-none-eabi/lib/armv7-m\libc.a(lib_a-impure.o)
                0x0000b4d4                _global_impure_ptr
 .rodata.str1.4
                0x0000b4d8        0xc d:/nxp/lpcxpresso_8.2.2_650/lpcxpresso/tools/bin/../lib/gcc/arm-none-eabi/5.4.1/../../../../arm-none-eabi/lib/armv7-m\libc.a(lib_a-locale.o)
                                 0x12 (size before relaxing)
 *fill*         0x0000b4e4        0x4 ff
 .rodata.__mprec_tens
                0x0000b4e8       0xc8 d:/nxp/lpcxpresso_8.2.2_650/lpcxpresso/tools/bin/../lib/gcc/arm-none-eabi/5.4.1/../../../../arm-none-eabi/lib/armv7-m\libc.a(lib_a-mprec.o)
                0x0000b4e8                __mprec_tens
 .rodata.__mprec_bigtens
                0x0000b5b0       0x28 d:/nxp/lpcxpresso_8.2.2_650/lpcxpresso/tools/bin/../lib/gcc/arm-none-eabi/5.4.1/../../../../arm-none-eabi/lib/armv7-m\libc.a(lib_a-mprec.o)
                0x0000b5b0                __mprec_bigtens
 .rodata.__mprec_tinytens
                0x0000b5d8       0x28 d:/nxp/lpcxpresso_8.2.2_650/lpcxpresso/tools/bin/../lib/gcc/arm-none-eabi/5.4.1/../../../../arm-none-eabi/lib/armv7-m\libc.a(lib_a-mprec.o)
                0x0000b5d8                __mprec_tinytens
 .rodata.p05.5396
                0x0000b600        0xc d:/nxp/lpcxpresso_8.2.2_650/lpcxpresso/tools/bin/../lib/gcc/arm-none-eabi/5.4.1/../../../../arm-none-eabi/lib/armv7-m\libc.a(lib_a-mprec.o)
 .rodata.blanks.6999
                0x0000b60c       0x10 d:/nxp/lpcxpresso_8.2.2_650/lpcxpresso/tools/bin/../lib/gcc/arm-none-eabi/5.4.1/../../../../arm-none-eabi/lib/armv7-m\libc.a(lib_a-svfiprintf.o)
 .rodata.str1.4
                0x0000b61c       0x2f d:/nxp/lpcxpresso_8.2.2_650/lpcxpresso/tools/bin/../lib/gcc/arm-none-eabi/5.4.1/../../../../arm-none-eabi/lib/armv7-m\libc.a(lib_a-svfiprintf.o)
 .rodata.zeroes.7000
                0x0000b61c       0x10 d:/nxp/lpcxpresso_8.2.2_650/lpcxpresso/tools/bin/../lib/gcc/arm-none-eabi/5.4.1/../../../../arm-none-eabi/lib/armv7-m\libc.a(lib_a-svfiprintf.o)
 .rodata.blanks.7013
                0x0000b62c       0x10 d:/nxp/lpcxpresso_8.2.2_650/lpcxpresso/tools/bin/../lib/gcc/arm-none-eabi/5.4.1/../../../../arm-none-eabi/lib/armv7-m\libc.a(lib_a-vfiprintf.o)
 .rodata.str1.4
                0x0000b63c       0x2f d:/nxp/lpcxpresso_8.2.2_650/lpcxpresso/tools/bin/../lib/gcc/arm-none-eabi/5.4.1/../../../../arm-none-eabi/lib/armv7-m\libc.a(lib_a-vfiprintf.o)
 .rodata.zeroes.7014
                0x0000b63c       0x10 d:/nxp/lpcxpresso_8.2.2_650/lpcxpresso/tools/bin/../lib/gcc/arm-none-eabi/5.4.1/../../../../arm-none-eabi/lib/armv7-m\libc.a(lib_a-vfiprintf.o)
 .rodata.str1.1
                0x0000b64c        0x4 d:/nxp/lpcxpresso_8.2.2_650/lpcxpresso/tools/bin/../lib/gcc/arm-none-eabi/5.4.1/../../../../arm-none-eabi/lib/armv7-m\libcr_newlib_semihost.a(syscalls.o)
                0x0000b66c                . = ALIGN (0x4)

.glue_7         0x0000b650        0x0
 .glue_7        0x0000b650        0x0 linker stubs

.glue_7t        0x0000b650        0x0
 .glue_7t       0x0000b650        0x0 linker stubs

.vfp11_veneer   0x0000b650        0x0
 .vfp11_veneer  0x0000b650        0x0 linker stubs

.v4_bx          0x0000b650        0x0
 .v4_bx         0x0000b650        0x0 linker stubs

.iplt           0x0000b650        0x0
 .iplt          0x0000b650        0x0 ./src/pi7/programa_trajetoria/programa_trajetoria.o

.ARM.extab      0x0000b650        0x0
 *(.ARM.extab* .gnu.linkonce.armextab.*)
 .ARM.extab     0x0000b650        0x0 d:/nxp/lpcxpresso_8.2.2_650/lpcxpresso/tools/bin/../lib/gcc/arm-none-eabi/5.4.1/armv7-m\libgcc.a(_udivmoddi4.o)
                0x0000b650                __exidx_start = .

.ARM.exidx      0x0000b650        0x8
 *(.ARM.exidx* .gnu.linkonce.armexidx.*)
 .ARM.exidx     0x0000b650        0x8 d:/nxp/lpcxpresso_8.2.2_650/lpcxpresso/tools/bin/../lib/gcc/arm-none-eabi/5.4.1/armv7-m\libgcc.a(_udivmoddi4.o)
                0x0000b658                __exidx_end = .
                0x0000b658                _etext = .

.rel.dyn        0x0000b658        0x0
 .rel.iplt      0x0000b658        0x0 ./src/pi7/programa_trajetoria/programa_trajetoria.o

.data_RAM2      0x2007c000        0x0 load address 0x0000b658
 FILL mask 0xff
                [!provide]                PROVIDE (__start_data_RAM2, .)
 *(.ramfunc.$RAM2)
 *(.ramfunc.$RamAHB32)
 *(.data.$RAM2*)
 *(.data.$RamAHB32*)
                0x2007c000                . = ALIGN (0x4)
                [!provide]                PROVIDE (__end_data_RAM2, .)

.uninit_RESERVED
                0x10000000        0x0
 *(.bss.$RESERVED*)
                0x10000000                . = ALIGN (0x4)
                0x10000000                _end_uninit_RESERVED = .

.data           0x10000000      0x4ec load address 0x0000b658
 FILL mask 0xff
                0x10000000                _data = .
 *(vtable)
 *(.ramfunc*)
 *(.data*)
 .data          0x10000000        0x0 ./src/pi7/programa_trajetoria/programa_trajetoria.o
 .data          0x10000000        0x0 ./src/pi7/interpretador_comando/interpretador_comando.o
 .data          0x10000000        0x0 ./src/pi7/estado_trajetoria/estado_trajetoria.o
 .data.stt_x    0x10000000        0x4 ./src/pi7/estado_trajetoria/estado_trajetoria.o
                0x10000000                stt_x
 .data.stt_y    0x10000004        0x4 ./src/pi7/estado_trajetoria/estado_trajetoria.o
                0x10000004                stt_y
 .data.stt_z    0x10000008        0x4 ./src/pi7/estado_trajetoria/estado_trajetoria.o
                0x10000008                stt_z
 .data          0x1000000c        0x0 ./src/pi7/controlador_trajetoria/controlador_trajetoria.o
 .data          0x1000000c        0x0 ./src/pi7/comunicacao_pic/comunicacao_pic.o
 .data          0x1000000c        0x0 ./src/pi7/comunicacao_pc/modbus.o
 .data          0x1000000c        0x0 ./src/drivers/uart/uart.o
 .data.UART0TxEmpty
                0x1000000c        0x1 ./src/drivers/uart/uart.o
                0x1000000c                UART0TxEmpty
 .data.UART1TxEmpty
                0x1000000d        0x1 ./src/drivers/uart/uart.o
                0x1000000d                UART1TxEmpty
 .data          0x1000000e        0x0 ./src/drivers/pwm/pwm.o
 .data          0x1000000e        0x0 ./src/drivers/ledonboard/leds.o
 .data          0x1000000e        0x0 ./src/drivers/console/alloc.o
 .data          0x1000000e        0x0 ./src/drivers/console/basic_io.o
 .data          0x1000000e        0x0 ./src/drivers/console/consoleprint.o
 .data          0x1000000e        0x0 ./src/cr_startup_lpc17.o
 .data          0x1000000e        0x0 ./src/main.o
 .data.msgReadRegister
                0x1000000e        0xd ./src/main.o
                0x1000000e                msgReadRegister
 .data.msgWriteRegister
                0x1000001b        0xf ./src/main.o
                0x1000001b                msgWriteRegister
 .data          0x1000002a        0x0 ./FreeRTOS_src/croutine.o
 .data          0x1000002a        0x0 ./FreeRTOS_src/list.o
 .data          0x1000002a        0x0 ./FreeRTOS_src/queue.o
 .data          0x1000002a        0x0 ./FreeRTOS_src/tasks.o
 *fill*         0x1000002a        0x2 ff
 .data.uxPreviousTask
                0x1000002c        0x4 ./FreeRTOS_src/tasks.o
 .data.xNextTaskUnblockTime
                0x10000030        0x4 ./FreeRTOS_src/tasks.o
 .data          0x10000034        0x0 ./FreeRTOS_src/timers.o
 .data          0x10000034        0x0 ./FreeRTOS_portable/MemMang/heap_2.o
 .data.xFreeBytesRemaining
                0x10000034        0x4 ./FreeRTOS_portable/MemMang/heap_2.o
 .data          0x10000038        0x0 ./FreeRTOS_portable/port.o
 .data.uxCriticalNesting
                0x10000038        0x4 ./FreeRTOS_portable/port.o
 .data          0x1000003c        0x4 ../Libraries\libCMSISv2_LPC17xx.a(system_LPC17xx.o)
                0x1000003c                SystemFrequency
 .data          0x10000040        0x0 d:/nxp/lpcxpresso_8.2.2_650/lpcxpresso/tools/bin/../lib/gcc/arm-none-eabi/5.4.1/armv7-m\libgcc.a(_arm_addsubdf3.o)
 .data          0x10000040        0x0 d:/nxp/lpcxpresso_8.2.2_650/lpcxpresso/tools/bin/../lib/gcc/arm-none-eabi/5.4.1/armv7-m\libgcc.a(_arm_fixsfsi.o)
 .data          0x10000040        0x0 d:/nxp/lpcxpresso_8.2.2_650/lpcxpresso/tools/bin/../lib/gcc/arm-none-eabi/5.4.1/../../../../arm-none-eabi/lib/armv7-m\libc.a(lib_a-memcpy.o)
 .data          0x10000040        0x0 d:/nxp/lpcxpresso_8.2.2_650/lpcxpresso/tools/bin/../lib/gcc/arm-none-eabi/5.4.1/../../../../arm-none-eabi/lib/armv7-m\libc.a(lib_a-memset.o)
 .data          0x10000040        0x0 d:/nxp/lpcxpresso_8.2.2_650/lpcxpresso/tools/bin/../lib/gcc/arm-none-eabi/5.4.1/../../../../arm-none-eabi/lib/armv7-m\libc.a(lib_a-printf.o)
 .data          0x10000040        0x0 d:/nxp/lpcxpresso_8.2.2_650/lpcxpresso/tools/bin/../lib/gcc/arm-none-eabi/5.4.1/../../../../arm-none-eabi/lib/armv7-m\libc.a(lib_a-sprintf.o)
 .data          0x10000040        0x0 d:/nxp/lpcxpresso_8.2.2_650/lpcxpresso/tools/bin/../lib/gcc/arm-none-eabi/5.4.1/../../../../arm-none-eabi/lib/armv7-m\libc.a(lib_a-strcat.o)
 .data          0x10000040        0x0 d:/nxp/lpcxpresso_8.2.2_650/lpcxpresso/tools/bin/../lib/gcc/arm-none-eabi/5.4.1/../../../../arm-none-eabi/lib/armv7-m\libc.a(lib_a-strcpy.o)
 .data          0x10000040        0x0 d:/nxp/lpcxpresso_8.2.2_650/lpcxpresso/tools/bin/../lib/gcc/arm-none-eabi/5.4.1/../../../../arm-none-eabi/lib/armv7-m\libc.a(lib_a-strlen-stub.o)
 .data          0x10000040        0x0 d:/nxp/lpcxpresso_8.2.2_650/lpcxpresso/tools/bin/../lib/gcc/arm-none-eabi/5.4.1/../../../../arm-none-eabi/lib/armv7-m\libc.a(lib_a-strncpy.o)
 .data          0x10000040        0x0 d:/nxp/lpcxpresso_8.2.2_650/lpcxpresso/tools/bin/../lib/gcc/arm-none-eabi/5.4.1/../../../../arm-none-eabi/lib/armv7-m\libc.a(lib_a-svfprintf.o)
 .data          0x10000040        0x0 d:/nxp/lpcxpresso_8.2.2_650/lpcxpresso/tools/bin/../lib/gcc/arm-none-eabi/5.4.1/../../../../arm-none-eabi/lib/armv7-m\libc.a(lib_a-vfprintf.o)
 .data          0x10000040        0x0 d:/nxp/lpcxpresso_8.2.2_650/lpcxpresso/tools/bin/../lib/gcc/arm-none-eabi/5.4.1/../../../../arm-none-eabi/lib/armv7-m\libc.a(lib_a-wsetup.o)
 .data          0x10000040        0x0 d:/nxp/lpcxpresso_8.2.2_650/lpcxpresso/tools/bin/../lib/gcc/arm-none-eabi/5.4.1/../../../../arm-none-eabi/lib/armv7-m\libc.a(lib_a-dtoa.o)
 .data          0x10000040        0x0 d:/nxp/lpcxpresso_8.2.2_650/lpcxpresso/tools/bin/../lib/gcc/arm-none-eabi/5.4.1/../../../../arm-none-eabi/lib/armv7-m\libc.a(lib_a-fflush.o)
 .data          0x10000040        0x0 d:/nxp/lpcxpresso_8.2.2_650/lpcxpresso/tools/bin/../lib/gcc/arm-none-eabi/5.4.1/../../../../arm-none-eabi/lib/armv7-m\libc.a(lib_a-findfp.o)
 .data          0x10000040        0x0 d:/nxp/lpcxpresso_8.2.2_650/lpcxpresso/tools/bin/../lib/gcc/arm-none-eabi/5.4.1/../../../../arm-none-eabi/lib/armv7-m\libc.a(lib_a-fwalk.o)
 .data          0x10000040        0x0 d:/nxp/lpcxpresso_8.2.2_650/lpcxpresso/tools/bin/../lib/gcc/arm-none-eabi/5.4.1/../../../../arm-none-eabi/lib/armv7-m\libc.a(lib_a-impure.o)
 .data.impure_data
                0x10000040      0x428 d:/nxp/lpcxpresso_8.2.2_650/lpcxpresso/tools/bin/../lib/gcc/arm-none-eabi/5.4.1/../../../../arm-none-eabi/lib/armv7-m\libc.a(lib_a-impure.o)
 .data._impure_ptr
                0x10000468        0x4 d:/nxp/lpcxpresso_8.2.2_650/lpcxpresso/tools/bin/../lib/gcc/arm-none-eabi/5.4.1/../../../../arm-none-eabi/lib/armv7-m\libc.a(lib_a-impure.o)
                0x10000468                _impure_ptr
 .data          0x1000046c        0x0 d:/nxp/lpcxpresso_8.2.2_650/lpcxpresso/tools/bin/../lib/gcc/arm-none-eabi/5.4.1/../../../../arm-none-eabi/lib/armv7-m\libc.a(lib_a-locale.o)
 .data.lc_message_charset
                0x1000046c       0x20 d:/nxp/lpcxpresso_8.2.2_650/lpcxpresso/tools/bin/../lib/gcc/arm-none-eabi/5.4.1/../../../../arm-none-eabi/lib/armv7-m\libc.a(lib_a-locale.o)
 .data.lconv    0x1000048c       0x38 d:/nxp/lpcxpresso_8.2.2_650/lpcxpresso/tools/bin/../lib/gcc/arm-none-eabi/5.4.1/../../../../arm-none-eabi/lib/armv7-m\libc.a(lib_a-locale.o)
 .data.lc_ctype_charset
                0x100004c4       0x20 d:/nxp/lpcxpresso_8.2.2_650/lpcxpresso/tools/bin/../lib/gcc/arm-none-eabi/5.4.1/../../../../arm-none-eabi/lib/armv7-m\libc.a(lib_a-locale.o)
 .data.__mb_cur_max
                0x100004e4        0x4 d:/nxp/lpcxpresso_8.2.2_650/lpcxpresso/tools/bin/../lib/gcc/arm-none-eabi/5.4.1/../../../../arm-none-eabi/lib/armv7-m\libc.a(lib_a-locale.o)
                0x100004e4                __mb_cur_max
 .data          0x100004e8        0x0 d:/nxp/lpcxpresso_8.2.2_650/lpcxpresso/tools/bin/../lib/gcc/arm-none-eabi/5.4.1/../../../../arm-none-eabi/lib/armv7-m\libc.a(lib_a-makebuf.o)
 .data          0x100004e8        0x0 d:/nxp/lpcxpresso_8.2.2_650/lpcxpresso/tools/bin/../lib/gcc/arm-none-eabi/5.4.1/../../../../arm-none-eabi/lib/armv7-m\libc.a(lib_a-memchr-stub.o)
 .data          0x100004e8        0x0 d:/nxp/lpcxpresso_8.2.2_650/lpcxpresso/tools/bin/../lib/gcc/arm-none-eabi/5.4.1/../../../../arm-none-eabi/lib/armv7-m\libc.a(lib_a-mprec.o)
 .data          0x100004e8        0x0 d:/nxp/lpcxpresso_8.2.2_650/lpcxpresso/tools/bin/../lib/gcc/arm-none-eabi/5.4.1/../../../../arm-none-eabi/lib/armv7-m\libc.a(lib_a-stdio.o)
 .data          0x100004e8        0x0 d:/nxp/lpcxpresso_8.2.2_650/lpcxpresso/tools/bin/../lib/gcc/arm-none-eabi/5.4.1/../../../../arm-none-eabi/lib/armv7-m\libc.a(lib_a-strcmp.o)
 .data          0x100004e8        0x0 d:/nxp/lpcxpresso_8.2.2_650/lpcxpresso/tools/bin/../lib/gcc/arm-none-eabi/5.4.1/../../../../arm-none-eabi/lib/armv7-m\libc.a(lib_a-svfiprintf.o)
 .data          0x100004e8        0x0 d:/nxp/lpcxpresso_8.2.2_650/lpcxpresso/tools/bin/../lib/gcc/arm-none-eabi/5.4.1/../../../../arm-none-eabi/lib/armv7-m\libc.a(lib_a-vfiprintf.o)
 .data          0x100004e8        0x0 d:/nxp/lpcxpresso_8.2.2_650/lpcxpresso/tools/bin/../lib/gcc/arm-none-eabi/5.4.1/../../../../arm-none-eabi/lib/armv7-m\libc.a(lib_a-writer.o)
 .data          0x100004e8        0x0 d:/nxp/lpcxpresso_8.2.2_650/lpcxpresso/tools/bin/../lib/gcc/arm-none-eabi/5.4.1/../../../../arm-none-eabi/lib/armv7-m\libc.a(lib_a-closer.o)
 .data          0x100004e8        0x0 d:/nxp/lpcxpresso_8.2.2_650/lpcxpresso/tools/bin/../lib/gcc/arm-none-eabi/5.4.1/../../../../arm-none-eabi/lib/armv7-m\libc.a(lib_a-fclose.o)
 .data          0x100004e8        0x0 d:/nxp/lpcxpresso_8.2.2_650/lpcxpresso/tools/bin/../lib/gcc/arm-none-eabi/5.4.1/../../../../arm-none-eabi/lib/armv7-m\libc.a(lib_a-fputwc.o)
 .data          0x100004e8        0x0 d:/nxp/lpcxpresso_8.2.2_650/lpcxpresso/tools/bin/../lib/gcc/arm-none-eabi/5.4.1/../../../../arm-none-eabi/lib/armv7-m\libc.a(lib_a-fstatr.o)
 .data          0x100004e8        0x0 d:/nxp/lpcxpresso_8.2.2_650/lpcxpresso/tools/bin/../lib/gcc/arm-none-eabi/5.4.1/../../../../arm-none-eabi/lib/armv7-m\libc.a(lib_a-fvwrite.o)
 .data          0x100004e8        0x0 d:/nxp/lpcxpresso_8.2.2_650/lpcxpresso/tools/bin/../lib/gcc/arm-none-eabi/5.4.1/../../../../arm-none-eabi/lib/armv7-m\libc.a(lib_a-isattyr.o)
 .data          0x100004e8        0x0 d:/nxp/lpcxpresso_8.2.2_650/lpcxpresso/tools/bin/../lib/gcc/arm-none-eabi/5.4.1/../../../../arm-none-eabi/lib/armv7-m\libc.a(lib_a-lseekr.o)
 .data          0x100004e8        0x0 d:/nxp/lpcxpresso_8.2.2_650/lpcxpresso/tools/bin/../lib/gcc/arm-none-eabi/5.4.1/../../../../arm-none-eabi/lib/armv7-m\libc.a(lib_a-memmove.o)
 .data          0x100004e8        0x0 d:/nxp/lpcxpresso_8.2.2_650/lpcxpresso/tools/bin/../lib/gcc/arm-none-eabi/5.4.1/../../../../arm-none-eabi/lib/armv7-m\libc.a(lib_a-readr.o)
 .data          0x100004e8        0x0 d:/nxp/lpcxpresso_8.2.2_650/lpcxpresso/tools/bin/../lib/gcc/arm-none-eabi/5.4.1/../../../../arm-none-eabi/lib/armv7-m\libc.a(lib_a-reent.o)
 .data          0x100004e8        0x0 d:/nxp/lpcxpresso_8.2.2_650/lpcxpresso/tools/bin/../lib/gcc/arm-none-eabi/5.4.1/../../../../arm-none-eabi/lib/armv7-m\libc.a(lib_a-wbuf.o)
 .data          0x100004e8        0x0 d:/nxp/lpcxpresso_8.2.2_650/lpcxpresso/tools/bin/../lib/gcc/arm-none-eabi/5.4.1/../../../../arm-none-eabi/lib/armv7-m\libc.a(lib_a-wcrtomb.o)
 .data          0x100004e8        0x0 d:/nxp/lpcxpresso_8.2.2_650/lpcxpresso/tools/bin/../lib/gcc/arm-none-eabi/5.4.1/../../../../arm-none-eabi/lib/armv7-m\libc.a(lib_a-wctomb_r.o)
 .data.__wctomb
                0x100004e8        0x4 d:/nxp/lpcxpresso_8.2.2_650/lpcxpresso/tools/bin/../lib/gcc/arm-none-eabi/5.4.1/../../../../arm-none-eabi/lib/armv7-m\libc.a(lib_a-wctomb_r.o)
                0x100004e8                __wctomb
 .data          0x100004ec        0x0 d:/nxp/lpcxpresso_8.2.2_650/lpcxpresso/tools/bin/../lib/gcc/arm-none-eabi/5.4.1/../../../../arm-none-eabi/lib/armv7-m\libcr_newlib_semihost.a(syscalls.o)
 .data          0x100004ec        0x0 d:/nxp/lpcxpresso_8.2.2_650/lpcxpresso/tools/bin/../lib/gcc/arm-none-eabi/5.4.1/armv7-m\libgcc.a(_arm_muldivdf3.o)
 .data          0x100004ec        0x0 d:/nxp/lpcxpresso_8.2.2_650/lpcxpresso/tools/bin/../lib/gcc/arm-none-eabi/5.4.1/armv7-m\libgcc.a(_arm_cmpdf2.o)
 .data          0x100004ec        0x0 d:/nxp/lpcxpresso_8.2.2_650/lpcxpresso/tools/bin/../lib/gcc/arm-none-eabi/5.4.1/armv7-m\libgcc.a(_arm_unorddf2.o)
 .data          0x100004ec        0x0 d:/nxp/lpcxpresso_8.2.2_650/lpcxpresso/tools/bin/../lib/gcc/arm-none-eabi/5.4.1/armv7-m\libgcc.a(_arm_fixdfsi.o)
 .data          0x100004ec        0x0 d:/nxp/lpcxpresso_8.2.2_650/lpcxpresso/tools/bin/../lib/gcc/arm-none-eabi/5.4.1/armv7-m\libgcc.a(_aeabi_uldivmod.o)
 .data          0x100004ec        0x0 d:/nxp/lpcxpresso_8.2.2_650/lpcxpresso/tools/bin/../lib/gcc/arm-none-eabi/5.4.1/armv7-m\libgcc.a(_udivmoddi4.o)
 .data          0x100004ec        0x0 d:/nxp/lpcxpresso_8.2.2_650/lpcxpresso/tools/bin/../lib/gcc/arm-none-eabi/5.4.1/armv7-m\libgcc.a(_dvmd_tls.o)
 .data          0x100004ec        0x0 d:/nxp/lpcxpresso_8.2.2_650/lpcxpresso/tools/bin/../lib/gcc/arm-none-eabi/5.4.1/../../../../arm-none-eabi/lib/armv7-m\libc.a(lib_a-errno.o)
                0x100004ec                . = ALIGN (0x4)
                0x100004ec                _edata = .

.igot.plt       0x100004ec        0x0 load address 0x0000bb44
 .igot.plt      0x100004ec        0x0 ./src/pi7/programa_trajetoria/programa_trajetoria.o

.bss_RAM2       0x2007c000        0x0
                [!provide]                PROVIDE (__start_bss_RAM2, .)
 *(.bss.$RAM2*)
 *(.bss.$RamAHB32*)
                0x2007c000                . = ALIGN ((. != 0x0)?0x4:0x1)
                [!provide]                PROVIDE (__end_bss_RAM2, .)

.bss            0x100004f0     0x59b0
                0x100004f0                _bss = .
 *(.bss*)
 .bss           0x100004f0        0x0 ./src/pi7/programa_trajetoria/programa_trajetoria.o
 .bss           0x100004f0        0x0 ./src/pi7/interpretador_comando/interpretador_comando.o
 .bss           0x100004f0        0x0 ./src/pi7/estado_trajetoria/estado_trajetoria.o
 .bss           0x100004f0        0x0 ./src/pi7/controlador_trajetoria/controlador_trajetoria.o
 .bss           0x100004f0        0x0 ./src/pi7/comunicacao_pic/comunicacao_pic.o
 .bss           0x100004f0        0x0 ./src/pi7/comunicacao_pc/modbus.o
 .bss           0x100004f0        0x0 ./src/drivers/uart/uart.o
 .bss.UART1Count
                0x100004f0        0x4 ./src/drivers/uart/uart.o
                0x100004f0                UART1Count
 .bss.UART0Count
                0x100004f4        0x4 ./src/drivers/uart/uart.o
                0x100004f4                UART0Count
 .bss           0x100004f8        0x0 ./src/drivers/pwm/pwm.o
 .bss           0x100004f8        0x0 ./src/drivers/ledonboard/leds.o
 .bss           0x100004f8        0x0 ./src/drivers/console/alloc.o
 .bss           0x100004f8        0x0 ./src/drivers/console/basic_io.o
 .bss.cBuffer   0x100004f8       0x32 ./src/drivers/console/basic_io.o
 .bss           0x1000052a        0x0 ./src/drivers/console/consoleprint.o
 .bss           0x1000052a        0x0 ./src/cr_startup_lpc17.o
 .bss           0x1000052a        0x0 ./src/main.o
 .bss           0x1000052a        0x0 ./FreeRTOS_src/croutine.o
 *fill*         0x1000052a        0x2 
 .bss.xDelayedCoRoutineList1
                0x1000052c       0x14 ./FreeRTOS_src/croutine.o
 .bss.xPassedTicks
                0x10000540        0x4 ./FreeRTOS_src/croutine.o
 .bss.xPendingReadyCoRoutineList
                0x10000544       0x14 ./FreeRTOS_src/croutine.o
 .bss.pxCurrentCoRoutine
                0x10000558        0x4 ./FreeRTOS_src/croutine.o
                0x10000558                pxCurrentCoRoutine
 .bss.xDelayedCoRoutineList2
                0x1000055c       0x14 ./FreeRTOS_src/croutine.o
 .bss.xCoRoutineTickCount
                0x10000570        0x4 ./FreeRTOS_src/croutine.o
 .bss.xLastTickCount
                0x10000574        0x4 ./FreeRTOS_src/croutine.o
 .bss.pxDelayedCoRoutineList