Archive member included to satisfy reference by file (symbol)

../Libraries\libCMSISv2_LPC17xx.a(system_LPC17xx.o)
                              ./src/drivers/uart/uart.o (SystemFrequency)
d:/nxp/lpcxpresso_8.2.2_650/lpcxpresso/tools/bin/../lib/gcc/arm-none-eabi/5.4.1/armv7-m\libgcc.a(_arm_addsubdf3.o)
                              ./src/pi7/controlador_trajetoria/controlador_trajetoria.o (__aeabi_f2d)
d:/nxp/lpcxpresso_8.2.2_650/lpcxpresso/tools/bin/../lib/gcc/arm-none-eabi/5.4.1/armv7-m\libgcc.a(_arm_truncdfsf2.o)
                              ./src/pi7/controlador_trajetoria/controlador_trajetoria.o (__aeabi_d2f)
d:/nxp/lpcxpresso_8.2.2_650/lpcxpresso/tools/bin/../lib/gcc/arm-none-eabi/5.4.1/armv7-m\libgcc.a(_arm_addsubsf3.o)
                              ./src/pi7/controlador_trajetoria/controlador_trajetoria.o (__aeabi_fsub)
d:/nxp/lpcxpresso_8.2.2_650/lpcxpresso/tools/bin/../lib/gcc/arm-none-eabi/5.4.1/armv7-m\libgcc.a(_arm_muldivsf3.o)
                              ./src/pi7/controlador_trajetoria/controlador_trajetoria.o (__aeabi_fmul)
d:/nxp/lpcxpresso_8.2.2_650/lpcxpresso/tools/bin/../lib/gcc/arm-none-eabi/5.4.1/armv7-m\libgcc.a(_arm_fixsfsi.o)
                              ./src/pi7/interpretador_comando/interpretador_comando.o (__aeabi_f2iz)
d:/nxp/lpcxpresso_8.2.2_650/lpcxpresso/tools/bin/../lib/gcc/arm-none-eabi/5.4.1/../../../../arm-none-eabi/lib/armv7-m\libc.a(lib_a-memcpy.o)
                              ./FreeRTOS_src/queue.o (memcpy)
d:/nxp/lpcxpresso_8.2.2_650/lpcxpresso/tools/bin/../lib/gcc/arm-none-eabi/5.4.1/../../../../arm-none-eabi/lib/armv7-m\libc.a(lib_a-memset.o)
                              ./FreeRTOS_src/tasks.o (memset)
d:/nxp/lpcxpresso_8.2.2_650/lpcxpresso/tools/bin/../lib/gcc/arm-none-eabi/5.4.1/../../../../arm-none-eabi/lib/armv7-m\libc.a(lib_a-printf.o)
                              ./src/pi7/interpretador_comando/interpretador_comando.o (printf)
d:/nxp/lpcxpresso_8.2.2_650/lpcxpresso/tools/bin/../lib/gcc/arm-none-eabi/5.4.1/../../../../arm-none-eabi/lib/armv7-m\libc.a(lib_a-sprintf.o)
                              ./FreeRTOS_src/tasks.o (sprintf)
d:/nxp/lpcxpresso_8.2.2_650/lpcxpresso/tools/bin/../lib/gcc/arm-none-eabi/5.4.1/../../../../arm-none-eabi/lib/armv7-m\libc.a(lib_a-strcat.o)
                              ./FreeRTOS_src/tasks.o (strcat)
d:/nxp/lpcxpresso_8.2.2_650/lpcxpresso/tools/bin/../lib/gcc/arm-none-eabi/5.4.1/../../../../arm-none-eabi/lib/armv7-m\libc.a(lib_a-strcpy.o)
                              d:/nxp/lpcxpresso_8.2.2_650/lpcxpresso/tools/bin/../lib/gcc/arm-none-eabi/5.4.1/../../../../arm-none-eabi/lib/armv7-m\libc.a(lib_a-strcat.o) (strcpy)
d:/nxp/lpcxpresso_8.2.2_650/lpcxpresso/tools/bin/../lib/gcc/arm-none-eabi/5.4.1/../../../../arm-none-eabi/lib/armv7-m\libc.a(lib_a-strncpy.o)
                              ./FreeRTOS_src/tasks.o (strncpy)
d:/nxp/lpcxpresso_8.2.2_650/lpcxpresso/tools/bin/../lib/gcc/arm-none-eabi/5.4.1/../../../../arm-none-eabi/lib/armv7-m\libc.a(lib_a-svfprintf.o)
                              d:/nxp/lpcxpresso_8.2.2_650/lpcxpresso/tools/bin/../lib/gcc/arm-none-eabi/5.4.1/../../../../arm-none-eabi/lib/armv7-m\libc.a(lib_a-sprintf.o) (_svfprintf_r)
d:/nxp/lpcxpresso_8.2.2_650/lpcxpresso/tools/bin/../lib/gcc/arm-none-eabi/5.4.1/../../../../arm-none-eabi/lib/armv7-m\libc.a(lib_a-vfprintf.o)
                              d:/nxp/lpcxpresso_8.2.2_650/lpcxpresso/tools/bin/../lib/gcc/arm-none-eabi/5.4.1/../../../../arm-none-eabi/lib/armv7-m\libc.a(lib_a-printf.o) (_vfprintf_r)
d:/nxp/lpcxpresso_8.2.2_650/lpcxpresso/tools/bin/../lib/gcc/arm-none-eabi/5.4.1/../../../../arm-none-eabi/lib/armv7-m\libc.a(lib_a-wsetup.o)
                              d:/nxp/lpcxpresso_8.2.2_650/lpcxpresso/tools/bin/../lib/gcc/arm-none-eabi/5.4.1/../../../../arm-none-eabi/lib/armv7-m\libc.a(lib_a-vfprintf.o) (__swsetup_r)
d:/nxp/lpcxpresso_8.2.2_650/lpcxpresso/tools/bin/../lib/gcc/arm-none-eabi/5.4.1/../../../../arm-none-eabi/lib/armv7-m\libc.a(lib_a-dtoa.o)
                              d:/nxp/lpcxpresso_8.2.2_650/lpcxpresso/tools/bin/../lib/gcc/arm-none-eabi/5.4.1/../../../../arm-none-eabi/lib/armv7-m\libc.a(lib_a-svfprintf.o) (_dtoa_r)
d:/nxp/lpcxpresso_8.2.2_650/lpcxpresso/tools/bin/../lib/gcc/arm-none-eabi/5.4.1/../../../../arm-none-eabi/lib/armv7-m\libc.a(lib_a-fflush.o)
                              d:/nxp/lpcxpresso_8.2.2_650/lpcxpresso/tools/bin/../lib/gcc/arm-none-eabi/5.4.1/../../../../arm-none-eabi/lib/armv7-m\libc.a(lib_a-vfprintf.o) (_fflush_r)
d:/nxp/lpcxpresso_8.2.2_650/lpcxpresso/tools/bin/../lib/gcc/arm-none-eabi/5.4.1/../../../../arm-none-eabi/lib/armv7-m\libc.a(lib_a-findfp.o)
                              d:/nxp/lpcxpresso_8.2.2_650/lpcxpresso/tools/bin/../lib/gcc/arm-none-eabi/5.4.1/../../../../arm-none-eabi/lib/armv7-m\libc.a(lib_a-vfprintf.o) (__sinit)
d:/nxp/lpcxpresso_8.2.2_650/lpcxpresso/tools/bin/../lib/gcc/arm-none-eabi/5.4.1/../../../../arm-none-eabi/lib/armv7-m\libc.a(lib_a-freer.o)
[...]
Memory Configuration

Name             Origin             Length             Attributes
MFlash512        0x00000000         0x00080000         xr
RamLoc32         0x10000000         0x00008000         xrw
RamAHB32         0x2007c000         0x00008000         xrw
*default*        0x00000000         0xffffffff

Linker script and memory map

LOAD ./src/pi7/programa_trajetoria/programa_trajetoria.o
LOAD ./src/pi7/interpretador_comando/interpretador_comando.o
LOAD ./src/pi7/estado_trajetoria/estado_trajetoria.o
LOAD ./src/pi7/controlador_trajetoria/controlador_trajetoria.o
LOAD ./src/pi7/comunicacao_pic/comunicacao_pic.o
LOAD ./src/pi7/comunicacao_pc/modbus.o
LOAD ./src/drivers/uart/uart.o
LOAD ./src/drivers/spi/spi.o
LOAD ./src/drivers/pwm/pwm.o
LOAD ./src/drivers/ledonboard/leds.o
LOAD ./src/cr_startup_lpc17.o
LOAD ./src/main.o
LOAD ./FreeRTOS_src/croutine.o
LOAD ./FreeRTOS_src/list.o
LOAD ./FreeRTOS_src/queue.o
LOAD ./FreeRTOS_src/tasks.o
LOAD ./FreeRTOS_src/timers.o
LOAD ./FreeRTOS_portable/MemMang/heap_2.o
LOAD ./FreeRTOS_portable/port.o
LOAD ../Libraries\libCMSISv2_LPC17xx.a
START GROUP
LOAD d:/nxp/lpcxpresso_8.2.2_650/lpcxpresso/tools/bin/../lib/gcc/arm-none-eabi/5.4.1/armv7-m\libgcc.a
LOAD d:/nxp/lpcxpresso_8.2.2_650/lpcxpresso/tools/bin/../lib/gcc/arm-none-eabi/5.4.1/../../../../arm-none-eabi/lib/armv7-m\libc.a
LOAD d:/nxp/lpcxpresso_8.2.2_650/lpcxpresso/tools/bin/../lib/gcc/arm-none-eabi/5.4.1/../../../../arm-none-eabi/lib/armv7-m\libm.a
LOAD d:/nxp/lpcxpresso_8.2.2_650/lpcxpresso/tools/bin/../lib/gcc/arm-none-eabi/5.4.1/../../../../arm-none-eabi/lib/armv7-m\libcr_newlib_nohost.a
END GROUP
                0x00000000                __base_MFlash512 = 0x0
                0x00000000                __base_Flash = 0x0
                0x00080000                __top_MFlash512 = 0x80000
                0x00080000                __top_Flash = 0x80000
                0x10000000                __base_RamLoc32 = 0x10000000
                0x10000000                __base_RAM = 0x10000000
                0x10008000                __top_RamLoc32 = 0x10008000
                0x10008000                __top_RAM = 0x10008000
                0x2007c000                __base_RamAHB32 = 0x2007c000
                0x2007c000                __base_RAM2 = 0x2007c000
                0x20084000                __top_RamAHB32 = 0x20084000
                0x20084000                __top_RAM2 = 0x20084000

.text           0x00000000     0xcb74
 FILL mask 0xff
                0x00000000                __vectors_start__ = ABSOLUTE (.)
 *(.isr_vector)
 .isr_vector    0x00000000       0xcc ./src/cr_startup_lpc17.o
                0x00000000                g_pfnVectors
                0x000000cc                . = ALIGN (0x4)
                0x000000cc                __section_table_start = .
                0x000000cc                __data_section_table = .
                0x000000cc        0x4 LONG 0xcb7c LOADADDR (.data)
                0x000000d0        0x4 LONG 0x10000000 ADDR (.data)
                0x000000d4        0x4 LONG 0x8f8 SIZEOF (.data)
                0x000000d8        0x4 LONG 0xcb7c LOADADDR (.data_RAM2)
                0x000000dc        0x4 LONG 0x2007c000 ADDR (.data_RAM2)
                0x000000e0        0x4 LONG 0x0 SIZEOF (.data_RAM2)
                0x000000e4                __data_section_table_end = .
                0x000000e4                __bss_section_table = .
                0x000000e4        0x4 LONG 0x100008f8 ADDR (.bss)
                0x000000e8        0x4 LONG 0x6548 SIZEOF (.bss)
                0x000000ec        0x4 LONG 0x2007c000 ADDR (.bss_RAM2)
                0x000000f0        0x4 LONG 0x0 SIZEOF (.bss_RAM2)
                0x000000f4                __bss_section_table_end = .
                0x000000f4                __section_table_end = .
 *(.after_vectors*)
 *(.text*)
 .text          0x000000f4        0x0 ./src/pi7/programa_trajetoria/programa_trajetoria.o
 .text.ptj_storeProgram
                0x000000f4       0x54 ./src/pi7/programa_trajetoria/programa_trajetoria.o
                0x000000f4                ptj_storeProgram
 .text.ptj_getLine
                0x00000148       0x1c ./src/pi7/programa_trajetoria/programa_trajetoria.o
                0x00000148                ptj_getLine
 .text.ptj_init
                0x00000164       0x1c ./src/pi7/programa_trajetoria/programa_trajetoria.o
                0x00000164                ptj_init
 .text.ptj_startFile
                0x00000180       0x18 ./src/pi7/programa_trajetoria/programa_trajetoria.o
                0x00000180                ptj_startFile
 .text          0x00000198        0x0 ./src/pi7/interpretador_comando/interpretador_comando.o
 .text.setAUX   0x00000198        0xc ./src/pi7/interpretador_comando/interpretador_comando.o
                0x00000198                setAUX
 .text.getAUX   0x000001a4        0xc ./src/pi7/interpretador_comando/interpretador_comando.o
                0x000001a4                getAUX
 .text.ctl_ReadRegister
                0x000001b0       0x4c ./src/pi7/interpretador_comando/interpretador_comando.o
                0x000001b0                ctl_ReadRegister
 .text.ctl_WriteRegister
                0x000001fc      0x104 ./src/pi7/interpretador_comando/interpretador_comando.o
                0x000001fc                ctl_WriteRegister
 .text.ctl_WriteProgram
                0x00000300        0x4 ./src/pi7/interpretador_comando/interpretador_comando.o
                0x00000300                ctl_WriteProgram
 .text.ctl_init
                0x00000304        0x2 ./src/pi7/interpretador_comando/interpretador_comando.o
                0x00000304                ctl_init
 .text          0x00000306        0x0 ./src/pi7/estado_trajetoria/estado_trajetoria.o
 *fill*         0x00000306        0x2 ff
 .text.stt_getCurrentLine
                0x00000308        0xc ./src/pi7/estado_trajetoria/estado_trajetoria.o
                0x00000308                stt_getCurrentLine
 .text.stt_setCurrentLine
                0x00000314        0xc ./src/pi7/estado_trajetoria/estado_trajetoria.o
                0x00000314                stt_setCurrentLine
 .text.stt_setProgLen
                0x00000320        0xc ./src/pi7/estado_trajetoria/estado_trajetoria.o
                0x00000320                stt_setProgLen
 .text.stt_getProgLen
                0x0000032c        0xc ./src/pi7/estado_trajetoria/estado_trajetoria.o
                0x0000032c                stt_getProgLen
 .text.stt_getX
                0x00000338        0xc ./src/pi7/estado_trajetoria/estado_trajetoria.o
                0x00000338                stt_getX
 .text.stt_getY
                0x00000344        0xc ./src/pi7/estado_trajetoria/estado_trajetoria.o
                0x00000344                stt_getY
 .text.stt_getZ
                0x00000350        0xc ./src/pi7/estado_trajetoria/estado_trajetoria.o
                0x00000350                stt_getZ
 .text.stt_setX
                0x0000035c        0xc ./src/pi7/estado_trajetoria/estado_trajetoria.o
                0x0000035c                stt_setX
 .text.stt_setY
                0x00000368        0xc ./src/pi7/estado_trajetoria/estado_trajetoria.o
                0x00000368                stt_setY
 .text.stt_setZ
                0x00000374        0xc ./src/pi7/estado_trajetoria/estado_trajetoria.o
                0x00000374                stt_setZ
 .text.stt_init
                0x00000380        0x2 ./src/pi7/estado_trajetoria/estado_trajetoria.o
                0x00000380                stt_init
 .text          0x00000382        0x0 ./src/pi7/controlador_trajetoria/controlador_trajetoria.o
 *fill*         0x00000382        0x2 ff
 .text.trj_generateSetpoint
                0x00000384      0x120 ./src/pi7/controlador_trajetoria/controlador_trajetoria.o
                0x00000384                trj_generateSetpoint
 .text.trj_processCommand
                0x000004a4       0xd0 ./src/pi7/controlador_trajetoria/controlador_trajetoria.o
                0x000004a4                trj_processCommand
 .text.trj_init
                0x00000574        0xc ./src/pi7/controlador_trajetoria/controlador_trajetoria.o
                0x00000574                trj_init
 .text          0x00000580        0x0 ./src/pi7/comunicacao_pic/comunicacao_pic.o
 .text.pic_init
                0x00000580       0x54 ./src/pi7/comunicacao_pic/comunicacao_pic.o
                0x00000580                pic_init
 .text.pic_StopMotors
                0x000005d4       0x14 ./src/pi7/comunicacao_pic/comunicacao_pic.o
                0x000005d4                pic_StopMotors
 .text.pic_ResetMotors
                0x000005e8       0x18 ./src/pi7/comunicacao_pic/comunicacao_pic.o
                0x000005e8                pic_ResetMotors
 .text.sendSteps
                0x00000600       0x64 ./src/pi7/comunicacao_pic/comunicacao_pic.o
                0x00000600                sendSteps
 .text.pic_sendToPIC
                0x00000664       0x94 ./src/pi7/comunicacao_pic/comunicacao_pic.o
                0x00000664                pic_sendToPIC
 .text          0x000006f8        0x0 ./src/pi7/comunicacao_pc/modbus.o
 .text.decode   0x000006f8       0x20 ./src/pi7/comunicacao_pc/modbus.o
                0x000006f8                decode
 .text.encodeLow
                0x00000718        0xe ./src/pi7/comunicacao_pc/modbus.o
                0x00000718                encodeLow
 .text.encodeHigh
                0x00000726        0xc ./src/pi7/comunicacao_pc/modbus.o
                0x00000726                encodeHigh
 *fill*         0x00000732        0x2 ff
 .text.putCharToSerial
                0x00000734       0x18 ./src/pi7/comunicacao_pc/modbus.o
                0x00000734                putCharToSerial
 .text.getCharFromSerial
                0x0000074c       0x34 ./src/pi7/comunicacao_pc/modbus.o
                0x0000074c                getCharFromSerial
 .text.myLRC    0x00000780       0x1c ./src/pi7/comunicacao_pc/modbus.o
                0x00000780                myLRC
 .text.calculateLRC
                0x0000079c        0x4 ./src/pi7/comunicacao_pc/modbus.o
                0x0000079c                calculateLRC
 .text.checkLRC
                0x000007a0       0x40 ./src/pi7/comunicacao_pc/modbus.o
                0x000007a0                checkLRC
 .text.processReadRegister
                0x000007e0       0x90 ./src/pi7/comunicacao_pc/modbus.o
                0x000007e0                processReadRegister
 .text.processWriteRegister
                0x00000870       0x98 ./src/pi7/comunicacao_pc/modbus.o
                0x00000870                processWriteRegister
 .text.processWriteFile
                0x00000908       0x74 ./src/pi7/comunicacao_pc/modbus.o
                0x00000908                processWriteFile
 .text.decodeFunctionCode
                0x0000097c       0x14 ./src/pi7/comunicacao_pc/modbus.o
                0x0000097c                decodeFunctionCode
 .text.processMessage
                0x00000990       0x34 ./src/pi7/comunicacao_pc/modbus.o
                0x00000990                processMessage
 .text.receiveMessage
                0x000009c4       0x5c ./src/pi7/comunicacao_pc/modbus.o
                0x000009c4                receiveMessage
 .text.com_init
                0x00000a20       0x1c ./src/pi7/comunicacao_pc/modbus.o
                0x00000a20                com_init
 .text.com_executeCommunication
                0x00000a3c       0x1c ./src/pi7/comunicacao_pc/modbus.o
                0x00000a3c                com_executeCommunication
 .text          0x00000a58        0x0 ./src/drivers/uart/uart.o
 .text.UARTGetChar
                0x00000a58       0x3c ./src/drivers/uart/uart.o
                0x00000a58                UARTGetChar
 .text.UART0_IRQHandler
                0x00000a94       0xb8 ./src/drivers/uart/uart.o
                0x00000a94                UART0_IRQHandler
 .text.UART1_IRQHandler
                0x00000b4c       0xb8 ./src/drivers/uart/uart.o
                0x00000b4c                UART1_IRQHandler
 .text.UARTInit
                0x00000c04      0x104 ./src/drivers/uart/uart.o
                0x00000c04                UARTInit
 .text.UARTSend
                0x00000d08       0x50 ./src/drivers/uart/uart.o
                0x00000d08                UARTSend
 .text.UARTSendNullTerminated
                0x00000d58       0x50 ./src/drivers/uart/uart.o
                0x00000d58                UARTSendNullTerminated
 .text          0x00000da8        0x0 ./src/drivers/spi/spi.o
 .text.spi_init
                0x00000da8       0xa4 ./src/drivers/spi/spi.o
                0x00000da8                spi_init
 .text.spi_txrx
                0x00000e4c       0x40 ./src/drivers/spi/spi.o
                0x00000e4c                spi_txrx
 .text.spi_select
                0x00000e8c       0x30 ./src/drivers/spi/spi.o
                0x00000e8c                spi_select
 .text.spi_bytetx
                0x00000ebc       0x2c ./src/drivers/spi/spi.o
                0x00000ebc                spi_bytetx
 .text          0x00000ee8        0x0 ./src/drivers/pwm/pwm.o
 .text.PWM_Set.part.0
                0x00000ee8       0x18 ./src/drivers/pwm/pwm.o
 .text.PWM1_IRQHandler
                0x00000f00       0x20 ./src/drivers/pwm/pwm.o
                0x00000f00                PWM1_IRQHandler
 .text.PWM_Init
                0x00000f20       0x70 ./src/drivers/pwm/pwm.o
                0x00000f20                PWM_Init
 .text.PWM_Set  0x00000f90        0xc ./src/drivers/pwm/pwm.o
                0x00000f90                PWM_Set
 .text.PWM_Start
                0x00000f9c       0x18 ./src/drivers/pwm/pwm.o
                0x00000f9c                PWM_Start
 .text.PWM_Stop
                0x00000fb4       0x14 ./src/drivers/pwm/pwm.o
                0x00000fb4                PWM_Stop
 .text.penSet   0x00000fc8        0xc ./src/drivers/pwm/pwm.o
                0x00000fc8                penSet
 .text          0x00000fd4        0x0 ./src/drivers/ledonboard/leds.o
 .text.led2_init
                0x00000fd4       0x20 ./src/drivers/ledonboard/leds.o
                0x00000fd4                led2_init
 .text.led2_on  0x00000ff4       0x10 ./src/drivers/ledonboard/leds.o
                0x00000ff4                led2_on
 .text.led2_off
                0x00001004       0x10 ./src/drivers/ledonboard/leds.o
                0x00001004                led2_off
 .text.led2_invert
                0x00001014       0x18 ./src/drivers/ledonboard/leds.o
                0x00001014                led2_invert
 .text.led2_from_button
                0x0000102c       0x1c ./src/drivers/ledonboard/leds.o
                0x0000102c                led2_from_button
 .text          0x00001048        0x0 ./src/cr_startup_lpc17.o
 .text.NMI_Handler
                0x00001048        0x2 ./src/cr_startup_lpc17.o
                0x00001048                NMI_Handler
 .text.HardFault_Handler
                0x0000104a        0x2 ./src/cr_startup_lpc17.o
                0x0000104a                HardFault_Handler
 .text.MemManage_Handler
                0x0000104c        0x2 ./src/cr_startup_lpc17.o
                0x0000104c                MemManage_Handler
 .text.BusFault_Handler
                0x0000104e        0x2 ./src/cr_startup_lpc17.o
                0x0000104e                BusFault_Handler
 .text.UsageFault_Handler
                0x00001050        0x2 ./src/cr_startup_lpc17.o
                0x00001050                UsageFault_Handler
 .text.DebugMon_Handler
                0x00001052        0x2 ./src/cr_startup_lpc17.o
                0x00001052                DebugMon_Handler
 .text.IntDefaultHandler
                0x00001054        0x2 ./src/cr_startup_lpc17.o
                0x00001054                TIMER2_IRQHandler
                0x00001054                RIT_IRQHandler
                0x00001054                I2C0_IRQHandler
                0x00001054                USBActivity_IRQHandler
                0x00001054                I2C1_IRQHandler
                0x00001054                EINT2_IRQHandler
                0x00001054                EINT3_IRQHandler
                0x00001054                CANActivity_IRQHandler
                0x00001054                TIMER3_IRQHandler
                0x00001054                IntDefaultHandler
                0x00001054                PLL0_IRQHandler
                0x00001054                CAN_IRQHandler
                0x00001054                PLL1_IRQHandler
                0x00001054                SSP0_IRQHandler
                0x00001054                I2S_IRQHandler
                0x00001054                I2C2_IRQHandler
                0x00001054                RTC_IRQHandler
                0x00001054                TIMER0_IRQHandler
                0x00001054                SPI_IRQHandler
                0x00001054                EINT1_IRQHandler
                0x00001054                TIMER1_IRQHandler
                0x00001054                UART2_IRQHandler
                0x00001054                ADC_IRQHandler
                0x00001054                SSP1_IRQHandler
                0x00001054                USB_IRQHandler
                0x00001054                BOD_IRQHandler
                0x00001054                WDT_IRQHandler
                0x00001054                QEI_IRQHandler
                0x00001054                EINT0_IRQHandler
                0x00001054                DMA_IRQHandler
                0x00001054                UART3_IRQHandler
                0x00001054                MCPWM_IRQHandler
                0x00001054                ENET_IRQHandler
 *fill*         0x00001056        0x2 ff
 .text.ResetISR
                0x00001058       0x48 ./src/cr_startup_lpc17.o
                0x00001058                ResetISR
 .text          0x000010a0        0x0 ./src/main.o
 .text.taskController
                0x000010a0        0x8 ./src/main.o
                0x000010a0                taskController
 .text.taskNCProcessing
                0x000010a8       0x44 ./src/main.o
                0x000010a8                taskNCProcessing
 .text.taskCommPIC
                0x000010ec       0x2c ./src/main.o
                0x000010ec                taskCommPIC
 .text.taskBlinkLed
                0x00001118       0x28 ./src/main.o
                0x00001118                taskBlinkLed
 .text.__error__
                0x00001140        0x2 ./src/main.o
                0x00001140                __error__
 *fill*         0x00001142        0x2 ff
 .text.readEndStops
                0x00001144       0x18 ./src/main.o
                0x00001144                readEndStops
 .text.taskEmergencyController
                0x0000115c       0x14 ./src/main.o
                0x0000115c                taskEmergencyController
 .text.startup.main
                0x00001170      0x100 ./src/main.o
                0x00001170                main
 .text          0x00001270        0x0 ./FreeRTOS_src/croutine.o
 .text.xCoRoutineCreate
                0x00001270       0xc4 ./FreeRTOS_src/croutine.o
                0x00001270                xCoRoutineCreate
 .text.vCoRoutineAddToDelayedList
                0x00001334       0x4c ./FreeRTOS_src/croutine.o
                0x00001334                vCoRoutineAddToDelayedList
 .text.vCoRoutineSchedule
                0x00001380      0x164 ./FreeRTOS_src/croutine.o
                0x00001380                vCoRoutineSchedule
 .text.xCoRoutineRemoveFromEventList
                0x000014e4       0x34 ./FreeRTOS_src/croutine.o
                0x000014e4                xCoRoutineRemoveFromEventList
 .text          0x00001518        0x0 ./FreeRTOS_src/list.o
 .text.vListInitialise
                0x00001518       0x16 ./FreeRTOS_src/list.o
                0x00001518                vListInitialise
 .text.vListInitialiseItem
                0x0000152e        0x6 ./FreeRTOS_src/list.o
                0x0000152e                vListInitialiseItem
 .text.vListInsertEnd
                0x00001534       0x1a ./FreeRTOS_src/list.o
                0x00001534                vListInsertEnd
 .text.vListInsert
                0x0000154e       0x30 ./FreeRTOS_src/list.o
                0x0000154e                vListInsert
 .text.vListRemove
                0x0000157e       0x20 ./FreeRTOS_src/list.o
                0x0000157e                vListRemove
 .text          0x0000159e        0x0 ./FreeRTOS_src/queue.o
 .text.prvCopyDataToQueue
                0x0000159e       0x58 ./FreeRTOS_src/queue.o
 .text.prvCopyDataFromQueue
                0x000015f6       0x26 ./FreeRTOS_src/queue.o
 .text.prvUnlockQueue
                0x0000161c       0x68 ./FreeRTOS_src/queue.o
 .text.xQueueCreate
                0x00001684       0x68 ./FreeRTOS_src/queue.o
                0x00001684                xQueueCreate
 .text.xQueueGenericSend
                0x000016ec       0xd0 ./FreeRTOS_src/queue.o
                0x000016ec                xQueueGenericSend
 .text.xQueueCreateMutex
                0x000017bc       0x44 ./FreeRTOS_src/queue.o
                0x000017bc                xQueueCreateMutex
 .text.xQueueGiveMutexRecursive
                0x00001800       0x2a ./FreeRTOS_src/queue.o
                0x00001800                xQueueGiveMutexRecursive
 .text.xQueueGenericSendFromISR
                0x0000182a       0x4e ./FreeRTOS_src/queue.o
                0x0000182a                xQueueGenericSendFromISR
 .text.xQueueGenericReceive
                0x00001878      0x104 ./FreeRTOS_src/queue.o
                0x00001878                xQueueGenericReceive
 .text.xQueueTakeMutexRecursive
                0x0000197c       0x32 ./FreeRTOS_src/queue.o
                0x0000197c                xQueueTakeMutexRecursive
 .text.xQueueReceiveFromISR
                0x000019ae       0x4a ./FreeRTOS_src/queue.o
                0x000019ae                xQueueReceiveFromISR
 .text.uxQueueMessagesWaiting
                0x000019f8       0x12 ./FreeRTOS_src/queue.o
                0x000019f8                uxQueueMessagesWaiting
 .text.uxQueueMessagesWaitingFromISR
                0x00001a0a        0x4 ./FreeRTOS_src/queue.o
                0x00001a0a                uxQueueMessagesWaitingFromISR
 *fill*         0x00001a0e        0x2 ff
 .text.vQueueDelete
                0x00001a10       0x38 ./FreeRTOS_src/queue.o
                0x00001a10                vQueueDelete
 .text.xQueueIsQueueEmptyFromISR
                0x00001a48        0xa ./FreeRTOS_src/queue.o
                0x00001a48                xQueueIsQueueEmptyFromISR
 .text.xQueueIsQueueFullFromISR
                0x00001a52        0xc ./FreeRTOS_src/queue.o
                0x00001a52                xQueueIsQueueFullFromISR
 *fill*         0x00001a5e        0x2 ff
 .text.vQueueAddToRegistry
                0x00001a60       0x28 ./FreeRTOS_src/queue.o
                0x00001a60                vQueueAddToRegistry
 .text          0x00001a88        0x0 ./FreeRTOS_src/tasks.o
 .text.prvAddCurrentTaskToDelayedList
                0x00001a88       0x50 ./FreeRTOS_src/tasks.o
 .text.prvListTaskWithinSingleList
                0x00001ad8       0x78 ./FreeRTOS_src/tasks.o
 .text.xTaskGenericCreate
                0x00001b50      0x194 ./FreeRTOS_src/tasks.o
                0x00001b50                xTaskGenericCreate
 .text.vTaskDelete
                0x00001ce4       0x70 ./FreeRTOS_src/tasks.o
                0x00001ce4                vTaskDelete
 .text.uxTaskPriorityGet
                0x00001d54       0x1c ./FreeRTOS_src/tasks.o
                0x00001d54                uxTaskPriorityGet
 .text.vTaskPrioritySet
                0x00001d70       0x94 ./FreeRTOS_src/tasks.o
                0x00001d70                vTaskPrioritySet
 .text.xTaskIsTaskSuspended
                0x00001e04       0x24 ./FreeRTOS_src/tasks.o
                0x00001e04                xTaskIsTaskSuspended
 .text.vTaskResume
                0x00001e28       0x64 ./FreeRTOS_src/tasks.o
                0x00001e28                vTaskResume
 .text.xTaskResumeFromISR
                0x00001e8c       0x6c ./FreeRTOS_src/tasks.o
                0x00001e8c                xTaskResumeFromISR
 .text.vTaskStartScheduler
                0x00001ef8       0x4c ./FreeRTOS_src/tasks.o
                0x00001ef8                vTaskStartScheduler
 .text.vTaskEndScheduler
                0x00001f44       0x18 ./FreeRTOS_src/tasks.o
                0x00001f44                vTaskEndScheduler
 .text.vTaskSuspendAll
                0x00001f5c       0x10 ./FreeRTOS_src/tasks.o
                0x00001f5c                vTaskSuspendAll
 .text.xTaskGetTickCount
                0x00001f6c       0x18 ./FreeRTOS_src/tasks.o
                0x00001f6c                xTaskGetTickCount
 .text.xTaskGetTickCountFromISR
                0x00001f84       0x1c ./FreeRTOS_src/tasks.o
                0x00001f84                xTaskGetTickCountFromISR
 .text.uxTaskGetNumberOfTasks
                0x00001fa0        0xc ./FreeRTOS_src/tasks.o
                0x00001fa0                uxTaskGetNumberOfTasks
 .text.vTaskStartTrace
                0x00001fac       0x38 ./FreeRTOS_src/tasks.o
                0x00001fac                vTaskStartTrace
 .text.ulTaskEndTrace
                0x00001fe4       0x28 ./FreeRTOS_src/tasks.o
                0x00001fe4                ulTaskEndTrace
 .text.vTaskIncrementTick
                0x0000200c       0xe0 ./FreeRTOS_src/tasks.o
                0x0000200c                vTaskIncrementTick
 .text.xTaskResumeAll
                0x000020ec       0xc8 ./FreeRTOS_src/tasks.o
                0x000020ec                xTaskResumeAll
 .text.vTaskDelayUntil
                0x000021b4       0x5c ./FreeRTOS_src/tasks.o
                0x000021b4                vTaskDelayUntil
 .text.vTaskDelay
                0x00002210       0x38 ./FreeRTOS_src/tasks.o
                0x00002210                vTaskDelay
 .text.prvIdleTask
                0x00002248       0x60 ./FreeRTOS_src/tasks.o
 .text.vTaskList
                0x000022a8       0xa8 ./FreeRTOS_src/tasks.o
                0x000022a8                vTaskList
 .text.vTaskSwitchContext
                0x00002350       0xc4 ./FreeRTOS_src/tasks.o
                0x00002350                vTaskSwitchContext
 .text.vTaskSuspend
                0x00002414       0x74 ./FreeRTOS_src/tasks.o
                0x00002414                vTaskSuspend
 .text.vTaskPlaceOnEventList
                0x00002488       0x44 ./FreeRTOS_src/tasks.o
                0x00002488                vTaskPlaceOnEventList
 .text.xTaskRemoveFromEventList
                0x000024cc       0x64 ./FreeRTOS_src/tasks.o
                0x000024cc                xTaskRemoveFromEventList
 .text.vTaskSetTimeOutState
                0x00002530       0x18 ./FreeRTOS_src/tasks.o
                0x00002530                vTaskSetTimeOutState
 .text.xTaskCheckForTimeOut
                0x00002548       0x54 ./FreeRTOS_src/tasks.o
                0x00002548                xTaskCheckForTimeOut
 .text.vTaskMissedYield
                0x0000259c        0xc ./FreeRTOS_src/tasks.o
                0x0000259c                vTaskMissedYield
 .text.uxTaskGetStackHighWaterMark
                0x000025a8       0x20 ./FreeRTOS_src/tasks.o
                0x000025a8                uxTaskGetStackHighWaterMark
 .text.xTaskGetCurrentTaskHandle
                0x000025c8        0xc ./FreeRTOS_src/tasks.o
                0x000025c8                xTaskGetCurrentTaskHandle
 .text.vTaskPriorityInherit
                0x000025d4       0x68 ./FreeRTOS_src/tasks.o
                0x000025d4                vTaskPriorityInherit
 .text.vTaskPriorityDisinherit
                0x0000263c       0x48 ./FreeRTOS_src/tasks.o
                0x0000263c                vTaskPriorityDisinherit
 .text          0x00002684        0x0 ./FreeRTOS_src/timers.o
 .text          0x00002684        0x0 ./FreeRTOS_portable/MemMang/heap_2.o
 .text.pvPortMalloc
                0x00002684       0xb4 ./FreeRTOS_portable/MemMang/heap_2.o
                0x00002684                pvPortMalloc
 .text.vPortFree
                0x00002738       0x40 ./FreeRTOS_portable/MemMang/heap_2.o
                0x00002738                vPortFree
 .text.xPortGetFreeHeapSize
                0x00002778        0xc ./FreeRTOS_portable/MemMang/heap_2.o
                0x00002778                xPortGetFreeHeapSize
 .text.vPortInitialiseBlocks
                0x00002784        0x2 ./FreeRTOS_portable/MemMang/heap_2.o
                0x00002784                vPortInitialiseBlocks
 .text          0x00002786        0x0 ./FreeRTOS_portable/port.o
 .text.pxPortInitialiseStack
                0x00002786       0x16 ./FreeRTOS_portable/port.o
                0x00002786                pxPortInitialiseStack
 .text.vPortSVCHandler
                0x0000279c       0x20 ./FreeRTOS_portable/port.o
                0x0000279c                vPortSVCHandler
 .text.vPortStartFirstTask
                0x000027bc       0x14 ./FreeRTOS_portable/port.o
                0x000027bc                vPortStartFirstTask
 .text.xPortStartScheduler
                0x000027d0       0x40 ./FreeRTOS_portable/port.o
                0x000027d0                xPortStartScheduler
 .text.vPortEndScheduler
                0x00002810        0x2 ./FreeRTOS_portable/port.o
                0x00002810                vPortEndScheduler
 *fill*         0x00002812        0x2 ff
 .text.vPortYieldFromISR
                0x00002814       0x10 ./FreeRTOS_portable/port.o
                0x00002814                vPortYieldFromISR
 .text.vPortEnterCritical
                0x00002824       0x18 ./FreeRTOS_portable/port.o
                0x00002824                vPortEnterCritical
 .text.vPortExitCritical
                0x0000283c       0x18 ./FreeRTOS_portable/port.o
                0x0000283c                vPortExitCritical
 .text.xPortPendSVHandler
                0x00002854       0x3c ./FreeRTOS_portable/port.o
                0x00002854                xPortPendSVHandler
 .text.xPortSysTickHandler
                0x00002890       0x24 ./FreeRTOS_portable/port.o
                0x00002890                xPortSysTickHandler
 .text          0x000028b4        0x0 ../Libraries\libCMSISv2_LPC17xx.a(system_LPC17xx.o)
 .text.SystemInit
                0x000028b4      0x1e4 ../Libraries\libCMSISv2_LPC17xx.a(system_LPC17xx.o)
                0x000028b4                SystemInit
 .text.SystemClockUpdate
                0x00002a98      0x224 ../Libraries\libCMSISv2_LPC17xx.a(system_LPC17xx.o)
                0x00002a98                SystemClockUpdate
 .text          0x00002cbc      0x370 d:/nxp/lpcxpresso_8.2.2_650/lpcxpresso/tools/bin/../lib/gcc/arm-none-eabi/5.4.1/armv7-m\libgcc.a(_arm_addsubdf3.o)
                0x00002cbc                __aeabi_drsub
                0x00002cc4                __aeabi_dsub
                0x00002cc4                __subdf3
                0x00002cc8                __aeabi_dadd
                0x00002cc8                __adddf3
                0x00002f40                __floatunsidf
                0x00002f40                __aeabi_ui2d
                0x00002f60                __floatsidf
                0x00002f60                __aeabi_i2d
                0x00002f84                __aeabi_f2d
                0x00002f84                __extendsfdf2
                0x00002fc0                __floatundidf
                0x00002fc0                __aeabi_ul2d
                0x00002fd0                __floatdidf
                0x00002fd0                __aeabi_l2d
 .text          0x0000302c       0xa0 d:/nxp/lpcxpresso_8.2.2_650/lpcxpresso/tools/bin/../lib/gcc/arm-none-eabi/5.4.1/armv7-m\libgcc.a(_arm_truncdfsf2.o)
                0x0000302c                __truncdfsf2
                0x0000302c                __aeabi_d2f
 .text          0x000030cc      0x21c d:/nxp/lpcxpresso_8.2.2_650/lpcxpresso/tools/bin/../lib/gcc/arm-none-eabi/5.4.1/armv7-m\libgcc.a(_arm_addsubsf3.o)
                0x000030cc                __aeabi_frsub
                0x000030d4                __subsf3
                0x000030d4                __aeabi_fsub
                0x000030d8                __aeabi_fadd
                0x000030d8                __addsf3
                0x00003238                __aeabi_ui2f
                0x00003238                __floatunsisf
                0x00003240                __aeabi_i2f
                0x00003240                __floatsisf
                0x0000325c                __aeabi_ul2f
                0x0000325c                __floatundisf
                0x0000326c                __aeabi_l2f
                0x0000326c                __floatdisf
 .text          0x000032e8      0x2a0 d:/nxp/lpcxpresso_8.2.2_650/lpcxpresso/tools/bin/../lib/gcc/arm-none-eabi/5.4.1/armv7-m\libgcc.a(_arm_muldivsf3.o)
                0x000032e8                __mulsf3
                0x000032e8                __aeabi_fmul
                0x00003450                __aeabi_fdiv
                0x00003450                __divsf3
 .text          0x00003588       0x4c d:/nxp/lpcxpresso_8.2.2_650/lpcxpresso/tools/bin/../lib/gcc/arm-none-eabi/5.4.1/armv7-m\libgcc.a(_arm_fixsfsi.o)
                0x00003588                __aeabi_f2iz
                0x00003588                __fixsfsi
 .text          0x000035d4       0xec d:/nxp/lpcxpresso_8.2.2_650/lpcxpresso/tools/bin/../lib/gcc/arm-none-eabi/5.4.1/../../../../arm-none-eabi/lib/armv7-m\libc.a(lib_a-memcpy.o)
                0x000035d4                memcpy
 .text          0x000036c0        0x0 d:/nxp/lpcxpresso_8.2.2_650/lpcxpresso/tools/bin/../lib/gcc/arm-none-eabi/5.4.1/../../../../arm-none-eabi/lib/armv7-m\libc.a(lib_a-memset.o)
 .text.memset   0x000036c0       0x9c d:/nxp/lpcxpresso_8.2.2_650/lpcxpresso/tools/bin/../lib/gcc/arm-none-eabi/5.4.1/../../../../arm-none-eabi/lib/armv7-m\libc.a(lib_a-memset.o)
                0x000036c0                memset
 .text          0x0000375c        0x0 d:/nxp/lpcxpresso_8.2.2_650/lpcxpresso/tools/bin/../lib/gcc/arm-none-eabi/5.4.1/../../../../arm-none-eabi/lib/armv7-m\libc.a(lib_a-printf.o)
 .text._printf_r
                0x0000375c       0x20 d:/nxp/lpcxpresso_8.2.2_650/lpcxpresso/tools/bin/../lib/gcc/arm-none-eabi/5.4.1/../../../../arm-none-eabi/lib/armv7-m\libc.a(lib_a-printf.o)
                0x0000375c                _printf_r
 .text.printf   0x0000377c       0x28 d:/nxp/lpcxpresso_8.2.2_650/lpcxpresso/tools/bin/../lib/gcc/arm-none-eabi/5.4.1/../../../../arm-none-eabi/lib/armv7-m\libc.a(lib_a-printf.o)
                0x0000377c                printf
 .text          0x000037a4        0x0 d:/nxp/lpcxpresso_8.2.2_650/lpcxpresso/tools/bin/../lib/gcc/arm-none-eabi/5.4.1/../../../../arm-none-eabi/lib/armv7-m\libc.a(lib_a-sprintf.o)
 .text._sprintf_r
                0x000037a4       0x44 d:/nxp/lpcxpresso_8.2.2_650/lpcxpresso/tools/bin/../lib/gcc/arm-none-eabi/5.4.1/../../../../arm-none-eabi/lib/armv7-m\libc.a(lib_a-sprintf.o)
                0x000037a4                _sprintf_r
 .text.sprintf  0x000037e8       0x4c d:/nxp/lpcxpresso_8.2.2_650/lpcxpresso/tools/bin/../lib/gcc/arm-none-eabi/5.4.1/../../../../arm-none-eabi/lib/armv7-m\libc.a(lib_a-sprintf.o)
                0x000037e8                sprintf
 .text          0x00003834        0x0 d:/nxp/lpcxpresso_8.2.2_650/lpcxpresso/tools/bin/../lib/gcc/arm-none-eabi/5.4.1/../../../../arm-none-eabi/lib/armv7-m\libc.a(lib_a-strcat.o)
 .text.strcat   0x00003834       0x40 d:/nxp/lpcxpresso_8.2.2_650/lpcxpresso/tools/bin/../lib/gcc/arm-none-eabi/5.4.1/../../../../arm-none-eabi/lib/armv7-m\libc.a(lib_a-strcat.o)
                0x00003834                strcat
 .text          0x00003874        0x0 d:/nxp/lpcxpresso_8.2.2_650/lpcxpresso/tools/bin/../lib/gcc/arm-none-eabi/5.4.1/../../../../arm-none-eabi/lib/armv7-m\libc.a(lib_a-strcpy.o)
 .text.strcpy   0x00003874       0xbc d:/nxp/lpcxpresso_8.2.2_650/lpcxpresso/tools/bin/../lib/gcc/arm-none-eabi/5.4.1/../../../../arm-none-eabi/lib/armv7-m\libc.a(lib_a-strcpy.o)
                0x00003874                strcpy
 .text          0x00003930        0x0 d:/nxp/lpcxpresso_8.2.2_650/lpcxpresso/tools/bin/../lib/gcc/arm-none-eabi/5.4.1/../../../../arm-none-eabi/lib/armv7-m\libc.a(lib_a-strncpy.o)
 .text.strncpy  0x00003930       0x68 d:/nxp/lpcxpresso_8.2.2_650/lpcxpresso/tools/bin/../lib/gcc/arm-none-eabi/5.4.1/../../../../arm-none-eabi/lib/armv7-m\libc.a(lib_a-strncpy.o)
                0x00003930                strncpy
 .text          0x00003998        0x0 d:/nxp/lpcxpresso_8.2.2_650/lpcxpresso/tools/bin/../lib/gcc/arm-none-eabi/5.4.1/../../../../arm-none-eabi/lib/armv7-m\libc.a(lib_a-svfprintf.o)
 .text._svfprintf_r
                0x00003998     0x175c d:/nxp/lpcxpresso_8.2.2_650/lpcxpresso/tools/bin/../lib/gcc/arm-none-eabi/5.4.1/../../../../arm-none-eabi/lib/armv7-m\libc.a(lib_a-svfprintf.o)
                0x00003998                _svfprintf_r
 .text          0x000050f4        0x0 d:/nxp/lpcxpresso_8.2.2_650/lpcxpresso/tools/bin/../lib/gcc/arm-none-eabi/5.4.1/../../../../arm-none-eabi/lib/armv7-m\libc.a(lib_a-vfprintf.o)
 .text._vfprintf_r
                0x000050f4     0x1788 d:/nxp/lpcxpresso_8.2.2_650/lpcxpresso/tools/bin/../lib/gcc/arm-none-eabi/5.4.1/../../../../arm-none-eabi/lib/armv7-m\libc.a(lib_a-vfprintf.o)
                0x000050f4                _vfprintf_r
 .text.vfprintf
                0x0000687c       0x18 d:/nxp/lpcxpresso_8.2.2_650/lpcxpresso/tools/bin/../lib/gcc/arm-none-eabi/5.4.1/../../../../arm-none-eabi/lib/armv7-m\libc.a(lib_a-vfprintf.o)
                0x0000687c                vfprintf
 .text.__sbprintf
                0x00006894       0x6c d:/nxp/lpcxpresso_8.2.2_650/lpcxpresso/tools/bin/../lib/gcc/arm-none-eabi/5.4.1/../../../../arm-none-eabi/lib/armv7-m\libc.a(lib_a-vfprintf.o)
 .text          0x00006900        0x0 d:/nxp/lpcxpresso_8.2.2_650/lpcxpresso/tools/bin/../lib/gcc/arm-none-eabi/5.4.1/../../../../arm-none-eabi/lib/armv7-m\libc.a(lib_a-wsetup.o)
 .text.__swsetup_r
                0x00006900       0xc8 d:/nxp/lpcxpresso_8.2.2_650/lpcxpresso/tools/bin/../lib/gcc/arm-none-eabi/5.4.1/../../../../arm-none-eabi/lib/armv7-m\libc.a(lib_a-wsetup.o)
                0x00006900                __swsetup_r
 .text          0x000069c8        0x0 d:/nxp/lpcxpresso_8.2.2_650/lpcxpresso/tools/bin/../lib/gcc/arm-none-eabi/5.4.1/../../../../arm-none-eabi/lib/armv7-m\libc.a(lib_a-dtoa.o)
 .text.quorem   0x000069c8      0x12c d:/nxp/lpcxpresso_8.2.2_650/lpcxpresso/tools/bin/../lib/gcc/arm-none-eabi/5.4.1/../../../../arm-none-eabi/lib/armv7-m\libc.a(lib_a-dtoa.o)
 *fill*         0x00006af4        0x4 ff
 .text._dtoa_r  0x00006af8      0xe4c d:/nxp/lpcxpresso_8.2.2_650/lpcxpresso/tools/bin/../lib/gcc/arm-none-eabi/5.4.1/../../../../arm-none-eabi/lib/armv7-m\libc.a(lib_a-dtoa.o)
                0x00006af8                _dtoa_r
 .text          0x00007944        0x0 d:/nxp/lpcxpresso_8.2.2_650/lpcxpresso/tools/bin/../lib/gcc/arm-none-eabi/5.4.1/../../../../arm-none-eabi/lib/armv7-m\libc.a(lib_a-fflush.o)
 .text.__sflush_r
                0x00007944      0x148 d:/nxp/lpcxpresso_8.2.2_650/lpcxpresso/tools/bin/../lib/gcc/arm-none-eabi/5.4.1/../../../../arm-none-eabi/lib/armv7-m\libc.a(lib_a-fflush.o)
                0x00007944                __sflush_r
 .text._fflush_r
                0x00007a8c       0x2c d:/nxp/lpcxpresso_8.2.2_650/lpcxpresso/tools/bin/../lib/gcc/arm-none-eabi/5.4.1/../../../../arm-none-eabi/lib/armv7-m\libc.a(lib_a-fflush.o)
                0x00007a8c                _fflush_r
 .text.fflush   0x00007ab8       0x24 d:/nxp/lpcxpresso_8.2.2_650/lpcxpresso/tools/bin/../lib/gcc/arm-none-eabi/5.4.1/../../../../arm-none-eabi/lib/armv7-m\libc.a(lib_a-fflush.o)
                0x00007ab8                fflush
 .text          0x00007adc        0x0 d:/nxp/lpcxpresso_8.2.2_650/lpcxpresso/tools/bin/../lib/gcc/arm-none-eabi/5.4.1/../../../../arm-none-eabi/lib/armv7-m\libc.a(lib_a-findfp.o)
 .text.__fp_unlock
                0x00007adc        0x4 d:/nxp/lpcxpresso_8.2.2_650/lpcxpresso/tools/bin/../lib/gcc/arm-none-eabi/5.4.1/../../../../arm-none-eabi/lib/armv7-m\libc.a(lib_a-findfp.o)
 .text._cleanup_r
                0x00007ae0        0xc d:/nxp/lpcxpresso_8.2.2_650/lpcxpresso/tools/bin/../lib/gcc/arm-none-eabi/5.4.1/../../../../arm-none-eabi/lib/armv7-m\libc.a(lib_a-findfp.o)
                0x00007ae0                _cleanup_r
 .text.__sinit.part.1
                0x00007aec       0xf0 d:/nxp/lpcxpresso_8.2.2_650/lpcxpresso/tools/bin/../lib/gcc/arm-none-eabi/5.4.1/../../../../arm-none-eabi/lib/armv7-m\libc.a(lib_a-findfp.o)
 .text.__fp_lock
                0x00007bdc        0x4 d:/nxp/lpcxpresso_8.2.2_650/lpcxpresso/tools/bin/../lib/gcc/arm-none-eabi/5.4.1/../../../../arm-none-eabi/lib/armv7-m\libc.a(lib_a-findfp.o)
 .text.__sfmoreglue
                0x00007be0       0x30 d:/nxp/lpcxpresso_8.2.2_650/lpcxpresso/tools/bin/../lib/gcc/arm-none-eabi/5.4.1/../../../../arm-none-eabi/lib/armv7-m\libc.a(lib_a-findfp.o)
                0x00007be0                __sfmoreglue
 .text.__sfp    0x00007c10       0x88 d:/nxp/lpcxpresso_8.2.2_650/lpcxpresso/tools/bin/../lib/gcc/arm-none-eabi/5.4.1/../../../../arm-none-eabi/lib/armv7-m\libc.a(lib_a-findfp.o)
                0x00007c10                __sfp
 .text._cleanup
                0x00007c98       0x14 d:/nxp/lpcxpresso_8.2.2_650/lpcxpresso/tools/bin/../lib/gcc/arm-none-eabi/5.4.1/../../../../arm-none-eabi/lib/armv7-m\libc.a(lib_a-findfp.o)
                0x00007c98                _cleanup
 .text.__sinit  0x00007cac        0xc d:/nxp/lpcxpresso_8.2.2_650/lpcxpresso/tools/bin/../lib/gcc/arm-none-eabi/5.4.1/../../../../arm-none-eabi/lib/armv7-m\libc.a(lib_a-findfp.o)
                0x00007cac                __sinit
 .text.__sfp_lock_acquire
                0x00007cb8        0x4 d:/nxp/lpcxpresso_8.2.2_650/lpcxpresso/tools/bin/../lib/gcc/arm-none-eabi/5.4.1/../../../../arm-none-eabi/lib/armv7-m\libc.a(lib_a-findfp.o)
                0x00007cb8                __sfp_lock_acquire
 .text.__sfp_lock_release
                0x00007cbc        0x4 d:/nxp/lpcxpresso_8.2.2_650/lpcxpresso/tools/bin/../lib/gcc/arm-none-eabi/5.4.1/../../../../arm-none-eabi/lib/armv7-m\libc.a(lib_a-findfp.o)
                0x00007cbc                __sfp_lock_release
 .text.__sinit_lock_acquire
                0x00007cc0        0x4 d:/nxp/lpcxpresso_8.2.2_650/lpcxpresso/tools/bin/../lib/gcc/arm-none-eabi/5.4.1/../../../../arm-none-eabi/lib/armv7-m\libc.a(lib_a-findfp.o)
                0x00007cc0                __sinit_lock_acquire
 .text.__sinit_lock_release
                0x00007cc4        0x4 d:/nxp/lpcxpresso_8.2.2_650/lpcxpresso/tools/bin/../lib/gcc/arm-none-eabi/5.4.1/../../../../arm-none-eabi/lib/armv7-m\libc.a(lib_a-findfp.o)
                0x00007cc4                __sinit_lock_release
 .text.__fp_lock_all
                0x00007cc8       0x14 d:/nxp/lpcxpresso_8.2.2_650/lpcxpresso/tools/bin/../lib/gcc/arm-none-eabi/5.4.1/../../../../arm-none-eabi/lib/armv7-m\libc.a(lib_a-findfp.o)
                0x00007cc8                __fp_lock_all
 .text.__fp_unlock_all
                0x00007cdc       0x14 d:/nxp/lpcxpresso_8.2.2_650/lpcxpresso/tools/bin/../lib/gcc/arm-none-eabi/5.4.1/../../../../arm-none-eabi/lib/armv7-m\libc.a(lib_a-findfp.o)
                0x00007cdc                __fp_unlock_all
 .text          0x00007cf0        0x0 d:/nxp/lpcxpresso_8.2.2_650/lpcxpresso/tools/bin/../lib/gcc/arm-none-eabi/5.4.1/../../../../arm-none-eabi/lib/armv7-m\libc.a(lib_a-freer.o)
 .text._malloc_trim_r
                0x00007cf0       0x9c d:/nxp/lpcxpresso_8.2.2_650/lpcxpresso/tools/bin/../lib/gcc/arm-none-eabi/5.4.1/../../../../arm-none-eabi/lib/armv7-m\libc.a(lib_a-freer.o)
                0x00007cf0                _malloc_trim_r
 .text._free_r  0x00007d8c      0x1d0 d:/nxp/lpcxpresso_8.2.2_650/lpcxpresso/tools/bin/../lib/gcc/arm-none-eabi/5.4.1/../../../../arm-none-eabi/lib/armv7-m\libc.a(lib_a-freer.o)
                0x00007d8c                _free_r
 .text          0x00007f5c        0x0 d:/nxp/lpcxpresso_8.2.2_650/lpcxpresso/tools/bin/../lib/gcc/arm-none-eabi/5.4.1/../../../../arm-none-eabi/lib/armv7-m\libc.a(lib_a-fwalk.o)
 .text._fwalk   0x00007f5c       0x48 d:/nxp/lpcxpresso_8.2.2_650/lpcxpresso/tools/bin/../lib/gcc/arm-none-eabi/5.4.1/../../../../arm-none-eabi/lib/armv7-m\libc.a(lib_a-fwalk.o)
                0x00007f5c                _fwalk
 .text._fwalk_reent
                0x00007fa4       0x50 d:/nxp/lpcxpresso_8.2.2_650/lpcxpresso/tools/bin/../lib/gcc/arm-none-eabi/5.4.1/../../../../arm-none-eabi/lib/armv7-m\libc.a(lib_a-fwalk.o)
                0x00007fa4                _fwalk_reent
 .text          0x00007ff4        0x0 d:/nxp/lpcxpresso_8.2.2_650/lpcxpresso/tools/bin/../lib/gcc/arm-none-eabi/5.4.1/../../../../arm-none-eabi/lib/armv7-m\libc.a(lib_a-impure.o)
 .text          0x00007ff4        0x0 d:/nxp/lpcxpresso_8.2.2_650/lpcxpresso/tools/bin/../lib/gcc/arm-none-eabi/5.4.1/../../../../arm-none-eabi/lib/armv7-m\libc.a(lib_a-locale.o)
 .text._setlocale_r
                0x00007ff4       0x40 d:/nxp/lpcxpresso_8.2.2_650/lpcxpresso/tools/bin/../lib/gcc/arm-none-eabi/5.4.1/../../../../arm-none-eabi/lib/armv7-m\libc.a(lib_a-locale.o)
                0x00007ff4                _setlocale_r
 .text.__locale_charset
                0x00008034        0x8 d:/nxp/lpcxpresso_8.2.2_650/lpcxpresso/tools/bin/../lib/gcc/arm-none-eabi/5.4.1/../../../../arm-none-eabi/lib/armv7-m\libc.a(lib_a-locale.o)
                0x00008034                __locale_charset
 .text.__locale_mb_cur_max
                0x0000803c        0xc d:/nxp/lpcxpresso_8.2.2_650/lpcxpresso/tools/bin/../lib/gcc/arm-none-eabi/5.4.1/../../../../arm-none-eabi/lib/armv7-m\libc.a(lib_a-locale.o)
                0x0000803c                __locale_mb_cur_max
 .text.__locale_msgcharset
                0x00008048        0x8 d:/nxp/lpcxpresso_8.2.2_650/lpcxpresso/tools/bin/../lib/gcc/arm-none-eabi/5.4.1/../../../../arm-none-eabi/lib/armv7-m\libc.a(lib_a-locale.o)
                0x00008048                __locale_msgcharset
 .text.__locale_cjk_lang
                0x00008050        0x4 d:/nxp/lpcxpresso_8.2.2_650/lpcxpresso/tools/bin/../lib/gcc/arm-none-eabi/5.4.1/../../../../arm-none-eabi/lib/armv7-m\libc.a(lib_a-locale.o)
                0x00008050                __locale_cjk_lang
 .text._localeconv_r
                0x00008054        0x8 d:/nxp/lpcxpresso_8.2.2_650/lpcxpresso/tools/bin/../lib/gcc/arm-none-eabi/5.4.1/../../../../arm-none-eabi/lib/armv7-m\libc.a(lib_a-locale.o)
                0x00008054                _localeconv_r
 .text.setlocale
                0x0000805c       0x10 d:/nxp/lpcxpresso_8.2.2_650/lpcxpresso/tools/bin/../lib/gcc/arm-none-eabi/5.4.1/../../../../arm-none-eabi/lib/armv7-m\libc.a(lib_a-locale.o)
                0x0000805c                setlocale
 .text.localeconv
                0x0000806c        0x8 d:/nxp/lpcxpresso_8.2.2_650/lpcxpresso/tools/bin/../lib/gcc/arm-none-eabi/5.4.1/../../../../arm-none-eabi/lib/armv7-m\libc.a(lib_a-locale.o)
                0x0000806c                localeconv
 .text          0x00008074        0x0 d:/nxp/lpcxpresso_8.2.2_650/lpcxpresso/tools/bin/../lib/gcc/arm-none-eabi/5.4.1/../../../../arm-none-eabi/lib/armv7-m\libc.a(lib_a-makebuf.o)
 .text.__swhatbuf_r
                0x00008074       0x60 d:/nxp/lpcxpresso_8.2.2_650/lpcxpresso/tools/bin/../lib/gcc/arm-none-eabi/5.4.1/../../../../arm-none-eabi/lib/armv7-m\libc.a(lib_a-makebuf.o)
                0x00008074                __swhatbuf_r
 .text.__smakebuf_r
                0x000080d4       0x88 d:/nxp/lpcxpresso_8.2.2_650/lpcxpresso/tools/bin/../lib/gcc/arm-none-eabi/5.4.1/../../../../arm-none-eabi/lib/armv7-m\libc.a(lib_a-makebuf.o)
                0x000080d4                __smakebuf_r
 .text          0x0000815c        0x0 d:/nxp/lpcxpresso_8.2.2_650/lpcxpresso/tools/bin/../lib/gcc/arm-none-eabi/5.4.1/../../../../arm-none-eabi/lib/armv7-m\libc.a(lib_a-mallocr.o)
 .text._malloc_r
                0x0000815c      0x558 d:/nxp/lpcxpresso_8.2.2_650/lpcxpresso/tools/bin/../lib/gcc/arm-none-eabi/5.4.1/../../../../arm-none-eabi/lib/armv7-m\libc.a(lib_a-mallocr.o)
                0x0000815c                _malloc_r
 .text          0x000086b4        0x0 d:/nxp/lpcxpresso_8.2.2_650/lpcxpresso/tools/bin/../lib/gcc/arm-none-eabi/5.4.1/../../../../arm-none-eabi/lib/armv7-m\libc.a(lib_a-memchr-stub.o)
 .text.memchr   0x000086b4       0x8c d:/nxp/lpcxpresso_8.2.2_650/lpcxpresso/tools/bin/../lib/gcc/arm-none-eabi/5.4.1/../../../../arm-none-eabi/lib/armv7-m\libc.a(lib_a-memchr-stub.o)
                0x000086b4                memchr
 .text          0x00008740        0x0 d:/nxp/lpcxpresso_8.2.2_650/lpcxpresso/tools/bin/../lib/gcc/arm-none-eabi/5.4.1/../../../../arm-none-eabi/lib/armv7-m\libc.a(lib_a-mlock.o)
 .text.__malloc_lock
                0x00008740        0x4 d:/nxp/lpcxpresso_8.2.2_650/lpcxpresso/tools/bin/../lib/gcc/arm-none-eabi/5.4.1/../../../../arm-none-eabi/lib/armv7-m\libc.a(lib_a-mlock.o)
                0x00008740                __malloc_lock
 .text.__malloc_unlock
                0x00008744        0x4 d:/nxp/lpcxpresso_8.2.2_650/lpcxpresso/tools/bin/../lib/gcc/arm-none-eabi/5.4.1/../../../../arm-none-eabi/lib/armv7-m\libc.a(lib_a-mlock.o)
                0x00008744                __malloc_unlock
 .text          0x00008748        0x0 d:/nxp/lpcxpresso_8.2.2_650/lpcxpresso/tools/bin/../lib/gcc/arm-none-eabi/5.4.1/../../../../arm-none-eabi/lib/armv7-m\libc.a(lib_a-mprec.o)
 .text._Balloc  0x00008748       0x50 d:/nxp/lpcxpresso_8.2.2_650/lpcxpresso/tools/bin/../lib/gcc/arm-none-eabi/5.4.1/../../../../arm-none-eabi/lib/armv7-m\libc.a(lib_a-mprec.o)
                0x00008748                _Balloc
 .text._Bfree   0x00008798       0x14 d:/nxp/lpcxpresso_8.2.2_650/lpcxpresso/tools/bin/../lib/gcc/arm-none-eabi/5.4.1/../../../../arm-none-eabi/lib/armv7-m\libc.a(lib_a-mprec.o)
                0x00008798                _Bfree
 .text.__multadd
                0x000087ac       0x80 d:/nxp/lpcxpresso_8.2.2_650/lpcxpresso/tools/bin/../lib/gcc/arm-none-eabi/5.4.1/../../../../arm-none-eabi/lib/armv7-m\libc.a(lib_a-mprec.o)
                0x000087ac                __multadd
 .text.__s2b    0x0000882c       0x98 d:/nxp/lpcxpresso_8.2.2_650/lpcxpresso/tools/bin/../lib/gcc/arm-none-eabi/5.4.1/../../../../arm-none-eabi/lib/armv7-m\libc.a(lib_a-mprec.o)
                0x0000882c                __s2b
 .text.__hi0bits
                0x000088c4       0x40 d:/nxp/lpcxpresso_8.2.2_650/lpcxpresso/tools/bin/../lib/gcc/arm-none-eabi/5.4.1/../../../../arm-none-eabi/lib/armv7-m\libc.a(lib_a-mprec.o)
                0x000088c4                __hi0bits
 .text.__lo0bits
                0x00008904       0x5c d:/nxp/lpcxpresso_8.2.2_650/lpcxpresso/tools/bin/../lib/gcc/arm-none-eabi/5.4.1/../../../../arm-none-eabi/lib/armv7-m\libc.a(lib_a-mprec.o)
                0x00008904                __lo0bits
 .text.__i2b    0x00008960       0x14 d:/nxp/lpcxpresso_8.2.2_650/lpcxpresso/tools/bin/../lib/gcc/arm-none-eabi/5.4.1/../../../../arm-none-eabi/lib/armv7-m\libc.a(lib_a-mprec.o)
                0x00008960                __i2b
 .text.__multiply
                0x00008974      0x13c d:/nxp/lpcxpresso_8.2.2_650/lpcxpresso/tools/bin/../lib/gcc/arm-none-eabi/5.4.1/../../../../arm-none-eabi/lib/armv7-m\libc.a(lib_a-mprec.o)
                0x00008974                __multiply
 .text.__pow5mult
                0x00008ab0       0xa0 d:/nxp/lpcxpresso_8.2.2_650/lpcxpresso/tools/bin/../lib/gcc/arm-none-eabi/5.4.1/../../../../arm-none-eabi/lib/armv7-m\libc.a(lib_a-mprec.o)
                0x00008ab0                __pow5mult
 .text.__lshift
                0x00008b50       0xac d:/nxp/lpcxpresso_8.2.2_650/lpcxpresso/tools/bin/../lib/gcc/arm-none-eabi/5.4.1/../../../../arm-none-eabi/lib/armv7-m\libc.a(lib_a-mprec.o)
                0x00008b50                __lshift
 .text.__mcmp   0x00008bfc       0x40 d:/nxp/lpcxpresso_8.2.2_650/lpcxpresso/tools/bin/../lib/gcc/arm-none-eabi/5.4.1/../../../../arm-none-eabi/lib/armv7-m\libc.a(lib_a-mprec.o)
                0x00008bfc                __mcmp
 .text.__mdiff  0x00008c3c      0x128 d:/nxp/lpcxpresso_8.2.2_650/lpcxpresso/tools/bin/../lib/gcc/arm-none-eabi/5.4.1/../../../../arm-none-eabi/lib/armv7-m\libc.a(lib_a-mprec.o)
                0x00008c3c                __mdiff
 .text.__ulp    0x00008d64       0x44 d:/nxp/lpcxpresso_8.2.2_650/lpcxpresso/tools/bin/../lib/gcc/arm-none-eabi/5.4.1/../../../../arm-none-eabi/lib/armv7-m\libc.a(lib_a-mprec.o)
                0x00008d64                __ulp
 .text.__b2d    0x00008da8       0xd4 d:/nxp/lpcxpresso_8.2.2_650/lpcxpresso/tools/bin/../lib/gcc/arm-none-eabi/5.4.1/../../../../arm-none-eabi/lib/armv7-m\libc.a(lib_a-mprec.o)
                0x00008da8                __b2d
 .text.__d2b    0x00008e7c       0xa8 d:/nxp/lpcxpresso_8.2.2_650/lpcxpresso/tools/bin/../lib/gcc/arm-none-eabi/5.4.1/../../../../arm-none-eabi/lib/armv7-m\libc.a(lib_a-mprec.o)
                0x00008e7c                __d2b
 .text.__ratio  0x00008f24       0x54 d:/nxp/lpcxpresso_8.2.2_650/lpcxpresso/tools/bin/../lib/gcc/arm-none-eabi/5.4.1/../../../../arm-none-eabi/lib/armv7-m\libc.a(lib_a-mprec.o)
                0x00008f24                __ratio
 .text._mprec_log10
                0x00008f78       0x34 d:/nxp/lpcxpresso_8.2.2_650/lpcxpresso/tools/bin/../lib/gcc/arm-none-eabi/5.4.1/../../../../arm-none-eabi/lib/armv7-m\libc.a(lib_a-mprec.o)
                0x00008f78                _mprec_log10
 .text.__copybits
                0x00008fac       0x48 d:/nxp/lpcxpresso_8.2.2_650/lpcxpresso/tools/bin/../lib/gcc/arm-none-eabi/5.4.1/../../../../arm-none-eabi/lib/armv7-m\libc.a(lib_a-mprec.o)
                0x00008fac                __copybits
 .text.__any_on
                0x00008ff4       0x5c d:/nxp/lpcxpresso_8.2.2_650/lpcxpresso/tools/bin/../lib/gcc/arm-none-eabi/5.4.1/../../../../arm-none-eabi/lib/armv7-m\libc.a(lib_a-mprec.o)
                0x00008ff4                __any_on
 .text          0x00009050        0x0 d:/nxp/lpcxpresso_8.2.2_650/lpcxpresso/tools/bin/../lib/gcc/arm-none-eabi/5.4.1/../../../../arm-none-eabi/lib/armv7-m\libc.a(lib_a-sbrkr.o)
 .text._sbrk_r  0x00009050       0x24 d:/nxp/lpcxpresso_8.2.2_650/lpcxpresso/tools/bin/../lib/gcc/arm-none-eabi/5.4.1/../../../../arm-none-eabi/lib/armv7-m\libc.a(lib_a-sbrkr.o)
                0x00009050                _sbrk_r
 .text          0x00009074        0x0 d:/nxp/lpcxpresso_8.2.2_650/lpcxpresso/tools/bin/../lib/gcc/arm-none-eabi/5.4.1/../../../../arm-none-eabi/lib/armv7-m\libc.a(lib_a-stdio.o)
 .text.__sread  0x00009074       0x24 d:/nxp/lpcxpresso_8.2.2_650/lpcxpresso/tools/bin/../lib/gcc/arm-none-eabi/5.4.1/../../../../arm-none-eabi/lib/armv7-m\libc.a(lib_a-stdio.o)
                0x00009074                __sread
 .text.__seofread
                0x00009098        0x4 d:/nxp/lpcxpresso_8.2.2_650/lpcxpresso/tools/bin/../lib/gcc/arm-none-eabi/5.4.1/../../../../arm-none-eabi/lib/armv7-m\libc.a(lib_a-stdio.o)
                0x00009098                __seofread
 .text.__swrite
                0x0000909c       0x3c d:/nxp/lpcxpresso_8.2.2_650/lpcxpresso/tools/bin/../lib/gcc/arm-none-eabi/5.4.1/../../../../arm-none-eabi/lib/armv7-m\libc.a(lib_a-stdio.o)
                0x0000909c                __swrite
 .text.__sseek  0x000090d8       0x20 d:/nxp/lpcxpresso_8.2.2_650/lpcxpresso/tools/bin/../lib/gcc/arm-none-eabi/5.4.1/../../../../arm-none-eabi/lib/armv7-m\libc.a(lib_a-stdio.o)
                0x000090d8                __sseek
 .text.__sclose
                0x000090f8        0x8 d:/nxp/lpcxpresso_8.2.2_650/lpcxpresso/tools/bin/../lib/gcc/arm-none-eabi/5.4.1/../../../../arm-none-eabi/lib/armv7-m\libc.a(lib_a-stdio.o)
                0x000090f8                __sclose
 .text          0x00009100      0x1bc d:/nxp/lpcxpresso_8.2.2_650/lpcxpresso/tools/bin/../lib/gcc/arm-none-eabi/5.4.1/../../../../arm-none-eabi/lib/armv7-m\libc.a(lib_a-strcmp.o)
                0x00009100                strcmp
 .text          0x000092bc        0x0 d:/nxp/lpcxpresso_8.2.2_650/lpcxpresso/tools/bin/../lib/gcc/arm-none-eabi/5.4.1/../../../../arm-none-eabi/lib/armv7-m\libc.a(lib_a-strlen-stub.o)
 .text.strlen   0x000092bc       0x5c d:/nxp/lpcxpresso_8.2.2_650/lpcxpresso/tools/bin/../lib/gcc/arm-none-eabi/5.4.1/../../../../arm-none-eabi/lib/armv7-m\libc.a(lib_a-strlen-stub.o)
                0x000092bc                strlen
 .text          0x00009318        0x0 d:/nxp/lpcxpresso_8.2.2_650/lpcxpresso/tools/bin/../lib/gcc/arm-none-eabi/5.4.1/../../../../arm-none-eabi/lib/armv7-m\libc.a(lib_a-svfiprintf.o)
 .text.__ssprint_r
                0x00009318      0x100 d:/nxp/lpcxpresso_8.2.2_650/lpcxpresso/tools/bin/../lib/gcc/arm-none-eabi/5.4.1/../../../../arm-none-eabi/lib/armv7-m\libc.a(lib_a-svfiprintf.o)
                0x00009318                __ssprint_r
 .text._svfiprintf_r
                0x00009418      0xc4c d:/nxp/lpcxpresso_8.2.2_650/lpcxpresso/tools/bin/../lib/gcc/arm-none-eabi/5.4.1/../../../../arm-none-eabi/lib/armv7-m\libc.a(lib_a-svfiprintf.o)
                0x00009418                _svfiprintf_r
 .text          0x0000a064        0x0 d:/nxp/lpcxpresso_8.2.2_650/lpcxpresso/tools/bin/../lib/gcc/arm-none-eabi/5.4.1/../../../../arm-none-eabi/lib/armv7-m\libc.a(lib_a-vfiprintf.o)
 .text.__sprint_r.part.0
                0x0000a064       0x78 d:/nxp/lpcxpresso_8.2.2_650/lpcxpresso/tools/bin/../lib/gcc/arm-none-eabi/5.4.1/../../../../arm-none-eabi/lib/armv7-m\libc.a(lib_a-vfiprintf.o)
 .text.__sprint_r
                0x0000a0dc       0x14 d:/nxp/lpcxpresso_8.2.2_650/lpcxpresso/tools/bin/../lib/gcc/arm-none-eabi/5.4.1/../../../../arm-none-eabi/lib/armv7-m\libc.a(lib_a-vfiprintf.o)
                0x0000a0dc                __sprint_r
 .text._vfiprintf_r
                0x0000a0f0      0xde8 d:/nxp/lpcxpresso_8.2.2_650/lpcxpresso/tools/bin/../lib/gcc/arm-none-eabi/5.4.1/../../../../arm-none-eabi/lib/armv7-m\libc.a(lib_a-vfiprintf.o)
                0x0000a0f0                _vfiprintf_r
 .text.vfiprintf
                0x0000aed8       0x18 d:/nxp/lpcxpresso_8.2.2_650/lpcxpresso/tools/bin/../lib/gcc/arm-none-eabi/5.4.1/../../../../arm-none-eabi/lib/armv7-m\libc.a(lib_a-vfiprintf.o)
                0x0000aed8                vfiprintf
 .text.__sbprintf
                0x0000aef0       0x6c d:/nxp/lpcxpresso_8.2.2_650/lpcxpresso/tools/bin/../lib/gcc/arm-none-eabi/5.4.1/../../../../arm-none-eabi/lib/armv7-m\libc.a(lib_a-vfiprintf.o)
 .text          0x0000af5c        0x0 d:/nxp/lpcxpresso_8.2.2_650/lpcxpresso/tools/bin/../lib/gcc/arm-none-eabi/5.4.1/../../../../arm-none-eabi/lib/armv7-m\libc.a(lib_a-writer.o)
 .text._write_r
                0x0000af5c       0x2c d:/nxp/lpcxpresso_8.2.2_650/lpcxpresso/tools/bin/../lib/gcc/arm-none-eabi/5.4.1/../../../../arm-none-eabi/lib/armv7-m\libc.a(lib_a-writer.o)
                0x0000af5c                _write_r
 .text          0x0000af88        0x0 d:/nxp/lpcxpresso_8.2.2_650/lpcxpresso/tools/bin/../lib/gcc/arm-none-eabi/5.4.1/../../../../arm-none-eabi/lib/armv7-m\libc.a(lib_a-callocr.o)
 .text._calloc_r
                0x0000af88       0x60 d:/nxp/lpcxpresso_8.2.2_650/lpcxpresso/tools/bin/../lib/gcc/arm-none-eabi/5.4.1/../../../../arm-none-eabi/lib/armv7-m\libc.a(lib_a-callocr.o)
                0x0000af88                _calloc_r
 .text          0x0000afe8        0x0 d:/nxp/lpcxpresso_8.2.2_650/lpcxpresso/tools/bin/../lib/gcc/arm-none-eabi/5.4.1/../../../../arm-none-eabi/lib/armv7-m\libc.a(lib_a-closer.o)
 .text._close_r
                0x0000afe8       0x24 d:/nxp/lpcxpresso_8.2.2_650/lpcxpresso/tools/bin/../lib/gcc/arm-none-eabi/5.4.1/../../../../arm-none-eabi/lib/armv7-m\libc.a(lib_a-closer.o)
                0x0000afe8                _close_r
 .text          0x0000b00c        0x0 d:/nxp/lpcxpresso_8.2.2_650/lpcxpresso/tools/bin/../lib/gcc/arm-none-eabi/5.4.1/../../../../arm-none-eabi/lib/armv7-m\libc.a(lib_a-fclose.o)
 .text._fclose_r
                0x0000b00c       0x84 d:/nxp/lpcxpresso_8.2.2_650/lpcxpresso/tools/bin/../lib/gcc/arm-none-eabi/5.4.1/../../../../arm-none-eabi/lib/armv7-m\libc.a(lib_a-fclose.o)
                0x0000b00c                _fclose_r
 .text.fclose   0x0000b090       0x10 d:/nxp/lpcxpresso_8.2.2_650/lpcxpresso/tools/bin/../lib/gcc/arm-none-eabi/5.4.1/../../../../arm-none-eabi/lib/armv7-m\libc.a(lib_a-fclose.o)
                0x0000b090                fclose
 .text          0x0000b0a0        0x0 d:/nxp/lpcxpresso_8.2.2_650/lpcxpresso/tools/bin/../lib/gcc/arm-none-eabi/5.4.1/../../../../arm-none-eabi/lib/armv7-m\libc.a(lib_a-fputwc.o)
 .text.__fputwc
                0x0000b0a0       0x94 d:/nxp/lpcxpresso_8.2.2_650/lpcxpresso/tools/bin/../lib/gcc/arm-none-eabi/5.4.1/../../../../arm-none-eabi/lib/armv7-m\libc.a(lib_a-fputwc.o)
                0x0000b0a0                __fputwc
 .text._fputwc_r
                0x0000b134       0x24 d:/nxp/lpcxpresso_8.2.2_650/lpcxpresso/tools/bin/../lib/gcc/arm-none-eabi/5.4.1/../../../../arm-none-eabi/lib/armv7-m\libc.a(lib_a-fputwc.o)
                0x0000b134                _fputwc_r
 .text.fputwc   0x0000b158       0x40 d:/nxp/lpcxpresso_8.2.2_650/lpcxpresso/tools/bin/../lib/gcc/arm-none-eabi/5.4.1/../../../../arm-none-eabi/lib/armv7-m\libc.a(lib_a-fputwc.o)
                0x0000b158                fputwc
 .text          0x0000b198        0x0 d:/nxp/lpcxpresso_8.2.2_650/lpcxpresso/tools/bin/../lib/gcc/arm-none-eabi/5.4.1/../../../../arm-none-eabi/lib/armv7-m\libc.a(lib_a-fstatr.o)
 .text._fstat_r
                0x0000b198       0x28 d:/nxp/lpcxpresso_8.2.2_650/lpcxpresso/tools/bin/../lib/gcc/arm-none-eabi/5.4.1/../../../../arm-none-eabi/lib/armv7-m\libc.a(lib_a-fstatr.o)
                0x0000b198                _fstat_r
 .text          0x0000b1c0        0x0 d:/nxp/lpcxpresso_8.2.2_650/lpcxpresso/tools/bin/../lib/gcc/arm-none-eabi/5.4.1/../../../../arm-none-eabi/lib/armv7-m\libc.a(lib_a-fvwrite.o)
 .text.__sfvwrite_r
                0x0000b1c0      0x308 d:/nxp/lpcxpresso_8.2.2_650/lpcxpresso/tools/bin/../lib/gcc/arm-none-eabi/5.4.1/../../../../arm-none-eabi/lib/armv7-m\libc.a(lib_a-fvwrite.o)
                0x0000b1c0                __sfvwrite_r
 .text          0x0000b4c8        0x0 d:/nxp/lpcxpresso_8.2.2_650/lpcxpresso/tools/bin/../lib/gcc/arm-none-eabi/5.4.1/../../../../arm-none-eabi/lib/armv7-m\libc.a(lib_a-isattyr.o)
 .text._isatty_r
                0x0000b4c8       0x24 d:/nxp/lpcxpresso_8.2.2_650/lpcxpresso/tools/bin/../lib/gcc/arm-none-eabi/5.4.1/../../../../arm-none-eabi/lib/armv7-m\libc.a(lib_a-isattyr.o)
                0x0000b4c8                _isatty_r
 .text          0x0000b4ec        0x0 d:/nxp/lpcxpresso_8.2.2_650/lpcxpresso/tools/bin/../lib/gcc/arm-none-eabi/5.4.1/../../../../arm-none-eabi/lib/armv7-m\libc.a(lib_a-lseekr.o)
 .text._lseek_r
                0x0000b4ec       0x2c d:/nxp/lpcxpresso_8.2.2_650/lpcxpresso/tools/bin/../lib/gcc/arm-none-eabi/5.4.1/../../../../arm-none-eabi/lib/armv7-m\libc.a(lib_a-lseekr.o)
                0x0000b4ec                _lseek_r
 .text          0x0000b518        0x0 d:/nxp/lpcxpresso_8.2.2_650/lpcxpresso/tools/bin/../lib/gcc/arm-none-eabi/5.4.1/../../../../arm-none-eabi/lib/armv7-m\libc.a(lib_a-memmove.o)
 .text.memmove  0x0000b518       0xc8 d:/nxp/lpcxpresso_8.2.2_650/lpcxpresso/tools/bin/../lib/gcc/arm-none-eabi/5.4.1/../../../../arm-none-eabi/lib/armv7-m\libc.a(lib_a-memmove.o)
                0x0000b518                memmove
 .text          0x0000b5e0        0x0 d:/nxp/lpcxpresso_8.2.2_650/lpcxpresso/tools/bin/../lib/gcc/arm-none-eabi/5.4.1/../../../../arm-none-eabi/lib/armv7-m\libc.a(lib_a-readr.o)
 .text._read_r  0x0000b5e0       0x2c d:/nxp/lpcxpresso_8.2.2_650/lpcxpresso/tools/bin/../lib/gcc/arm-none-eabi/5.4.1/../../../../arm-none-eabi/lib/armv7-m\libc.a(lib_a-readr.o)
                0x0000b5e0                _read_r
 .text          0x0000b60c        0x0 d:/nxp/lpcxpresso_8.2.2_650/lpcxpresso/tools/bin/../lib/gcc/arm-none-eabi/5.4.1/../../../../arm-none-eabi/lib/armv7-m\libc.a(lib_a-reallocr.o)
 .text._realloc_r
                0x0000b60c      0x3d4 d:/nxp/lpcxpresso_8.2.2_650/lpcxpresso/tools/bin/../lib/gcc/arm-none-eabi/5.4.1/../../../../arm-none-eabi/lib/armv7-m\libc.a(lib_a-reallocr.o)
                0x0000b60c                _realloc_r
 .text          0x0000b9e0        0x0 d:/nxp/lpcxpresso_8.2.2_650/lpcxpresso/tools/bin/../lib/gcc/arm-none-eabi/5.4.1/../../../../arm-none-eabi/lib/armv7-m\libc.a(lib_a-reent.o)
 .text.cleanup_glue
                0x0000b9e0       0x1c d:/nxp/lpcxpresso_8.2.2_650/lpcxpresso/tools/bin/../lib/gcc/arm-none-eabi/5.4.1/../../../../arm-none-eabi/lib/armv7-m\libc.a(lib_a-reent.o)
                0x0000b9e0                cleanup_glue
 .text._reclaim_reent
                0x0000b9fc       0x88 d:/nxp/lpcxpresso_8.2.2_650/lpcxpresso/tools/bin/../lib/gcc/arm-none-eabi/5.4.1/../../../../arm-none-eabi/lib/armv7-m\libc.a(lib_a-reent.o)
                0x0000b9fc                _reclaim_reent
 .text          0x0000ba84        0x0 d:/nxp/lpcxpresso_8.2.2_650/lpcxpresso/tools/bin/../lib/gcc/arm-none-eabi/5.4.1/../../../../arm-none-eabi/lib/armv7-m\libc.a(lib_a-wbuf.o)
 .text.__swbuf_r
                0x0000ba84       0xac d:/nxp/lpcxpresso_8.2.2_650/lpcxpresso/tools/bin/../lib/gcc/arm-none-eabi/5.4.1/../../../../arm-none-eabi/lib/armv7-m\libc.a(lib_a-wbuf.o)
                0x0000ba84                __swbuf_r
 .text.__swbuf  0x0000bb30       0x10 d:/nxp/lpcxpresso_8.2.2_650/lpcxpresso/tools/bin/../lib/gcc/arm-none-eabi/5.4.1/../../../../arm-none-eabi/lib/armv7-m\libc.a(lib_a-wbuf.o)
                0x0000bb30                __swbuf
 .text          0x0000bb40        0x0 d:/nxp/lpcxpresso_8.2.2_650/lpcxpresso/tools/bin/../lib/gcc/arm-none-eabi/5.4.1/../../../../arm-none-eabi/lib/armv7-m\libc.a(lib_a-wcrtomb.o)
 .text._wcrtomb_r
                0x0000bb40       0x54 d:/nxp/lpcxpresso_8.2.2_650/lpcxpresso/tools/bin/../lib/gcc/arm-none-eabi/5.4.1/../../../../arm-none-eabi/lib/armv7-m\libc.a(lib_a-wcrtomb.o)
                0x0000bb40                _wcrtomb_r
 .text.wcrtomb  0x0000bb94       0x58 d:/nxp/lpcxpresso_8.2.2_650/lpcxpresso/tools/bin/../lib/gcc/arm-none-eabi/5.4.1/../../../../arm-none-eabi/lib/armv7-m\libc.a(lib_a-wcrtomb.o)
                0x0000bb94                wcrtomb
 .text          0x0000bbec        0x0 d:/nxp/lpcxpresso_8.2.2_650/lpcxpresso/tools/bin/../lib/gcc/arm-none-eabi/5.4.1/../../../../arm-none-eabi/lib/armv7-m\libc.a(lib_a-wctomb_r.o)
 .text.__ascii_wctomb
                0x0000bbec       0x1c d:/nxp/lpcxpresso_8.2.2_650/lpcxpresso/tools/bin/../lib/gcc/arm-none-eabi/5.4.1/../../../../arm-none-eabi/lib/armv7-m\libc.a(lib_a-wctomb_r.o)
                0x0000bbec                __ascii_wctomb
 .text._wctomb_r
                0x0000bc08       0x30 d:/nxp/lpcxpresso_8.2.2_650/lpcxpresso/tools/bin/../lib/gcc/arm-none-eabi/5.4.1/../../../../arm-none-eabi/lib/armv7-m\libc.a(lib_a-wctomb_r.o)
                0x0000bc08                _wctomb_r
 .text          0x0000bc38        0x0 d:/nxp/lpcxpresso_8.2.2_650/lpcxpresso/tools/bin/../lib/gcc/arm-none-eabi/5.4.1/../../../../arm-none-eabi/lib/armv7-m\libm.a(lib_a-w_sqrt.o)
 .text.sqrt     0x0000bc38       0xb8 d:/nxp/lpcxpresso_8.2.2_650/lpcxpresso/tools/bin/../lib/gcc/arm-none-eabi/5.4.1/../../../../arm-none-eabi/lib/armv7-m\libm.a(lib_a-w_sqrt.o)
                0x0000bc38                sqrt
 .text          0x0000bcf0        0x0 d:/nxp/lpcxpresso_8.2.2_650/lpcxpresso/tools/bin/../lib/gcc/arm-none-eabi/5.4.1/../../../../arm-none-eabi/lib/armv7-m\libm.a(lib_a-e_sqrt.o)
 .text.__ieee754_sqrt
                0x0000bcf0      0x188 d:/nxp/lpcxpresso_8.2.2_650/lpcxpresso/tools/bin/../lib/gcc/arm-none-eabi/5.4.1/../../../../arm-none-eabi/lib/armv7-m\libm.a(lib_a-e_sqrt.o)
                0x0000bcf0                __ieee754_sqrt
 .text          0x0000be78        0x0 d:/nxp/lpcxpresso_8.2.2_650/lpcxpresso/tools/bin/../lib/gcc/arm-none-eabi/5.4.1/../../../../arm-none-eabi/lib/armv7-m\libm.a(lib_a-s_lib_ver.o)
 .text          0x0000be78        0x0 d:/nxp/lpcxpresso_8.2.2_650/lpcxpresso/tools/bin/../lib/gcc/arm-none-eabi/5.4.1/../../../../arm-none-eabi/lib/armv7-m\libm.a(lib_a-s_matherr.o)
 .text.matherr  0x0000be78        0x4 d:/nxp/lpcxpresso_8.2.2_650/lpcxpresso/tools/bin/../lib/gcc/arm-none-eabi/5.4.1/../../../../arm-none-eabi/lib/armv7-m\libm.a(lib_a-s_matherr.o)
                0x0000be78                matherr
 .text          0x0000be7c        0x0 d:/nxp/lpcxpresso_8.2.2_650/lpcxpresso/tools/bin/../lib/gcc/arm-none-eabi/5.4.1/../../../../arm-none-eabi/lib/armv7-m\libcr_newlib_nohost.a(_cr_sbrk.o)
 .text._sbrk    0x0000be7c       0x3c d:/nxp/lpcxpresso_8.2.2_650/lpcxpresso/tools/bin/../lib/gcc/arm-none-eabi/5.4.1/../../../../arm-none-eabi/lib/armv7-m\libcr_newlib_nohost.a(_cr_sbrk.o)
                0x0000be7c                _sbrk
 .text          0x0000beb8        0x0 d:/nxp/lpcxpresso_8.2.2_650/lpcxpresso/tools/bin/../lib/gcc/arm-none-eabi/5.4.1/../../../../arm-none-eabi/lib/armv7-m\libcr_newlib_nohost.a(close.o)
 .text._close   0x0000beb8       0x10 d:/nxp/lpcxpresso_8.2.2_650/lpcxpresso/tools/bin/../lib/gcc/arm-none-eabi/5.4.1/../../../../arm-none-eabi/lib/armv7-m\libcr_newlib_nohost.a(close.o)
                0x0000beb8                _close
 .text          0x0000bec8        0x0 d:/nxp/lpcxpresso_8.2.2_650/lpcxpresso/tools/bin/../lib/gcc/arm-none-eabi/5.4.1/../../../../arm-none-eabi/lib/armv7-m\libcr_newlib_nohost.a(fstat.o)
 .text._fstat   0x0000bec8       0x10 d:/nxp/lpcxpresso_8.2.2_650/lpcxpresso/tools/bin/../lib/gcc/arm-none-eabi/5.4.1/../../../../arm-none-eabi/lib/armv7-m\libcr_newlib_nohost.a(fstat.o)
                0x0000bec8                _fstat
 .text          0x0000bed8        0x0 d:/nxp/lpcxpresso_8.2.2_650/lpcxpresso/tools/bin/../lib/gcc/arm-none-eabi/5.4.1/../../../../arm-none-eabi/lib/armv7-m\libcr_newlib_nohost.a(isatty.o)
 .text._isatty  0x0000bed8       0x10 d:/nxp/lpcxpresso_8.2.2_650/lpcxpresso/tools/bin/../lib/gcc/arm-none-eabi/5.4.1/../../../../arm-none-eabi/lib/armv7-m\libcr_newlib_nohost.a(isatty.o)
                0x0000bed8                _isatty
 .text          0x0000bee8        0x0 d:/nxp/lpcxpresso_8.2.2_650/lpcxpresso/tools/bin/../lib/gcc/arm-none-eabi/5.4.1/../../../../arm-none-eabi/lib/armv7-m\libcr_newlib_nohost.a(lseek.o)
 .text._lseek   0x0000bee8       0x10 d:/nxp/lpcxpresso_8.2.2_650/lpcxpresso/tools/bin/../lib/gcc/arm-none-eabi/5.4.1/../../../../arm-none-eabi/lib/armv7-m\libcr_newlib_nohost.a(lseek.o)
                0x0000bee8                _lseek
 .text          0x0000bef8        0x0 d:/nxp/lpcxpresso_8.2.2_650/lpcxpresso/tools/bin/../lib/gcc/arm-none-eabi/5.4.1/../../../../arm-none-eabi/lib/armv7-m\libcr_newlib_nohost.a(read.o)
 .text._read    0x0000bef8       0x10 d:/nxp/lpcxpresso_8.2.2_650/lpcxpresso/tools/bin/../lib/gcc/arm-none-eabi/5.4.1/../../../../arm-none-eabi/lib/armv7-m\libcr_newlib_nohost.a(read.o)
                0x0000bef8                _read
 .text          0x0000bf08        0x0 d:/nxp/lpcxpresso_8.2.2_650/lpcxpresso/tools/bin/../lib/gcc/arm-none-eabi/5.4.1/../../../../arm-none-eabi/lib/armv7-m\libcr_newlib_nohost.a(write.o)
 .text._write   0x0000bf08       0x10 d:/nxp/lpcxpresso_8.2.2_650/lpcxpresso/tools/bin/../lib/gcc/arm-none-eabi/5.4.1/../../../../arm-none-eabi/lib/armv7-m\libcr_newlib_nohost.a(write.o)
                0x0000bf08                _write
 .text          0x0000bf18        0x0 d:/nxp/lpcxpresso_8.2.2_650/lpcxpresso/tools/bin/../lib/gcc/arm-none-eabi/5.4.1/../../../../arm-none-eabi/lib/armv7-m\libcr_newlib_nohost.a(_cr_check_heap.o)
 .text.__check_heap_overflow
                0x0000bf18       0x18 d:/nxp/lpcxpresso_8.2.2_650/lpcxpresso/tools/bin/../lib/gcc/arm-none-eabi/5.4.1/../../../../arm-none-eabi/lib/armv7-m\libcr_newlib_nohost.a(_cr_check_heap.o)
                0x0000bf18                __check_heap_overflow
 .text          0x0000bf30      0x424 d:/nxp/lpcxpresso_8.2.2_650/lpcxpresso/tools/bin/../lib/gcc/arm-none-eabi/5.4.1/armv7-m\libgcc.a(_arm_muldivdf3.o)
                0x0000bf30                __aeabi_dmul
                0x0000bf30                __muldf3
                0x0000c184                __divdf3
                0x0000c184                __aeabi_ddiv
 .text          0x0000c354      0x110 d:/nxp/lpcxpresso_8.2.2_650/lpcxpresso/tools/bin/../lib/gcc/arm-none-eabi/5.4.1/armv7-m\libgcc.a(_arm_cmpdf2.o)
                0x0000c354                __gtdf2
                0x0000c354                __gedf2
                0x0000c35c                __ltdf2
                0x0000c35c                __ledf2
                0x0000c364                __nedf2
                0x0000c364                __eqdf2
                0x0000c364                __cmpdf2
                0x0000c3e0                __aeabi_cdrcmple
                0x0000c3f0                __aeabi_cdcmpeq
                0x0000c3f0                __aeabi_cdcmple
                0x0000c400                __aeabi_dcmpeq
                0x0000c414                __aeabi_dcmplt
                0x0000c428                __aeabi_dcmple
                0x0000c43c                __aeabi_dcmpge
                0x0000c450                __aeabi_dcmpgt
 .text          0x0000c464       0x2c d:/nxp/lpcxpresso_8.2.2_650/lpcxpresso/tools/bin/../lib/gcc/arm-none-eabi/5.4.1/armv7-m\libgcc.a(_arm_unorddf2.o)
                0x0000c464                __unorddf2
                0x0000c464                __aeabi_dcmpun
 .text          0x0000c490       0x50 d:/nxp/lpcxpresso_8.2.2_650/lpcxpresso/tools/bin/../lib/gcc/arm-none-eabi/5.4.1/armv7-m\libgcc.a(_arm_fixdfsi.o)
                0x0000c490                __aeabi_d2iz
                0x0000c490                __fixdfsi
 .text          0x0000c4e0       0x30 d:/nxp/lpcxpresso_8.2.2_650/lpcxpresso/tools/bin/../lib/gcc/arm-none-eabi/5.4.1/armv7-m\libgcc.a(_aeabi_uldivmod.o)
                0x0000c4e0                __aeabi_uldivmod
 .text          0x0000c510      0x2ec d:/nxp/lpcxpresso_8.2.2_650/lpcxpresso/tools/bin/../lib/gcc/arm-none-eabi/5.4.1/armv7-m\libgcc.a(_udivmoddi4.o)
                0x0000c510                __udivmoddi4
 .text          0x0000c7fc        0x4 d:/nxp/lpcxpresso_8.2.2_650/lpcxpresso/tools/bin/../lib/gcc/arm-none-eabi/5.4.1/armv7-m\libgcc.a(_dvmd_tls.o)
                0x0000c7fc                __aeabi_idiv0
                0x0000c7fc                __aeabi_ldiv0
 .text          0x0000c800        0x0 d:/nxp/lpcxpresso_8.2.2_650/lpcxpresso/tools/bin/../lib/gcc/arm-none-eabi/5.4.1/../../../../arm-none-eabi/lib/armv7-m\libc.a(lib_a-errno.o)
 .text.__errno  0x0000c800        0xc d:/nxp/lpcxpresso_8.2.2_650/lpcxpresso/tools/bin/../lib/gcc/arm-none-eabi/5.4.1/../../../../arm-none-eabi/lib/armv7-m\libc.a(lib_a-errno.o)
                0x0000c800                __errno
 *(.rodata .rodata.* .constdata .constdata.*)
 .rodata.str1.1
                0x0000c80c       0x8c ./src/pi7/interpretador_comando/interpretador_comando.o
 .rodata.str1.1
                0x0000c898       0x15 ./src/pi7/controlador_trajetoria/controlador_trajetoria.o
 .rodata.str1.1
                0x0000c8ad        0xd ./src/pi7/comunicacao_pic/comunicacao_pic.o
 .rodata.str1.1
                0x0000c8ba       0x11 ./src/pi7/comunicacao_pc/modbus.o
 *fill*         0x0000c8cb        0x1 ff
 .rodata.DELAY_1MS
                0x0000c8cc        0x4 ./src/main.o
                0x0000c8cc                DELAY_1MS
 .rodata.DELAY_1SEC
                0x0000c8d0        0x4 ./src/main.o
                0x0000c8d0                DELAY_1SEC
 .rodata.DELAY_500MS
                0x0000c8d4        0x4 ./src/main.o
                0x0000c8d4                DELAY_500MS
 .rodata.str1.1
                0x0000c8d8       0x5b ./src/main.o
 *fill*         0x0000c933        0x1 ff
 .rodata.DELAY_10MS
                0x0000c934        0x4 ./src/main.o
                0x0000c934                DELAY_10MS
 .rodata.DELAY_200MS
                0x0000c938        0x4 ./src/main.o
                0x0000c938                DELAY_200MS
 .rodata.DELAY_50MS
                0x0000c93c        0x4 ./src/main.o
                0x0000c93c                DELAY_50MS
 .rodata.str1.1
                0x0000c940       0x17 ./FreeRTOS_src/tasks.o
                                 0x1a (size before relaxing)
 *fill*         0x0000c957        0x1 ff
 .rodata.ulKernelPriority
                0x0000c958        0x4 ./FreeRTOS_portable/port.o
                0x0000c958                ulKernelPriority
 .rodata.blanks.7055
                0x0000c95c       0x10 d:/nxp/lpcxpresso_8.2.2_650/lpcxpresso/tools/bin/../lib/gcc/arm-none-eabi/5.4.1/../../../../arm-none-eabi/lib/armv7-m\libc.a(lib_a-svfprintf.o)
 .rodata.str1.4
                0x0000c96c       0x42 d:/nxp/lpcxpresso_8.2.2_650/lpcxpresso/tools/bin/../lib/gcc/arm-none-eabi/5.4.1/../../../../arm-none-eabi/lib/armv7-m\libc.a(lib_a-svfprintf.o)
 *fill*         0x0000c9ae        0x2 ff
 .rodata.zeroes.7056
                0x0000c9b0       0x10 d:/nxp/lpcxpresso_8.2.2_650/lpcxpresso/tools/bin/../lib/gcc/arm-none-eabi/5.4.1/../../../../arm-none-eabi/lib/armv7-m\libc.a(lib_a-svfprintf.o)
 .rodata.blanks.7070
                0x0000c9c0       0x10 d:/nxp/lpcxpresso_8.2.2_650/lpcxpresso/tools/bin/../lib/gcc/arm-none-eabi/5.4.1/../../../../arm-none-eabi/lib/armv7-m\libc.a(lib_a-vfprintf.o)
 .rodata.str1.4
                0x0000c9d0       0x42 d:/nxp/lpcxpresso_8.2.2_650/lpcxpresso/tools/bin/../lib/gcc/arm-none-eabi/5.4.1/../../../../arm-none-eabi/lib/armv7-m\libc.a(lib_a-vfprintf.o)
 .rodata.zeroes.7071
                0x0000c9d0       0x10 d:/nxp/lpcxpresso_8.2.2_650/lpcxpresso/tools/bin/../lib/gcc/arm-none-eabi/5.4.1/../../../../arm-none-eabi/lib/armv7-m\libc.a(lib_a-vfprintf.o)
 .rodata.str1.4
                0x0000c9e0       0x10 d:/nxp/lpcxpresso_8.2.2_650/lpcxpresso/tools/bin/../lib/gcc/arm-none-eabi/5.4.1/../../../../arm-none-eabi/lib/armv7-m\libc.a(lib_a-dtoa.o)
                                 0x12 (size before relaxing)
 .rodata.str1.4
                0x0000c9f0        0x2 d:/nxp/lpcxpresso_8.2.2_650/lpcxpresso/tools/bin/../lib/gcc/arm-none-eabi/5.4.1/../../../../arm-none-eabi/lib/armv7-m\libc.a(lib_a-impure.o)
 *fill*         0x0000c9f2        0x2 ff
 .rodata._global_impure_ptr
                0x0000c9f4        0x4 d:/nxp/lpcxpresso_8.2.2_650/lpcxpresso/tools/bin/../lib/gcc/arm-none-eabi/5.4.1/../../../../arm-none-eabi/lib/armv7-m\libc.a(lib_a-impure.o)
                0x0000c9f4                _global_impure_ptr
 .rodata.str1.4
                0x0000c9f8        0xa d:/nxp/lpcxpresso_8.2.2_650/lpcxpresso/tools/bin/../lib/gcc/arm-none-eabi/5.4.1/../../../../arm-none-eabi/lib/armv7-m\libc.a(lib_a-locale.o)
                                 0x12 (size before relaxing)
 *fill*         0x0000ca02        0x6 ff
 .rodata.__mprec_tens
                0x0000ca08       0xc8 d:/nxp/lpcxpresso_8.2.2_650/lpcxpresso/tools/bin/../lib/gcc/arm-none-eabi/5.4.1/../../../../arm-none-eabi/lib/armv7-m\libc.a(lib_a-mprec.o)
                0x0000ca08                __mprec_tens
 .rodata.__mprec_bigtens
                0x0000cad0       0x28 d:/nxp/lpcxpresso_8.2.2_650/lpcxpresso/tools/bin/../lib/gcc/arm-none-eabi/5.4.1/../../../../arm-none-eabi/lib/armv7-m\libc.a(lib_a-mprec.o)
                0x0000cad0                __mprec_bigtens
 .rodata.__mprec_tinytens
                0x0000caf8       0x28 d:/nxp/lpcxpresso_8.2.2_650/lpcxpresso/tools/bin/../lib/gcc/arm-none-eabi/5.4.1/../../../../arm-none-eabi/lib/armv7-m\libc.a(lib_a-mprec.o)
                0x0000caf8                __mprec_tinytens
 .rodata.p05.5396
                0x0000cb20        0xc d:/nxp/lpcxpresso_8.2.2_650/lpcxpresso/tools/bin/../lib/gcc/arm-none-eabi/5.4.1/../../../../arm-none-eabi/lib/armv7-m\libc.a(lib_a-mprec.o)
 .rodata.blanks.6999
                0x0000cb2c       0x10 d:/nxp/lpcxpresso_8.2.2_650/lpcxpresso/tools/bin/../lib/gcc/arm-none-eabi/5.4.1/../../../../arm-none-eabi/lib/armv7-m\libc.a(lib_a-svfiprintf.o)
 .rodata.str1.4
                0x0000cb3c       0x2f d:/nxp/lpcxpresso_8.2.2_650/lpcxpresso/tools/bin/../lib/gcc/arm-none-eabi/5.4.1/../../../../arm-none-eabi/lib/armv7-m\libc.a(lib_a-svfiprintf.o)
 .rodata.zeroes.7000
                0x0000cb3c       0x10 d:/nxp/lpcxpresso_8.2.2_650/lpcxpresso/tools/bin/../lib/gcc/arm-none-eabi/5.4.1/../../../../arm-none-eabi/lib/armv7-m\libc.a(lib_a-svfiprintf.o)
 .rodata.blanks.7013
                0x0000cb4c       0x10 d:/nxp/lpcxpresso_8.2.2_650/lpcxpresso/tools/bin/../lib/gcc/arm-none-eabi/5.4.1/../../../../arm-none-eabi/lib/armv7-m\libc.a(lib_a-vfiprintf.o)
 .rodata.str1.4
                0x0000cb5c       0x2f d:/nxp/lpcxpresso_8.2.2_650/lpcxpresso/tools/bin/../lib/gcc/arm-none-eabi/5.4.1/../../../../arm-none-eabi/lib/armv7-m\libc.a(lib_a-vfiprintf.o)
 .rodata.zeroes.7014
                0x0000cb5c       0x10 d:/nxp/lpcxpresso_8.2.2_650/lpcxpresso/tools/bin/../lib/gcc/arm-none-eabi/5.4.1/../../../../arm-none-eabi/lib/armv7-m\libc.a(lib_a-vfiprintf.o)
 .rodata.str1.4
                0x0000cb6c        0x8 d:/nxp/lpcxpresso_8.2.2_650/lpcxpresso/tools/bin/../lib/gcc/arm-none-eabi/5.4.1/../../../../arm-none-eabi/lib/armv7-m\libm.a(lib_a-w_sqrt.o)
                                  0x5 (size before relaxing)
                0x0000cb8c                . = ALIGN (0x4)

.glue_7         0x0000cb74        0x0
 .glue_7        0x0000cb74        0x0 linker stubs

.glue_7t        0x0000cb74        0x0
 .glue_7t       0x0000cb74        0x0 linker stubs

.vfp11_veneer   0x0000cb74        0x0
 .vfp11_veneer  0x0000cb74        0x0 linker stubs

.v4_bx          0x0000cb74        0x0
 .v4_bx         0x0000cb74        0x0 linker stubs

.iplt           0x0000cb74        0x0
 .iplt          0x0000cb74        0x0 ./src/pi7/programa_trajetoria/programa_trajetoria.o

.ARM.extab      0x0000cb74        0x0
 *(.ARM.extab* .gnu.linkonce.armextab.*)
 .ARM.extab     0x0000cb74        0x0 d:/nxp/lpcxpresso_8.2.2_650/lpcxpresso/tools/bin/../lib/gcc/arm-none-eabi/5.4.1/armv7-m\libgcc.a(_udivmoddi4.o)
                0x0000cb74                __exidx_start = .

.ARM.exidx      0x0000cb74        0x8
 *(.ARM.exidx* .gnu.linkonce.armexidx.*)
 .ARM.exidx     0x0000cb74        0x8 d:/nxp/lpcxpresso_8.2.2_650/lpcxpresso/tools/bin/../lib/gcc/arm-none-eabi/5.4.1/armv7-m\libgcc.a(_udivmoddi4.o)
                0x0000cb7c                __exidx_end = .
                0x0000cb7c                _etext = .

.rel.dyn        0x0000cb7c        0x0
 .rel.iplt      0x0000cb7c        0x0 ./src/pi7/programa_trajetoria/programa_trajetoria.o

.data_RAM2      0x2007c000        0x0 load address 0x0000cb7c
 FILL mask 0xff
                [!provide]                PROVIDE (__start_data_RAM2, .)
 *(.ramfunc.$RAM2)
 *(.ramfunc.$RamAHB32)
 *(.data.$RAM2*)
 *(.data.$RamAHB32*)
                0x2007c000                . = ALIGN (0x4)
                [!provide]                PROVIDE (__end_data_RAM2, .)

.uninit_RESERVED
                0x10000000        0x0
 *(.bss.$RESERVED*)
                0x10000000                . = ALIGN (0x4)
                0x10000000                _end_uninit_RESERVED = .

.data           0x10000000      0x8f8 load address 0x0000cb7c
 FILL mask 0xff
                0x10000000                _data = .
 *(vtable)
 *(.ramfunc*)
 *(.data*)
 .data          0x10000000        0x0 ./src/pi7/programa_trajetoria/programa_trajetoria.o
 .data          0x10000000        0x0 ./src/pi7/interpretador_comando/interpretador_comando.o
 .data          0x10000000        0x0 ./src/pi7/estado_trajetoria/estado_trajetoria.o
 .data          0x10000000        0x0 ./src/pi7/controlador_trajetoria/controlador_trajetoria.o
 .data          0x10000000        0x0 ./src/pi7/comunicacao_pic/comunicacao_pic.o
 .data          0x10000000        0x0 ./src/pi7/comunicacao_pc/modbus.o
 .data          0x10000000        0x0 ./src/drivers/uart/uart.o
 .data.UART0TxEmpty
                0x10000000        0x1 ./src/drivers/uart/uart.o
                0x10000000                UART0TxEmpty
 .data.UART1TxEmpty
                0x10000001        0x1 ./src/drivers/uart/uart.o
                0x10000001                UART1TxEmpty
 .data          0x10000002        0x0 ./src/drivers/spi/spi.o
 .data          0x10000002        0x0 ./src/drivers/pwm/pwm.o
 .data          0x10000002        0x0 ./src/drivers/ledonboard/leds.o
 .data          0x10000002        0x0 ./src/cr_startup_lpc17.o
 .data          0x10000002        0x0 ./src/main.o
 .data.msgReadRegister
                0x10000002        0xd ./src/main.o
                0x10000002                msgReadRegister
 .data.msgWriteRegister
                0x1000000f        0xf ./src/main.o
                0x1000000f                msgWriteRegister
 .data          0x1000001e        0x0 ./FreeRTOS_src/croutine.o
 .data          0x1000001e        0x0 ./FreeRTOS_src/list.o
 .data          0x1000001e        0x0 ./FreeRTOS_src/queue.o
 .data          0x1000001e        0x0 ./FreeRTOS_src/tasks.o
 *fill*         0x1000001e        0x2 ff
 .data.uxPreviousTask
                0x10000020        0x4 ./FreeRTOS_src/tasks.o
 .data.xNextTaskUnblockTime
                0x10000024        0x4 ./FreeRTOS_src/tasks.o
 .data          0x10000028        0x0 ./FreeRTOS_src/timers.o
 .data          0x10000028        0x0 ./FreeRTOS_portable/MemMang/heap_2.o
 .data.xFreeBytesRemaining
                0x10000028        0x4 ./FreeRTOS_portable/MemMang/heap_2.o
 .data          0x1000002c        0x0 ./FreeRTOS_portable/port.o
 .data.uxCriticalNesting
                0x1000002c        0x4 ./FreeRTOS_portable/port.o
 .data          0x10000030        0x4 ../Libraries\libCMSISv2_LPC17xx.a(system_LPC17xx.o)
                0x10000030                SystemFrequency
 .data          0x10000034        0x0 d:/nxp/lpcxpresso_8.2.2_650/lpcxpresso/tools/bin/../lib/gcc/arm-none-eabi/5.4.1/armv7-m\libgcc.a(_arm_addsubdf3.o)
 .data          0x10000034        0x0 d:/nxp/lpcxpresso_8.2.2_650/lpcxpresso/tools/bin/../lib/gcc/arm-none-eabi/5.4.1/armv7-m\libgcc.a(_arm_truncdfsf2.o)
 .data          0x10000034        0x0 d:/nxp/lpcxpresso_8.2.2_650/lpcxpresso/tools/bin/../lib/gcc/arm-none-eabi/5.4.1/armv7-m\libgcc.a(_arm_addsubsf3.o)
 .data          0x10000034        0x0 d:/nxp/lpcxpresso_8.2.2_650/lpcxpresso/tools/bin/../lib/gcc/arm-none-eabi/5.4.1/armv7-m\libgcc.a(_arm_muldivsf3.o)
 .data          0x10000034        0x0 d:/nxp/lpcxpresso_8.2.2_650/lpcxpresso/tools/bin/../lib/gcc/arm-none-eabi/5.4.1/armv7-m\libgcc.a(_arm_fixsfsi.o)
 .data          0x10000034        0x0 d:/nxp/lpcxpresso_8.2.2_650/lpcxpresso/tools/bin/../lib/gcc/arm-none-eabi/5.4.1/../../../../arm-none-eabi/lib/armv7-m\libc.a(lib_a-memcpy.o)
 .data          0x10000034        0x0 d:/nxp/lpcxpresso_8.2.2_650/lpcxpresso/tools/bin/../lib/gcc/arm-none-eabi/5.4.1/../../../../arm-none-eabi/lib/armv7-m\libc.a(lib_a-memset.o)
 .data          0x10000034        0x0 d:/nxp/lpcxpresso_8.2.2_650/lpcxpresso/tools/bin/../lib/gcc/arm-none-eabi/5.4.1/../../../../arm-none-eabi/lib/armv7-m\libc.a(lib_a-printf.o)
 .data          0x10000034        0x0 d:/nxp/lpcxpresso_8.2.2_650/lpcxpresso/tools/bin/../lib/gcc/arm-none-eabi/5.4.1/../../../../arm-none-eabi/lib/armv7-m\libc.a(lib_a-sprintf.o)
 .data          0x10000034        0x0 d:/nxp/lpcxpresso_8.2.2_650/lpcxpresso/tools/bin/../lib/gcc/arm-none-eabi/5.4.1/../../../../arm-none-eabi/lib/armv7-m\libc.a(lib_a-strcat.o)
 .data          0x10000034        0x0 d:/nxp/lpcxpresso_8.2.2_650/lpcxpresso/tools/bin/../lib/gcc/arm-none-eabi/5.4.1/../../../../arm-none-eabi/lib/armv7-m\libc.a(lib_a-strcpy.o)
 .data          0x10000034        0x0 d:/nxp/lpcxpresso_8.2.2_650/lpcxpresso/tools/bin/../lib/gcc/arm-none-eabi/5.4.1/../../../../arm-none-eabi/lib/armv7-m\libc.a(lib_a-strncpy.o)
 .data          0x10000034        0x0 d:/nxp/lpcxpresso_8.2.2_650/lpcxpresso/tools/bin/../lib/gcc/arm-none-eabi/5.4.1/../../../../arm-none-eabi/lib/armv7-m\libc.a(lib_a-svfprintf.o)
 .data          0x10000034        0x0 d:/nxp/lpcxpresso_8.2.2_650/lpcxpresso/tools/bin/../lib/gcc/arm-none-eabi/5.4.1/../../../../arm-none-eabi/lib/armv7-m\libc.a(lib_a-vfprintf.o)
 .data          0x10000034        0x0 d:/nxp/lpcxpresso_8.2.2_650/lpcxpresso/tools/bin/../lib/gcc/arm-none-eabi/5.4.1/../../../../arm-none-eabi/lib/armv7-m\libc.a(lib_a-wsetup.o)
 .data          0x10000034        0x0 d:/nxp/lpcxpresso_8.2.2_650/lpcxpresso/tools/bin/../lib/gcc/arm-none-eabi/5.4.1/../../../../arm-none-eabi/lib/armv7-m\libc.a(lib_a-dtoa.o)
 .data          0x10000034        0x0 d:/nxp/lpcxpresso_8.2.2_650/lpcxpresso/tools/bin/../lib/gcc/arm-none-eabi/5.4.1/../../../../arm-none-eabi/lib/armv7-m\libc.a(lib_a-fflush.o)
 .data          0x10000034        0x0 d:/nxp/lpcxpresso_8.2.2_650/lpcxpresso/tools/bin/../lib/gcc/arm-none-eabi/5.4.1/../../../../arm-none-eabi/lib/armv7-m\libc.a(lib_a-findfp.o)
 .data          0x10000034        0x0 d:/nxp/lpcxpresso_8.2.2_650/lpcxpresso/tools/bin/../lib/gcc/arm-none-eabi/5.4.1/../../../../arm-none-eabi/lib/armv7-m\libc.a(lib_a-freer.o)
 .data          0x10000034        0x0 d:/nxp/lpcxpresso_8.2.2_650/lpcxpresso/tools/bin/../lib/gcc/arm-none-eabi/5.4.1/../../../../arm-none-eabi/lib/armv7-m\libc.a(lib_a-fwalk.o)
 .data          0x10000034        0x0 d:/nxp/lpcxpresso_8.2.2_650/lpcxpresso/tools/bin/../lib/gcc/arm-none-eabi/5.4.1/../../../../arm-none-eabi/lib/armv7-m\libc.a(lib_a-impure.o)
 *fill*         0x10000034        0x4 ff
 .data.impure_data
                0x10000038      0x428 d:/nxp/lpcxpresso_8.2.2_650/lpcxpresso/tools/bin/../lib/gcc/arm-none-eabi/5.4.1/../../../../arm-none-eabi/lib/armv7-m\libc.a(lib_a-impure.o)
 .data._impure_ptr
                0x10000460        0x4 d:/nxp/lpcxpresso_8.2.2_650/lpcxpresso/tools/bin/../lib/gcc/arm-none-eabi/5.4.1/../../../../arm-none-eabi/lib/armv7-m\libc.a(lib_a-impure.o)
                0x10000460                _impure_ptr
 .data          0x10000464        0x0 d:/nxp/lpcxpresso_8.2.2_650/lpcxpresso/tools/bin/../lib/gcc/arm-none-eabi/5.4.1/../../../../arm-none-eabi/lib/armv7-m\libc.a(lib_a-locale.o)
 .data.lc_message_charset
                0x10000464       0x20 d:/nxp/lpcxpresso_8.2.2_650/lpcxpresso/tools/bin/../lib/gcc/arm-none-eabi/5.4.1/../../../../arm-none-eabi/lib/armv7-m\libc.a(lib_a-locale.o)
 .data.lconv    0x10000484       0x38 d:/nxp/lpcxpresso_8.2.2_650/lpcxpresso/tools/bin/../lib/gcc/arm-none-eabi/5.4.1/../../../../arm-none-eabi/lib/armv7-m\libc.a(lib_a-locale.o)
 .data.lc_ctype_charset
                0x100004bc       0x20 d:/nxp/lpcxpresso_8.2.2_650/lpcxpresso/tools/bin/../lib/gcc/arm-none-eabi/5.4.1/../../../../arm-none-eabi/lib/armv7-m\libc.a(lib_a-locale.o)
 .data.__mb_cur_max
                0x100004dc        0x4 d:/nxp/lpcxpresso_8.2.2_650/lpcxpresso/tools/bin/../lib/gcc/arm-none-eabi/5.4.1/../../../../arm-none-eabi/lib/armv7-m\libc.a(lib_a-locale.o)
                0x100004dc                __mb_cur_max
 .data          0x100004e0        0x0 d:/nxp/lpcxpresso_8.2.2_650/lpcxpresso/tools/bin/../lib/gcc/arm-none-eabi/5.4.1/../../../../arm-none-eabi/lib/armv7-m\libc.a(lib_a-makebuf.o)
 .data          0x100004e0        0x0 d:/nxp/lpcxpresso_8.2.2_650/lpcxpresso/tools/bin/../lib/gcc/arm-none-eabi/5.4.1/../../../../arm-none-eabi/lib/armv7-m\libc.a(lib_a-mallocr.o)
 .data.__malloc_av_
                0x100004e0      0x408 d:/nxp/lpcxpresso_8.2.2_650/lpcxpresso/tools/bin/../lib/gcc/arm-none-eabi/5.4.1/../../../../arm-none-eabi/lib/armv7-m\libc.a(lib_a-mallocr.o)
                0x100004e0                __malloc_av_
 .data.__malloc_trim_threshold
                0x100008e8        0x4 d:/nxp/lpcxpresso_8.2.2_650/lpcxpresso/tools/bin/../lib/gcc/arm-none-eabi/5.4.1/../../../../arm-none-eabi/lib/armv7-m\libc.a(lib_a-mallocr.o)
                0x100008e8                __malloc_trim_threshold
 .data.__malloc_sbrk_base
                0x100008ec        0x4 d:/nxp/lpcxpresso_8.2.2_650/lpcxpresso/tools/bin/../lib/gcc/arm-none-eabi/5.4.1/../../../../arm-none-eabi/lib/armv7-m\libc.a(lib_a-mallocr.o)
                0x100008ec                __malloc_sbrk_base
 .data          0x100008f0        0x0 d:/nxp/lpcxpresso_8.2.2_650/lpcxpresso/tools/bin/../lib/gcc/arm-none-eabi/5.4.1/../../../../arm-none-eabi/lib/armv7-m\libc.a(lib_a-memchr-stub.o)
 .data          0x100008f0        0x0 d:/nxp/lpcxpresso_8.2.2_650/lpcxpresso/tools/bin/../lib/gcc/arm-none-eabi/5.4.1/../../../../arm-none-eabi/lib/armv7-m\libc.a(lib_a-mlock.o)
 .data          0x100008f0        0x0 d:/nxp/lpcxpresso_8.2.2_650/lpcxpresso/tools/bin/../lib/gcc/arm-none-eabi/5.4.1/../../../../arm-none-eabi/lib/armv7-m\libc.a(lib_a-mprec.o)
 .data          0x100008f0        0x0 d:/nxp/lpcxpresso_8.2.2_650/lpcxpresso/tools/bin/../lib/gcc/arm-none-eabi/5.4.1/../../../../arm-none-eabi/lib/armv7-m\libc.a(lib_a-sbrkr.o)
 .data          0x100008f0        0x0 d:/nxp/lpcxpresso_8.2.2_650/lpcxpresso/tools/bin/../lib/gcc/arm-none-eabi/5.4.1/../../../../arm-none-eabi/lib/armv7-m\libc.a(lib_a-stdio.o)
 .data          0x100008f0        0x0 d:/nxp/lpcxpresso_8.2.2_650/lpcxpresso/tools/bin/../lib/gcc/arm-none-eabi/5.4.1/../../../../arm-none-eabi/lib/armv7-m\libc.a(lib_a-strcmp.o)
 .data          0x100008f0        0x0 d:/nxp/lpcxpresso_8.2.2_650/lpcxpresso/tools/bin/../lib/gcc/arm-none-eabi/5.4.1/../../../../arm-none-eabi/lib/armv7-m\libc.a(lib_a-strlen-stub.o)
 .data          0x100008f0        0x0 d:/nxp/lpcxpresso_8.2.2_650/lpcxpresso/tools/bin/../lib/gcc/arm-none-eabi/5.4.1/../../../../arm-none-eabi/lib/armv7-m\libc.a(lib_a-svfiprintf.o)
 .data          0x100008f0        0x0 d:/nxp/lpcxpresso_8.2.2_650/lpcxpresso/tools/bin/../lib/gcc/arm-none-eabi/5.4.1/../../../../arm-none-eabi/lib/armv7-m\libc.a(lib_a-vfiprintf.o)
 .data          0x100008f0        0x0 d:/nxp/lpcxpresso_8.2.2_650/lpcxpresso/tools/bin/../lib/gcc/arm-none-eabi/5.4.1/../../../../arm-none-eabi/lib/armv7-m\libc.a(lib_a-writer.o)
 .data          0x100008f0        0x0 d:/nxp/lpcxpresso_8.2.2_650/lpcxpresso/tools/bin/../lib/gcc/arm-none-eabi/5.4.1/../../../../arm-none-eabi/lib/armv7-m\libc.a(lib_a-callocr.o)
 .data          0x100008f0        0x0 d:/nxp/lpcxpresso_8.2.2_650/lpcxpresso/tools/bin/../lib/gcc/arm-none-eabi/5.4.1/../../../../arm-none-eabi/lib/armv7-m\libc.a(lib_a-closer.o)
 .data          0x100008f0        0x0 d:/nxp/lpcxpresso_8.2.2_650/lpcxpresso/tools/bin/../lib/gcc/arm-none-eabi/5.4.1/../../../../arm-none-eabi/lib/armv7-m\libc.a(lib_a-fclose.o)
 .data          0x100008f0        0x0 d:/nxp/lpcxpresso_8.2.2_650/lpcxpresso/tools/bin/../lib/gcc/arm-none-eabi/5.4.1/../../../../arm-none-eabi/lib/armv7-m\libc.a(lib_a-fputwc.o)
 .data          0x100008f0        0x0 d:/nxp/lpcxpresso_8.2.2_650/lpcxpresso/tools/bin/../lib/gcc/arm-none-eabi/5.4.1/../../../../arm-none-eabi/lib/armv7-m\libc.a(lib_a-fstatr.o)
 .data          0x100008f0        0x0 d:/nxp/lpcxpresso_8.2.2_650/lpcxpresso/tools/bin/../lib/gcc/arm-none-eabi/5.4.1/../../../../arm-none-eabi/lib/armv7-m\libc.a(lib_a-fvwrite.o)