Archive member included to satisfy reference by file (symbol)

../Libraries\libCMSISv2_LPC17xx.a(system_LPC17xx.o)
                              ./src/drivers/uart/uart.o (SystemFrequency)
d:/nxp/lpcxpresso_8.2.2_650/lpcxpresso/tools/bin/../lib/gcc/arm-none-eabi/5.4.1/armv7-m\libgcc.a(_arm_addsubdf3.o)
                              ./src/pi7/comunicacao_pic/comunicacao_pic.o (__aeabi_f2d)
d:/nxp/lpcxpresso_8.2.2_650/lpcxpresso/tools/bin/../lib/gcc/arm-none-eabi/5.4.1/armv7-m\libgcc.a(_arm_fixsfsi.o)
                              ./src/pi7/interpretador_comando/interpretador_comando.o (__aeabi_f2iz)
d:/nxp/lpcxpresso_8.2.2_650/lpcxpresso/tools/bin/../lib/gcc/arm-none-eabi/5.4.1/../../../../arm-none-eabi/lib/armv7-m\libc.a(lib_a-memcpy.o)
                              ./src/drivers/console/alloc.o (memcpy)
d:/nxp/lpcxpresso_8.2.2_650/lpcxpresso/tools/bin/../lib/gcc/arm-none-eabi/5.4.1/../../../../arm-none-eabi/lib/armv7-m\libc.a(lib_a-memset.o)
                              ./FreeRTOS_src/tasks.o (memset)
d:/nxp/lpcxpresso_8.2.2_650/lpcxpresso/tools/bin/../lib/gcc/arm-none-eabi/5.4.1/../../../../arm-none-eabi/lib/armv7-m\libc.a(lib_a-printf.o)
                              ./src/pi7/interpretador_comando/interpretador_comando.o (printf)
d:/nxp/lpcxpresso_8.2.2_650/lpcxpresso/tools/bin/../lib/gcc/arm-none-eabi/5.4.1/../../../../arm-none-eabi/lib/armv7-m\libc.a(lib_a-sprintf.o)
                              ./src/drivers/console/basic_io.o (sprintf)
d:/nxp/lpcxpresso_8.2.2_650/lpcxpresso/tools/bin/../lib/gcc/arm-none-eabi/5.4.1/../../../../arm-none-eabi/lib/armv7-m\libc.a(lib_a-strcat.o)
                              ./FreeRTOS_src/tasks.o (strcat)
d:/nxp/lpcxpresso_8.2.2_650/lpcxpresso/tools/bin/../lib/gcc/arm-none-eabi/5.4.1/../../../../arm-none-eabi/lib/armv7-m\libc.a(lib_a-strcpy.o)
                              d:/nxp/lpcxpresso_8.2.2_650/lpcxpresso/tools/bin/../lib/gcc/arm-none-eabi/5.4.1/../../../../arm-none-eabi/lib/armv7-m\libc.a(lib_a-strcat.o) (strcpy)
d:/nxp/lpcxpresso_8.2.2_650/lpcxpresso/tools/bin/../lib/gcc/arm-none-eabi/5.4.1/../../../../arm-none-eabi/lib/armv7-m\libc.a(lib_a-strlen-stub.o)
                              ./src/drivers/console/consoleprint.o (strlen)
d:/nxp/lpcxpresso_8.2.2_650/lpcxpresso/tools/bin/../lib/gcc/arm-none-eabi/5.4.1/../../../../arm-none-eabi/lib/armv7-m\libc.a(lib_a-strncpy.o)
                              ./FreeRTOS_src/tasks.o (strncpy)
d:/nxp/lpcxpresso_8.2.2_650/lpcxpresso/tools/bin/../lib/gcc/arm-none-eabi/5.4.1/../../../../arm-none-eabi/lib/armv7-m\libc.a(lib_a-svfprintf.o)
                              d:/nxp/lpcxpresso_8.2.2_650/lpcxpresso/tools/bin/../lib/gcc/arm-none-eabi/5.4.1/../../../../arm-none-eabi/lib/armv7-m\libc.a(lib_a-sprintf.o) (_svfprintf_r)
d:/nxp/lpcxpresso_8.2.2_650/lpcxpresso/tools/bin/../lib/gcc/arm-none-eabi/5.4.1/../../../../arm-none-eabi/lib/armv7-m\libc.a(lib_a-vfprintf.o)
                              d:/nxp/lpcxpresso_8.2.2_650/lpcxpresso/tools/bin/../lib/gcc/arm-none-eabi/5.4.1/../../../../arm-none-eabi/lib/armv7-m\libc.a(lib_a-printf.o) (_vfprintf_r)
d:/nxp/lpcxpresso_8.2.2_650/lpcxpresso/tools/bin/../lib/gcc/arm-none-eabi/5.4.1/../../../../arm-none-eabi/lib/armv7-m\libc.a(lib_a-wsetup.o)
                              d:/nxp/lpcxpresso_8.2.2_650/lpcxpresso/tools/bin/../lib/gcc/arm-none-eabi/5.4.1/../../../../arm-none-eabi/lib/armv7-m\libc.a(lib_a-vfprintf.o) (__swsetup_r)
d:/nxp/lpcxpresso_8.2.2_650/lpcxpresso/tools/bin/../lib/gcc/arm-none-eabi/5.4.1/../../../../arm-none-eabi/lib/armv7-m\libc.a(lib_a-dtoa.o)
                              d:/nxp/lpcxpresso_8.2.2_650/lpcxpresso/tools/bin/../lib/gcc/arm-none-eabi/5.4.1/../../../../arm-none-eabi/lib/armv7-m\libc.a(lib_a-svfprintf.o) (_dtoa_r)
d:/nxp/lpcxpresso_8.2.2_650/lpcxpresso/tools/bin/../lib/gcc/arm-none-eabi/5.4.1/../../../../arm-none-eabi/lib/armv7-m\libc.a(lib_a-fflush.o)
                              d:/nxp/lpcxpresso_8.2.2_650/lpcxpresso/tools/bin/../lib/gcc/arm-none-eabi/5.4.1/../../../../arm-none-eabi/lib/armv7-m\libc.a(lib_a-vfprintf.o) (_fflush_r)
d:/nxp/lpcxpresso_8.2.2_650/lpcxpresso/tools/bin/../lib/gcc/arm-none-eabi/5.4.1/../../../../arm-none-eabi/lib/armv7-m\libc.a(lib_a-findfp.o)
                              d:/nxp/lpcxpresso_8.2.2_650/lpcxpresso/tools/bin/../lib/gcc/arm-none-eabi/5.4.1/../../../../arm-none-eabi/lib/armv7-m\libc.a(lib_a-vfprintf.o) (__sinit)
d:/nxp/lpcxpresso_8.2.2_650/lpcxpresso/tools/bin/../lib/gcc/arm-none-eabi/5.4.1/../../../../arm-none-eabi/lib/armv7-m\libc.a(lib_a-fwalk.o)
                              d:/nxp/lpcxpresso_8.2.2_650/lpcxpresso/tools/bin/../lib/gcc/arm-none-eabi/5.4.1/../../../../arm-none-eabi/lib/armv7-m\libc.a(lib_a-findfp.o) (_fwalk)
d:/nxp/lpcxpresso_8.2.2_650/lpcxpresso/tools/bin/../lib/gcc/arm-none-eabi/5.4.1/../../../../arm-none-eabi/lib/armv7-m\libc.a(lib_a-impure.o)
[...]
Memory Configuration

Name             Origin             Length             Attributes
MFlash512        0x00000000         0x00080000         xr
RamLoc32         0x10000000         0x00008000         xrw
RamAHB32         0x2007c000         0x00008000         xrw
*default*        0x00000000         0xffffffff

Linker script and memory map

LOAD ./src/pi7/programa_trajetoria/programa_trajetoria.o
LOAD ./src/pi7/interpretador_comando/interpretador_comando.o
LOAD ./src/pi7/estado_trajetoria/estado_trajetoria.o
LOAD ./src/pi7/controlador_trajetoria/controlador_trajetoria.o
LOAD ./src/pi7/comunicacao_pic/comunicacao_pic.o
LOAD ./src/pi7/comunicacao_pc/modbus.o
LOAD ./src/drivers/uart/uart.o
LOAD ./src/drivers/pwm/pwm.o
LOAD ./src/drivers/ledonboard/leds.o
LOAD ./src/drivers/console/alloc.o
LOAD ./src/drivers/console/basic_io.o
LOAD ./src/drivers/console/consoleprint.o
LOAD ./src/cr_startup_lpc17.o
LOAD ./src/main.o
LOAD ./FreeRTOS_src/croutine.o
LOAD ./FreeRTOS_src/list.o
LOAD ./FreeRTOS_src/queue.o
LOAD ./FreeRTOS_src/tasks.o
LOAD ./FreeRTOS_src/timers.o
LOAD ./FreeRTOS_portable/MemMang/heap_2.o
LOAD ./FreeRTOS_portable/port.o
LOAD ../Libraries\libCMSISv2_LPC17xx.a
START GROUP
LOAD d:/nxp/lpcxpresso_8.2.2_650/lpcxpresso/tools/bin/../lib/gcc/arm-none-eabi/5.4.1/armv7-m\libgcc.a
LOAD d:/nxp/lpcxpresso_8.2.2_650/lpcxpresso/tools/bin/../lib/gcc/arm-none-eabi/5.4.1/../../../../arm-none-eabi/lib/armv7-m\libc.a
LOAD d:/nxp/lpcxpresso_8.2.2_650/lpcxpresso/tools/bin/../lib/gcc/arm-none-eabi/5.4.1/../../../../arm-none-eabi/lib/armv7-m\libm.a
LOAD d:/nxp/lpcxpresso_8.2.2_650/lpcxpresso/tools/bin/../lib/gcc/arm-none-eabi/5.4.1/../../../../arm-none-eabi/lib/armv7-m\libcr_newlib_semihost.a
END GROUP
                0x00000000                __base_MFlash512 = 0x0
                0x00000000                __base_Flash = 0x0
                0x00080000                __top_MFlash512 = 0x80000
                0x00080000                __top_Flash = 0x80000
                0x10000000                __base_RamLoc32 = 0x10000000
                0x10000000                __base_RAM = 0x10000000
                0x10008000                __top_RamLoc32 = 0x10008000
                0x10008000                __top_RAM = 0x10008000
                0x2007c000                __base_RamAHB32 = 0x2007c000
                0x2007c000                __base_RAM2 = 0x2007c000
                0x20084000                __top_RamAHB32 = 0x20084000
                0x20084000                __top_RAM2 = 0x20084000

.text           0x00000000     0xb6b0
 FILL mask 0xff
                0x00000000                __vectors_start__ = ABSOLUTE (.)
 *(.isr_vector)
 .isr_vector    0x00000000       0xcc ./src/cr_startup_lpc17.o
                0x00000000                g_pfnVectors
                0x000000cc                . = ALIGN (0x4)
                0x000000cc                __section_table_start = .
                0x000000cc                __data_section_table = .
                0x000000cc        0x4 LONG 0xb6b8 LOADADDR (.data)
                0x000000d0        0x4 LONG 0x10000000 ADDR (.data)
                0x000000d4        0x4 LONG 0x4ec SIZEOF (.data)
                0x000000d8        0x4 LONG 0xb6b8 LOADADDR (.data_RAM2)
                0x000000dc        0x4 LONG 0x2007c000 ADDR (.data_RAM2)
                0x000000e0        0x4 LONG 0x0 SIZEOF (.data_RAM2)
                0x000000e4                __data_section_table_end = .
                0x000000e4                __bss_section_table = .
                0x000000e4        0x4 LONG 0x100004f0 ADDR (.bss)
                0x000000e8        0x4 LONG 0x59b0 SIZEOF (.bss)
                0x000000ec        0x4 LONG 0x2007c000 ADDR (.bss_RAM2)
                0x000000f0        0x4 LONG 0x0 SIZEOF (.bss_RAM2)
                0x000000f4                __bss_section_table_end = .
                0x000000f4                __section_table_end = .
 *(.after_vectors*)
 *(.text*)
 .text          0x000000f4        0x0 ./src/pi7/programa_trajetoria/programa_trajetoria.o
 .text.ptj_storeProgram
                0x000000f4        0x2 ./src/pi7/programa_trajetoria/programa_trajetoria.o
                0x000000f4                ptj_storeProgram
 *fill*         0x000000f6        0x2 ff
 .text.ptj_getLine
                0x000000f8       0x1c ./src/pi7/programa_trajetoria/programa_trajetoria.o
                0x000000f8                ptj_getLine
 .text.ptj_init
                0x00000114       0x1c ./src/pi7/programa_trajetoria/programa_trajetoria.o
                0x00000114                ptj_init
 .text          0x00000130        0x0 ./src/pi7/interpretador_comando/interpretador_comando.o
 .text.setAUX   0x00000130        0xc ./src/pi7/interpretador_comando/interpretador_comando.o
                0x00000130                setAUX
 .text.getAUX   0x0000013c        0xc ./src/pi7/interpretador_comando/interpretador_comando.o
                0x0000013c                getAUX
 .text.ctl_ReadRegister
                0x00000148       0x44 ./src/pi7/interpretador_comando/interpretador_comando.o
                0x00000148                ctl_ReadRegister
 .text.ctl_WriteRegister
                0x0000018c       0x64 ./src/pi7/interpretador_comando/interpretador_comando.o
                0x0000018c                ctl_WriteRegister
 .text.ctl_WriteProgram
                0x000001f0        0x4 ./src/pi7/interpretador_comando/interpretador_comando.o
                0x000001f0                ctl_WriteProgram
 .text.ctl_init
                0x000001f4        0x2 ./src/pi7/interpretador_comando/interpretador_comando.o
                0x000001f4                ctl_init
 .text          0x000001f6        0x0 ./src/pi7/estado_trajetoria/estado_trajetoria.o
 *fill*         0x000001f6        0x2 ff
 .text.stt_getCurrentLine
                0x000001f8        0xc ./src/pi7/estado_trajetoria/estado_trajetoria.o
                0x000001f8                stt_getCurrentLine
 .text.stt_setCurrentLine
                0x00000204        0xc ./src/pi7/estado_trajetoria/estado_trajetoria.o
                0x00000204                stt_setCurrentLine
 .text.stt_getX
                0x00000210        0xc ./src/pi7/estado_trajetoria/estado_trajetoria.o
                0x00000210                stt_getX
 .text.stt_getY
                0x0000021c        0xc ./src/pi7/estado_trajetoria/estado_trajetoria.o
                0x0000021c                stt_getY
 .text.stt_getZ
                0x00000228        0xc ./src/pi7/estado_trajetoria/estado_trajetoria.o
                0x00000228                stt_getZ
 .text.stt_setX
                0x00000234        0xc ./src/pi7/estado_trajetoria/estado_trajetoria.o
                0x00000234                stt_setX
 .text.stt_setY
                0x00000240        0xc ./src/pi7/estado_trajetoria/estado_trajetoria.o
                0x00000240                stt_setY
 .text.stt_setZ
                0x0000024c        0xc ./src/pi7/estado_trajetoria/estado_trajetoria.o
                0x0000024c                stt_setZ
 .text.stt_init
                0x00000258        0x2 ./src/pi7/estado_trajetoria/estado_trajetoria.o
                0x00000258                stt_init
 .text          0x0000025a        0x0 ./src/pi7/controlador_trajetoria/controlador_trajetoria.o
 *fill*         0x0000025a        0x2 ff
 .text.trj_generateSetpoint
                0x0000025c       0x54 ./src/pi7/controlador_trajetoria/controlador_trajetoria.o
                0x0000025c                trj_generateSetpoint
 .text.trj_processCommand
                0x000002b0       0x3c ./src/pi7/controlador_trajetoria/controlador_trajetoria.o
                0x000002b0                trj_processCommand
 .text.trj_init
                0x000002ec        0xc ./src/pi7/controlador_trajetoria/controlador_trajetoria.o
                0x000002ec                trj_init
 .text          0x000002f8        0x0 ./src/pi7/comunicacao_pic/comunicacao_pic.o
 .text.pic_sendToPIC
                0x000002f8       0x3c ./src/pi7/comunicacao_pic/comunicacao_pic.o
                0x000002f8                pic_sendToPIC
 .text.pic_init
                0x00000334        0x2 ./src/pi7/comunicacao_pic/comunicacao_pic.o
                0x00000334                pic_init
 .text          0x00000336        0x0 ./src/pi7/comunicacao_pc/modbus.o
 .text.decode   0x00000336       0x20 ./src/pi7/comunicacao_pc/modbus.o
                0x00000336                decode
 .text.encodeLow
                0x00000356        0xe ./src/pi7/comunicacao_pc/modbus.o
                0x00000356                encodeLow
 .text.encodeHigh
                0x00000364        0xc ./src/pi7/comunicacao_pc/modbus.o
                0x00000364                encodeHigh
 .text.putCharToSerial
                0x00000370       0x30 ./src/pi7/comunicacao_pc/modbus.o
                0x00000370                putCharToSerial
 .text.getCharFromSerial
                0x000003a0       0x34 ./src/pi7/comunicacao_pc/modbus.o
                0x000003a0                getCharFromSerial
 .text.myLRC    0x000003d4       0x1c ./src/pi7/comunicacao_pc/modbus.o
                0x000003d4                myLRC
 .text.calculateLRC
                0x000003f0        0x4 ./src/pi7/comunicacao_pc/modbus.o
                0x000003f0                calculateLRC
 .text.checkLRC
                0x000003f4       0x50 ./src/pi7/comunicacao_pc/modbus.o
                0x000003f4                checkLRC
 .text.processReadRegister
                0x00000444       0x78 ./src/pi7/comunicacao_pc/modbus.o
                0x00000444                processReadRegister
 .text.processWriteRegister
                0x000004bc       0x98 ./src/pi7/comunicacao_pc/modbus.o
                0x000004bc                processWriteRegister
 .text.processWriteFile
                0x00000554        0x2 ./src/pi7/comunicacao_pc/modbus.o
                0x00000554                processWriteFile
 *fill*         0x00000556        0x2 ff
 .text.decodeFunctionCode
                0x00000558       0x14 ./src/pi7/comunicacao_pc/modbus.o
                0x00000558                decodeFunctionCode
 .text.processMessage
                0x0000056c       0x2c ./src/pi7/comunicacao_pc/modbus.o
                0x0000056c                processMessage
 .text.receiveMessage
                0x00000598       0x70 ./src/pi7/comunicacao_pc/modbus.o
                0x00000598                receiveMessage
 .text.com_init
                0x00000608       0x1c ./src/pi7/comunicacao_pc/modbus.o
                0x00000608                com_init
 .text.com_executeCommunication
                0x00000624       0x1c ./src/pi7/comunicacao_pc/modbus.o
                0x00000624                com_executeCommunication
 .text          0x00000640        0x0 ./src/drivers/uart/uart.o
 .text.UARTGetChar
                0x00000640       0x3c ./src/drivers/uart/uart.o
                0x00000640                UARTGetChar
 .text.UART0_IRQHandler
                0x0000067c       0xb8 ./src/drivers/uart/uart.o
                0x0000067c                UART0_IRQHandler
 .text.UART1_IRQHandler
                0x00000734       0xb8 ./src/drivers/uart/uart.o
                0x00000734                UART1_IRQHandler
 .text.UARTInit
                0x000007ec      0x104 ./src/drivers/uart/uart.o
                0x000007ec                UARTInit
 .text.UARTSend
                0x000008f0       0x50 ./src/drivers/uart/uart.o
                0x000008f0                UARTSend
 .text.UARTSendNullTerminated
                0x00000940       0x50 ./src/drivers/uart/uart.o
                0x00000940                UARTSendNullTerminated
 .text          0x00000990        0x0 ./src/drivers/pwm/pwm.o
 .text.PWM1_IRQHandler
                0x00000990       0x20 ./src/drivers/pwm/pwm.o
                0x00000990                PWM1_IRQHandler
 .text.PWM_Init
                0x000009b0       0x6c ./src/drivers/pwm/pwm.o
                0x000009b0                PWM_Init
 .text.PWM_Set  0x00000a1c       0x48 ./src/drivers/pwm/pwm.o
                0x00000a1c                PWM_Set
 .text.PWM_Start
                0x00000a64       0x18 ./src/drivers/pwm/pwm.o
                0x00000a64                PWM_Start
 .text.PWM_Stop
                0x00000a7c       0x14 ./src/drivers/pwm/pwm.o
                0x00000a7c                PWM_Stop
 .text          0x00000a90        0x0 ./src/drivers/ledonboard/leds.o
 .text.led2_init
                0x00000a90       0x20 ./src/drivers/ledonboard/leds.o
                0x00000a90                led2_init
 .text.led2_on  0x00000ab0       0x10 ./src/drivers/ledonboard/leds.o
                0x00000ab0                led2_on
 .text.led2_off
                0x00000ac0       0x10 ./src/drivers/ledonboard/leds.o
                0x00000ac0                led2_off
 .text.led2_invert
                0x00000ad0       0x18 ./src/drivers/ledonboard/leds.o
                0x00000ad0                led2_invert
 .text          0x00000ae8        0x0 ./src/drivers/console/alloc.o
 .text._realloc_r
                0x00000ae8       0x2a ./src/drivers/console/alloc.o
                0x00000ae8                _realloc_r
 .text._calloc_r
                0x00000b12        0x8 ./src/drivers/console/alloc.o
                0x00000b12                _calloc_r
 .text._malloc_r
                0x00000b1a        0x6 ./src/drivers/console/alloc.o
                0x00000b1a                _malloc_r
 .text._free_r  0x00000b20        0x6 ./src/drivers/console/alloc.o
                0x00000b20                _free_r
 .text          0x00000b26        0x0 ./src/drivers/console/basic_io.o
 *fill*         0x00000b26        0x2 ff
 .text.vPrintString
                0x00000b28       0x20 ./src/drivers/console/basic_io.o
                0x00000b28                vPrintString
 .text.vPrintStringAndNumber
                0x00000b48       0x30 ./src/drivers/console/basic_io.o
                0x00000b48                vPrintStringAndNumber
 .text          0x00000b78        0x0 ./src/drivers/console/consoleprint.o
 .text.consoleprint
                0x00000b78       0x16 ./src/drivers/console/consoleprint.o
                0x00000b78                consoleprint
 .text          0x00000b8e        0x0 ./src/cr_startup_lpc17.o
 .text.NMI_Handler
                0x00000b8e        0x2 ./src/cr_startup_lpc17.o
                0x00000b8e                NMI_Handler
 .text.HardFault_Handler
                0x00000b90        0x2 ./src/cr_startup_lpc17.o
                0x00000b90                HardFault_Handler
 .text.MemManage_Handler
                0x00000b92        0x2 ./src/cr_startup_lpc17.o
                0x00000b92                MemManage_Handler
 .text.BusFault_Handler
                0x00000b94        0x2 ./src/cr_startup_lpc17.o
                0x00000b94                BusFault_Handler
 .text.UsageFault_Handler
                0x00000b96        0x2 ./src/cr_startup_lpc17.o
                0x00000b96                UsageFault_Handler
 .text.DebugMon_Handler
                0x00000b98        0x2 ./src/cr_startup_lpc17.o
                0x00000b98                DebugMon_Handler
 .text.IntDefaultHandler
                0x00000b9a        0x2 ./src/cr_startup_lpc17.o
                0x00000b9a                TIMER2_IRQHandler
                0x00000b9a                RIT_IRQHandler
                0x00000b9a                I2C0_IRQHandler
                0x00000b9a                USBActivity_IRQHandler
                0x00000b9a                I2C1_IRQHandler
                0x00000b9a                EINT2_IRQHandler
                0x00000b9a                EINT3_IRQHandler
                0x00000b9a                CANActivity_IRQHandler
                0x00000b9a                TIMER3_IRQHandler
                0x00000b9a                IntDefaultHandler
                0x00000b9a                PLL0_IRQHandler
                0x00000b9a                CAN_IRQHandler
                0x00000b9a                PLL1_IRQHandler
                0x00000b9a                SSP0_IRQHandler
                0x00000b9a                I2S_IRQHandler
                0x00000b9a                I2C2_IRQHandler
                0x00000b9a                RTC_IRQHandler
                0x00000b9a                TIMER0_IRQHandler
                0x00000b9a                SPI_IRQHandler
                0x00000b9a                EINT1_IRQHandler
                0x00000b9a                TIMER1_IRQHandler
                0x00000b9a                UART2_IRQHandler
                0x00000b9a                ADC_IRQHandler
                0x00000b9a                SSP1_IRQHandler
                0x00000b9a                USB_IRQHandler
                0x00000b9a                BOD_IRQHandler
                0x00000b9a                WDT_IRQHandler
                0x00000b9a                QEI_IRQHandler
                0x00000b9a                EINT0_IRQHandler
                0x00000b9a                DMA_IRQHandler
                0x00000b9a                UART3_IRQHandler
                0x00000b9a                MCPWM_IRQHandler
                0x00000b9a                ENET_IRQHandler
 .text.ResetISR
                0x00000b9c       0x48 ./src/cr_startup_lpc17.o
                0x00000b9c                ResetISR
 .text          0x00000be4        0x0 ./src/main.o
 .text.taskController
                0x00000be4       0x14 ./src/main.o
                0x00000be4                taskController
 .text.taskBlinkLed
                0x00000bf8       0x10 ./src/main.o
                0x00000bf8                taskBlinkLed
 .text.__error__
                0x00000c08        0x2 ./src/main.o
                0x00000c08                __error__
 *fill*         0x00000c0a        0x2 ff
 .text.taskNCProcessing
                0x00000c0c       0x3c ./src/main.o
                0x00000c0c                taskNCProcessing
 .text.taskCommPIC
                0x00000c48       0x24 ./src/main.o
                0x00000c48                taskCommPIC
 .text.startup.main
                0x00000c6c       0xac ./src/main.o
                0x00000c6c                main
 .text          0x00000d18        0x0 ./FreeRTOS_src/croutine.o
 .text.xCoRoutineCreate
                0x00000d18       0xc4 ./FreeRTOS_src/croutine.o
                0x00000d18                xCoRoutineCreate
 .text.vCoRoutineAddToDelayedList
                0x00000ddc       0x4c ./FreeRTOS_src/croutine.o
                0x00000ddc                vCoRoutineAddToDelayedList
 .text.vCoRoutineSchedule
                0x00000e28      0x164 ./FreeRTOS_src/croutine.o
                0x00000e28                vCoRoutineSchedule
 .text.xCoRoutineRemoveFromEventList
                0x00000f8c       0x34 ./FreeRTOS_src/croutine.o
                0x00000f8c                xCoRoutineRemoveFromEventList
 .text          0x00000fc0        0x0 ./FreeRTOS_src/list.o
 .text.vListInitialise
                0x00000fc0       0x16 ./FreeRTOS_src/list.o
                0x00000fc0                vListInitialise
 .text.vListInitialiseItem
                0x00000fd6        0x6 ./FreeRTOS_src/list.o
                0x00000fd6                vListInitialiseItem
 .text.vListInsertEnd
                0x00000fdc       0x1a ./FreeRTOS_src/list.o
                0x00000fdc                vListInsertEnd
 .text.vListInsert
                0x00000ff6       0x30 ./FreeRTOS_src/list.o
                0x00000ff6                vListInsert
 .text.vListRemove
                0x00001026       0x20 ./FreeRTOS_src/list.o
                0x00001026                vListRemove
 .text          0x00001046        0x0 ./FreeRTOS_src/queue.o
 .text.prvCopyDataToQueue
                0x00001046       0x58 ./FreeRTOS_src/queue.o
 .text.prvCopyDataFromQueue
                0x0000109e       0x26 ./FreeRTOS_src/queue.o
 .text.prvUnlockQueue
                0x000010c4       0x68 ./FreeRTOS_src/queue.o
 .text.xQueueCreate
                0x0000112c       0x68 ./FreeRTOS_src/queue.o
                0x0000112c                xQueueCreate
 .text.xQueueGenericSend
                0x00001194       0xd0 ./FreeRTOS_src/queue.o
                0x00001194                xQueueGenericSend
 .text.xQueueCreateMutex
                0x00001264       0x44 ./FreeRTOS_src/queue.o
                0x00001264                xQueueCreateMutex
 .text.xQueueGiveMutexRecursive
                0x000012a8       0x2a ./FreeRTOS_src/queue.o
                0x000012a8                xQueueGiveMutexRecursive
 .text.xQueueGenericSendFromISR
                0x000012d2       0x4e ./FreeRTOS_src/queue.o
                0x000012d2                xQueueGenericSendFromISR
 .text.xQueueGenericReceive
                0x00001320      0x104 ./FreeRTOS_src/queue.o
                0x00001320                xQueueGenericReceive
 .text.xQueueTakeMutexRecursive
                0x00001424       0x32 ./FreeRTOS_src/queue.o
                0x00001424                xQueueTakeMutexRecursive
 .text.xQueueReceiveFromISR
                0x00001456       0x4a ./FreeRTOS_src/queue.o
                0x00001456                xQueueReceiveFromISR
 .text.uxQueueMessagesWaiting
                0x000014a0       0x12 ./FreeRTOS_src/queue.o
                0x000014a0                uxQueueMessagesWaiting
 .text.uxQueueMessagesWaitingFromISR
                0x000014b2        0x4 ./FreeRTOS_src/queue.o
                0x000014b2                uxQueueMessagesWaitingFromISR
 *fill*         0x000014b6        0x2 ff
 .text.vQueueDelete
                0x000014b8       0x38 ./FreeRTOS_src/queue.o
                0x000014b8                vQueueDelete
 .text.xQueueIsQueueEmptyFromISR
                0x000014f0        0xa ./FreeRTOS_src/queue.o
                0x000014f0                xQueueIsQueueEmptyFromISR
 .text.xQueueIsQueueFullFromISR
                0x000014fa        0xc ./FreeRTOS_src/queue.o
                0x000014fa                xQueueIsQueueFullFromISR
 *fill*         0x00001506        0x2 ff
 .text.vQueueAddToRegistry
                0x00001508       0x28 ./FreeRTOS_src/queue.o
                0x00001508                vQueueAddToRegistry
 .text          0x00001530        0x0 ./FreeRTOS_src/tasks.o
 .text.prvAddCurrentTaskToDelayedList
                0x00001530       0x50 ./FreeRTOS_src/tasks.o
 .text.prvListTaskWithinSingleList
                0x00001580       0x78 ./FreeRTOS_src/tasks.o
 .text.xTaskGenericCreate
                0x000015f8      0x194 ./FreeRTOS_src/tasks.o
                0x000015f8                xTaskGenericCreate
 .text.vTaskDelete
                0x0000178c       0x70 ./FreeRTOS_src/tasks.o
                0x0000178c                vTaskDelete
 .text.uxTaskPriorityGet
                0x000017fc       0x1c ./FreeRTOS_src/tasks.o
                0x000017fc                uxTaskPriorityGet
 .text.vTaskPrioritySet
                0x00001818       0x94 ./FreeRTOS_src/tasks.o
                0x00001818                vTaskPrioritySet
 .text.xTaskIsTaskSuspended
                0x000018ac       0x24 ./FreeRTOS_src/tasks.o
                0x000018ac                xTaskIsTaskSuspended
 .text.vTaskResume
                0x000018d0       0x64 ./FreeRTOS_src/tasks.o
                0x000018d0                vTaskResume
 .text.xTaskResumeFromISR
                0x00001934       0x6c ./FreeRTOS_src/tasks.o
                0x00001934                xTaskResumeFromISR
 .text.vTaskStartScheduler
                0x000019a0       0x4c ./FreeRTOS_src/tasks.o
                0x000019a0                vTaskStartScheduler
 .text.vTaskEndScheduler
                0x000019ec       0x18 ./FreeRTOS_src/tasks.o
                0x000019ec                vTaskEndScheduler
 .text.vTaskSuspendAll
                0x00001a04       0x10 ./FreeRTOS_src/tasks.o
                0x00001a04                vTaskSuspendAll
 .text.xTaskGetTickCount
                0x00001a14       0x18 ./FreeRTOS_src/tasks.o
                0x00001a14                xTaskGetTickCount
 .text.xTaskGetTickCountFromISR
                0x00001a2c       0x1c ./FreeRTOS_src/tasks.o
                0x00001a2c                xTaskGetTickCountFromISR
 .text.uxTaskGetNumberOfTasks
                0x00001a48        0xc ./FreeRTOS_src/tasks.o
                0x00001a48                uxTaskGetNumberOfTasks
 .text.vTaskStartTrace
                0x00001a54       0x38 ./FreeRTOS_src/tasks.o
                0x00001a54                vTaskStartTrace
 .text.ulTaskEndTrace
                0x00001a8c       0x28 ./FreeRTOS_src/tasks.o
                0x00001a8c                ulTaskEndTrace
 .text.vTaskIncrementTick
                0x00001ab4       0xe0 ./FreeRTOS_src/tasks.o
                0x00001ab4                vTaskIncrementTick
 .text.xTaskResumeAll
                0x00001b94       0xc8 ./FreeRTOS_src/tasks.o
                0x00001b94                xTaskResumeAll
 .text.vTaskDelayUntil
                0x00001c5c       0x5c ./FreeRTOS_src/tasks.o
                0x00001c5c                vTaskDelayUntil
 .text.vTaskDelay
                0x00001cb8       0x38 ./FreeRTOS_src/tasks.o
                0x00001cb8                vTaskDelay
 .text.prvIdleTask
                0x00001cf0       0x60 ./FreeRTOS_src/tasks.o
 .text.vTaskList
                0x00001d50       0xa8 ./FreeRTOS_src/tasks.o
                0x00001d50                vTaskList
 .text.vTaskSwitchContext
                0x00001df8       0xc4 ./FreeRTOS_src/tasks.o
                0x00001df8                vTaskSwitchContext
 .text.vTaskSuspend
                0x00001ebc       0x74 ./FreeRTOS_src/tasks.o
                0x00001ebc                vTaskSuspend
 .text.vTaskPlaceOnEventList
                0x00001f30       0x44 ./FreeRTOS_src/tasks.o
                0x00001f30                vTaskPlaceOnEventList
 .text.xTaskRemoveFromEventList
                0x00001f74       0x64 ./FreeRTOS_src/tasks.o
                0x00001f74                xTaskRemoveFromEventList
 .text.vTaskSetTimeOutState
                0x00001fd8       0x18 ./FreeRTOS_src/tasks.o
                0x00001fd8                vTaskSetTimeOutState
 .text.xTaskCheckForTimeOut
                0x00001ff0       0x54 ./FreeRTOS_src/tasks.o
                0x00001ff0                xTaskCheckForTimeOut
 .text.vTaskMissedYield
                0x00002044        0xc ./FreeRTOS_src/tasks.o
                0x00002044                vTaskMissedYield
 .text.uxTaskGetStackHighWaterMark
                0x00002050       0x20 ./FreeRTOS_src/tasks.o
                0x00002050                uxTaskGetStackHighWaterMark
 .text.xTaskGetCurrentTaskHandle
                0x00002070        0xc ./FreeRTOS_src/tasks.o
                0x00002070                xTaskGetCurrentTaskHandle
 .text.vTaskPriorityInherit
                0x0000207c       0x68 ./FreeRTOS_src/tasks.o
                0x0000207c                vTaskPriorityInherit
 .text.vTaskPriorityDisinherit
                0x000020e4       0x48 ./FreeRTOS_src/tasks.o
                0x000020e4                vTaskPriorityDisinherit
 .text          0x0000212c        0x0 ./FreeRTOS_src/timers.o
 .text          0x0000212c        0x0 ./FreeRTOS_portable/MemMang/heap_2.o
 .text.pvPortMalloc
                0x0000212c       0xb4 ./FreeRTOS_portable/MemMang/heap_2.o
                0x0000212c                pvPortMalloc
 .text.vPortFree
                0x000021e0       0x40 ./FreeRTOS_portable/MemMang/heap_2.o
                0x000021e0                vPortFree
 .text.xPortGetFreeHeapSize
                0x00002220        0xc ./FreeRTOS_portable/MemMang/heap_2.o
                0x00002220                xPortGetFreeHeapSize
 .text.vPortInitialiseBlocks
                0x0000222c        0x2 ./FreeRTOS_portable/MemMang/heap_2.o
                0x0000222c                vPortInitialiseBlocks
 .text          0x0000222e        0x0 ./FreeRTOS_portable/port.o
 .text.pxPortInitialiseStack
                0x0000222e       0x16 ./FreeRTOS_portable/port.o
                0x0000222e                pxPortInitialiseStack
 .text.vPortSVCHandler
                0x00002244       0x20 ./FreeRTOS_portable/port.o
                0x00002244                vPortSVCHandler
 .text.vPortStartFirstTask
                0x00002264       0x14 ./FreeRTOS_portable/port.o
                0x00002264                vPortStartFirstTask
 .text.xPortStartScheduler
                0x00002278       0x40 ./FreeRTOS_portable/port.o
                0x00002278                xPortStartScheduler
 .text.vPortEndScheduler
                0x000022b8        0x2 ./FreeRTOS_portable/port.o
                0x000022b8                vPortEndScheduler
 *fill*         0x000022ba        0x2 ff
 .text.vPortYieldFromISR
                0x000022bc       0x10 ./FreeRTOS_portable/port.o
                0x000022bc                vPortYieldFromISR
 .text.vPortEnterCritical
                0x000022cc       0x18 ./FreeRTOS_portable/port.o
                0x000022cc                vPortEnterCritical
 .text.vPortExitCritical
                0x000022e4       0x18 ./FreeRTOS_portable/port.o
                0x000022e4                vPortExitCritical
 .text.xPortPendSVHandler
                0x000022fc       0x3c ./FreeRTOS_portable/port.o
                0x000022fc                xPortPendSVHandler
 .text.xPortSysTickHandler
                0x00002338       0x24 ./FreeRTOS_portable/port.o
                0x00002338                xPortSysTickHandler
 .text          0x0000235c        0x0 ../Libraries\libCMSISv2_LPC17xx.a(system_LPC17xx.o)
 .text.SystemInit
                0x0000235c      0x1e4 ../Libraries\libCMSISv2_LPC17xx.a(system_LPC17xx.o)
                0x0000235c                SystemInit
 .text.SystemClockUpdate
                0x00002540      0x224 ../Libraries\libCMSISv2_LPC17xx.a(system_LPC17xx.o)
                0x00002540                SystemClockUpdate
 .text          0x00002764      0x370 d:/nxp/lpcxpresso_8.2.2_650/lpcxpresso/tools/bin/../lib/gcc/arm-none-eabi/5.4.1/armv7-m\libgcc.a(_arm_addsubdf3.o)
                0x00002764                __aeabi_drsub
                0x0000276c                __aeabi_dsub
                0x0000276c                __subdf3
                0x00002770                __aeabi_dadd
                0x00002770                __adddf3
                0x000029e8                __floatunsidf
                0x000029e8                __aeabi_ui2d
                0x00002a08                __floatsidf
                0x00002a08                __aeabi_i2d
                0x00002a2c                __aeabi_f2d
                0x00002a2c                __extendsfdf2
                0x00002a68                __floatundidf
                0x00002a68                __aeabi_ul2d
                0x00002a78                __floatdidf
                0x00002a78                __aeabi_l2d
 .text          0x00002ad4       0x4c d:/nxp/lpcxpresso_8.2.2_650/lpcxpresso/tools/bin/../lib/gcc/arm-none-eabi/5.4.1/armv7-m\libgcc.a(_arm_fixsfsi.o)
                0x00002ad4                __aeabi_f2iz
                0x00002ad4                __fixsfsi
 .text          0x00002b20       0xec d:/nxp/lpcxpresso_8.2.2_650/lpcxpresso/tools/bin/../lib/gcc/arm-none-eabi/5.4.1/../../../../arm-none-eabi/lib/armv7-m\libc.a(lib_a-memcpy.o)
                0x00002b20                memcpy
 .text          0x00002c0c        0x0 d:/nxp/lpcxpresso_8.2.2_650/lpcxpresso/tools/bin/../lib/gcc/arm-none-eabi/5.4.1/../../../../arm-none-eabi/lib/armv7-m\libc.a(lib_a-memset.o)
 .text.memset   0x00002c0c       0x9c d:/nxp/lpcxpresso_8.2.2_650/lpcxpresso/tools/bin/../lib/gcc/arm-none-eabi/5.4.1/../../../../arm-none-eabi/lib/armv7-m\libc.a(lib_a-memset.o)
                0x00002c0c                memset
 .text          0x00002ca8        0x0 d:/nxp/lpcxpresso_8.2.2_650/lpcxpresso/tools/bin/../lib/gcc/arm-none-eabi/5.4.1/../../../../arm-none-eabi/lib/armv7-m\libc.a(lib_a-printf.o)
 .text._printf_r
                0x00002ca8       0x20 d:/nxp/lpcxpresso_8.2.2_650/lpcxpresso/tools/bin/../lib/gcc/arm-none-eabi/5.4.1/../../../../arm-none-eabi/lib/armv7-m\libc.a(lib_a-printf.o)
                0x00002ca8                _printf_r
 .text.printf   0x00002cc8       0x28 d:/nxp/lpcxpresso_8.2.2_650/lpcxpresso/tools/bin/../lib/gcc/arm-none-eabi/5.4.1/../../../../arm-none-eabi/lib/armv7-m\libc.a(lib_a-printf.o)
                0x00002cc8                printf
 .text          0x00002cf0        0x0 d:/nxp/lpcxpresso_8.2.2_650/lpcxpresso/tools/bin/../lib/gcc/arm-none-eabi/5.4.1/../../../../arm-none-eabi/lib/armv7-m\libc.a(lib_a-sprintf.o)
 .text._sprintf_r
                0x00002cf0       0x44 d:/nxp/lpcxpresso_8.2.2_650/lpcxpresso/tools/bin/../lib/gcc/arm-none-eabi/5.4.1/../../../../arm-none-eabi/lib/armv7-m\libc.a(lib_a-sprintf.o)
                0x00002cf0                _sprintf_r
 .text.sprintf  0x00002d34       0x4c d:/nxp/lpcxpresso_8.2.2_650/lpcxpresso/tools/bin/../lib/gcc/arm-none-eabi/5.4.1/../../../../arm-none-eabi/lib/armv7-m\libc.a(lib_a-sprintf.o)
                0x00002d34                sprintf
 .text          0x00002d80        0x0 d:/nxp/lpcxpresso_8.2.2_650/lpcxpresso/tools/bin/../lib/gcc/arm-none-eabi/5.4.1/../../../../arm-none-eabi/lib/armv7-m\libc.a(lib_a-strcat.o)
 .text.strcat   0x00002d80       0x40 d:/nxp/lpcxpresso_8.2.2_650/lpcxpresso/tools/bin/../lib/gcc/arm-none-eabi/5.4.1/../../../../arm-none-eabi/lib/armv7-m\libc.a(lib_a-strcat.o)
                0x00002d80                strcat
 .text          0x00002dc0        0x0 d:/nxp/lpcxpresso_8.2.2_650/lpcxpresso/tools/bin/../lib/gcc/arm-none-eabi/5.4.1/../../../../arm-none-eabi/lib/armv7-m\libc.a(lib_a-strcpy.o)
 .text.strcpy   0x00002dc0       0xbc d:/nxp/lpcxpresso_8.2.2_650/lpcxpresso/tools/bin/../lib/gcc/arm-none-eabi/5.4.1/../../../../arm-none-eabi/lib/armv7-m\libc.a(lib_a-strcpy.o)
                0x00002dc0                strcpy
 .text          0x00002e7c        0x0 d:/nxp/lpcxpresso_8.2.2_650/lpcxpresso/tools/bin/../lib/gcc/arm-none-eabi/5.4.1/../../../../arm-none-eabi/lib/armv7-m\libc.a(lib_a-strlen-stub.o)
 .text.strlen   0x00002e7c       0x5c d:/nxp/lpcxpresso_8.2.2_650/lpcxpresso/tools/bin/../lib/gcc/arm-none-eabi/5.4.1/../../../../arm-none-eabi/lib/armv7-m\libc.a(lib_a-strlen-stub.o)
                0x00002e7c                strlen
 .text          0x00002ed8        0x0 d:/nxp/lpcxpresso_8.2.2_650/lpcxpresso/tools/bin/../lib/gcc/arm-none-eabi/5.4.1/../../../../arm-none-eabi/lib/armv7-m\libc.a(lib_a-strncpy.o)
 .text.strncpy  0x00002ed8       0x68 d:/nxp/lpcxpresso_8.2.2_650/lpcxpresso/tools/bin/../lib/gcc/arm-none-eabi/5.4.1/../../../../arm-none-eabi/lib/armv7-m\libc.a(lib_a-strncpy.o)
                0x00002ed8                strncpy
 .text          0x00002f40        0x0 d:/nxp/lpcxpresso_8.2.2_650/lpcxpresso/tools/bin/../lib/gcc/arm-none-eabi/5.4.1/../../../../arm-none-eabi/lib/armv7-m\libc.a(lib_a-svfprintf.o)
 .text._svfprintf_r
                0x00002f40     0x175c d:/nxp/lpcxpresso_8.2.2_650/lpcxpresso/tools/bin/../lib/gcc/arm-none-eabi/5.4.1/../../../../arm-none-eabi/lib/armv7-m\libc.a(lib_a-svfprintf.o)
                0x00002f40                _svfprintf_r
 .text          0x0000469c        0x0 d:/nxp/lpcxpresso_8.2.2_650/lpcxpresso/tools/bin/../lib/gcc/arm-none-eabi/5.4.1/../../../../arm-none-eabi/lib/armv7-m\libc.a(lib_a-vfprintf.o)
 .text._vfprintf_r
                0x0000469c     0x1788 d:/nxp/lpcxpresso_8.2.2_650/lpcxpresso/tools/bin/../lib/gcc/arm-none-eabi/5.4.1/../../../../arm-none-eabi/lib/armv7-m\libc.a(lib_a-vfprintf.o)
                0x0000469c                _vfprintf_r
 .text.vfprintf
                0x00005e24       0x18 d:/nxp/lpcxpresso_8.2.2_650/lpcxpresso/tools/bin/../lib/gcc/arm-none-eabi/5.4.1/../../../../arm-none-eabi/lib/armv7-m\libc.a(lib_a-vfprintf.o)
                0x00005e24                vfprintf
 .text.__sbprintf
                0x00005e3c       0x6c d:/nxp/lpcxpresso_8.2.2_650/lpcxpresso/tools/bin/../lib/gcc/arm-none-eabi/5.4.1/../../../../arm-none-eabi/lib/armv7-m\libc.a(lib_a-vfprintf.o)
 .text          0x00005ea8        0x0 d:/nxp/lpcxpresso_8.2.2_650/lpcxpresso/tools/bin/../lib/gcc/arm-none-eabi/5.4.1/../../../../arm-none-eabi/lib/armv7-m\libc.a(lib_a-wsetup.o)
 .text.__swsetup_r
                0x00005ea8       0xc8 d:/nxp/lpcxpresso_8.2.2_650/lpcxpresso/tools/bin/../lib/gcc/arm-none-eabi/5.4.1/../../../../arm-none-eabi/lib/armv7-m\libc.a(lib_a-wsetup.o)
                0x00005ea8                __swsetup_r
 .text          0x00005f70        0x0 d:/nxp/lpcxpresso_8.2.2_650/lpcxpresso/tools/bin/../lib/gcc/arm-none-eabi/5.4.1/../../../../arm-none-eabi/lib/armv7-m\libc.a(lib_a-dtoa.o)
 .text.quorem   0x00005f70      0x12c d:/nxp/lpcxpresso_8.2.2_650/lpcxpresso/tools/bin/../lib/gcc/arm-none-eabi/5.4.1/../../../../arm-none-eabi/lib/armv7-m\libc.a(lib_a-dtoa.o)
 *fill*         0x0000609c        0x4 ff
 .text._dtoa_r  0x000060a0      0xe4c d:/nxp/lpcxpresso_8.2.2_650/lpcxpresso/tools/bin/../lib/gcc/arm-none-eabi/5.4.1/../../../../arm-none-eabi/lib/armv7-m\libc.a(lib_a-dtoa.o)
                0x000060a0                _dtoa_r
 .text          0x00006eec        0x0 d:/nxp/lpcxpresso_8.2.2_650/lpcxpresso/tools/bin/../lib/gcc/arm-none-eabi/5.4.1/../../../../arm-none-eabi/lib/armv7-m\libc.a(lib_a-fflush.o)
 .text.__sflush_r
                0x00006eec      0x148 d:/nxp/lpcxpresso_8.2.2_650/lpcxpresso/tools/bin/../lib/gcc/arm-none-eabi/5.4.1/../../../../arm-none-eabi/lib/armv7-m\libc.a(lib_a-fflush.o)
                0x00006eec                __sflush_r
 .text._fflush_r
                0x00007034       0x2c d:/nxp/lpcxpresso_8.2.2_650/lpcxpresso/tools/bin/../lib/gcc/arm-none-eabi/5.4.1/../../../../arm-none-eabi/lib/armv7-m\libc.a(lib_a-fflush.o)
                0x00007034                _fflush_r
 .text.fflush   0x00007060       0x24 d:/nxp/lpcxpresso_8.2.2_650/lpcxpresso/tools/bin/../lib/gcc/arm-none-eabi/5.4.1/../../../../arm-none-eabi/lib/armv7-m\libc.a(lib_a-fflush.o)
                0x00007060                fflush
 .text          0x00007084        0x0 d:/nxp/lpcxpresso_8.2.2_650/lpcxpresso/tools/bin/../lib/gcc/arm-none-eabi/5.4.1/../../../../arm-none-eabi/lib/armv7-m\libc.a(lib_a-findfp.o)
 .text.__fp_unlock
                0x00007084        0x4 d:/nxp/lpcxpresso_8.2.2_650/lpcxpresso/tools/bin/../lib/gcc/arm-none-eabi/5.4.1/../../../../arm-none-eabi/lib/armv7-m\libc.a(lib_a-findfp.o)
 .text._cleanup_r
                0x00007088        0xc d:/nxp/lpcxpresso_8.2.2_650/lpcxpresso/tools/bin/../lib/gcc/arm-none-eabi/5.4.1/../../../../arm-none-eabi/lib/armv7-m\libc.a(lib_a-findfp.o)
                0x00007088                _cleanup_r
 .text.__sinit.part.1
                0x00007094       0xf0 d:/nxp/lpcxpresso_8.2.2_650/lpcxpresso/tools/bin/../lib/gcc/arm-none-eabi/5.4.1/../../../../arm-none-eabi/lib/armv7-m\libc.a(lib_a-findfp.o)
 .text.__fp_lock
                0x00007184        0x4 d:/nxp/lpcxpresso_8.2.2_650/lpcxpresso/tools/bin/../lib/gcc/arm-none-eabi/5.4.1/../../../../arm-none-eabi/lib/armv7-m\libc.a(lib_a-findfp.o)
 .text.__sfmoreglue
                0x00007188       0x30 d:/nxp/lpcxpresso_8.2.2_650/lpcxpresso/tools/bin/../lib/gcc/arm-none-eabi/5.4.1/../../../../arm-none-eabi/lib/armv7-m\libc.a(lib_a-findfp.o)
                0x00007188                __sfmoreglue
 .text.__sfp    0x000071b8       0x88 d:/nxp/lpcxpresso_8.2.2_650/lpcxpresso/tools/bin/../lib/gcc/arm-none-eabi/5.4.1/../../../../arm-none-eabi/lib/armv7-m\libc.a(lib_a-findfp.o)
                0x000071b8                __sfp
 .text._cleanup
                0x00007240       0x14 d:/nxp/lpcxpresso_8.2.2_650/lpcxpresso/tools/bin/../lib/gcc/arm-none-eabi/5.4.1/../../../../arm-none-eabi/lib/armv7-m\libc.a(lib_a-findfp.o)
                0x00007240                _cleanup
 .text.__sinit  0x00007254        0xc d:/nxp/lpcxpresso_8.2.2_650/lpcxpresso/tools/bin/../lib/gcc/arm-none-eabi/5.4.1/../../../../arm-none-eabi/lib/armv7-m\libc.a(lib_a-findfp.o)
                0x00007254                __sinit
 .text.__sfp_lock_acquire
                0x00007260        0x4 d:/nxp/lpcxpresso_8.2.2_650/lpcxpresso/tools/bin/../lib/gcc/arm-none-eabi/5.4.1/../../../../arm-none-eabi/lib/armv7-m\libc.a(lib_a-findfp.o)
                0x00007260                __sfp_lock_acquire
 .text.__sfp_lock_release
                0x00007264        0x4 d:/nxp/lpcxpresso_8.2.2_650/lpcxpresso/tools/bin/../lib/gcc/arm-none-eabi/5.4.1/../../../../arm-none-eabi/lib/armv7-m\libc.a(lib_a-findfp.o)
                0x00007264                __sfp_lock_release
 .text.__sinit_lock_acquire
                0x00007268        0x4 d:/nxp/lpcxpresso_8.2.2_650/lpcxpresso/tools/bin/../lib/gcc/arm-none-eabi/5.4.1/../../../../arm-none-eabi/lib/armv7-m\libc.a(lib_a-findfp.o)
                0x00007268                __sinit_lock_acquire
 .text.__sinit_lock_release
                0x0000726c        0x4 d:/nxp/lpcxpresso_8.2.2_650/lpcxpresso/tools/bin/../lib/gcc/arm-none-eabi/5.4.1/../../../../arm-none-eabi/lib/armv7-m\libc.a(lib_a-findfp.o)
                0x0000726c                __sinit_lock_release
 .text.__fp_lock_all
                0x00007270       0x14 d:/nxp/lpcxpresso_8.2.2_650/lpcxpresso/tools/bin/../lib/gcc/arm-none-eabi/5.4.1/../../../../arm-none-eabi/lib/armv7-m\libc.a(lib_a-findfp.o)
                0x00007270                __fp_lock_all
 .text.__fp_unlock_all
                0x00007284       0x14 d:/nxp/lpcxpresso_8.2.2_650/lpcxpresso/tools/bin/../lib/gcc/arm-none-eabi/5.4.1/../../../../arm-none-eabi/lib/armv7-m\libc.a(lib_a-findfp.o)
                0x00007284                __fp_unlock_all
 .text          0x00007298        0x0 d:/nxp/lpcxpresso_8.2.2_650/lpcxpresso/tools/bin/../lib/gcc/arm-none-eabi/5.4.1/../../../../arm-none-eabi/lib/armv7-m\libc.a(lib_a-fwalk.o)
 .text._fwalk   0x00007298       0x48 d:/nxp/lpcxpresso_8.2.2_650/lpcxpresso/tools/bin/../lib/gcc/arm-none-eabi/5.4.1/../../../../arm-none-eabi/lib/armv7-m\libc.a(lib_a-fwalk.o)
                0x00007298                _fwalk
 .text._fwalk_reent
                0x000072e0       0x50 d:/nxp/lpcxpresso_8.2.2_650/lpcxpresso/tools/bin/../lib/gcc/arm-none-eabi/5.4.1/../../../../arm-none-eabi/lib/armv7-m\libc.a(lib_a-fwalk.o)
                0x000072e0                _fwalk_reent
 .text          0x00007330        0x0 d:/nxp/lpcxpresso_8.2.2_650/lpcxpresso/tools/bin/../lib/gcc/arm-none-eabi/5.4.1/../../../../arm-none-eabi/lib/armv7-m\libc.a(lib_a-impure.o)
 .text          0x00007330        0x0 d:/nxp/lpcxpresso_8.2.2_650/lpcxpresso/tools/bin/../lib/gcc/arm-none-eabi/5.4.1/../../../../arm-none-eabi/lib/armv7-m\libc.a(lib_a-locale.o)
 .text._setlocale_r
                0x00007330       0x40 d:/nxp/lpcxpresso_8.2.2_650/lpcxpresso/tools/bin/../lib/gcc/arm-none-eabi/5.4.1/../../../../arm-none-eabi/lib/armv7-m\libc.a(lib_a-locale.o)
                0x00007330                _setlocale_r
 .text.__locale_charset
                0x00007370        0x8 d:/nxp/lpcxpresso_8.2.2_650/lpcxpresso/tools/bin/../lib/gcc/arm-none-eabi/5.4.1/../../../../arm-none-eabi/lib/armv7-m\libc.a(lib_a-locale.o)
                0x00007370                __locale_charset
 .text.__locale_mb_cur_max
                0x00007378        0xc d:/nxp/lpcxpresso_8.2.2_650/lpcxpresso/tools/bin/../lib/gcc/arm-none-eabi/5.4.1/../../../../arm-none-eabi/lib/armv7-m\libc.a(lib_a-locale.o)
                0x00007378                __locale_mb_cur_max
 .text.__locale_msgcharset
                0x00007384        0x8 d:/nxp/lpcxpresso_8.2.2_650/lpcxpresso/tools/bin/../lib/gcc/arm-none-eabi/5.4.1/../../../../arm-none-eabi/lib/armv7-m\libc.a(lib_a-locale.o)
                0x00007384                __locale_msgcharset
 .text.__locale_cjk_lang
                0x0000738c        0x4 d:/nxp/lpcxpresso_8.2.2_650/lpcxpresso/tools/bin/../lib/gcc/arm-none-eabi/5.4.1/../../../../arm-none-eabi/lib/armv7-m\libc.a(lib_a-locale.o)
                0x0000738c                __locale_cjk_lang
 .text._localeconv_r
                0x00007390        0x8 d:/nxp/lpcxpresso_8.2.2_650/lpcxpresso/tools/bin/../lib/gcc/arm-none-eabi/5.4.1/../../../../arm-none-eabi/lib/armv7-m\libc.a(lib_a-locale.o)
                0x00007390                _localeconv_r
 .text.setlocale
                0x00007398       0x10 d:/nxp/lpcxpresso_8.2.2_650/lpcxpresso/tools/bin/../lib/gcc/arm-none-eabi/5.4.1/../../../../arm-none-eabi/lib/armv7-m\libc.a(lib_a-locale.o)
                0x00007398                setlocale
 .text.localeconv
                0x000073a8        0x8 d:/nxp/lpcxpresso_8.2.2_650/lpcxpresso/tools/bin/../lib/gcc/arm-none-eabi/5.4.1/../../../../arm-none-eabi/lib/armv7-m\libc.a(lib_a-locale.o)
                0x000073a8                localeconv
 .text          0x000073b0        0x0 d:/nxp/lpcxpresso_8.2.2_650/lpcxpresso/tools/bin/../lib/gcc/arm-none-eabi/5.4.1/../../../../arm-none-eabi/lib/armv7-m\libc.a(lib_a-makebuf.o)
 .text.__swhatbuf_r
                0x000073b0       0x60 d:/nxp/lpcxpresso_8.2.2_650/lpcxpresso/tools/bin/../lib/gcc/arm-none-eabi/5.4.1/../../../../arm-none-eabi/lib/armv7-m\libc.a(lib_a-makebuf.o)
                0x000073b0                __swhatbuf_r
 .text.__smakebuf_r
                0x00007410       0x88 d:/nxp/lpcxpresso_8.2.2_650/lpcxpresso/tools/bin/../lib/gcc/arm-none-eabi/5.4.1/../../../../arm-none-eabi/lib/armv7-m\libc.a(lib_a-makebuf.o)
                0x00007410                __smakebuf_r
 .text          0x00007498        0x0 d:/nxp/lpcxpresso_8.2.2_650/lpcxpresso/tools/bin/../lib/gcc/arm-none-eabi/5.4.1/../../../../arm-none-eabi/lib/armv7-m\libc.a(lib_a-memchr-stub.o)
 .text.memchr   0x00007498       0x8c d:/nxp/lpcxpresso_8.2.2_650/lpcxpresso/tools/bin/../lib/gcc/arm-none-eabi/5.4.1/../../../../arm-none-eabi/lib/armv7-m\libc.a(lib_a-memchr-stub.o)
                0x00007498                memchr
 .text          0x00007524        0x0 d:/nxp/lpcxpresso_8.2.2_650/lpcxpresso/tools/bin/../lib/gcc/arm-none-eabi/5.4.1/../../../../arm-none-eabi/lib/armv7-m\libc.a(lib_a-mprec.o)
 .text._Balloc  0x00007524       0x50 d:/nxp/lpcxpresso_8.2.2_650/lpcxpresso/tools/bin/../lib/gcc/arm-none-eabi/5.4.1/../../../../arm-none-eabi/lib/armv7-m\libc.a(lib_a-mprec.o)
                0x00007524                _Balloc
 .text._Bfree   0x00007574       0x14 d:/nxp/lpcxpresso_8.2.2_650/lpcxpresso/tools/bin/../lib/gcc/arm-none-eabi/5.4.1/../../../../arm-none-eabi/lib/armv7-m\libc.a(lib_a-mprec.o)
                0x00007574                _Bfree
 .text.__multadd
                0x00007588       0x80 d:/nxp/lpcxpresso_8.2.2_650/lpcxpresso/tools/bin/../lib/gcc/arm-none-eabi/5.4.1/../../../../arm-none-eabi/lib/armv7-m\libc.a(lib_a-mprec.o)
                0x00007588                __multadd
 .text.__s2b    0x00007608       0x98 d:/nxp/lpcxpresso_8.2.2_650/lpcxpresso/tools/bin/../lib/gcc/arm-none-eabi/5.4.1/../../../../arm-none-eabi/lib/armv7-m\libc.a(lib_a-mprec.o)
                0x00007608                __s2b
 .text.__hi0bits
                0x000076a0       0x40 d:/nxp/lpcxpresso_8.2.2_650/lpcxpresso/tools/bin/../lib/gcc/arm-none-eabi/5.4.1/../../../../arm-none-eabi/lib/armv7-m\libc.a(lib_a-mprec.o)
                0x000076a0                __hi0bits
 .text.__lo0bits
                0x000076e0       0x5c d:/nxp/lpcxpresso_8.2.2_650/lpcxpresso/tools/bin/../lib/gcc/arm-none-eabi/5.4.1/../../../../arm-none-eabi/lib/armv7-m\libc.a(lib_a-mprec.o)
                0x000076e0                __lo0bits
 .text.__i2b    0x0000773c       0x14 d:/nxp/lpcxpresso_8.2.2_650/lpcxpresso/tools/bin/../lib/gcc/arm-none-eabi/5.4.1/../../../../arm-none-eabi/lib/armv7-m\libc.a(lib_a-mprec.o)
                0x0000773c                __i2b
 .text.__multiply
                0x00007750      0x13c d:/nxp/lpcxpresso_8.2.2_650/lpcxpresso/tools/bin/../lib/gcc/arm-none-eabi/5.4.1/../../../../arm-none-eabi/lib/armv7-m\libc.a(lib_a-mprec.o)
                0x00007750                __multiply
 .text.__pow5mult
                0x0000788c       0xa0 d:/nxp/lpcxpresso_8.2.2_650/lpcxpresso/tools/bin/../lib/gcc/arm-none-eabi/5.4.1/../../../../arm-none-eabi/lib/armv7-m\libc.a(lib_a-mprec.o)
                0x0000788c                __pow5mult
 .text.__lshift
                0x0000792c       0xac d:/nxp/lpcxpresso_8.2.2_650/lpcxpresso/tools/bin/../lib/gcc/arm-none-eabi/5.4.1/../../../../arm-none-eabi/lib/armv7-m\libc.a(lib_a-mprec.o)
                0x0000792c                __lshift
 .text.__mcmp   0x000079d8       0x40 d:/nxp/lpcxpresso_8.2.2_650/lpcxpresso/tools/bin/../lib/gcc/arm-none-eabi/5.4.1/../../../../arm-none-eabi/lib/armv7-m\libc.a(lib_a-mprec.o)
                0x000079d8                __mcmp
 .text.__mdiff  0x00007a18      0x128 d:/nxp/lpcxpresso_8.2.2_650/lpcxpresso/tools/bin/../lib/gcc/arm-none-eabi/5.4.1/../../../../arm-none-eabi/lib/armv7-m\libc.a(lib_a-mprec.o)
                0x00007a18                __mdiff
 .text.__ulp    0x00007b40       0x44 d:/nxp/lpcxpresso_8.2.2_650/lpcxpresso/tools/bin/../lib/gcc/arm-none-eabi/5.4.1/../../../../arm-none-eabi/lib/armv7-m\libc.a(lib_a-mprec.o)
                0x00007b40                __ulp
 .text.__b2d    0x00007b84       0xd4 d:/nxp/lpcxpresso_8.2.2_650/lpcxpresso/tools/bin/../lib/gcc/arm-none-eabi/5.4.1/../../../../arm-none-eabi/lib/armv7-m\libc.a(lib_a-mprec.o)
                0x00007b84                __b2d
 .text.__d2b    0x00007c58       0xa8 d:/nxp/lpcxpresso_8.2.2_650/lpcxpresso/tools/bin/../lib/gcc/arm-none-eabi/5.4.1/../../../../arm-none-eabi/lib/armv7-m\libc.a(lib_a-mprec.o)
                0x00007c58                __d2b
 .text.__ratio  0x00007d00       0x54 d:/nxp/lpcxpresso_8.2.2_650/lpcxpresso/tools/bin/../lib/gcc/arm-none-eabi/5.4.1/../../../../arm-none-eabi/lib/armv7-m\libc.a(lib_a-mprec.o)
                0x00007d00                __ratio
 .text._mprec_log10
                0x00007d54       0x34 d:/nxp/lpcxpresso_8.2.2_650/lpcxpresso/tools/bin/../lib/gcc/arm-none-eabi/5.4.1/../../../../arm-none-eabi/lib/armv7-m\libc.a(lib_a-mprec.o)
                0x00007d54                _mprec_log10
 .text.__copybits
                0x00007d88       0x48 d:/nxp/lpcxpresso_8.2.2_650/lpcxpresso/tools/bin/../lib/gcc/arm-none-eabi/5.4.1/../../../../arm-none-eabi/lib/armv7-m\libc.a(lib_a-mprec.o)
                0x00007d88                __copybits
 .text.__any_on
                0x00007dd0       0x5c d:/nxp/lpcxpresso_8.2.2_650/lpcxpresso/tools/bin/../lib/gcc/arm-none-eabi/5.4.1/../../../../arm-none-eabi/lib/armv7-m\libc.a(lib_a-mprec.o)
                0x00007dd0                __any_on
 .text          0x00007e2c        0x0 d:/nxp/lpcxpresso_8.2.2_650/lpcxpresso/tools/bin/../lib/gcc/arm-none-eabi/5.4.1/../../../../arm-none-eabi/lib/armv7-m\libc.a(lib_a-stdio.o)
 .text.__sread  0x00007e2c       0x24 d:/nxp/lpcxpresso_8.2.2_650/lpcxpresso/tools/bin/../lib/gcc/arm-none-eabi/5.4.1/../../../../arm-none-eabi/lib/armv7-m\libc.a(lib_a-stdio.o)
                0x00007e2c                __sread
 .text.__seofread
                0x00007e50        0x4 d:/nxp/lpcxpresso_8.2.2_650/lpcxpresso/tools/bin/../lib/gcc/arm-none-eabi/5.4.1/../../../../arm-none-eabi/lib/armv7-m\libc.a(lib_a-stdio.o)
                0x00007e50                __seofread
 .text.__swrite
                0x00007e54       0x3c d:/nxp/lpcxpresso_8.2.2_650/lpcxpresso/tools/bin/../lib/gcc/arm-none-eabi/5.4.1/../../../../arm-none-eabi/lib/armv7-m\libc.a(lib_a-stdio.o)
                0x00007e54                __swrite
 .text.__sseek  0x00007e90       0x20 d:/nxp/lpcxpresso_8.2.2_650/lpcxpresso/tools/bin/../lib/gcc/arm-none-eabi/5.4.1/../../../../arm-none-eabi/lib/armv7-m\libc.a(lib_a-stdio.o)
                0x00007e90                __sseek
 .text.__sclose
                0x00007eb0        0x8 d:/nxp/lpcxpresso_8.2.2_650/lpcxpresso/tools/bin/../lib/gcc/arm-none-eabi/5.4.1/../../../../arm-none-eabi/lib/armv7-m\libc.a(lib_a-stdio.o)
                0x00007eb0                __sclose
 .text          0x00007eb8      0x1bc d:/nxp/lpcxpresso_8.2.2_650/lpcxpresso/tools/bin/../lib/gcc/arm-none-eabi/5.4.1/../../../../arm-none-eabi/lib/armv7-m\libc.a(lib_a-strcmp.o)
                0x00007eb8                strcmp
 .text          0x00008074        0x0 d:/nxp/lpcxpresso_8.2.2_650/lpcxpresso/tools/bin/../lib/gcc/arm-none-eabi/5.4.1/../../../../arm-none-eabi/lib/armv7-m\libc.a(lib_a-svfiprintf.o)
 .text.__ssprint_r
                0x00008074      0x100 d:/nxp/lpcxpresso_8.2.2_650/lpcxpresso/tools/bin/../lib/gcc/arm-none-eabi/5.4.1/../../../../arm-none-eabi/lib/armv7-m\libc.a(lib_a-svfiprintf.o)
                0x00008074                __ssprint_r
 .text._svfiprintf_r
                0x00008174      0xc4c d:/nxp/lpcxpresso_8.2.2_650/lpcxpresso/tools/bin/../lib/gcc/arm-none-eabi/5.4.1/../../../../arm-none-eabi/lib/armv7-m\libc.a(lib_a-svfiprintf.o)
                0x00008174                _svfiprintf_r
 .text          0x00008dc0        0x0 d:/nxp/lpcxpresso_8.2.2_650/lpcxpresso/tools/bin/../lib/gcc/arm-none-eabi/5.4.1/../../../../arm-none-eabi/lib/armv7-m\libc.a(lib_a-vfiprintf.o)
 .text.__sprint_r.part.0
                0x00008dc0       0x78 d:/nxp/lpcxpresso_8.2.2_650/lpcxpresso/tools/bin/../lib/gcc/arm-none-eabi/5.4.1/../../../../arm-none-eabi/lib/armv7-m\libc.a(lib_a-vfiprintf.o)
 .text.__sprint_r
                0x00008e38       0x14 d:/nxp/lpcxpresso_8.2.2_650/lpcxpresso/tools/bin/../lib/gcc/arm-none-eabi/5.4.1/../../../../arm-none-eabi/lib/armv7-m\libc.a(lib_a-vfiprintf.o)
                0x00008e38                __sprint_r
 .text._vfiprintf_r
                0x00008e4c      0xde8 d:/nxp/lpcxpresso_8.2.2_650/lpcxpresso/tools/bin/../lib/gcc/arm-none-eabi/5.4.1/../../../../arm-none-eabi/lib/armv7-m\libc.a(lib_a-vfiprintf.o)
                0x00008e4c                _vfiprintf_r
 .text.vfiprintf
                0x00009c34       0x18 d:/nxp/lpcxpresso_8.2.2_650/lpcxpresso/tools/bin/../lib/gcc/arm-none-eabi/5.4.1/../../../../arm-none-eabi/lib/armv7-m\libc.a(lib_a-vfiprintf.o)
                0x00009c34                vfiprintf
 .text.__sbprintf
                0x00009c4c       0x6c d:/nxp/lpcxpresso_8.2.2_650/lpcxpresso/tools/bin/../lib/gcc/arm-none-eabi/5.4.1/../../../../arm-none-eabi/lib/armv7-m\libc.a(lib_a-vfiprintf.o)
 .text          0x00009cb8        0x0 d:/nxp/lpcxpresso_8.2.2_650/lpcxpresso/tools/bin/../lib/gcc/arm-none-eabi/5.4.1/../../../../arm-none-eabi/lib/armv7-m\libc.a(lib_a-writer.o)
 .text._write_r
                0x00009cb8       0x2c d:/nxp/lpcxpresso_8.2.2_650/lpcxpresso/tools/bin/../lib/gcc/arm-none-eabi/5.4.1/../../../../arm-none-eabi/lib/armv7-m\libc.a(lib_a-writer.o)
                0x00009cb8                _write_r
 .text          0x00009ce4        0x0 d:/nxp/lpcxpresso_8.2.2_650/lpcxpresso/tools/bin/../lib/gcc/arm-none-eabi/5.4.1/../../../../arm-none-eabi/lib/armv7-m\libc.a(lib_a-closer.o)
 .text._close_r
                0x00009ce4       0x24 d:/nxp/lpcxpresso_8.2.2_650/lpcxpresso/tools/bin/../lib/gcc/arm-none-eabi/5.4.1/../../../../arm-none-eabi/lib/armv7-m\libc.a(lib_a-closer.o)
                0x00009ce4                _close_r
 .text          0x00009d08        0x0 d:/nxp/lpcxpresso_8.2.2_650/lpcxpresso/tools/bin/../lib/gcc/arm-none-eabi/5.4.1/../../../../arm-none-eabi/lib/armv7-m\libc.a(lib_a-fclose.o)
 .text._fclose_r
                0x00009d08       0x84 d:/nxp/lpcxpresso_8.2.2_650/lpcxpresso/tools/bin/../lib/gcc/arm-none-eabi/5.4.1/../../../../arm-none-eabi/lib/armv7-m\libc.a(lib_a-fclose.o)
                0x00009d08                _fclose_r
 .text.fclose   0x00009d8c       0x10 d:/nxp/lpcxpresso_8.2.2_650/lpcxpresso/tools/bin/../lib/gcc/arm-none-eabi/5.4.1/../../../../arm-none-eabi/lib/armv7-m\libc.a(lib_a-fclose.o)
                0x00009d8c                fclose
 .text          0x00009d9c        0x0 d:/nxp/lpcxpresso_8.2.2_650/lpcxpresso/tools/bin/../lib/gcc/arm-none-eabi/5.4.1/../../../../arm-none-eabi/lib/armv7-m\libc.a(lib_a-fputwc.o)
 .text.__fputwc
                0x00009d9c       0x94 d:/nxp/lpcxpresso_8.2.2_650/lpcxpresso/tools/bin/../lib/gcc/arm-none-eabi/5.4.1/../../../../arm-none-eabi/lib/armv7-m\libc.a(lib_a-fputwc.o)
                0x00009d9c                __fputwc
 .text._fputwc_r
                0x00009e30       0x24 d:/nxp/lpcxpresso_8.2.2_650/lpcxpresso/tools/bin/../lib/gcc/arm-none-eabi/5.4.1/../../../../arm-none-eabi/lib/armv7-m\libc.a(lib_a-fputwc.o)
                0x00009e30                _fputwc_r
 .text.fputwc   0x00009e54       0x40 d:/nxp/lpcxpresso_8.2.2_650/lpcxpresso/tools/bin/../lib/gcc/arm-none-eabi/5.4.1/../../../../arm-none-eabi/lib/armv7-m\libc.a(lib_a-fputwc.o)
                0x00009e54                fputwc
 .text          0x00009e94        0x0 d:/nxp/lpcxpresso_8.2.2_650/lpcxpresso/tools/bin/../lib/gcc/arm-none-eabi/5.4.1/../../../../arm-none-eabi/lib/armv7-m\libc.a(lib_a-fstatr.o)
 .text._fstat_r
                0x00009e94       0x28 d:/nxp/lpcxpresso_8.2.2_650/lpcxpresso/tools/bin/../lib/gcc/arm-none-eabi/5.4.1/../../../../arm-none-eabi/lib/armv7-m\libc.a(lib_a-fstatr.o)
                0x00009e94                _fstat_r
 .text          0x00009ebc        0x0 d:/nxp/lpcxpresso_8.2.2_650/lpcxpresso/tools/bin/../lib/gcc/arm-none-eabi/5.4.1/../../../../arm-none-eabi/lib/armv7-m\libc.a(lib_a-fvwrite.o)
 .text.__sfvwrite_r
                0x00009ebc      0x308 d:/nxp/lpcxpresso_8.2.2_650/lpcxpresso/tools/bin/../lib/gcc/arm-none-eabi/5.4.1/../../../../arm-none-eabi/lib/armv7-m\libc.a(lib_a-fvwrite.o)
                0x00009ebc                __sfvwrite_r
 .text          0x0000a1c4        0x0 d:/nxp/lpcxpresso_8.2.2_650/lpcxpresso/tools/bin/../lib/gcc/arm-none-eabi/5.4.1/../../../../arm-none-eabi/lib/armv7-m\libc.a(lib_a-isattyr.o)
 .text._isatty_r
                0x0000a1c4       0x24 d:/nxp/lpcxpresso_8.2.2_650/lpcxpresso/tools/bin/../lib/gcc/arm-none-eabi/5.4.1/../../../../arm-none-eabi/lib/armv7-m\libc.a(lib_a-isattyr.o)
                0x0000a1c4                _isatty_r
 .text          0x0000a1e8        0x0 d:/nxp/lpcxpresso_8.2.2_650/lpcxpresso/tools/bin/../lib/gcc/arm-none-eabi/5.4.1/../../../../arm-none-eabi/lib/armv7-m\libc.a(lib_a-lseekr.o)
 .text._lseek_r
                0x0000a1e8       0x2c d:/nxp/lpcxpresso_8.2.2_650/lpcxpresso/tools/bin/../lib/gcc/arm-none-eabi/5.4.1/../../../../arm-none-eabi/lib/armv7-m\libc.a(lib_a-lseekr.o)
                0x0000a1e8                _lseek_r
 .text          0x0000a214        0x0 d:/nxp/lpcxpresso_8.2.2_650/lpcxpresso/tools/bin/../lib/gcc/arm-none-eabi/5.4.1/../../../../arm-none-eabi/lib/armv7-m\libc.a(lib_a-memmove.o)
 .text.memmove  0x0000a214       0xc8 d:/nxp/lpcxpresso_8.2.2_650/lpcxpresso/tools/bin/../lib/gcc/arm-none-eabi/5.4.1/../../../../arm-none-eabi/lib/armv7-m\libc.a(lib_a-memmove.o)
                0x0000a214                memmove
 .text          0x0000a2dc        0x0 d:/nxp/lpcxpresso_8.2.2_650/lpcxpresso/tools/bin/../lib/gcc/arm-none-eabi/5.4.1/../../../../arm-none-eabi/lib/armv7-m\libc.a(lib_a-readr.o)
 .text._read_r  0x0000a2dc       0x2c d:/nxp/lpcxpresso_8.2.2_650/lpcxpresso/tools/bin/../lib/gcc/arm-none-eabi/5.4.1/../../../../arm-none-eabi/lib/armv7-m\libc.a(lib_a-readr.o)
                0x0000a2dc                _read_r
 .text          0x0000a308        0x0 d:/nxp/lpcxpresso_8.2.2_650/lpcxpresso/tools/bin/../lib/gcc/arm-none-eabi/5.4.1/../../../../arm-none-eabi/lib/armv7-m\libc.a(lib_a-reent.o)
 .text.cleanup_glue
                0x0000a308       0x1c d:/nxp/lpcxpresso_8.2.2_650/lpcxpresso/tools/bin/../lib/gcc/arm-none-eabi/5.4.1/../../../../arm-none-eabi/lib/armv7-m\libc.a(lib_a-reent.o)
                0x0000a308                cleanup_glue
 .text._reclaim_reent
                0x0000a324       0x88 d:/nxp/lpcxpresso_8.2.2_650/lpcxpresso/tools/bin/../lib/gcc/arm-none-eabi/5.4.1/../../../../arm-none-eabi/lib/armv7-m\libc.a(lib_a-reent.o)
                0x0000a324                _reclaim_reent
 .text          0x0000a3ac        0x0 d:/nxp/lpcxpresso_8.2.2_650/lpcxpresso/tools/bin/../lib/gcc/arm-none-eabi/5.4.1/../../../../arm-none-eabi/lib/armv7-m\libc.a(lib_a-wbuf.o)
 .text.__swbuf_r
                0x0000a3ac       0xac d:/nxp/lpcxpresso_8.2.2_650/lpcxpresso/tools/bin/../lib/gcc/arm-none-eabi/5.4.1/../../../../arm-none-eabi/lib/armv7-m\libc.a(lib_a-wbuf.o)
                0x0000a3ac                __swbuf_r
 .text.__swbuf  0x0000a458       0x10 d:/nxp/lpcxpresso_8.2.2_650/lpcxpresso/tools/bin/../lib/gcc/arm-none-eabi/5.4.1/../../../../arm-none-eabi/lib/armv7-m\libc.a(lib_a-wbuf.o)
                0x0000a458                __swbuf
 .text          0x0000a468        0x0 d:/nxp/lpcxpresso_8.2.2_650/lpcxpresso/tools/bin/../lib/gcc/arm-none-eabi/5.4.1/../../../../arm-none-eabi/lib/armv7-m\libc.a(lib_a-wcrtomb.o)
 .text._wcrtomb_r
                0x0000a468       0x54 d:/nxp/lpcxpresso_8.2.2_650/lpcxpresso/tools/bin/../lib/gcc/arm-none-eabi/5.4.1/../../../../arm-none-eabi/lib/armv7-m\libc.a(lib_a-wcrtomb.o)
                0x0000a468                _wcrtomb_r
 .text.wcrtomb  0x0000a4bc       0x58 d:/nxp/lpcxpresso_8.2.2_650/lpcxpresso/tools/bin/../lib/gcc/arm-none-eabi/5.4.1/../../../../arm-none-eabi/lib/armv7-m\libc.a(lib_a-wcrtomb.o)
                0x0000a4bc                wcrtomb
 .text          0x0000a514        0x0 d:/nxp/lpcxpresso_8.2.2_650/lpcxpresso/tools/bin/../lib/gcc/arm-none-eabi/5.4.1/../../../../arm-none-eabi/lib/armv7-m\libc.a(lib_a-wctomb_r.o)
 .text.__ascii_wctomb
                0x0000a514       0x1c d:/nxp/lpcxpresso_8.2.2_650/lpcxpresso/tools/bin/../lib/gcc/arm-none-eabi/5.4.1/../../../../arm-none-eabi/lib/armv7-m\libc.a(lib_a-wctomb_r.o)
                0x0000a514                __ascii_wctomb
 .text._wctomb_r
                0x0000a530       0x30 d:/nxp/lpcxpresso_8.2.2_650/lpcxpresso/tools/bin/../lib/gcc/arm-none-eabi/5.4.1/../../../../arm-none-eabi/lib/armv7-m\libc.a(lib_a-wctomb_r.o)
                0x0000a530                _wctomb_r
 .text          0x0000a560        0x0 d:/nxp/lpcxpresso_8.2.2_650/lpcxpresso/tools/bin/../lib/gcc/arm-none-eabi/5.4.1/../../../../arm-none-eabi/lib/armv7-m\libcr_newlib_semihost.a(syscalls.o)
 .text.error    0x0000a560       0x1c d:/nxp/lpcxpresso_8.2.2_650/lpcxpresso/tools/bin/../lib/gcc/arm-none-eabi/5.4.1/../../../../arm-none-eabi/lib/armv7-m\libcr_newlib_semihost.a(syscalls.o)
 .text.initialise_monitor_handles.part.0
                0x0000a57c       0xa8 d:/nxp/lpcxpresso_8.2.2_650/lpcxpresso/tools/bin/../lib/gcc/arm-none-eabi/5.4.1/../../../../arm-none-eabi/lib/armv7-m\libcr_newlib_semihost.a(syscalls.o)
 .text.findslot
                0x0000a624       0x30 d:/nxp/lpcxpresso_8.2.2_650/lpcxpresso/tools/bin/../lib/gcc/arm-none-eabi/5.4.1/../../../../arm-none-eabi/lib/armv7-m\libcr_newlib_semihost.a(syscalls.o)
 .text.checkerror
                0x0000a654       0x20 d:/nxp/lpcxpresso_8.2.2_650/lpcxpresso/tools/bin/../lib/gcc/arm-none-eabi/5.4.1/../../../../arm-none-eabi/lib/armv7-m\libcr_newlib_semihost.a(syscalls.o)
 .text._swiread
                0x0000a674       0x20 d:/nxp/lpcxpresso_8.2.2_650/lpcxpresso/tools/bin/../lib/gcc/arm-none-eabi/5.4.1/../../../../arm-none-eabi/lib/armv7-m\libcr_newlib_semihost.a(syscalls.o)
                0x0000a674                _swiread
 .text._read    0x0000a694       0x34 d:/nxp/lpcxpresso_8.2.2_650/lpcxpresso/tools/bin/../lib/gcc/arm-none-eabi/5.4.1/../../../../arm-none-eabi/lib/armv7-m\libcr_newlib_semihost.a(syscalls.o)
                0x0000a694                _read
 .text._swilseek
                0x0000a6c8       0x7a d:/nxp/lpcxpresso_8.2.2_650/lpcxpresso/tools/bin/../lib/gcc/arm-none-eabi/5.4.1/../../../../arm-none-eabi/lib/armv7-m\libcr_newlib_semihost.a(syscalls.o)
                0x0000a6c8                _swilseek
 .text._lseek   0x0000a742        0x4 d:/nxp/lpcxpresso_8.2.2_650/lpcxpresso/tools/bin/../lib/gcc/arm-none-eabi/5.4.1/../../../../arm-none-eabi/lib/armv7-m\libcr_newlib_semihost.a(syscalls.o)
                0x0000a742                _lseek
 .text._swiwrite
                0x0000a746       0x20 d:/nxp/lpcxpresso_8.2.2_650/lpcxpresso/tools/bin/../lib/gcc/arm-none-eabi/5.4.1/../../../../arm-none-eabi/lib/armv7-m\libcr_newlib_semihost.a(syscalls.o)
                0x0000a746                _swiwrite
 .text._write   0x0000a766       0x42 d:/nxp/lpcxpresso_8.2.2_650/lpcxpresso/tools/bin/../lib/gcc/arm-none-eabi/5.4.1/../../../../arm-none-eabi/lib/armv7-m\libcr_newlib_semihost.a(syscalls.o)
                0x0000a766                _write
 .text._swiclose
                0x0000a7a8       0x1c d:/nxp/lpcxpresso_8.2.2_650/lpcxpresso/tools/bin/../lib/gcc/arm-none-eabi/5.4.1/../../../../arm-none-eabi/lib/armv7-m\libcr_newlib_semihost.a(syscalls.o)
                0x0000a7a8                _swiclose
 .text._close   0x0000a7c4       0x48 d:/nxp/lpcxpresso_8.2.2_650/lpcxpresso/tools/bin/../lib/gcc/arm-none-eabi/5.4.1/../../../../arm-none-eabi/lib/armv7-m\libcr_newlib_semihost.a(syscalls.o)
                0x0000a7c4                _close
 .text._getpid  0x0000a80c        0x4 d:/nxp/lpcxpresso_8.2.2_650/lpcxpresso/tools/bin/../lib/gcc/arm-none-eabi/5.4.1/../../../../arm-none-eabi/lib/armv7-m\libcr_newlib_semihost.a(syscalls.o)
                0x0000a80c                _getpid
 .text._swistat
                0x0000a810       0x42 d:/nxp/lpcxpresso_8.2.2_650/lpcxpresso/tools/bin/../lib/gcc/arm-none-eabi/5.4.1/../../../../arm-none-eabi/lib/armv7-m\libcr_newlib_semihost.a(syscalls.o)
                0x0000a810                _swistat
 .text._fstat   0x0000a852       0x1c d:/nxp/lpcxpresso_8.2.2_650/lpcxpresso/tools/bin/../lib/gcc/arm-none-eabi/5.4.1/../../../../arm-none-eabi/lib/armv7-m\libcr_newlib_semihost.a(syscalls.o)
                0x0000a852                _fstat
 .text._stat    0x0000a86e       0x3a d:/nxp/lpcxpresso_8.2.2_650/lpcxpresso/tools/bin/../lib/gcc/arm-none-eabi/5.4.1/../../../../arm-none-eabi/lib/armv7-m\libcr_newlib_semihost.a(syscalls.o)
                0x0000a86e                _stat
 .text._swiopen
                0x0000a8a8       0xc8 d:/nxp/lpcxpresso_8.2.2_650/lpcxpresso/tools/bin/../lib/gcc/arm-none-eabi/5.4.1/../../../../arm-none-eabi/lib/armv7-m\libcr_newlib_semihost.a(syscalls.o)
                0x0000a8a8                _swiopen
 .text._open    0x0000a970       0x12 d:/nxp/lpcxpresso_8.2.2_650/lpcxpresso/tools/bin/../lib/gcc/arm-none-eabi/5.4.1/../../../../arm-none-eabi/lib/armv7-m\libcr_newlib_semihost.a(syscalls.o)
                0x0000a970                _open
 .text._link    0x0000a982       0x10 d:/nxp/lpcxpresso_8.2.2_650/lpcxpresso/tools/bin/../lib/gcc/arm-none-eabi/5.4.1/../../../../arm-none-eabi/lib/armv7-m\libcr_newlib_semihost.a(syscalls.o)
                0x0000a982                _link
 .text._unlink  0x0000a992       0x28 d:/nxp/lpcxpresso_8.2.2_650/lpcxpresso/tools/bin/../lib/gcc/arm-none-eabi/5.4.1/../../../../arm-none-eabi/lib/armv7-m\libcr_newlib_semihost.a(syscalls.o)
                0x0000a992                _unlink
 .text._gettimeofday
                0x0000a9ba       0x24 d:/nxp/lpcxpresso_8.2.2_650/lpcxpresso/tools/bin/../lib/gcc/arm-none-eabi/5.4.1/../../../../arm-none-eabi/lib/armv7-m\libcr_newlib_semihost.a(syscalls.o)
                0x0000a9ba                _gettimeofday
 .text._clock   0x0000a9de       0x12 d:/nxp/lpcxpresso_8.2.2_650/lpcxpresso/tools/bin/../lib/gcc/arm-none-eabi/5.4.1/../../../../arm-none-eabi/lib/armv7-m\libcr_newlib_semihost.a(syscalls.o)
                0x0000a9de                _clock
 .text._times   0x0000a9f0       0x16 d:/nxp/lpcxpresso_8.2.2_650/lpcxpresso/tools/bin/../lib/gcc/arm-none-eabi/5.4.1/../../../../arm-none-eabi/lib/armv7-m\libcr_newlib_semihost.a(syscalls.o)
                0x0000a9f0                _times
 .text._isatty  0x0000aa06       0x2a d:/nxp/lpcxpresso_8.2.2_650/lpcxpresso/tools/bin/../lib/gcc/arm-none-eabi/5.4.1/../../../../arm-none-eabi/lib/armv7-m\libcr_newlib_semihost.a(syscalls.o)
                0x0000aa06                _isatty
 .text._system  0x0000aa30       0x3c d:/nxp/lpcxpresso_8.2.2_650/lpcxpresso/tools/bin/../lib/gcc/arm-none-eabi/5.4.1/../../../../arm-none-eabi/lib/armv7-m\libcr_newlib_semihost.a(syscalls.o)
                0x0000aa30                _system
 .text._rename  0x0000aa6c       0x36 d:/nxp/lpcxpresso_8.2.2_650/lpcxpresso/tools/bin/../lib/gcc/arm-none-eabi/5.4.1/../../../../arm-none-eabi/lib/armv7-m\libcr_newlib_semihost.a(syscalls.o)
                0x0000aa6c                _rename
 *fill*         0x0000aaa2        0x2 ff
 .text          0x0000aaa4      0x424 d:/nxp/lpcxpresso_8.2.2_650/lpcxpresso/tools/bin/../lib/gcc/arm-none-eabi/5.4.1/armv7-m\libgcc.a(_arm_muldivdf3.o)
                0x0000aaa4                __aeabi_dmul
                0x0000aaa4                __muldf3
                0x0000acf8                __divdf3
                0x0000acf8                __aeabi_ddiv
 .text          0x0000aec8      0x110 d:/nxp/lpcxpresso_8.2.2_650/lpcxpresso/tools/bin/../lib/gcc/arm-none-eabi/5.4.1/armv7-m\libgcc.a(_arm_cmpdf2.o)
                0x0000aec8                __gtdf2
                0x0000aec8                __gedf2
                0x0000aed0                __ltdf2
                0x0000aed0                __ledf2
                0x0000aed8                __nedf2
                0x0000aed8                __eqdf2
                0x0000aed8                __cmpdf2
                0x0000af54                __aeabi_cdrcmple
                0x0000af64                __aeabi_cdcmpeq
                0x0000af64                __aeabi_cdcmple
                0x0000af74                __aeabi_dcmpeq
                0x0000af88                __aeabi_dcmplt
                0x0000af9c                __aeabi_dcmple
                0x0000afb0                __aeabi_dcmpge
                0x0000afc4                __aeabi_dcmpgt
 .text          0x0000afd8       0x2c d:/nxp/lpcxpresso_8.2.2_650/lpcxpresso/tools/bin/../lib/gcc/arm-none-eabi/5.4.1/armv7-m\libgcc.a(_arm_unorddf2.o)
                0x0000afd8                __unorddf2
                0x0000afd8                __aeabi_dcmpun
 .text          0x0000b004       0x50 d:/nxp/lpcxpresso_8.2.2_650/lpcxpresso/tools/bin/../lib/gcc/arm-none-eabi/5.4.1/armv7-m\libgcc.a(_arm_fixdfsi.o)
                0x0000b004                __aeabi_d2iz
                0x0000b004                __fixdfsi
 .text          0x0000b054       0x30 d:/nxp/lpcxpresso_8.2.2_650/lpcxpresso/tools/bin/../lib/gcc/arm-none-eabi/5.4.1/armv7-m\libgcc.a(_aeabi_uldivmod.o)
                0x0000b054                __aeabi_uldivmod
 .text          0x0000b084      0x2ec d:/nxp/lpcxpresso_8.2.2_650/lpcxpresso/tools/bin/../lib/gcc/arm-none-eabi/5.4.1/armv7-m\libgcc.a(_udivmoddi4.o)
                0x0000b084                __udivmoddi4
 .text          0x0000b370        0x4 d:/nxp/lpcxpresso_8.2.2_650/lpcxpresso/tools/bin/../lib/gcc/arm-none-eabi/5.4.1/armv7-m\libgcc.a(_dvmd_tls.o)
                0x0000b370                __aeabi_idiv0
                0x0000b370                __aeabi_ldiv0
 .text          0x0000b374        0x0 d:/nxp/lpcxpresso_8.2.2_650/lpcxpresso/tools/bin/../lib/gcc/arm-none-eabi/5.4.1/../../../../arm-none-eabi/lib/armv7-m\libc.a(lib_a-errno.o)
 .text.__errno  0x0000b374        0xc d:/nxp/lpcxpresso_8.2.2_650/lpcxpresso/tools/bin/../lib/gcc/arm-none-eabi/5.4.1/../../../../arm-none-eabi/lib/armv7-m\libc.a(lib_a-errno.o)
                0x0000b374                __errno
 *(.rodata .rodata.* .constdata .constdata.*)
 .rodata.str1.1
                0x0000b380       0x4e ./src/pi7/interpretador_comando/interpretador_comando.o
 .rodata.str1.1
                0x0000b3ce       0x22 ./src/pi7/controlador_trajetoria/controlador_trajetoria.o
 .rodata.str1.1
                0x0000b3f0       0x10 ./src/pi7/comunicacao_pic/comunicacao_pic.o
 .rodata.str1.1
                0x0000b400       0x1e ./src/pi7/comunicacao_pc/modbus.o
 .rodata.str1.1
                0x0000b41e        0xb ./src/drivers/console/basic_io.o
 *fill*         0x0000b429        0x3 ff
 .rodata.DELAY_1MS
                0x0000b42c        0x4 ./src/main.o
                0x0000b42c                DELAY_1MS
 .rodata.DELAY_1SEC
                0x0000b430        0x4 ./src/main.o
                0x0000b430                DELAY_1SEC
 .rodata.DELAY_500MS
                0x0000b434        0x4 ./src/main.o
                0x0000b434                DELAY_500MS
 .rodata.str1.1
                0x0000b438       0x46 ./src/main.o
 *fill*         0x0000b47e        0x2 ff
 .rodata.DELAY_200MS
                0x0000b480        0x4 ./src/main.o
                0x0000b480                DELAY_200MS
 .rodata.str1.1
                0x0000b484       0x17 ./FreeRTOS_src/tasks.o
                                 0x1a (size before relaxing)
 *fill*         0x0000b49b        0x1 ff
 .rodata.ulKernelPriority
                0x0000b49c        0x4 ./FreeRTOS_portable/port.o
                0x0000b49c                ulKernelPriority
 .rodata.blanks.7055
                0x0000b4a0       0x10 d:/nxp/lpcxpresso_8.2.2_650/lpcxpresso/tools/bin/../lib/gcc/arm-none-eabi/5.4.1/../../../../arm-none-eabi/lib/armv7-m\libc.a(lib_a-svfprintf.o)
 .rodata.str1.4
                0x0000b4b0       0x42 d:/nxp/lpcxpresso_8.2.2_650/lpcxpresso/tools/bin/../lib/gcc/arm-none-eabi/5.4.1/../../../../arm-none-eabi/lib/armv7-m\libc.a(lib_a-svfprintf.o)
 *fill*         0x0000b4f2        0x2 ff
 .rodata.zeroes.7056
                0x0000b4f4       0x10 d:/nxp/lpcxpresso_8.2.2_650/lpcxpresso/tools/bin/../lib/gcc/arm-none-eabi/5.4.1/../../../../arm-none-eabi/lib/armv7-m\libc.a(lib_a-svfprintf.o)
 .rodata.blanks.7070
                0x0000b504       0x10 d:/nxp/lpcxpresso_8.2.2_650/lpcxpresso/tools/bin/../lib/gcc/arm-none-eabi/5.4.1/../../../../arm-none-eabi/lib/armv7-m\libc.a(lib_a-vfprintf.o)
 .rodata.str1.4
                0x0000b514       0x42 d:/nxp/lpcxpresso_8.2.2_650/lpcxpresso/tools/bin/../lib/gcc/arm-none-eabi/5.4.1/../../../../arm-none-eabi/lib/armv7-m\libc.a(lib_a-vfprintf.o)
 .rodata.zeroes.7071
                0x0000b514       0x10 d:/nxp/lpcxpresso_8.2.2_650/lpcxpresso/tools/bin/../lib/gcc/arm-none-eabi/5.4.1/../../../../arm-none-eabi/lib/armv7-m\libc.a(lib_a-vfprintf.o)
 .rodata.str1.4
                0x0000b524       0x10 d:/nxp/lpcxpresso_8.2.2_650/lpcxpresso/tools/bin/../lib/gcc/arm-none-eabi/5.4.1/../../../../arm-none-eabi/lib/armv7-m\libc.a(lib_a-dtoa.o)
                                 0x12 (size before relaxing)
 .rodata.str1.4
                0x0000b534        0x2 d:/nxp/lpcxpresso_8.2.2_650/lpcxpresso/tools/bin/../lib/gcc/arm-none-eabi/5.4.1/../../../../arm-none-eabi/lib/armv7-m\libc.a(lib_a-impure.o)
 *fill*         0x0000b536        0x2 ff
 .rodata._global_impure_ptr
                0x0000b538        0x4 d:/nxp/lpcxpresso_8.2.2_650/lpcxpresso/tools/bin/../lib/gcc/arm-none-eabi/5.4.1/../../../../arm-none-eabi/lib/armv7-m\libc.a(lib_a-impure.o)
                0x0000b538                _global_impure_ptr
 .rodata.str1.4
                0x0000b53c        0xc d:/nxp/lpcxpresso_8.2.2_650/lpcxpresso/tools/bin/../lib/gcc/arm-none-eabi/5.4.1/../../../../arm-none-eabi/lib/armv7-m\libc.a(lib_a-locale.o)
                                 0x12 (size before relaxing)
 .rodata.__mprec_tens
                0x0000b548       0xc8 d:/nxp/lpcxpresso_8.2.2_650/lpcxpresso/tools/bin/../lib/gcc/arm-none-eabi/5.4.1/../../../../arm-none-eabi/lib/armv7-m\libc.a(lib_a-mprec.o)
                0x0000b548                __mprec_tens
 .rodata.__mprec_bigtens
                0x0000b610       0x28 d:/nxp/lpcxpresso_8.2.2_650/lpcxpresso/tools/bin/../lib/gcc/arm-none-eabi/5.4.1/../../../../arm-none-eabi/lib/armv7-m\libc.a(lib_a-mprec.o)
                0x0000b610                __mprec_bigtens
 .rodata.__mprec_tinytens
                0x0000b638       0x28 d:/nxp/lpcxpresso_8.2.2_650/lpcxpresso/tools/bin/../lib/gcc/arm-none-eabi/5.4.1/../../../../arm-none-eabi/lib/armv7-m\libc.a(lib_a-mprec.o)
                0x0000b638                __mprec_tinytens
 .rodata.p05.5396
                0x0000b660        0xc d:/nxp/lpcxpresso_8.2.2_650/lpcxpresso/tools/bin/../lib/gcc/arm-none-eabi/5.4.1/../../../../arm-none-eabi/lib/armv7-m\libc.a(lib_a-mprec.o)
 .rodata.blanks.6999
                0x0000b66c       0x10 d:/nxp/lpcxpresso_8.2.2_650/lpcxpresso/tools/bin/../lib/gcc/arm-none-eabi/5.4.1/../../../../arm-none-eabi/lib/armv7-m\libc.a(lib_a-svfiprintf.o)
 .rodata.str1.4
                0x0000b67c       0x2f d:/nxp/lpcxpresso_8.2.2_650/lpcxpresso/tools/bin/../lib/gcc/arm-none-eabi/5.4.1/../../../../arm-none-eabi/lib/armv7-m\libc.a(lib_a-svfiprintf.o)
 .rodata.zeroes.7000
                0x0000b67c       0x10 d:/nxp/lpcxpresso_8.2.2_650/lpcxpresso/tools/bin/../lib/gcc/arm-none-eabi/5.4.1/../../../../arm-none-eabi/lib/armv7-m\libc.a(lib_a-svfiprintf.o)
 .rodata.blanks.7013
                0x0000b68c       0x10 d:/nxp/lpcxpresso_8.2.2_650/lpcxpresso/tools/bin/../lib/gcc/arm-none-eabi/5.4.1/../../../../arm-none-eabi/lib/armv7-m\libc.a(lib_a-vfiprintf.o)
 .rodata.str1.4
                0x0000b69c       0x2f d:/nxp/lpcxpresso_8.2.2_650/lpcxpresso/tools/bin/../lib/gcc/arm-none-eabi/5.4.1/../../../../arm-none-eabi/lib/armv7-m\libc.a(lib_a-vfiprintf.o)
 .rodata.zeroes.7014
                0x0000b69c       0x10 d:/nxp/lpcxpresso_8.2.2_650/lpcxpresso/tools/bin/../lib/gcc/arm-none-eabi/5.4.1/../../../../arm-none-eabi/lib/armv7-m\libc.a(lib_a-vfiprintf.o)
 .rodata.str1.1
                0x0000b6ac        0x4 d:/nxp/lpcxpresso_8.2.2_650/lpcxpresso/tools/bin/../lib/gcc/arm-none-eabi/5.4.1/../../../../arm-none-eabi/lib/armv7-m\libcr_newlib_semihost.a(syscalls.o)
                0x0000b6cc                . = ALIGN (0x4)

.glue_7         0x0000b6b0        0x0
 .glue_7        0x0000b6b0        0x0 linker stubs

.glue_7t        0x0000b6b0        0x0
 .glue_7t       0x0000b6b0        0x0 linker stubs

.vfp11_veneer   0x0000b6b0        0x0
 .vfp11_veneer  0x0000b6b0        0x0 linker stubs

.v4_bx          0x0000b6b0        0x0
 .v4_bx         0x0000b6b0        0x0 linker stubs

.iplt           0x0000b6b0        0x0
 .iplt          0x0000b6b0        0x0 ./src/pi7/programa_trajetoria/programa_trajetoria.o

.ARM.extab      0x0000b6b0        0x0
 *(.ARM.extab* .gnu.linkonce.armextab.*)
 .ARM.extab     0x0000b6b0        0x0 d:/nxp/lpcxpresso_8.2.2_650/lpcxpresso/tools/bin/../lib/gcc/arm-none-eabi/5.4.1/armv7-m\libgcc.a(_udivmoddi4.o)
                0x0000b6b0                __exidx_start = .

.ARM.exidx      0x0000b6b0        0x8
 *(.ARM.exidx* .gnu.linkonce.armexidx.*)
 .ARM.exidx     0x0000b6b0        0x8 d:/nxp/lpcxpresso_8.2.2_650/lpcxpresso/tools/bin/../lib/gcc/arm-none-eabi/5.4.1/armv7-m\libgcc.a(_udivmoddi4.o)
                0x0000b6b8                __exidx_end = .
                0x0000b6b8                _etext = .

.rel.dyn        0x0000b6b8        0x0
 .rel.iplt      0x0000b6b8        0x0 ./src/pi7/programa_trajetoria/programa_trajetoria.o

.data_RAM2      0x2007c000        0x0 load address 0x0000b6b8
 FILL mask 0xff
                [!provide]                PROVIDE (__start_data_RAM2, .)
 *(.ramfunc.$RAM2)
 *(.ramfunc.$RamAHB32)
 *(.data.$RAM2*)
 *(.data.$RamAHB32*)
                0x2007c000                . = ALIGN (0x4)
                [!provide]                PROVIDE (__end_data_RAM2, .)

.uninit_RESERVED
                0x10000000        0x0
 *(.bss.$RESERVED*)
                0x10000000                . = ALIGN (0x4)
                0x10000000                _end_uninit_RESERVED = .

.data           0x10000000      0x4ec load address 0x0000b6b8
 FILL mask 0xff
                0x10000000                _data = .
 *(vtable)
 *(.ramfunc*)
 *(.data*)
 .data          0x10000000        0x0 ./src/pi7/programa_trajetoria/programa_trajetoria.o
 .data          0x10000000        0x0 ./src/pi7/interpretador_comando/interpretador_comando.o
 .data          0x10000000        0x0 ./src/pi7/estado_trajetoria/estado_trajetoria.o
 .data.stt_x    0x10000000        0x4 ./src/pi7/estado_trajetoria/estado_trajetoria.o
                0x10000000                stt_x
 .data.stt_y    0x10000004        0x4 ./src/pi7/estado_trajetoria/estado_trajetoria.o
                0x10000004                stt_y
 .data.stt_z    0x10000008        0x4 ./src/pi7/estado_trajetoria/estado_trajetoria.o
                0x10000008                stt_z
 .data          0x1000000c        0x0 ./src/pi7/controlador_trajetoria/controlador_trajetoria.o
 .data          0x1000000c        0x0 ./src/pi7/comunicacao_pic/comunicacao_pic.o
 .data          0x1000000c        0x0 ./src/pi7/comunicacao_pc/modbus.o
 .data          0x1000000c        0x0 ./src/drivers/uart/uart.o
 .data.UART0TxEmpty
                0x1000000c        0x1 ./src/drivers/uart/uart.o
                0x1000000c                UART0TxEmpty
 .data.UART1TxEmpty
                0x1000000d        0x1 ./src/drivers/uart/uart.o
                0x1000000d                UART1TxEmpty
 .data          0x1000000e        0x0 ./src/drivers/pwm/pwm.o
 .data          0x1000000e        0x0 ./src/drivers/ledonboard/leds.o
 .data          0x1000000e        0x0 ./src/drivers/console/alloc.o
 .data          0x1000000e        0x0 ./src/drivers/console/basic_io.o
 .data          0x1000000e        0x0 ./src/drivers/console/consoleprint.o
 .data          0x1000000e        0x0 ./src/cr_startup_lpc17.o
 .data          0x1000000e        0x0 ./src/main.o
 .data.msgReadRegister
                0x1000000e        0xd ./src/main.o
                0x1000000e                msgReadRegister
 .data.msgWriteRegister
                0x1000001b        0xf ./src/main.o
                0x1000001b                msgWriteRegister
 .data          0x1000002a        0x0 ./FreeRTOS_src/croutine.o
 .data          0x1000002a        0x0 ./FreeRTOS_src/list.o
 .data          0x1000002a        0x0 ./FreeRTOS_src/queue.o
 .data          0x1000002a        0x0 ./FreeRTOS_src/tasks.o
 *fill*         0x1000002a        0x2 ff
 .data.uxPreviousTask
                0x1000002c        0x4 ./FreeRTOS_src/tasks.o
 .data.xNextTaskUnblockTime
                0x10000030        0x4 ./FreeRTOS_src/tasks.o
 .data          0x10000034        0x0 ./FreeRTOS_src/timers.o
 .data          0x10000034        0x0 ./FreeRTOS_portable/MemMang/heap_2.o
 .data.xFreeBytesRemaining
                0x10000034        0x4 ./FreeRTOS_portable/MemMang/heap_2.o
 .data          0x10000038        0x0 ./FreeRTOS_portable/port.o
 .data.uxCriticalNesting
                0x10000038        0x4 ./FreeRTOS_portable/port.o
 .data          0x1000003c        0x4 ../Libraries\libCMSISv2_LPC17xx.a(system_LPC17xx.o)
                0x1000003c                SystemFrequency
 .data          0x10000040        0x0 d:/nxp/lpcxpresso_8.2.2_650/lpcxpresso/tools/bin/../lib/gcc/arm-none-eabi/5.4.1/armv7-m\libgcc.a(_arm_addsubdf3.o)
 .data          0x10000040        0x0 d:/nxp/lpcxpresso_8.2.2_650/lpcxpresso/tools/bin/../lib/gcc/arm-none-eabi/5.4.1/armv7-m\libgcc.a(_arm_fixsfsi.o)
 .data          0x10000040        0x0 d:/nxp/lpcxpresso_8.2.2_650/lpcxpresso/tools/bin/../lib/gcc/arm-none-eabi/5.4.1/../../../../arm-none-eabi/lib/armv7-m\libc.a(lib_a-memcpy.o)
 .data          0x10000040        0x0 d:/nxp/lpcxpresso_8.2.2_650/lpcxpresso/tools/bin/../lib/gcc/arm-none-eabi/5.4.1/../../../../arm-none-eabi/lib/armv7-m\libc.a(lib_a-memset.o)
 .data          0x10000040        0x0 d:/nxp/lpcxpresso_8.2.2_650/lpcxpresso/tools/bin/../lib/gcc/arm-none-eabi/5.4.1/../../../../arm-none-eabi/lib/armv7-m\libc.a(lib_a-printf.o)
 .data          0x10000040        0x0 d:/nxp/lpcxpresso_8.2.2_650/lpcxpresso/tools/bin/../lib/gcc/arm-none-eabi/5.4.1/../../../../arm-none-eabi/lib/armv7-m\libc.a(lib_a-sprintf.o)
 .data          0x10000040        0x0 d:/nxp/lpcxpresso_8.2.2_650/lpcxpresso/tools/bin/../lib/gcc/arm-none-eabi/5.4.1/../../../../arm-none-eabi/lib/armv7-m\libc.a(lib_a-strcat.o)
 .data          0x10000040        0x0 d:/nxp/lpcxpresso_8.2.2_650/lpcxpresso/tools/bin/../lib/gcc/arm-none-eabi/5.4.1/../../../../arm-none-eabi/lib/armv7-m\libc.a(lib_a-strcpy.o)
 .data          0x10000040        0x0 d:/nxp/lpcxpresso_8.2.2_650/lpcxpresso/tools/bin/../lib/gcc/arm-none-eabi/5.4.1/../../../../arm-none-eabi/lib/armv7-m\libc.a(lib_a-strlen-stub.o)
 .data          0x10000040        0x0 d:/nxp/lpcxpresso_8.2.2_650/lpcxpresso/tools/bin/../lib/gcc/arm-none-eabi/5.4.1/../../../../arm-none-eabi/lib/armv7-m\libc.a(lib_a-strncpy.o)
 .data          0x10000040        0x0 d:/nxp/lpcxpresso_8.2.2_650/lpcxpresso/tools/bin/../lib/gcc/arm-none-eabi/5.4.1/../../../../arm-none-eabi/lib/armv7-m\libc.a(lib_a-svfprintf.o)
 .data          0x10000040        0x0 d:/nxp/lpcxpresso_8.2.2_650/lpcxpresso/tools/bin/../lib/gcc/arm-none-eabi/5.4.1/../../../../arm-none-eabi/lib/armv7-m\libc.a(lib_a-vfprintf.o)
 .data          0x10000040        0x0 d:/nxp/lpcxpresso_8.2.2_650/lpcxpresso/tools/bin/../lib/gcc/arm-none-eabi/5.4.1/../../../../arm-none-eabi/lib/armv7-m\libc.a(lib_a-wsetup.o)
 .data          0x10000040        0x0 d:/nxp/lpcxpresso_8.2.2_650/lpcxpresso/tools/bin/../lib/gcc/arm-none-eabi/5.4.1/../../../../arm-none-eabi/lib/armv7-m\libc.a(lib_a-dtoa.o)
 .data          0x10000040        0x0 d:/nxp/lpcxpresso_8.2.2_650/lpcxpresso/tools/bin/../lib/gcc/arm-none-eabi/5.4.1/../../../../arm-none-eabi/lib/armv7-m\libc.a(lib_a-fflush.o)
 .data          0x10000040        0x0 d:/nxp/lpcxpresso_8.2.2_650/lpcxpresso/tools/bin/../lib/gcc/arm-none-eabi/5.4.1/../../../../arm-none-eabi/lib/armv7-m\libc.a(lib_a-findfp.o)
 .data          0x10000040        0x0 d:/nxp/lpcxpresso_8.2.2_650/lpcxpresso/tools/bin/../lib/gcc/arm-none-eabi/5.4.1/../../../../arm-none-eabi/lib/armv7-m\libc.a(lib_a-fwalk.o)
 .data          0x10000040        0x0 d:/nxp/lpcxpresso_8.2.2_650/lpcxpresso/tools/bin/../lib/gcc/arm-none-eabi/5.4.1/../../../../arm-none-eabi/lib/armv7-m\libc.a(lib_a-impure.o)
 .data.impure_data
                0x10000040      0x428 d:/nxp/lpcxpresso_8.2.2_650/lpcxpresso/tools/bin/../lib/gcc/arm-none-eabi/5.4.1/../../../../arm-none-eabi/lib/armv7-m\libc.a(lib_a-impure.o)
 .data._impure_ptr
                0x10000468        0x4 d:/nxp/lpcxpresso_8.2.2_650/lpcxpresso/tools/bin/../lib/gcc/arm-none-eabi/5.4.1/../../../../arm-none-eabi/lib/armv7-m\libc.a(lib_a-impure.o)
                0x10000468                _impure_ptr
 .data          0x1000046c        0x0 d:/nxp/lpcxpresso_8.2.2_650/lpcxpresso/tools/bin/../lib/gcc/arm-none-eabi/5.4.1/../../../../arm-none-eabi/lib/armv7-m\libc.a(lib_a-locale.o)
 .data.lc_message_charset
                0x1000046c       0x20 d:/nxp/lpcxpresso_8.2.2_650/lpcxpresso/tools/bin/../lib/gcc/arm-none-eabi/5.4.1/../../../../arm-none-eabi/lib/armv7-m\libc.a(lib_a-locale.o)
 .data.lconv    0x1000048c       0x38 d:/nxp/lpcxpresso_8.2.2_650/lpcxpresso/tools/bin/../lib/gcc/arm-none-eabi/5.4.1/../../../../arm-none-eabi/lib/armv7-m\libc.a(lib_a-locale.o)
 .data.lc_ctype_charset
                0x100004c4       0x20 d:/nxp/lpcxpresso_8.2.2_650/lpcxpresso/tools/bin/../lib/gcc/arm-none-eabi/5.4.1/../../../../arm-none-eabi/lib/armv7-m\libc.a(lib_a-locale.o)
 .data.__mb_cur_max
                0x100004e4        0x4 d:/nxp/lpcxpresso_8.2.2_650/lpcxpresso/tools/bin/../lib/gcc/arm-none-eabi/5.4.1/../../../../arm-none-eabi/lib/armv7-m\libc.a(lib_a-locale.o)
                0x100004e4                __mb_cur_max
 .data          0x100004e8        0x0 d:/nxp/lpcxpresso_8.2.2_650/lpcxpresso/tools/bin/../lib/gcc/arm-none-eabi/5.4.1/../../../../arm-none-eabi/lib/armv7-m\libc.a(lib_a-makebuf.o)
 .data          0x100004e8        0x0 d:/nxp/lpcxpresso_8.2.2_650/lpcxpresso/tools/bin/../lib/gcc/arm-none-eabi/5.4.1/../../../../arm-none-eabi/lib/armv7-m\libc.a(lib_a-memchr-stub.o)
 .data          0x100004e8        0x0 d:/nxp/lpcxpresso_8.2.2_650/lpcxpresso/tools/bin/../lib/gcc/arm-none-eabi/5.4.1/../../../../arm-none-eabi/lib/armv7-m\libc.a(lib_a-mprec.o)
 .data          0x100004e8        0x0 d:/nxp/lpcxpresso_8.2.2_650/lpcxpresso/tools/bin/../lib/gcc/arm-none-eabi/5.4.1/../../../../arm-none-eabi/lib/armv7-m\libc.a(lib_a-stdio.o)
 .data          0x100004e8        0x0 d:/nxp/lpcxpresso_8.2.2_650/lpcxpresso/tools/bin/../lib/gcc/arm-none-eabi/5.4.1/../../../../arm-none-eabi/lib/armv7-m\libc.a(lib_a-strcmp.o)
 .data          0x100004e8        0x0 d:/nxp/lpcxpresso_8.2.2_650/lpcxpresso/tools/bin/../lib/gcc/arm-none-eabi/5.4.1/../../../../arm-none-eabi/lib/armv7-m\libc.a(lib_a-svfiprintf.o)
 .data          0x100004e8        0x0 d:/nxp/lpcxpresso_8.2.2_650/lpcxpresso/tools/bin/../lib/gcc/arm-none-eabi/5.4.1/../../../../arm-none-eabi/lib/armv7-m\libc.a(lib_a-vfiprintf.o)
 .data          0x100004e8        0x0 d:/nxp/lpcxpresso_8.2.2_650/lpcxpresso/tools/bin/../lib/gcc/arm-none-eabi/5.4.1/../../../../arm-none-eabi/lib/armv7-m\libc.a(lib_a-writer.o)
 .data          0x100004e8        0x0 d:/nxp/lpcxpresso_8.2.2_650/lpcxpresso/tools/bin/../lib/gcc/arm-none-eabi/5.4.1/../../../../arm-none-eabi/lib/armv7-m\libc.a(lib_a-closer.o)
 .data          0x100004e8        0x0 d:/nxp/lpcxpresso_8.2.2_650/lpcxpresso/tools/bin/../lib/gcc/arm-none-eabi/5.4.1/../../../../arm-none-eabi/lib/armv7-m\libc.a(lib_a-fclose.o)
 .data          0x100004e8        0x0 d:/nxp/lpcxpresso_8.2.2_650/lpcxpresso/tools/bin/../lib/gcc/arm-none-eabi/5.4.1/../../../../arm-none-eabi/lib/armv7-m\libc.a(lib_a-fputwc.o)
 .data          0x100004e8        0x0 d:/nxp/lpcxpresso_8.2.2_650/lpcxpresso/tools/bin/../lib/gcc/arm-none-eabi/5.4.1/../../../../arm-none-eabi/lib/armv7-m\libc.a(lib_a-fstatr.o)
 .data          0x100004e8        0x0 d:/nxp/lpcxpresso_8.2.2_650/lpcxpresso/tools/bin/../lib/gcc/arm-none-eabi/5.4.1/../../../../arm-none-eabi/lib/armv7-m\libc.a(lib_a-fvwrite.o)
 .data          0x100004e8        0x0 d:/nxp/lpcxpresso_8.2.2_650/lpcxpresso/tools/bin/../lib/gcc/arm-none-eabi/5.4.1/../../../../arm-none-eabi/lib/armv7-m\libc.a(lib_a-isattyr.o)
 .data          0x100004e8        0x0 d:/nxp/lpcxpresso_8.2.2_650/lpcxpresso/tools/bin/../lib/gcc/arm-none-eabi/5.4.1/../../../../arm-none-eabi/lib/armv7-m\libc.a(lib_a-lseekr.o)
 .data          0x100004e8        0x0 d:/nxp/lpcxpresso_8.2.2_650/lpcxpresso/tools/bin/../lib/gcc/arm-none-eabi/5.4.1/../../../../arm-none-eabi/lib/armv7-m\libc.a(lib_a-memmove.o)
 .data          0x100004e8        0x0 d:/nxp/lpcxpresso_8.2.2_650/lpcxpresso/tools/bin/../lib/gcc/arm-none-eabi/5.4.1/../../../../arm-none-eabi/lib/armv7-m\libc.a(lib_a-readr.o)
 .data          0x100004e8        0x0 d:/nxp/lpcxpresso_8.2.2_650/lpcxpresso/tools/bin/../lib/gcc/arm-none-eabi/5.4.1/../../../../arm-none-eabi/lib/armv7-m\libc.a(lib_a-reent.o)
 .data          0x100004e8        0x0 d:/nxp/lpcxpresso_8.2.2_650/lpcxpresso/tools/bin/../lib/gcc/arm-none-eabi/5.4.1/../../../../arm-none-eabi/lib/armv7-m\libc.a(lib_a-wbuf.o)
 .data          0x100004e8        0x0 d:/nxp/lpcxpresso_8.2.2_650/lpcxpresso/tools/bin/../lib/gcc/arm-none-eabi/5.4.1/../../../../arm-none-eabi/lib/armv7-m\libc.a(lib_a-wcrtomb.o)
 .data          0x100004e8        0x0 d:/nxp/lpcxpresso_8.2.2_650/lpcxpresso/tools/bin/../lib/gcc/arm-none-eabi/5.4.1/../../../../arm-none-eabi/lib/armv7-m\libc.a(lib_a-wctomb_r.o)
 .data.__wctomb
                0x100004e8        0x4 d:/nxp/lpcxpresso_8.2.2_650/lpcxpresso/tools/bin/../lib/gcc/arm-none-eabi/5.4.1/../../../../arm-none-eabi/lib/armv7-m\libc.a(lib_a-wctomb_r.o)
                0x100004e8                __wctomb
 .data          0x100004ec        0x0 d:/nxp/lpcxpresso_8.2.2_650/lpcxpresso/tools/bin/../lib/gcc/arm-none-eabi/5.4.1/../../../../arm-none-eabi/lib/armv7-m\libcr_newlib_semihost.a(syscalls.o)
 .data          0x100004ec        0x0 d:/nxp/lpcxpresso_8.2.2_650/lpcxpresso/tools/bin/../lib/gcc/arm-none-eabi/5.4.1/armv7-m\libgcc.a(_arm_muldivdf3.o)
 .data          0x100004ec        0x0 d:/nxp/lpcxpresso_8.2.2_650/lpcxpresso/tools/bin/../lib/gcc/arm-none-eabi/5.4.1/armv7-m\libgcc.a(_arm_cmpdf2.o)
 .data          0x100004ec        0x0 d:/nxp/lpcxpresso_8.2.2_650/lpcxpresso/tools/bin/../lib/gcc/arm-none-eabi/5.4.1/armv7-m\libgcc.a(_arm_unorddf2.o)
 .data          0x100004ec        0x0 d:/nxp/lpcxpresso_8.2.2_650/lpcxpresso/tools/bin/../lib/gcc/arm-none-eabi/5.4.1/armv7-m\libgcc.a(_arm_fixdfsi.o)
 .data          0x100004ec        0x0 d:/nxp/lpcxpresso_8.2.2_650/lpcxpresso/tools/bin/../lib/gcc/arm-none-eabi/5.4.1/armv7-m\libgcc.a(_aeabi_uldivmod.o)
 .data          0x100004ec        0x0 d:/nxp/lpcxpresso_8.2.2_650/lpcxpresso/tools/bin/../lib/gcc/arm-none-eabi/5.4.1/armv7-m\libgcc.a(_udivmoddi4.o)
 .data          0x100004ec        0x0 d:/nxp/lpcxpresso_8.2.2_650/lpcxpresso/tools/bin/../lib/gcc/arm-none-eabi/5.4.1/armv7-m\libgcc.a(_dvmd_tls.o)
 .data          0x100004ec        0x0 d:/nxp/lpcxpresso_8.2.2_650/lpcxpresso/tools/bin/../lib/gcc/arm-none-eabi/5.4.1/../../../../arm-none-eabi/lib/armv7-m\libc.a(lib_a-errno.o)
                0x100004ec                . = ALIGN (0x4)
                0x100004ec                _edata = .

.igot.plt       0x100004ec        0x0 load address 0x0000bba4
 .igot.plt      0x100004ec        0x0 ./src/pi7/programa_trajetoria/programa_trajetoria.o

.bss_RAM2       0x2007c000        0x0
                [!provide]                PROVIDE (__start_bss_RAM2, .)
 *(.bss.$RAM2*)
 *(.bss.$RamAHB32*)
                0x2007c000                . = ALIGN ((. != 0x0)?0x4:0x1)
                [!provide]                PROVIDE (__end_bss_RAM2, .)

.bss            0x100004f0     0x59b0
                0x100004f0                _bss = .
 *(.bss*)
 .bss           0x100004f0        0x0 ./src/pi7/programa_trajetoria/programa_trajetoria.o
 .bss           0x100004f0        0x0 ./src/pi7/interpretador_comando/interpretador_comando.o
 .bss.ctl_AUX   0x100004f0        0x4 ./src/pi7/interpretador_comando/interpretador_comando.o
                0x100004f0                ctl_AUX
 .bss           0x100004f4        0x0 ./src/pi7/estado_trajetoria/estado_trajetoria.o
 .bss           0x100004f4        0x0 ./src/pi7/controlador_trajetoria/controlador_trajetoria.o
 .bss           0x100004f4        0x0 ./src/pi7/comunicacao_pic/comunicacao_pic.o
 .bss           0x100004f4        0x0 ./src/pi7/comunicacao_pc/modbus.o
 .bss           0x100004f4        0x0 ./src/drivers/uart/uart.o
 .bss.UART1Count
                0x100004f4        0x4 ./src/drivers/uart/uart.o
                0x100004f4                UART1Count
 .bss.UART0Count
                0x100004f8        0x4 ./src/drivers/uart/uart.o
                0x100004f8                UART0Count
 .bss           0x100004fc        0x0 ./src/drivers/pwm/pwm.o
 .bss           0x100004fc        0x0 ./src/drivers/ledonboard/leds.o
 .bss           0x100004fc        0x0 ./src/drivers/console/alloc.o
 .bss           0x100004fc        0x0 ./src/drivers/console/basic_io.o
 .bss.cBuffer   0x100004fc       0x32 ./src/drivers/console/basic_io.o
 .bss           0x1000052e        0x0 ./src/drivers/console/consoleprint.o
 .bss           0x1000052e        0x0 ./src/cr_startup_lpc17.o
 .bss           0x1000052e        0x0 ./src/main.o
 .bss           0x1000052e        0x0 ./FreeRTOS_src/croutine.o
 *fill*         0x1000052e        0x2 
 .bss.xDelayedCoRoutineList1
                0x10000530       0x14 ./FreeRTOS_src/croutine.o
 .bss.xPassedTicks
                0x10000544        0x4 ./FreeRTOS_src/croutine.o
 .bss.xPendingReadyCoRoutineList
                0x10000548       0x14 ./FreeRTOS_src/croutine.o