Archive member included because of file (symbol)

../Libraries\libCMSISv2_LPC17xx.a(system_LPC17xx.o)
                              ./src/uart/uart.o (SystemFrequency)
c:/nxp/lpcxpresso_5.1.2_2065/lpcxpresso/tools/bin/../lib/gcc/arm-none-eabi/4.6.2/../../../../arm-none-eabi/lib/armv7-m\libc.a(lib_a-memcpy.o)
                              ./src/console/alloc.o (memcpy)
c:/nxp/lpcxpresso_5.1.2_2065/lpcxpresso/tools/bin/../lib/gcc/arm-none-eabi/4.6.2/../../../../arm-none-eabi/lib/armv7-m\libc.a(lib_a-memset.o)
                              ./FreeRTOS_src/tasks.o (memset)
c:/nxp/lpcxpresso_5.1.2_2065/lpcxpresso/tools/bin/../lib/gcc/arm-none-eabi/4.6.2/../../../../arm-none-eabi/lib/armv7-m\libc.a(lib_a-printf.o)
                              ./src/main.o (printf)
c:/nxp/lpcxpresso_5.1.2_2065/lpcxpresso/tools/bin/../lib/gcc/arm-none-eabi/4.6.2/../../../../arm-none-eabi/lib/armv7-m\libc.a(lib_a-sprintf.o)
                              ./src/console/basic_io.o (sprintf)
c:/nxp/lpcxpresso_5.1.2_2065/lpcxpresso/tools/bin/../lib/gcc/arm-none-eabi/4.6.2/../../../../arm-none-eabi/lib/armv7-m\libc.a(lib_a-strcat.o)
                              ./FreeRTOS_src/tasks.o (strcat)
c:/nxp/lpcxpresso_5.1.2_2065/lpcxpresso/tools/bin/../lib/gcc/arm-none-eabi/4.6.2/../../../../arm-none-eabi/lib/armv7-m\libc.a(lib_a-strcpy.o)
                              c:/nxp/lpcxpresso_5.1.2_2065/lpcxpresso/tools/bin/../lib/gcc/arm-none-eabi/4.6.2/../../../../arm-none-eabi/lib/armv7-m\libc.a(lib_a-strcat.o) (strcpy)
c:/nxp/lpcxpresso_5.1.2_2065/lpcxpresso/tools/bin/../lib/gcc/arm-none-eabi/4.6.2/../../../../arm-none-eabi/lib/armv7-m\libc.a(lib_a-strlen.o)
                              ./src/console/consoleprint.o (strlen)
c:/nxp/lpcxpresso_5.1.2_2065/lpcxpresso/tools/bin/../lib/gcc/arm-none-eabi/4.6.2/../../../../arm-none-eabi/lib/armv7-m\libc.a(lib_a-strncpy.o)
                              ./FreeRTOS_src/tasks.o (strncpy)
c:/nxp/lpcxpresso_5.1.2_2065/lpcxpresso/tools/bin/../lib/gcc/arm-none-eabi/4.6.2/../../../../arm-none-eabi/lib/armv7-m\libc.a(lib_a-svfprintf.o)
                              c:/nxp/lpcxpresso_5.1.2_2065/lpcxpresso/tools/bin/../lib/gcc/arm-none-eabi/4.6.2/../../../../arm-none-eabi/lib/armv7-m\libc.a(lib_a-sprintf.o) (_svfprintf_r)
c:/nxp/lpcxpresso_5.1.2_2065/lpcxpresso/tools/bin/../lib/gcc/arm-none-eabi/4.6.2/../../../../arm-none-eabi/lib/armv7-m\libc.a(lib_a-vfprintf.o)
                              c:/nxp/lpcxpresso_5.1.2_2065/lpcxpresso/tools/bin/../lib/gcc/arm-none-eabi/4.6.2/../../../../arm-none-eabi/lib/armv7-m\libc.a(lib_a-printf.o) (_vfprintf_r)
c:/nxp/lpcxpresso_5.1.2_2065/lpcxpresso/tools/bin/../lib/gcc/arm-none-eabi/4.6.2/../../../../arm-none-eabi/lib/armv7-m\libc.a(lib_a-wsetup.o)
                              c:/nxp/lpcxpresso_5.1.2_2065/lpcxpresso/tools/bin/../lib/gcc/arm-none-eabi/4.6.2/../../../../arm-none-eabi/lib/armv7-m\libc.a(lib_a-vfprintf.o) (__swsetup_r)
c:/nxp/lpcxpresso_5.1.2_2065/lpcxpresso/tools/bin/../lib/gcc/arm-none-eabi/4.6.2/../../../../arm-none-eabi/lib/armv7-m\libc.a(lib_a-dtoa.o)
                              c:/nxp/lpcxpresso_5.1.2_2065/lpcxpresso/tools/bin/../lib/gcc/arm-none-eabi/4.6.2/../../../../arm-none-eabi/lib/armv7-m\libc.a(lib_a-svfprintf.o) (_dtoa_r)
c:/nxp/lpcxpresso_5.1.2_2065/lpcxpresso/tools/bin/../lib/gcc/arm-none-eabi/4.6.2/../../../../arm-none-eabi/lib/armv7-m\libc.a(lib_a-fflush.o)
                              c:/nxp/lpcxpresso_5.1.2_2065/lpcxpresso/tools/bin/../lib/gcc/arm-none-eabi/4.6.2/../../../../arm-none-eabi/lib/armv7-m\libc.a(lib_a-vfprintf.o) (_fflush_r)
c:/nxp/lpcxpresso_5.1.2_2065/lpcxpresso/tools/bin/../lib/gcc/arm-none-eabi/4.6.2/../../../../arm-none-eabi/lib/armv7-m\libc.a(lib_a-findfp.o)
                              c:/nxp/lpcxpresso_5.1.2_2065/lpcxpresso/tools/bin/../lib/gcc/arm-none-eabi/4.6.2/../../../../arm-none-eabi/lib/armv7-m\libc.a(lib_a-vfprintf.o) (__sinit)
c:/nxp/lpcxpresso_5.1.2_2065/lpcxpresso/tools/bin/../lib/gcc/arm-none-eabi/4.6.2/../../../../arm-none-eabi/lib/armv7-m\libc.a(lib_a-fwalk.o)
                              c:/nxp/lpcxpresso_5.1.2_2065/lpcxpresso/tools/bin/../lib/gcc/arm-none-eabi/4.6.2/../../../../arm-none-eabi/lib/armv7-m\libc.a(lib_a-findfp.o) (_fwalk)
c:/nxp/lpcxpresso_5.1.2_2065/lpcxpresso/tools/bin/../lib/gcc/arm-none-eabi/4.6.2/../../../../arm-none-eabi/lib/armv7-m\libc.a(lib_a-impure.o)
                              c:/nxp/lpcxpresso_5.1.2_2065/lpcxpresso/tools/bin/../lib/gcc/arm-none-eabi/4.6.2/../../../../arm-none-eabi/lib/armv7-m\libc.a(lib_a-fflush.o) (_global_impure_ptr)
c:/nxp/lpcxpresso_5.1.2_2065/lpcxpresso/tools/bin/../lib/gcc/arm-none-eabi/4.6.2/../../../../arm-none-eabi/lib/armv7-m\libc.a(lib_a-locale.o)
                              c:/nxp/lpcxpresso_5.1.2_2065/lpcxpresso/tools/bin/../lib/gcc/arm-none-eabi/4.6.2/../../../../arm-none-eabi/lib/armv7-m\libc.a(lib_a-svfprintf.o) (_localeconv_r)
[...]
Memory Configuration

Name             Origin             Length             Attributes
MFlash512        0x00000000         0x00080000         xr
RamLoc32         0x10000000         0x00008000         xrw
RamAHB32         0x2007c000         0x00008000         xrw
*default*        0x00000000         0xffffffff

Linker script and memory map

LOAD ./src/uart/uart.o
LOAD ./src/pwm/pwm.o
LOAD ./src/ledonboard/leds.o
LOAD ./src/console/alloc.o
LOAD ./src/console/basic_io.o
LOAD ./src/console/consoleprint.o
LOAD ./src/cr_startup_lpc17.o
LOAD ./src/main.o
LOAD ./FreeRTOS_src/croutine.o
LOAD ./FreeRTOS_src/list.o
LOAD ./FreeRTOS_src/queue.o
LOAD ./FreeRTOS_src/tasks.o
LOAD ./FreeRTOS_src/timers.o
LOAD ./FreeRTOS_portable/MemMang/heap_2.o
LOAD ./FreeRTOS_portable/port.o
LOAD ../Libraries\libCMSISv2_LPC17xx.a
START GROUP
LOAD c:/nxp/lpcxpresso_5.1.2_2065/lpcxpresso/tools/bin/../lib/gcc/arm-none-eabi/4.6.2/armv7-m\libgcc.a
LOAD c:/nxp/lpcxpresso_5.1.2_2065/lpcxpresso/tools/bin/../lib/gcc/arm-none-eabi/4.6.2/../../../../arm-none-eabi/lib/armv7-m\libc.a
LOAD c:/nxp/lpcxpresso_5.1.2_2065/lpcxpresso/tools/bin/../lib/gcc/arm-none-eabi/4.6.2/../../../../arm-none-eabi/lib/armv7-m\libm.a
LOAD c:/nxp/lpcxpresso_5.1.2_2065/lpcxpresso/tools/bin/../lib/gcc/arm-none-eabi/4.6.2/../../../../arm-none-eabi/lib/armv7-m\libcr_newlib_semihost.a
END GROUP
                0x00080000                __top_MFlash512 = 0x80000
                0x10008000                __top_RamLoc32 = 0x10008000
                0x20084000                __top_RamAHB32 = 0x20084000

.text           0x00000000     0xc568
 FILL mask 0xff
 *(.isr_vector)
 .isr_vector    0x00000000       0xcc ./src/cr_startup_lpc17.o
                0x00000000                g_pfnVectors
                0x000000cc                . = ALIGN (0x4)
                0x000000cc                __section_table_start = .
                0x000000cc                __data_section_table = .
                0x000000cc        0x4 LONG 0xc570 LOADADDR (.data)
                0x000000d0        0x4 LONG 0x10000000 ADDR (.data)
                0x000000d4        0x4 LONG 0x4cc SIZEOF (.data)
                0x000000d8        0x4 LONG 0xc570 LOADADDR (.data_RAM2)
                0x000000dc        0x4 LONG 0x2007c000 ADDR (.data_RAM2)
                0x000000e0        0x4 LONG 0x0 SIZEOF (.data_RAM2)
                0x000000e4                __data_section_table_end = .
                0x000000e4                __bss_section_table = .
                0x000000e4        0x4 LONG 0x100004d0 ADDR (.bss)
                0x000000e8        0x4 LONG 0x4f3c SIZEOF (.bss)
                0x000000ec        0x4 LONG 0x2007c000 ADDR (.bss_RAM2)
                0x000000f0        0x4 LONG 0x0 SIZEOF (.bss_RAM2)
                0x000000f4                __bss_section_table_end = .
                0x000000f4                __section_table_end = .
 *(.after_vectors*)
 *(.text*)
 .text          0x000000f4        0x0 ./src/uart/uart.o
 .text.NVIC_EnableIRQ
                0x000000f4       0x38 ./src/uart/uart.o
 .text.UART0_IRQHandler
                0x0000012c      0x17c ./src/uart/uart.o
                0x0000012c                UART0_IRQHandler
 .text.UART1_IRQHandler
                0x000002a8      0x17c ./src/uart/uart.o
                0x000002a8                UART1_IRQHandler
 .text.UARTInit
                0x00000424      0x23c ./src/uart/uart.o
                0x00000424                UARTInit
 .text.UARTSend
                0x00000660       0xb0 ./src/uart/uart.o
                0x00000660                UARTSend
 .text          0x00000710        0x0 ./src/pwm/pwm.o
 .text.NVIC_EnableIRQ
                0x00000710       0x38 ./src/pwm/pwm.o
 .text.PWM1_IRQHandler
                0x00000748       0x5c ./src/pwm/pwm.o
                0x00000748                PWM1_IRQHandler
 .text.PWM_Init
                0x000007a4      0x128 ./src/pwm/pwm.o
                0x000007a4                PWM_Init
 .text.PWM_Set  0x000008cc       0xe4 ./src/pwm/pwm.o
                0x000008cc                PWM_Set
 .text.PWM_Start
                0x000009b0       0x34 ./src/pwm/pwm.o
                0x000009b0                PWM_Start
 .text.PWM_Stop
                0x000009e4       0x34 ./src/pwm/pwm.o
                0x000009e4                PWM_Stop
 .text          0x00000a18        0x0 ./src/ledonboard/leds.o
 .text.led2_init
                0x00000a18       0x3c ./src/ledonboard/leds.o
                0x00000a18                led2_init
 .text.led2_on  0x00000a54       0x18 ./src/ledonboard/leds.o
                0x00000a54                led2_on
 .text.led2_off
                0x00000a6c       0x18 ./src/ledonboard/leds.o
                0x00000a6c                led2_off
 .text.led2_invert
                0x00000a84       0x40 ./src/ledonboard/leds.o
                0x00000a84                led2_invert
 .text          0x00000ac4        0x0 ./src/console/alloc.o
 .text._realloc_r
                0x00000ac4       0x68 ./src/console/alloc.o
                0x00000ac4                _realloc_r
 .text._calloc_r
                0x00000b2c       0x28 ./src/console/alloc.o
                0x00000b2c                _calloc_r
 .text._malloc_r
                0x00000b54       0x1c ./src/console/alloc.o
                0x00000b54                _malloc_r
 .text._free_r  0x00000b70       0x18 ./src/console/alloc.o
                0x00000b70                _free_r
 .text          0x00000b88        0x0 ./src/console/basic_io.o
 .text.vPrintString
                0x00000b88       0x34 ./src/console/basic_io.o
                0x00000b88                vPrintString
 .text.vPrintStringAndNumber
                0x00000bbc       0x40 ./src/console/basic_io.o
                0x00000bbc                vPrintStringAndNumber
 .text          0x00000bfc        0x0 ./src/console/consoleprint.o
 .text.consoleprint
                0x00000bfc       0x30 ./src/console/consoleprint.o
                0x00000bfc                consoleprint
 .text          0x00000c2c        0x0 ./src/cr_startup_lpc17.o
 .text.ResetISR
                0x00000c2c       0x64 ./src/cr_startup_lpc17.o
                0x00000c2c                ResetISR
 .text.NMI_Handler
                0x00000c90        0x8 ./src/cr_startup_lpc17.o
                0x00000c90                NMI_Handler
 .text.HardFault_Handler
                0x00000c98        0x8 ./src/cr_startup_lpc17.o
                0x00000c98                HardFault_Handler
 .text.MemManage_Handler
                0x00000ca0        0x8 ./src/cr_startup_lpc17.o
                0x00000ca0                MemManage_Handler
 .text.BusFault_Handler
                0x00000ca8        0x8 ./src/cr_startup_lpc17.o
                0x00000ca8                BusFault_Handler
 .text.UsageFault_Handler
                0x00000cb0        0x8 ./src/cr_startup_lpc17.o
                0x00000cb0                UsageFault_Handler
 .text.DebugMon_Handler
                0x00000cb8        0x8 ./src/cr_startup_lpc17.o
                0x00000cb8                DebugMon_Handler
 .text.IntDefaultHandler
                0x00000cc0        0x8 ./src/cr_startup_lpc17.o
                0x00000cc0                TIMER2_IRQHandler
                0x00000cc0                RIT_IRQHandler
                0x00000cc0                I2C0_IRQHandler
                0x00000cc0                USBActivity_IRQHandler
                0x00000cc0                I2C1_IRQHandler
                0x00000cc0                EINT2_IRQHandler
                0x00000cc0                EINT3_IRQHandler
                0x00000cc0                CANActivity_IRQHandler
                0x00000cc0                TIMER3_IRQHandler
                0x00000cc0                IntDefaultHandler
                0x00000cc0                PLL0_IRQHandler
                0x00000cc0                CAN_IRQHandler
                0x00000cc0                PLL1_IRQHandler
                0x00000cc0                SSP0_IRQHandler
                0x00000cc0                I2S_IRQHandler
                0x00000cc0                I2C2_IRQHandler
                0x00000cc0                RTC_IRQHandler
                0x00000cc0                TIMER0_IRQHandler
                0x00000cc0                SPI_IRQHandler
                0x00000cc0                EINT1_IRQHandler
                0x00000cc0                TIMER1_IRQHandler
                0x00000cc0                UART2_IRQHandler
                0x00000cc0                ADC_IRQHandler
                0x00000cc0                SSP1_IRQHandler
                0x00000cc0                USB_IRQHandler
                0x00000cc0                BOD_IRQHandler
                0x00000cc0                WDT_IRQHandler
                0x00000cc0                QEI_IRQHandler
                0x00000cc0                EINT0_IRQHandler
                0x00000cc0                DMA_IRQHandler
                0x00000cc0                UART3_IRQHandler
                0x00000cc0                MCPWM_IRQHandler
                0x00000cc0                ENET_IRQHandler
 .text          0x00000cc8        0x0 ./src/main.o
 .text.__error__
                0x00000cc8       0x14 ./src/main.o
                0x00000cc8                __error__
 .text.setupHardware
                0x00000cdc       0x1c ./src/main.o
 .text.vUserTask1
                0x00000cf8       0x48 ./src/main.o
                0x00000cf8                vUserTask1
 .text.vUserTask2
                0x00000d40       0x18 ./src/main.o
                0x00000d40                vUserTask2
 .text.main     0x00000d58       0x8c ./src/main.o
                0x00000d58                main
 .text          0x00000de4        0x0 ./FreeRTOS_src/croutine.o
 .text.xCoRoutineCreate
                0x00000de4       0xf4 ./FreeRTOS_src/croutine.o
                0x00000de4                xCoRoutineCreate
 .text.vCoRoutineAddToDelayedList
                0x00000ed8       0xb4 ./FreeRTOS_src/croutine.o
                0x00000ed8                vCoRoutineAddToDelayedList
 .text.prvCheckPendingReadyList
                0x00000f8c       0xa0 ./FreeRTOS_src/croutine.o
 .text.prvCheckDelayedList
                0x0000102c      0x170 ./FreeRTOS_src/croutine.o
 .text.vCoRoutineSchedule
                0x0000119c       0xf0 ./FreeRTOS_src/croutine.o
                0x0000119c                vCoRoutineSchedule
 .text.prvInitialiseCoRoutineLists
                0x0000128c       0x8c ./FreeRTOS_src/croutine.o
 .text.xCoRoutineRemoveFromEventList
                0x00001318       0x60 ./FreeRTOS_src/croutine.o
                0x00001318                xCoRoutineRemoveFromEventList
 .text          0x00001378        0x0 ./FreeRTOS_src/list.o
 .text.vListInitialise
                0x00001378       0x40 ./FreeRTOS_src/list.o
                0x00001378                vListInitialise
 .text.vListInitialiseItem
                0x000013b8       0x1c ./FreeRTOS_src/list.o
                0x000013b8                vListInitialiseItem
 .text.vListInsertEnd
                0x000013d4       0x54 ./FreeRTOS_src/list.o
                0x000013d4                vListInsertEnd
 .text.vListInsert
                0x00001428       0x78 ./FreeRTOS_src/list.o
                0x00001428                vListInsert
 .text.vListRemove
                0x000014a0       0x54 ./FreeRTOS_src/list.o
                0x000014a0                vListRemove
 .text          0x000014f4        0x0 ./FreeRTOS_src/queue.o
 .text.xQueueCreate
                0x000014f4       0xd0 ./FreeRTOS_src/queue.o
                0x000014f4                xQueueCreate
 .text.xQueueCreateMutex
                0x000015c4       0x98 ./FreeRTOS_src/queue.o
                0x000015c4                xQueueCreateMutex
 .text.xQueueGiveMutexRecursive
                0x0000165c       0x58 ./FreeRTOS_src/queue.o
                0x0000165c                xQueueGiveMutexRecursive
 .text.xQueueTakeMutexRecursive
                0x000016b4       0x60 ./FreeRTOS_src/queue.o
                0x000016b4                xQueueTakeMutexRecursive
 .text.xQueueGenericSend
                0x00001714      0x124 ./FreeRTOS_src/queue.o
                0x00001714                xQueueGenericSend
 .text.xQueueGenericSendFromISR
                0x00001838       0x90 ./FreeRTOS_src/queue.o
                0x00001838                xQueueGenericSendFromISR
 .text.xQueueGenericReceive
                0x000018c8      0x188 ./FreeRTOS_src/queue.o
                0x000018c8                xQueueGenericReceive
 .text.xQueueReceiveFromISR
                0x00001a50       0x94 ./FreeRTOS_src/queue.o
                0x00001a50                xQueueReceiveFromISR
 .text.uxQueueMessagesWaiting
                0x00001ae4       0x24 ./FreeRTOS_src/queue.o
                0x00001ae4                uxQueueMessagesWaiting
 .text.uxQueueMessagesWaitingFromISR
                0x00001b08       0x1c ./FreeRTOS_src/queue.o
                0x00001b08                uxQueueMessagesWaitingFromISR
 .text.vQueueDelete
                0x00001b24       0x28 ./FreeRTOS_src/queue.o
                0x00001b24                vQueueDelete
 .text.prvCopyDataToQueue
                0x00001b4c       0xc4 ./FreeRTOS_src/queue.o
 .text.prvCopyDataFromQueue
                0x00001c10       0x50 ./FreeRTOS_src/queue.o
 .text.prvUnlockQueue
                0x00001c60       0xa0 ./FreeRTOS_src/queue.o
 .text.prvIsQueueEmpty
                0x00001d00       0x2c ./FreeRTOS_src/queue.o
 .text.xQueueIsQueueEmptyFromISR
                0x00001d2c       0x24 ./FreeRTOS_src/queue.o
                0x00001d2c                xQueueIsQueueEmptyFromISR
 .text.prvIsQueueFull
                0x00001d50       0x30 ./FreeRTOS_src/queue.o
 .text.xQueueIsQueueFullFromISR
                0x00001d80       0x2c ./FreeRTOS_src/queue.o
                0x00001d80                xQueueIsQueueFullFromISR
 .text.vQueueAddToRegistry
                0x00001dac       0x64 ./FreeRTOS_src/queue.o
                0x00001dac                vQueueAddToRegistry
 .text.vQueueUnregisterQueue
                0x00001e10       0x54 ./FreeRTOS_src/queue.o
 .text          0x00001e64        0x0 ./FreeRTOS_src/tasks.o
 .text.xTaskGenericCreate
                0x00001e64      0x1bc ./FreeRTOS_src/tasks.o
                0x00001e64                xTaskGenericCreate
 .text.vTaskDelete
                0x00002020       0xc0 ./FreeRTOS_src/tasks.o
                0x00002020                vTaskDelete
 .text.vTaskDelayUntil
                0x000020e0       0xb4 ./FreeRTOS_src/tasks.o
                0x000020e0                vTaskDelayUntil
 .text.vTaskDelay
                0x00002194       0x5c ./FreeRTOS_src/tasks.o
                0x00002194                vTaskDelay
 .text.uxTaskPriorityGet
                0x000021f0       0x38 ./FreeRTOS_src/tasks.o
                0x000021f0                uxTaskPriorityGet
 .text.vTaskPrioritySet
                0x00002228      0x12c ./FreeRTOS_src/tasks.o
                0x00002228                vTaskPrioritySet
 .text.vTaskSuspend
                0x00002354       0xc0 ./FreeRTOS_src/tasks.o
                0x00002354                vTaskSuspend
 .text.xTaskIsTaskSuspended
                0x00002414       0x50 ./FreeRTOS_src/tasks.o
                0x00002414                xTaskIsTaskSuspended
 .text.vTaskResume
                0x00002464       0xac ./FreeRTOS_src/tasks.o
                0x00002464                vTaskResume
 .text.xTaskResumeFromISR
                0x00002510       0xc0 ./FreeRTOS_src/tasks.o
                0x00002510                xTaskResumeFromISR
 .text.vTaskStartScheduler
                0x000025d0       0x74 ./FreeRTOS_src/tasks.o
                0x000025d0                vTaskStartScheduler
 .text.vTaskEndScheduler
                0x00002644       0x20 ./FreeRTOS_src/tasks.o
                0x00002644                vTaskEndScheduler
 .text.vTaskSuspendAll
                0x00002664       0x24 ./FreeRTOS_src/tasks.o
                0x00002664                vTaskSuspendAll
 .text.xTaskResumeAll
                0x00002688      0x154 ./FreeRTOS_src/tasks.o
                0x00002688                xTaskResumeAll
 .text.xTaskGetTickCount
                0x000027dc       0x28 ./FreeRTOS_src/tasks.o
                0x000027dc                xTaskGetTickCount
 .text.xTaskGetTickCountFromISR
                0x00002804       0x38 ./FreeRTOS_src/tasks.o
                0x00002804                xTaskGetTickCountFromISR
 .text.uxTaskGetNumberOfTasks
                0x0000283c       0x18 ./FreeRTOS_src/tasks.o
                0x0000283c                uxTaskGetNumberOfTasks
 .text.vTaskList
                0x00002854      0x120 ./FreeRTOS_src/tasks.o
                0x00002854                vTaskList
 .text.vTaskStartTrace
                0x00002974       0x54 ./FreeRTOS_src/tasks.o
                0x00002974                vTaskStartTrace
 .text.ulTaskEndTrace
                0x000029c8       0x44 ./FreeRTOS_src/tasks.o
                0x000029c8                ulTaskEndTrace
 .text.vTaskIncrementTick
                0x00002a0c      0x1b8 ./FreeRTOS_src/tasks.o
                0x00002a0c                vTaskIncrementTick
 .text.vTaskSwitchContext
                0x00002bc4      0x194 ./FreeRTOS_src/tasks.o
                0x00002bc4                vTaskSwitchContext
 .text.vTaskPlaceOnEventList
                0x00002d58       0x78 ./FreeRTOS_src/tasks.o
                0x00002d58                vTaskPlaceOnEventList
 .text.xTaskRemoveFromEventList
                0x00002dd0       0xc4 ./FreeRTOS_src/tasks.o
                0x00002dd0                xTaskRemoveFromEventList
 .text.vTaskSetTimeOutState
                0x00002e94       0x30 ./FreeRTOS_src/tasks.o
                0x00002e94                vTaskSetTimeOutState
 .text.xTaskCheckForTimeOut
                0x00002ec4       0xa4 ./FreeRTOS_src/tasks.o
                0x00002ec4                xTaskCheckForTimeOut
 .text.vTaskMissedYield
                0x00002f68       0x18 ./FreeRTOS_src/tasks.o
                0x00002f68                vTaskMissedYield
 .text.prvIdleTask
                0x00002f80       0x10 ./FreeRTOS_src/tasks.o
 .text.prvInitialiseTCBVariables
                0x00002f90       0x78 ./FreeRTOS_src/tasks.o
 .text.prvInitialiseTaskLists
                0x00003008       0xa4 ./FreeRTOS_src/tasks.o
 .text.prvCheckTasksWaitingTermination
                0x000030ac       0x94 ./FreeRTOS_src/tasks.o
 .text.prvAddCurrentTaskToDelayedList
                0x00003140       0x8c ./FreeRTOS_src/tasks.o
 .text.prvAllocateTCBAndStack
                0x000031cc       0x74 ./FreeRTOS_src/tasks.o
 .text.prvListTaskWithinSingleList
                0x00003240       0xd0 ./FreeRTOS_src/tasks.o
 .text.usTaskCheckFreeStackSpace
                0x00003310       0x38 ./FreeRTOS_src/tasks.o
 .text.uxTaskGetStackHighWaterMark
                0x00003348       0x3c ./FreeRTOS_src/tasks.o
                0x00003348                uxTaskGetStackHighWaterMark
 .text.prvDeleteTCB
                0x00003384       0x20 ./FreeRTOS_src/tasks.o
 .text.xTaskGetCurrentTaskHandle
                0x000033a4       0x20 ./FreeRTOS_src/tasks.o
                0x000033a4                xTaskGetCurrentTaskHandle
 .text.vTaskPriorityInherit
                0x000033c4       0xd8 ./FreeRTOS_src/tasks.o
                0x000033c4                vTaskPriorityInherit
 .text.vTaskPriorityDisinherit
                0x0000349c       0x90 ./FreeRTOS_src/tasks.o
                0x0000349c                vTaskPriorityDisinherit
 .text          0x0000352c        0x0 ./FreeRTOS_src/timers.o
 .text          0x0000352c        0x0 ./FreeRTOS_portable/MemMang/heap_2.o
 .text.pvPortMalloc
                0x0000352c      0x1b0 ./FreeRTOS_portable/MemMang/heap_2.o
                0x0000352c                pvPortMalloc
 .text.vPortFree
                0x000036dc       0x88 ./FreeRTOS_portable/MemMang/heap_2.o
                0x000036dc                vPortFree
 .text.xPortGetFreeHeapSize
                0x00003764       0x18 ./FreeRTOS_portable/MemMang/heap_2.o
                0x00003764                xPortGetFreeHeapSize
 .text.vPortInitialiseBlocks
                0x0000377c        0xc ./FreeRTOS_portable/MemMang/heap_2.o
                0x0000377c                vPortInitialiseBlocks
 .text          0x00003788        0x0 ./FreeRTOS_portable/port.o
 .text.pxPortInitialiseStack
                0x00003788       0x60 ./FreeRTOS_portable/port.o
                0x00003788                pxPortInitialiseStack
 .text.vPortSVCHandler
                0x000037e8       0x20 ./FreeRTOS_portable/port.o
                0x000037e8                vPortSVCHandler
 .text.vPortStartFirstTask
                0x00003808       0x14 ./FreeRTOS_portable/port.o
                0x00003808                vPortStartFirstTask
 .text.xPortStartScheduler
                0x0000381c       0x54 ./FreeRTOS_portable/port.o
                0x0000381c                xPortStartScheduler
 .text.vPortEndScheduler
                0x00003870        0xc ./FreeRTOS_portable/port.o
                0x00003870                vPortEndScheduler
 .text.vPortYieldFromISR
                0x0000387c       0x18 ./FreeRTOS_portable/port.o
                0x0000387c                vPortYieldFromISR
 .text.vPortEnterCritical
                0x00003894       0x2c ./FreeRTOS_portable/port.o
                0x00003894                vPortEnterCritical
 .text.vPortExitCritical
                0x000038c0       0x38 ./FreeRTOS_portable/port.o
                0x000038c0                vPortExitCritical
 .text.xPortPendSVHandler
                0x000038f8       0x3c ./FreeRTOS_portable/port.o
                0x000038f8                xPortPendSVHandler
 .text.xPortSysTickHandler
                0x00003934       0x38 ./FreeRTOS_portable/port.o
                0x00003934                xPortSysTickHandler
 .text.prvSetupTimerInterrupt
                0x0000396c       0x2c ./FreeRTOS_portable/port.o
 .text          0x00003998        0x0 ../Libraries\libCMSISv2_LPC17xx.a(system_LPC17xx.o)
 .text.SystemInit
                0x00003998      0x1e4 ../Libraries\libCMSISv2_LPC17xx.a(system_LPC17xx.o)
                0x00003998                SystemInit
 .text.SystemClockUpdate
                0x00003b7c      0x224 ../Libraries\libCMSISv2_LPC17xx.a(system_LPC17xx.o)
                0x00003b7c                SystemClockUpdate
 .text          0x00003da0        0x0 c:/nxp/lpcxpresso_5.1.2_2065/lpcxpresso/tools/bin/../lib/gcc/arm-none-eabi/4.6.2/../../../../arm-none-eabi/lib/armv7-m\libc.a(lib_a-memcpy.o)
 .text.memcpy   0x00003da0       0x84 c:/nxp/lpcxpresso_5.1.2_2065/lpcxpresso/tools/bin/../lib/gcc/arm-none-eabi/4.6.2/../../../../arm-none-eabi/lib/armv7-m\libc.a(lib_a-memcpy.o)
                0x00003da0                memcpy
 .text          0x00003e24        0x0 c:/nxp/lpcxpresso_5.1.2_2065/lpcxpresso/tools/bin/../lib/gcc/arm-none-eabi/4.6.2/../../../../arm-none-eabi/lib/armv7-m\libc.a(lib_a-memset.o)
 .text.memset   0x00003e24       0x90 c:/nxp/lpcxpresso_5.1.2_2065/lpcxpresso/tools/bin/../lib/gcc/arm-none-eabi/4.6.2/../../../../arm-none-eabi/lib/armv7-m\libc.a(lib_a-memset.o)
                0x00003e24                memset
 .text          0x00003eb4        0x0 c:/nxp/lpcxpresso_5.1.2_2065/lpcxpresso/tools/bin/../lib/gcc/arm-none-eabi/4.6.2/../../../../arm-none-eabi/lib/armv7-m\libc.a(lib_a-printf.o)
 .text._printf_r
                0x00003eb4       0x20 c:/nxp/lpcxpresso_5.1.2_2065/lpcxpresso/tools/bin/../lib/gcc/arm-none-eabi/4.6.2/../../../../arm-none-eabi/lib/armv7-m\libc.a(lib_a-printf.o)
                0x00003eb4                _printf_r
 .text.printf   0x00003ed4       0x2c c:/nxp/lpcxpresso_5.1.2_2065/lpcxpresso/tools/bin/../lib/gcc/arm-none-eabi/4.6.2/../../../../arm-none-eabi/lib/armv7-m\libc.a(lib_a-printf.o)
                0x00003ed4                printf
 .text          0x00003f00        0x0 c:/nxp/lpcxpresso_5.1.2_2065/lpcxpresso/tools/bin/../lib/gcc/arm-none-eabi/4.6.2/../../../../arm-none-eabi/lib/armv7-m\libc.a(lib_a-sprintf.o)
 .text._sprintf_r
                0x00003f00       0x44 c:/nxp/lpcxpresso_5.1.2_2065/lpcxpresso/tools/bin/../lib/gcc/arm-none-eabi/4.6.2/../../../../arm-none-eabi/lib/armv7-m\libc.a(lib_a-sprintf.o)
                0x00003f00                _sprintf_r
 .text.sprintf  0x00003f44       0x50 c:/nxp/lpcxpresso_5.1.2_2065/lpcxpresso/tools/bin/../lib/gcc/arm-none-eabi/4.6.2/../../../../arm-none-eabi/lib/armv7-m\libc.a(lib_a-sprintf.o)
                0x00003f44                sprintf
 .text          0x00003f94        0x0 c:/nxp/lpcxpresso_5.1.2_2065/lpcxpresso/tools/bin/../lib/gcc/arm-none-eabi/4.6.2/../../../../arm-none-eabi/lib/armv7-m\libc.a(lib_a-strcat.o)
 .text.strcat   0x00003f94       0x4c c:/nxp/lpcxpresso_5.1.2_2065/lpcxpresso/tools/bin/../lib/gcc/arm-none-eabi/4.6.2/../../../../arm-none-eabi/lib/armv7-m\libc.a(lib_a-strcat.o)
                0x00003f94                strcat
 .text          0x00003fe0        0x0 c:/nxp/lpcxpresso_5.1.2_2065/lpcxpresso/tools/bin/../lib/gcc/arm-none-eabi/4.6.2/../../../../arm-none-eabi/lib/armv7-m\libc.a(lib_a-strcpy.o)
 .text.strcpy   0x00003fe0       0xbc c:/nxp/lpcxpresso_5.1.2_2065/lpcxpresso/tools/bin/../lib/gcc/arm-none-eabi/4.6.2/../../../../arm-none-eabi/lib/armv7-m\libc.a(lib_a-strcpy.o)
                0x00003fe0                strcpy
 .text          0x0000409c        0x0 c:/nxp/lpcxpresso_5.1.2_2065/lpcxpresso/tools/bin/../lib/gcc/arm-none-eabi/4.6.2/../../../../arm-none-eabi/lib/armv7-m\libc.a(lib_a-strlen.o)
 .text.strlen   0x0000409c       0x60 c:/nxp/lpcxpresso_5.1.2_2065/lpcxpresso/tools/bin/../lib/gcc/arm-none-eabi/4.6.2/../../../../arm-none-eabi/lib/armv7-m\libc.a(lib_a-strlen.o)
                0x0000409c                strlen
 .text          0x000040fc        0x0 c:/nxp/lpcxpresso_5.1.2_2065/lpcxpresso/tools/bin/../lib/gcc/arm-none-eabi/4.6.2/../../../../arm-none-eabi/lib/armv7-m\libc.a(lib_a-strncpy.o)
 .text.strncpy  0x000040fc       0x68 c:/nxp/lpcxpresso_5.1.2_2065/lpcxpresso/tools/bin/../lib/gcc/arm-none-eabi/4.6.2/../../../../arm-none-eabi/lib/armv7-m\libc.a(lib_a-strncpy.o)
                0x000040fc                strncpy
 .text          0x00004164        0x0 c:/nxp/lpcxpresso_5.1.2_2065/lpcxpresso/tools/bin/../lib/gcc/arm-none-eabi/4.6.2/../../../../arm-none-eabi/lib/armv7-m\libc.a(lib_a-svfprintf.o)
 .text._svfprintf_r
                0x00004164     0x1408 c:/nxp/lpcxpresso_5.1.2_2065/lpcxpresso/tools/bin/../lib/gcc/arm-none-eabi/4.6.2/../../../../arm-none-eabi/lib/armv7-m\libc.a(lib_a-svfprintf.o)
                0x00004164                _svfprintf_r
 .text          0x0000556c        0x0 c:/nxp/lpcxpresso_5.1.2_2065/lpcxpresso/tools/bin/../lib/gcc/arm-none-eabi/4.6.2/../../../../arm-none-eabi/lib/armv7-m\libc.a(lib_a-vfprintf.o)
 .text._vfprintf_r
                0x0000556c     0x171c c:/nxp/lpcxpresso_5.1.2_2065/lpcxpresso/tools/bin/../lib/gcc/arm-none-eabi/4.6.2/../../../../arm-none-eabi/lib/armv7-m\libc.a(lib_a-vfprintf.o)
                0x0000556c                _vfprintf_r
 .text.vfprintf
                0x00006c88       0x1c c:/nxp/lpcxpresso_5.1.2_2065/lpcxpresso/tools/bin/../lib/gcc/arm-none-eabi/4.6.2/../../../../arm-none-eabi/lib/armv7-m\libc.a(lib_a-vfprintf.o)
                0x00006c88                vfprintf
 .text          0x00006ca4        0x0 c:/nxp/lpcxpresso_5.1.2_2065/lpcxpresso/tools/bin/../lib/gcc/arm-none-eabi/4.6.2/../../../../arm-none-eabi/lib/armv7-m\libc.a(lib_a-wsetup.o)
 .text.__swsetup_r
                0x00006ca4       0xb8 c:/nxp/lpcxpresso_5.1.2_2065/lpcxpresso/tools/bin/../lib/gcc/arm-none-eabi/4.6.2/../../../../arm-none-eabi/lib/armv7-m\libc.a(lib_a-wsetup.o)
                0x00006ca4                __swsetup_r
 .text          0x00006d5c        0x0 c:/nxp/lpcxpresso_5.1.2_2065/lpcxpresso/tools/bin/../lib/gcc/arm-none-eabi/4.6.2/../../../../arm-none-eabi/lib/armv7-m\libc.a(lib_a-dtoa.o)
 .text.quorem   0x00006d5c      0x150 c:/nxp/lpcxpresso_5.1.2_2065/lpcxpresso/tools/bin/../lib/gcc/arm-none-eabi/4.6.2/../../../../arm-none-eabi/lib/armv7-m\libc.a(lib_a-dtoa.o)
 *fill*         0x00006eac        0x4 00
 .text._dtoa_r  0x00006eb0      0xe60 c:/nxp/lpcxpresso_5.1.2_2065/lpcxpresso/tools/bin/../lib/gcc/arm-none-eabi/4.6.2/../../../../arm-none-eabi/lib/armv7-m\libc.a(lib_a-dtoa.o)
                0x00006eb0                _dtoa_r
 .text          0x00007d10        0x0 c:/nxp/lpcxpresso_5.1.2_2065/lpcxpresso/tools/bin/../lib/gcc/arm-none-eabi/4.6.2/../../../../arm-none-eabi/lib/armv7-m\libc.a(lib_a-fflush.o)
 .text._fflush_r
                0x00007d10      0x16c c:/nxp/lpcxpresso_5.1.2_2065/lpcxpresso/tools/bin/../lib/gcc/arm-none-eabi/4.6.2/../../../../arm-none-eabi/lib/armv7-m\libc.a(lib_a-fflush.o)
                0x00007d10                _fflush_r
 .text.fflush   0x00007e7c       0x24 c:/nxp/lpcxpresso_5.1.2_2065/lpcxpresso/tools/bin/../lib/gcc/arm-none-eabi/4.6.2/../../../../arm-none-eabi/lib/armv7-m\libc.a(lib_a-fflush.o)
                0x00007e7c                fflush
 .text          0x00007ea0        0x0 c:/nxp/lpcxpresso_5.1.2_2065/lpcxpresso/tools/bin/../lib/gcc/arm-none-eabi/4.6.2/../../../../arm-none-eabi/lib/armv7-m\libc.a(lib_a-findfp.o)
 .text.__fp_lock
                0x00007ea0        0x4 c:/nxp/lpcxpresso_5.1.2_2065/lpcxpresso/tools/bin/../lib/gcc/arm-none-eabi/4.6.2/../../../../arm-none-eabi/lib/armv7-m\libc.a(lib_a-findfp.o)
 .text.__fp_unlock
                0x00007ea4        0x4 c:/nxp/lpcxpresso_5.1.2_2065/lpcxpresso/tools/bin/../lib/gcc/arm-none-eabi/4.6.2/../../../../arm-none-eabi/lib/armv7-m\libc.a(lib_a-findfp.o)
 .text._cleanup_r
                0x00007ea8        0xc c:/nxp/lpcxpresso_5.1.2_2065/lpcxpresso/tools/bin/../lib/gcc/arm-none-eabi/4.6.2/../../../../arm-none-eabi/lib/armv7-m\libc.a(lib_a-findfp.o)
                0x00007ea8                _cleanup_r
 .text.std.isra.0
                0x00007eb4       0x50 c:/nxp/lpcxpresso_5.1.2_2065/lpcxpresso/tools/bin/../lib/gcc/arm-none-eabi/4.6.2/../../../../arm-none-eabi/lib/armv7-m\libc.a(lib_a-findfp.o)
 .text.__sfmoreglue
                0x00007f04       0x2c c:/nxp/lpcxpresso_5.1.2_2065/lpcxpresso/tools/bin/../lib/gcc/arm-none-eabi/4.6.2/../../../../arm-none-eabi/lib/armv7-m\libc.a(lib_a-findfp.o)
                0x00007f04                __sfmoreglue
 .text._cleanup
                0x00007f30       0x10 c:/nxp/lpcxpresso_5.1.2_2065/lpcxpresso/tools/bin/../lib/gcc/arm-none-eabi/4.6.2/../../../../arm-none-eabi/lib/armv7-m\libc.a(lib_a-findfp.o)
                0x00007f30                _cleanup
 .text.__sinit  0x00007f40       0x4c c:/nxp/lpcxpresso_5.1.2_2065/lpcxpresso/tools/bin/../lib/gcc/arm-none-eabi/4.6.2/../../../../arm-none-eabi/lib/armv7-m\libc.a(lib_a-findfp.o)
                0x00007f40                __sinit
 .text.__sfp    0x00007f8c       0x98 c:/nxp/lpcxpresso_5.1.2_2065/lpcxpresso/tools/bin/../lib/gcc/arm-none-eabi/4.6.2/../../../../arm-none-eabi/lib/armv7-m\libc.a(lib_a-findfp.o)
                0x00007f8c                __sfp
 .text.__sfp_lock_acquire
                0x00008024        0x4 c:/nxp/lpcxpresso_5.1.2_2065/lpcxpresso/tools/bin/../lib/gcc/arm-none-eabi/4.6.2/../../../../arm-none-eabi/lib/armv7-m\libc.a(lib_a-findfp.o)
                0x00008024                __sfp_lock_acquire
 .text.__sfp_lock_release
                0x00008028        0x4 c:/nxp/lpcxpresso_5.1.2_2065/lpcxpresso/tools/bin/../lib/gcc/arm-none-eabi/4.6.2/../../../../arm-none-eabi/lib/armv7-m\libc.a(lib_a-findfp.o)
                0x00008028                __sfp_lock_release
 .text.__sinit_lock_acquire
                0x0000802c        0x4 c:/nxp/lpcxpresso_5.1.2_2065/lpcxpresso/tools/bin/../lib/gcc/arm-none-eabi/4.6.2/../../../../arm-none-eabi/lib/armv7-m\libc.a(lib_a-findfp.o)
                0x0000802c                __sinit_lock_acquire
 .text.__sinit_lock_release
                0x00008030        0x4 c:/nxp/lpcxpresso_5.1.2_2065/lpcxpresso/tools/bin/../lib/gcc/arm-none-eabi/4.6.2/../../../../arm-none-eabi/lib/armv7-m\libc.a(lib_a-findfp.o)
                0x00008030                __sinit_lock_release
 .text.__fp_lock_all
                0x00008034       0x18 c:/nxp/lpcxpresso_5.1.2_2065/lpcxpresso/tools/bin/../lib/gcc/arm-none-eabi/4.6.2/../../../../arm-none-eabi/lib/armv7-m\libc.a(lib_a-findfp.o)
                0x00008034                __fp_lock_all
 .text.__fp_unlock_all
                0x0000804c       0x18 c:/nxp/lpcxpresso_5.1.2_2065/lpcxpresso/tools/bin/../lib/gcc/arm-none-eabi/4.6.2/../../../../arm-none-eabi/lib/armv7-m\libc.a(lib_a-findfp.o)
                0x0000804c                __fp_unlock_all
 .text          0x00008064        0x0 c:/nxp/lpcxpresso_5.1.2_2065/lpcxpresso/tools/bin/../lib/gcc/arm-none-eabi/4.6.2/../../../../arm-none-eabi/lib/armv7-m\libc.a(lib_a-fwalk.o)
 .text._fwalk   0x00008064       0x54 c:/nxp/lpcxpresso_5.1.2_2065/lpcxpresso/tools/bin/../lib/gcc/arm-none-eabi/4.6.2/../../../../arm-none-eabi/lib/armv7-m\libc.a(lib_a-fwalk.o)
                0x00008064                _fwalk
 .text._fwalk_reent
                0x000080b8       0x58 c:/nxp/lpcxpresso_5.1.2_2065/lpcxpresso/tools/bin/../lib/gcc/arm-none-eabi/4.6.2/../../../../arm-none-eabi/lib/armv7-m\libc.a(lib_a-fwalk.o)
                0x000080b8                _fwalk_reent
 .text          0x00008110        0x0 c:/nxp/lpcxpresso_5.1.2_2065/lpcxpresso/tools/bin/../lib/gcc/arm-none-eabi/4.6.2/../../../../arm-none-eabi/lib/armv7-m\libc.a(lib_a-impure.o)
 .text          0x00008110        0x0 c:/nxp/lpcxpresso_5.1.2_2065/lpcxpresso/tools/bin/../lib/gcc/arm-none-eabi/4.6.2/../../../../arm-none-eabi/lib/armv7-m\libc.a(lib_a-locale.o)
 .text._setlocale_r
                0x00008110       0x44 c:/nxp/lpcxpresso_5.1.2_2065/lpcxpresso/tools/bin/../lib/gcc/arm-none-eabi/4.6.2/../../../../arm-none-eabi/lib/armv7-m\libc.a(lib_a-locale.o)
                0x00008110                _setlocale_r
 .text.__locale_charset
                0x00008154        0xc c:/nxp/lpcxpresso_5.1.2_2065/lpcxpresso/tools/bin/../lib/gcc/arm-none-eabi/4.6.2/../../../../arm-none-eabi/lib/armv7-m\libc.a(lib_a-locale.o)
                0x00008154                __locale_charset
 .text.__locale_mb_cur_max
                0x00008160        0xc c:/nxp/lpcxpresso_5.1.2_2065/lpcxpresso/tools/bin/../lib/gcc/arm-none-eabi/4.6.2/../../../../arm-none-eabi/lib/armv7-m\libc.a(lib_a-locale.o)
                0x00008160                __locale_mb_cur_max
 .text.__locale_msgcharset
                0x0000816c        0xc c:/nxp/lpcxpresso_5.1.2_2065/lpcxpresso/tools/bin/../lib/gcc/arm-none-eabi/4.6.2/../../../../arm-none-eabi/lib/armv7-m\libc.a(lib_a-locale.o)
                0x0000816c                __locale_msgcharset
 .text.__locale_cjk_lang
                0x00008178        0x4 c:/nxp/lpcxpresso_5.1.2_2065/lpcxpresso/tools/bin/../lib/gcc/arm-none-eabi/4.6.2/../../../../arm-none-eabi/lib/armv7-m\libc.a(lib_a-locale.o)
                0x00008178                __locale_cjk_lang
 .text._localeconv_r
                0x0000817c        0xc c:/nxp/lpcxpresso_5.1.2_2065/lpcxpresso/tools/bin/../lib/gcc/arm-none-eabi/4.6.2/../../../../arm-none-eabi/lib/armv7-m\libc.a(lib_a-locale.o)
                0x0000817c                _localeconv_r
 .text.setlocale
                0x00008188       0x14 c:/nxp/lpcxpresso_5.1.2_2065/lpcxpresso/tools/bin/../lib/gcc/arm-none-eabi/4.6.2/../../../../arm-none-eabi/lib/armv7-m\libc.a(lib_a-locale.o)
                0x00008188                setlocale
 .text.localeconv
                0x0000819c        0xc c:/nxp/lpcxpresso_5.1.2_2065/lpcxpresso/tools/bin/../lib/gcc/arm-none-eabi/4.6.2/../../../../arm-none-eabi/lib/armv7-m\libc.a(lib_a-locale.o)
                0x0000819c                localeconv
 .text          0x000081a8        0x0 c:/nxp/lpcxpresso_5.1.2_2065/lpcxpresso/tools/bin/../lib/gcc/arm-none-eabi/4.6.2/../../../../arm-none-eabi/lib/armv7-m\libc.a(lib_a-makebuf.o)
 .text.__smakebuf_r
                0x000081a8       0xe0 c:/nxp/lpcxpresso_5.1.2_2065/lpcxpresso/tools/bin/../lib/gcc/arm-none-eabi/4.6.2/../../../../arm-none-eabi/lib/armv7-m\libc.a(lib_a-makebuf.o)
                0x000081a8                __smakebuf_r
 .text          0x00008288        0x0 c:/nxp/lpcxpresso_5.1.2_2065/lpcxpresso/tools/bin/../lib/gcc/arm-none-eabi/4.6.2/../../../../arm-none-eabi/lib/armv7-m\libc.a(lib_a-memchr.o)
 .text.memchr   0x00008288       0x84 c:/nxp/lpcxpresso_5.1.2_2065/lpcxpresso/tools/bin/../lib/gcc/arm-none-eabi/4.6.2/../../../../arm-none-eabi/lib/armv7-m\libc.a(lib_a-memchr.o)
                0x00008288                memchr
 .text          0x0000830c        0x0 c:/nxp/lpcxpresso_5.1.2_2065/lpcxpresso/tools/bin/../lib/gcc/arm-none-eabi/4.6.2/../../../../arm-none-eabi/lib/armv7-m\libc.a(lib_a-mprec.o)
 .text._Balloc  0x0000830c       0x4c c:/nxp/lpcxpresso_5.1.2_2065/lpcxpresso/tools/bin/../lib/gcc/arm-none-eabi/4.6.2/../../../../arm-none-eabi/lib/armv7-m\libc.a(lib_a-mprec.o)
                0x0000830c                _Balloc
 .text._Bfree   0x00008358       0x14 c:/nxp/lpcxpresso_5.1.2_2065/lpcxpresso/tools/bin/../lib/gcc/arm-none-eabi/4.6.2/../../../../arm-none-eabi/lib/armv7-m\libc.a(lib_a-mprec.o)
                0x00008358                _Bfree
 .text.__multadd
                0x0000836c       0x84 c:/nxp/lpcxpresso_5.1.2_2065/lpcxpresso/tools/bin/../lib/gcc/arm-none-eabi/4.6.2/../../../../arm-none-eabi/lib/armv7-m\libc.a(lib_a-mprec.o)
                0x0000836c                __multadd
 .text.__s2b    0x000083f0       0x98 c:/nxp/lpcxpresso_5.1.2_2065/lpcxpresso/tools/bin/../lib/gcc/arm-none-eabi/4.6.2/../../../../arm-none-eabi/lib/armv7-m\libc.a(lib_a-mprec.o)
                0x000083f0                __s2b
 .text.__hi0bits
                0x00008488       0x3c c:/nxp/lpcxpresso_5.1.2_2065/lpcxpresso/tools/bin/../lib/gcc/arm-none-eabi/4.6.2/../../../../arm-none-eabi/lib/armv7-m\libc.a(lib_a-mprec.o)
                0x00008488                __hi0bits
 .text.__lo0bits
                0x000084c4       0x5c c:/nxp/lpcxpresso_5.1.2_2065/lpcxpresso/tools/bin/../lib/gcc/arm-none-eabi/4.6.2/../../../../arm-none-eabi/lib/armv7-m\libc.a(lib_a-mprec.o)
                0x000084c4                __lo0bits
 .text.__i2b    0x00008520       0x14 c:/nxp/lpcxpresso_5.1.2_2065/lpcxpresso/tools/bin/../lib/gcc/arm-none-eabi/4.6.2/../../../../arm-none-eabi/lib/armv7-m\libc.a(lib_a-mprec.o)
                0x00008520                __i2b
 .text.__multiply
                0x00008534      0x144 c:/nxp/lpcxpresso_5.1.2_2065/lpcxpresso/tools/bin/../lib/gcc/arm-none-eabi/4.6.2/../../../../arm-none-eabi/lib/armv7-m\libc.a(lib_a-mprec.o)
                0x00008534                __multiply
 .text.__pow5mult
                0x00008678       0x98 c:/nxp/lpcxpresso_5.1.2_2065/lpcxpresso/tools/bin/../lib/gcc/arm-none-eabi/4.6.2/../../../../arm-none-eabi/lib/armv7-m\libc.a(lib_a-mprec.o)
                0x00008678                __pow5mult
 .text.__lshift
                0x00008710       0xc0 c:/nxp/lpcxpresso_5.1.2_2065/lpcxpresso/tools/bin/../lib/gcc/arm-none-eabi/4.6.2/../../../../arm-none-eabi/lib/armv7-m\libc.a(lib_a-mprec.o)
                0x00008710                __lshift
 .text.__mcmp   0x000087d0       0x3c c:/nxp/lpcxpresso_5.1.2_2065/lpcxpresso/tools/bin/../lib/gcc/arm-none-eabi/4.6.2/../../../../arm-none-eabi/lib/armv7-m\libc.a(lib_a-mprec.o)
                0x000087d0                __mcmp
 .text.__mdiff  0x0000880c       0xd8 c:/nxp/lpcxpresso_5.1.2_2065/lpcxpresso/tools/bin/../lib/gcc/arm-none-eabi/4.6.2/../../../../arm-none-eabi/lib/armv7-m\libc.a(lib_a-mprec.o)
                0x0000880c                __mdiff
 .text.__ulp    0x000088e4       0x44 c:/nxp/lpcxpresso_5.1.2_2065/lpcxpresso/tools/bin/../lib/gcc/arm-none-eabi/4.6.2/../../../../arm-none-eabi/lib/armv7-m\libc.a(lib_a-mprec.o)
                0x000088e4                __ulp
 .text.__b2d    0x00008928       0xb8 c:/nxp/lpcxpresso_5.1.2_2065/lpcxpresso/tools/bin/../lib/gcc/arm-none-eabi/4.6.2/../../../../arm-none-eabi/lib/armv7-m\libc.a(lib_a-mprec.o)
                0x00008928                __b2d
 .text.__d2b    0x000089e0       0xcc c:/nxp/lpcxpresso_5.1.2_2065/lpcxpresso/tools/bin/../lib/gcc/arm-none-eabi/4.6.2/../../../../arm-none-eabi/lib/armv7-m\libc.a(lib_a-mprec.o)
                0x000089e0                __d2b
 .text.__ratio  0x00008aac       0x54 c:/nxp/lpcxpresso_5.1.2_2065/lpcxpresso/tools/bin/../lib/gcc/arm-none-eabi/4.6.2/../../../../arm-none-eabi/lib/armv7-m\libc.a(lib_a-mprec.o)
                0x00008aac                __ratio
 .text._mprec_log10
                0x00008b00       0x34 c:/nxp/lpcxpresso_5.1.2_2065/lpcxpresso/tools/bin/../lib/gcc/arm-none-eabi/4.6.2/../../../../arm-none-eabi/lib/armv7-m\libc.a(lib_a-mprec.o)
                0x00008b00                _mprec_log10
 .text.__copybits
                0x00008b34       0x48 c:/nxp/lpcxpresso_5.1.2_2065/lpcxpresso/tools/bin/../lib/gcc/arm-none-eabi/4.6.2/../../../../arm-none-eabi/lib/armv7-m\libc.a(lib_a-mprec.o)
                0x00008b34                __copybits
 .text.__any_on
                0x00008b7c       0x60 c:/nxp/lpcxpresso_5.1.2_2065/lpcxpresso/tools/bin/../lib/gcc/arm-none-eabi/4.6.2/../../../../arm-none-eabi/lib/armv7-m\libc.a(lib_a-mprec.o)
                0x00008b7c                __any_on
 .text          0x00008bdc        0x0 c:/nxp/lpcxpresso_5.1.2_2065/lpcxpresso/tools/bin/../lib/gcc/arm-none-eabi/4.6.2/../../../../arm-none-eabi/lib/armv7-m\libc.a(lib_a-s_fpclassify.o)
 .text.__fpclassifyd
                0x00008bdc       0x68 c:/nxp/lpcxpresso_5.1.2_2065/lpcxpresso/tools/bin/../lib/gcc/arm-none-eabi/4.6.2/../../../../arm-none-eabi/lib/armv7-m\libc.a(lib_a-s_fpclassify.o)
                0x00008bdc                __fpclassifyd
 .text          0x00008c44        0x0 c:/nxp/lpcxpresso_5.1.2_2065/lpcxpresso/tools/bin/../lib/gcc/arm-none-eabi/4.6.2/../../../../arm-none-eabi/lib/armv7-m\libc.a(lib_a-stdio.o)
 .text.__sread  0x00008c44       0x24 c:/nxp/lpcxpresso_5.1.2_2065/lpcxpresso/tools/bin/../lib/gcc/arm-none-eabi/4.6.2/../../../../arm-none-eabi/lib/armv7-m\libc.a(lib_a-stdio.o)
                0x00008c44                __sread
 .text.__seofread
                0x00008c68        0x4 c:/nxp/lpcxpresso_5.1.2_2065/lpcxpresso/tools/bin/../lib/gcc/arm-none-eabi/4.6.2/../../../../arm-none-eabi/lib/armv7-m\libc.a(lib_a-stdio.o)
                0x00008c68                __seofread
 .text.__swrite
                0x00008c6c       0x40 c:/nxp/lpcxpresso_5.1.2_2065/lpcxpresso/tools/bin/../lib/gcc/arm-none-eabi/4.6.2/../../../../arm-none-eabi/lib/armv7-m\libc.a(lib_a-stdio.o)
                0x00008c6c                __swrite
 .text.__sseek  0x00008cac       0x24 c:/nxp/lpcxpresso_5.1.2_2065/lpcxpresso/tools/bin/../lib/gcc/arm-none-eabi/4.6.2/../../../../arm-none-eabi/lib/armv7-m\libc.a(lib_a-stdio.o)
                0x00008cac                __sseek
 .text.__sclose
                0x00008cd0        0x8 c:/nxp/lpcxpresso_5.1.2_2065/lpcxpresso/tools/bin/../lib/gcc/arm-none-eabi/4.6.2/../../../../arm-none-eabi/lib/armv7-m\libc.a(lib_a-stdio.o)
                0x00008cd0                __sclose
 .text          0x00008cd8        0x0 c:/nxp/lpcxpresso_5.1.2_2065/lpcxpresso/tools/bin/../lib/gcc/arm-none-eabi/4.6.2/../../../../arm-none-eabi/lib/armv7-m\libc.a(lib_a-strcmp.o)
 .text.strcmp   0x00008cd8       0x80 c:/nxp/lpcxpresso_5.1.2_2065/lpcxpresso/tools/bin/../lib/gcc/arm-none-eabi/4.6.2/../../../../arm-none-eabi/lib/armv7-m\libc.a(lib_a-strcmp.o)
                0x00008cd8                strcmp
 .text.strcmp_unaligned
                0x00008d58      0x15c c:/nxp/lpcxpresso_5.1.2_2065/lpcxpresso/tools/bin/../lib/gcc/arm-none-eabi/4.6.2/../../../../arm-none-eabi/lib/armv7-m\libc.a(lib_a-strcmp.o)
 .text          0x00008eb4        0x0 c:/nxp/lpcxpresso_5.1.2_2065/lpcxpresso/tools/bin/../lib/gcc/arm-none-eabi/4.6.2/../../../../arm-none-eabi/lib/armv7-m\libc.a(lib_a-svfiprintf.o)
 .text.__ssprint_r
                0x00008eb4       0xf8 c:/nxp/lpcxpresso_5.1.2_2065/lpcxpresso/tools/bin/../lib/gcc/arm-none-eabi/4.6.2/../../../../arm-none-eabi/lib/armv7-m\libc.a(lib_a-svfiprintf.o)
                0x00008eb4                __ssprint_r
 .text._svfiprintf_r
                0x00008fac      0xa30 c:/nxp/lpcxpresso_5.1.2_2065/lpcxpresso/tools/bin/../lib/gcc/arm-none-eabi/4.6.2/../../../../arm-none-eabi/lib/armv7-m\libc.a(lib_a-svfiprintf.o)
                0x00008fac                _svfiprintf_r
 .text          0x000099dc        0x0 c:/nxp/lpcxpresso_5.1.2_2065/lpcxpresso/tools/bin/../lib/gcc/arm-none-eabi/4.6.2/../../../../arm-none-eabi/lib/armv7-m\libc.a(lib_a-vfiprintf.o)
 .text.__sprint_r
                0x000099dc       0x80 c:/nxp/lpcxpresso_5.1.2_2065/lpcxpresso/tools/bin/../lib/gcc/arm-none-eabi/4.6.2/../../../../arm-none-eabi/lib/armv7-m\libc.a(lib_a-vfiprintf.o)
                0x000099dc                __sprint_r
 .text._vfiprintf_r
                0x00009a5c      0xbb8 c:/nxp/lpcxpresso_5.1.2_2065/lpcxpresso/tools/bin/../lib/gcc/arm-none-eabi/4.6.2/../../../../arm-none-eabi/lib/armv7-m\libc.a(lib_a-vfiprintf.o)
                0x00009a5c                _vfiprintf_r
 .text.vfiprintf
                0x0000a614       0x1c c:/nxp/lpcxpresso_5.1.2_2065/lpcxpresso/tools/bin/../lib/gcc/arm-none-eabi/4.6.2/../../../../arm-none-eabi/lib/armv7-m\libc.a(lib_a-vfiprintf.o)
                0x0000a614                vfiprintf
 .text          0x0000a630        0x0 c:/nxp/lpcxpresso_5.1.2_2065/lpcxpresso/tools/bin/../lib/gcc/arm-none-eabi/4.6.2/../../../../arm-none-eabi/lib/armv7-m\libc.a(lib_a-writer.o)
 .text._write_r
                0x0000a630       0x28 c:/nxp/lpcxpresso_5.1.2_2065/lpcxpresso/tools/bin/../lib/gcc/arm-none-eabi/4.6.2/../../../../arm-none-eabi/lib/armv7-m\libc.a(lib_a-writer.o)
                0x0000a630                _write_r
 .text          0x0000a658        0x0 c:/nxp/lpcxpresso_5.1.2_2065/lpcxpresso/tools/bin/../lib/gcc/arm-none-eabi/4.6.2/../../../../arm-none-eabi/lib/armv7-m\libc.a(lib_a-closer.o)
 .text._close_r
                0x0000a658       0x24 c:/nxp/lpcxpresso_5.1.2_2065/lpcxpresso/tools/bin/../lib/gcc/arm-none-eabi/4.6.2/../../../../arm-none-eabi/lib/armv7-m\libc.a(lib_a-closer.o)
                0x0000a658                _close_r
 .text          0x0000a67c        0x0 c:/nxp/lpcxpresso_5.1.2_2065/lpcxpresso/tools/bin/../lib/gcc/arm-none-eabi/4.6.2/../../../../arm-none-eabi/lib/armv7-m\libc.a(lib_a-fclose.o)
 .text._fclose_r
                0x0000a67c       0x90 c:/nxp/lpcxpresso_5.1.2_2065/lpcxpresso/tools/bin/../lib/gcc/arm-none-eabi/4.6.2/../../../../arm-none-eabi/lib/armv7-m\libc.a(lib_a-fclose.o)
                0x0000a67c                _fclose_r
 .text.fclose   0x0000a70c       0x14 c:/nxp/lpcxpresso_5.1.2_2065/lpcxpresso/tools/bin/../lib/gcc/arm-none-eabi/4.6.2/../../../../arm-none-eabi/lib/armv7-m\libc.a(lib_a-fclose.o)
                0x0000a70c                fclose
 .text          0x0000a720        0x0 c:/nxp/lpcxpresso_5.1.2_2065/lpcxpresso/tools/bin/../lib/gcc/arm-none-eabi/4.6.2/../../../../arm-none-eabi/lib/armv7-m\libc.a(lib_a-fputwc.o)
 .text._fputwc_r
                0x0000a720       0xd0 c:/nxp/lpcxpresso_5.1.2_2065/lpcxpresso/tools/bin/../lib/gcc/arm-none-eabi/4.6.2/../../../../arm-none-eabi/lib/armv7-m\libc.a(lib_a-fputwc.o)
                0x0000a720                _fputwc_r
 .text.fputwc   0x0000a7f0       0x28 c:/nxp/lpcxpresso_5.1.2_2065/lpcxpresso/tools/bin/../lib/gcc/arm-none-eabi/4.6.2/../../../../arm-none-eabi/lib/armv7-m\libc.a(lib_a-fputwc.o)
                0x0000a7f0                fputwc
 .text          0x0000a818        0x0 c:/nxp/lpcxpresso_5.1.2_2065/lpcxpresso/tools/bin/../lib/gcc/arm-none-eabi/4.6.2/../../../../arm-none-eabi/lib/armv7-m\libc.a(lib_a-fstatr.o)
 .text._fstat_r
                0x0000a818       0x28 c:/nxp/lpcxpresso_5.1.2_2065/lpcxpresso/tools/bin/../lib/gcc/arm-none-eabi/4.6.2/../../../../arm-none-eabi/lib/armv7-m\libc.a(lib_a-fstatr.o)
                0x0000a818                _fstat_r
 .text          0x0000a840        0x0 c:/nxp/lpcxpresso_5.1.2_2065/lpcxpresso/tools/bin/../lib/gcc/arm-none-eabi/4.6.2/../../../../arm-none-eabi/lib/armv7-m\libc.a(lib_a-fvwrite.o)
 .text.__sfvwrite_r
                0x0000a840      0x2e8 c:/nxp/lpcxpresso_5.1.2_2065/lpcxpresso/tools/bin/../lib/gcc/arm-none-eabi/4.6.2/../../../../arm-none-eabi/lib/armv7-m\libc.a(lib_a-fvwrite.o)
                0x0000a840                __sfvwrite_r
 .text          0x0000ab28        0x0 c:/nxp/lpcxpresso_5.1.2_2065/lpcxpresso/tools/bin/../lib/gcc/arm-none-eabi/4.6.2/../../../../arm-none-eabi/lib/armv7-m\libc.a(lib_a-isattyr.o)
 .text._isatty_r
                0x0000ab28       0x24 c:/nxp/lpcxpresso_5.1.2_2065/lpcxpresso/tools/bin/../lib/gcc/arm-none-eabi/4.6.2/../../../../arm-none-eabi/lib/armv7-m\libc.a(lib_a-isattyr.o)
                0x0000ab28                _isatty_r
 .text          0x0000ab4c        0x0 c:/nxp/lpcxpresso_5.1.2_2065/lpcxpresso/tools/bin/../lib/gcc/arm-none-eabi/4.6.2/../../../../arm-none-eabi/lib/armv7-m\libc.a(lib_a-lseekr.o)
 .text._lseek_r
                0x0000ab4c       0x28 c:/nxp/lpcxpresso_5.1.2_2065/lpcxpresso/tools/bin/../lib/gcc/arm-none-eabi/4.6.2/../../../../arm-none-eabi/lib/armv7-m\libc.a(lib_a-lseekr.o)
                0x0000ab4c                _lseek_r
 .text          0x0000ab74        0x0 c:/nxp/lpcxpresso_5.1.2_2065/lpcxpresso/tools/bin/../lib/gcc/arm-none-eabi/4.6.2/../../../../arm-none-eabi/lib/armv7-m\libc.a(lib_a-memmove.o)
 .text.memmove  0x0000ab74       0xb0 c:/nxp/lpcxpresso_5.1.2_2065/lpcxpresso/tools/bin/../lib/gcc/arm-none-eabi/4.6.2/../../../../arm-none-eabi/lib/armv7-m\libc.a(lib_a-memmove.o)
                0x0000ab74                memmove
 .text          0x0000ac24        0x0 c:/nxp/lpcxpresso_5.1.2_2065/lpcxpresso/tools/bin/../lib/gcc/arm-none-eabi/4.6.2/../../../../arm-none-eabi/lib/armv7-m\libc.a(lib_a-readr.o)
 .text._read_r  0x0000ac24       0x28 c:/nxp/lpcxpresso_5.1.2_2065/lpcxpresso/tools/bin/../lib/gcc/arm-none-eabi/4.6.2/../../../../arm-none-eabi/lib/armv7-m\libc.a(lib_a-readr.o)
                0x0000ac24                _read_r
 .text          0x0000ac4c        0x0 c:/nxp/lpcxpresso_5.1.2_2065/lpcxpresso/tools/bin/../lib/gcc/arm-none-eabi/4.6.2/../../../../arm-none-eabi/lib/armv7-m\libc.a(lib_a-reent.o)
 .text.cleanup_glue
                0x0000ac4c       0x1c c:/nxp/lpcxpresso_5.1.2_2065/lpcxpresso/tools/bin/../lib/gcc/arm-none-eabi/4.6.2/../../../../arm-none-eabi/lib/armv7-m\libc.a(lib_a-reent.o)
                0x0000ac4c                cleanup_glue
 .text._reclaim_reent
                0x0000ac68       0x90 c:/nxp/lpcxpresso_5.1.2_2065/lpcxpresso/tools/bin/../lib/gcc/arm-none-eabi/4.6.2/../../../../arm-none-eabi/lib/armv7-m\libc.a(lib_a-reent.o)
                0x0000ac68                _reclaim_reent
 .text._wrapup_reent
                0x0000acf8       0x40 c:/nxp/lpcxpresso_5.1.2_2065/lpcxpresso/tools/bin/../lib/gcc/arm-none-eabi/4.6.2/../../../../arm-none-eabi/lib/armv7-m\libc.a(lib_a-reent.o)
                0x0000acf8                _wrapup_reent
 .text          0x0000ad38        0x0 c:/nxp/lpcxpresso_5.1.2_2065/lpcxpresso/tools/bin/../lib/gcc/arm-none-eabi/4.6.2/../../../../arm-none-eabi/lib/armv7-m\libc.a(lib_a-wbuf.o)
 .text.__swbuf_r
                0x0000ad38       0xc0 c:/nxp/lpcxpresso_5.1.2_2065/lpcxpresso/tools/bin/../lib/gcc/arm-none-eabi/4.6.2/../../../../arm-none-eabi/lib/armv7-m\libc.a(lib_a-wbuf.o)
                0x0000ad38                __swbuf_r
 .text.__swbuf  0x0000adf8       0x14 c:/nxp/lpcxpresso_5.1.2_2065/lpcxpresso/tools/bin/../lib/gcc/arm-none-eabi/4.6.2/../../../../arm-none-eabi/lib/armv7-m\libc.a(lib_a-wbuf.o)
                0x0000adf8                __swbuf
 .text          0x0000ae0c        0x0 c:/nxp/lpcxpresso_5.1.2_2065/lpcxpresso/tools/bin/../lib/gcc/arm-none-eabi/4.6.2/../../../../arm-none-eabi/lib/armv7-m\libc.a(lib_a-wcrtomb.o)
 .text._wcrtomb_r
                0x0000ae0c       0x4c c:/nxp/lpcxpresso_5.1.2_2065/lpcxpresso/tools/bin/../lib/gcc/arm-none-eabi/4.6.2/../../../../arm-none-eabi/lib/armv7-m\libc.a(lib_a-wcrtomb.o)
                0x0000ae0c                _wcrtomb_r
 .text.wcrtomb  0x0000ae58       0x60 c:/nxp/lpcxpresso_5.1.2_2065/lpcxpresso/tools/bin/../lib/gcc/arm-none-eabi/4.6.2/../../../../arm-none-eabi/lib/armv7-m\libc.a(lib_a-wcrtomb.o)
                0x0000ae58                wcrtomb
 .text          0x0000aeb8        0x0 c:/nxp/lpcxpresso_5.1.2_2065/lpcxpresso/tools/bin/../lib/gcc/arm-none-eabi/4.6.2/../../../../arm-none-eabi/lib/armv7-m\libc.a(lib_a-wctomb_r.o)
 .text.__ascii_wctomb
                0x0000aeb8       0x1c c:/nxp/lpcxpresso_5.1.2_2065/lpcxpresso/tools/bin/../lib/gcc/arm-none-eabi/4.6.2/../../../../arm-none-eabi/lib/armv7-m\libc.a(lib_a-wctomb_r.o)
                0x0000aeb8                __ascii_wctomb
 .text._wctomb_r
                0x0000aed4       0x30 c:/nxp/lpcxpresso_5.1.2_2065/lpcxpresso/tools/bin/../lib/gcc/arm-none-eabi/4.6.2/../../../../arm-none-eabi/lib/armv7-m\libc.a(lib_a-wctomb_r.o)
                0x0000aed4                _wctomb_r
 .text          0x0000af04        0x0 c:/nxp/lpcxpresso_5.1.2_2065/lpcxpresso/tools/bin/../lib/gcc/arm-none-eabi/4.6.2/../../../../arm-none-eabi/lib/armv7-m\libcr_newlib_semihost.a(syscalls.o)
 .text.do_AngelSWI
                0x0000af04       0x12 c:/nxp/lpcxpresso_5.1.2_2065/lpcxpresso/tools/bin/../lib/gcc/arm-none-eabi/4.6.2/../../../../arm-none-eabi/lib/armv7-m\libcr_newlib_semihost.a(syscalls.o)
 *fill*         0x0000af16        0x2 00
 .text.initialise_monitor_handles
                0x0000af18       0x9c c:/nxp/lpcxpresso_5.1.2_2065/lpcxpresso/tools/bin/../lib/gcc/arm-none-eabi/4.6.2/../../../../arm-none-eabi/lib/armv7-m\libcr_newlib_semihost.a(syscalls.o)
 .text.findslot
                0x0000afb4       0x2c c:/nxp/lpcxpresso_5.1.2_2065/lpcxpresso/tools/bin/../lib/gcc/arm-none-eabi/4.6.2/../../../../arm-none-eabi/lib/armv7-m\libcr_newlib_semihost.a(syscalls.o)
 .text.error    0x0000afe0       0x18 c:/nxp/lpcxpresso_5.1.2_2065/lpcxpresso/tools/bin/../lib/gcc/arm-none-eabi/4.6.2/../../../../arm-none-eabi/lib/armv7-m\libcr_newlib_semihost.a(syscalls.o)
 .text.checkerror
                0x0000aff8        0xc c:/nxp/lpcxpresso_5.1.2_2065/lpcxpresso/tools/bin/../lib/gcc/arm-none-eabi/4.6.2/../../../../arm-none-eabi/lib/armv7-m\libcr_newlib_semihost.a(syscalls.o)
 .text._swiread
                0x0000b004       0x18 c:/nxp/lpcxpresso_5.1.2_2065/lpcxpresso/tools/bin/../lib/gcc/arm-none-eabi/4.6.2/../../../../arm-none-eabi/lib/armv7-m\libcr_newlib_semihost.a(syscalls.o)
                0x0000b004                _swiread
 .text._read    0x0000b01c       0x36 c:/nxp/lpcxpresso_5.1.2_2065/lpcxpresso/tools/bin/../lib/gcc/arm-none-eabi/4.6.2/../../../../arm-none-eabi/lib/armv7-m\libcr_newlib_semihost.a(syscalls.o)
                0x0000b01c                _read
 .text._swilseek
                0x0000b052       0x76 c:/nxp/lpcxpresso_5.1.2_2065/lpcxpresso/tools/bin/../lib/gcc/arm-none-eabi/4.6.2/../../../../arm-none-eabi/lib/armv7-m\libcr_newlib_semihost.a(syscalls.o)
                0x0000b052                _swilseek
 .text._lseek   0x0000b0c8        0x4 c:/nxp/lpcxpresso_5.1.2_2065/lpcxpresso/tools/bin/../lib/gcc/arm-none-eabi/4.6.2/../../../../arm-none-eabi/lib/armv7-m\libcr_newlib_semihost.a(syscalls.o)
                0x0000b0c8                _lseek
 .text._swiwrite
                0x0000b0cc       0x18 c:/nxp/lpcxpresso_5.1.2_2065/lpcxpresso/tools/bin/../lib/gcc/arm-none-eabi/4.6.2/../../../../arm-none-eabi/lib/armv7-m\libcr_newlib_semihost.a(syscalls.o)
                0x0000b0cc                _swiwrite
 .text._write   0x0000b0e4       0x46 c:/nxp/lpcxpresso_5.1.2_2065/lpcxpresso/tools/bin/../lib/gcc/arm-none-eabi/4.6.2/../../../../arm-none-eabi/lib/armv7-m\libcr_newlib_semihost.a(syscalls.o)
                0x0000b0e4                _write
 .text._swiclose
                0x0000b12a       0x14 c:/nxp/lpcxpresso_5.1.2_2065/lpcxpresso/tools/bin/../lib/gcc/arm-none-eabi/4.6.2/../../../../arm-none-eabi/lib/armv7-m\libcr_newlib_semihost.a(syscalls.o)
                0x0000b12a                _swiclose
 *fill*         0x0000b13e        0x2 00
 .text._close   0x0000b140       0x48 c:/nxp/lpcxpresso_5.1.2_2065/lpcxpresso/tools/bin/../lib/gcc/arm-none-eabi/4.6.2/../../../../arm-none-eabi/lib/armv7-m\libcr_newlib_semihost.a(syscalls.o)
                0x0000b140                _close
 .text._getpid  0x0000b188        0x4 c:/nxp/lpcxpresso_5.1.2_2065/lpcxpresso/tools/bin/../lib/gcc/arm-none-eabi/4.6.2/../../../../arm-none-eabi/lib/armv7-m\libcr_newlib_semihost.a(syscalls.o)
                0x0000b188                _getpid
 .text._swistat
                0x0000b18c       0x3e c:/nxp/lpcxpresso_5.1.2_2065/lpcxpresso/tools/bin/../lib/gcc/arm-none-eabi/4.6.2/../../../../arm-none-eabi/lib/armv7-m\libcr_newlib_semihost.a(syscalls.o)
                0x0000b18c                _swistat
 .text._fstat   0x0000b1ca       0x1c c:/nxp/lpcxpresso_5.1.2_2065/lpcxpresso/tools/bin/../lib/gcc/arm-none-eabi/4.6.2/../../../../arm-none-eabi/lib/armv7-m\libcr_newlib_semihost.a(syscalls.o)
                0x0000b1ca                _fstat
 .text._stat    0x0000b1e6       0x3e c:/nxp/lpcxpresso_5.1.2_2065/lpcxpresso/tools/bin/../lib/gcc/arm-none-eabi/4.6.2/../../../../arm-none-eabi/lib/armv7-m\libcr_newlib_semihost.a(syscalls.o)
                0x0000b1e6                _stat
 .text._swiopen
                0x0000b224       0xbc c:/nxp/lpcxpresso_5.1.2_2065/lpcxpresso/tools/bin/../lib/gcc/arm-none-eabi/4.6.2/../../../../arm-none-eabi/lib/armv7-m\libcr_newlib_semihost.a(syscalls.o)
                0x0000b224                _swiopen
 .text._open    0x0000b2e0       0x12 c:/nxp/lpcxpresso_5.1.2_2065/lpcxpresso/tools/bin/../lib/gcc/arm-none-eabi/4.6.2/../../../../arm-none-eabi/lib/armv7-m\libcr_newlib_semihost.a(syscalls.o)
                0x0000b2e0                _open
 .text._link    0x0000b2f2       0x10 c:/nxp/lpcxpresso_5.1.2_2065/lpcxpresso/tools/bin/../lib/gcc/arm-none-eabi/4.6.2/../../../../arm-none-eabi/lib/armv7-m\libcr_newlib_semihost.a(syscalls.o)
                0x0000b2f2                _link
 .text._unlink  0x0000b302       0x22 c:/nxp/lpcxpresso_5.1.2_2065/lpcxpresso/tools/bin/../lib/gcc/arm-none-eabi/4.6.2/../../../../arm-none-eabi/lib/armv7-m\libcr_newlib_semihost.a(syscalls.o)
                0x0000b302                _unlink
 .text._gettimeofday
                0x0000b324       0x22 c:/nxp/lpcxpresso_5.1.2_2065/lpcxpresso/tools/bin/../lib/gcc/arm-none-eabi/4.6.2/../../../../arm-none-eabi/lib/armv7-m\libcr_newlib_semihost.a(syscalls.o)
                0x0000b324                _gettimeofday
 .text._clock   0x0000b346        0x8 c:/nxp/lpcxpresso_5.1.2_2065/lpcxpresso/tools/bin/../lib/gcc/arm-none-eabi/4.6.2/../../../../arm-none-eabi/lib/armv7-m\libcr_newlib_semihost.a(syscalls.o)
                0x0000b346                _clock
 .text._times   0x0000b34e       0x16 c:/nxp/lpcxpresso_5.1.2_2065/lpcxpresso/tools/bin/../lib/gcc/arm-none-eabi/4.6.2/../../../../arm-none-eabi/lib/armv7-m\libcr_newlib_semihost.a(syscalls.o)
                0x0000b34e                _times
 .text._isatty  0x0000b364       0x26 c:/nxp/lpcxpresso_5.1.2_2065/lpcxpresso/tools/bin/../lib/gcc/arm-none-eabi/4.6.2/../../../../arm-none-eabi/lib/armv7-m\libcr_newlib_semihost.a(syscalls.o)
                0x0000b364                _isatty
 .text._system  0x0000b38a       0x3a c:/nxp/lpcxpresso_5.1.2_2065/lpcxpresso/tools/bin/../lib/gcc/arm-none-eabi/4.6.2/../../../../arm-none-eabi/lib/armv7-m\libcr_newlib_semihost.a(syscalls.o)
                0x0000b38a                _system
 .text._rename  0x0000b3c4       0x30 c:/nxp/lpcxpresso_5.1.2_2065/lpcxpresso/tools/bin/../lib/gcc/arm-none-eabi/4.6.2/../../../../arm-none-eabi/lib/armv7-m\libcr_newlib_semihost.a(syscalls.o)
                0x0000b3c4                _rename
 .text          0x0000b3f4      0x370 c:/nxp/lpcxpresso_5.1.2_2065/lpcxpresso/tools/bin/../lib/gcc/arm-none-eabi/4.6.2/armv7-m\libgcc.a(_arm_addsubdf3.o)
                0x0000b3f4                __aeabi_drsub
                0x0000b3fc                __aeabi_dsub
                0x0000b3fc                __subdf3
                0x0000b400                __aeabi_dadd
                0x0000b400                __adddf3
                0x0000b678                __floatunsidf
                0x0000b678                __aeabi_ui2d
                0x0000b698                __floatsidf
                0x0000b698                __aeabi_i2d
                0x0000b6bc                __aeabi_f2d
                0x0000b6bc                __extendsfdf2
                0x0000b6f8                __floatundidf
                0x0000b6f8                __aeabi_ul2d
                0x0000b708                __floatdidf
                0x0000b708                __aeabi_l2d
 .text          0x0000b764      0x424 c:/nxp/lpcxpresso_5.1.2_2065/lpcxpresso/tools/bin/../lib/gcc/arm-none-eabi/4.6.2/armv7-m\libgcc.a(_arm_muldivdf3.o)
                0x0000b764                __aeabi_dmul
                0x0000b764                __muldf3
                0x0000b9b8                __divdf3
                0x0000b9b8                __aeabi_ddiv
 .text          0x0000bb88      0x110 c:/nxp/lpcxpresso_5.1.2_2065/lpcxpresso/tools/bin/../lib/gcc/arm-none-eabi/4.6.2/armv7-m\libgcc.a(_arm_cmpdf2.o)
                0x0000bb88                __gtdf2
                0x0000bb88                __gedf2
                0x0000bb90                __ltdf2
                0x0000bb90                __ledf2
                0x0000bb98                __nedf2
                0x0000bb98                __eqdf2
                0x0000bb98                __cmpdf2
                0x0000bc14                __aeabi_cdrcmple
                0x0000bc24                __aeabi_cdcmpeq
                0x0000bc24                __aeabi_cdcmple
                0x0000bc34                __aeabi_dcmpeq
                0x0000bc48                __aeabi_dcmplt
                0x0000bc5c                __aeabi_dcmple
                0x0000bc70                __aeabi_dcmpge
                0x0000bc84                __aeabi_dcmpgt
 .text          0x0000bc98       0x50 c:/nxp/lpcxpresso_5.1.2_2065/lpcxpresso/tools/bin/../lib/gcc/arm-none-eabi/4.6.2/armv7-m\libgcc.a(_arm_fixdfsi.o)
                0x0000bc98                __aeabi_d2iz
                0x0000bc98                __fixdfsi
 .text          0x0000bce8       0x2c c:/nxp/lpcxpresso_5.1.2_2065/lpcxpresso/tools/bin/../lib/gcc/arm-none-eabi/4.6.2/armv7-m\libgcc.a(_aeabi_uldivmod.o)
                0x0000bce8                __aeabi_uldivmod
 .text          0x0000bd14       0x5c c:/nxp/lpcxpresso_5.1.2_2065/lpcxpresso/tools/bin/../lib/gcc/arm-none-eabi/4.6.2/armv7-m\libgcc.a(bpabi.o)
                0x0000bd14                __gnu_ldivmod_helper
                0x0000bd44                __gnu_uldivmod_helper
 .text          0x0000bd70        0x4 c:/nxp/lpcxpresso_5.1.2_2065/lpcxpresso/tools/bin/../lib/gcc/arm-none-eabi/4.6.2/armv7-m\libgcc.a(_dvmd_tls.o)
                0x0000bd70                __aeabi_idiv0
                0x0000bd70                __aeabi_ldiv0
 .text          0x0000bd74      0x2c8 c:/nxp/lpcxpresso_5.1.2_2065/lpcxpresso/tools/bin/../lib/gcc/arm-none-eabi/4.6.2/armv7-m\libgcc.a(_divdi3.o)
                0x0000bd74                __divdi3
 .text          0x0000c03c      0x298 c:/nxp/lpcxpresso_5.1.2_2065/lpcxpresso/tools/bin/../lib/gcc/arm-none-eabi/4.6.2/armv7-m\libgcc.a(_udivdi3.o)
                0x0000c03c                __udivdi3
 .text          0x0000c2d4        0x0 c:/nxp/lpcxpresso_5.1.2_2065/lpcxpresso/tools/bin/../lib/gcc/arm-none-eabi/4.6.2/../../../../arm-none-eabi/lib/armv7-m\libc.a(lib_a-errno.o)
 .text.__errno  0x0000c2d4        0xc c:/nxp/lpcxpresso_5.1.2_2065/lpcxpresso/tools/bin/../lib/gcc/arm-none-eabi/4.6.2/../../../../arm-none-eabi/lib/armv7-m\libc.a(lib_a-errno.o)
                0x0000c2d4                __errno
 *(.rodata .rodata.*)
 .rodata.heapSTRUCT_SIZE
                0x0000c2e0        0x2 ./src/console/alloc.o
 *fill*         0x0000c2e2        0x2 00
 .rodata        0x0000c2e4        0xc ./src/console/basic_io.o
 .rodata        0x0000c2f0       0x3c ./src/main.o
 .rodata        0x0000c32c       0x20 ./FreeRTOS_src/tasks.o
 .rodata.heapSTRUCT_SIZE
                0x0000c34c        0x2 ./FreeRTOS_portable/MemMang/heap_2.o
 *fill*         0x0000c34e        0x2 00
 .rodata.ulKernelPriority
                0x0000c350        0x4 ./FreeRTOS_portable/port.o
                0x0000c350                ulKernelPriority
 .rodata.zeroes.6590
                0x0000c354       0x10 c:/nxp/lpcxpresso_5.1.2_2065/lpcxpresso/tools/bin/../lib/gcc/arm-none-eabi/4.6.2/../../../../arm-none-eabi/lib/armv7-m\libc.a(lib_a-svfprintf.o)
 .rodata.str1.4
                0x0000c364       0x42 c:/nxp/lpcxpresso_5.1.2_2065/lpcxpresso/tools/bin/../lib/gcc/arm-none-eabi/4.6.2/../../../../arm-none-eabi/lib/armv7-m\libc.a(lib_a-svfprintf.o)
                                 0x44 (size before relaxing)
 *fill*         0x0000c3a6        0x2 00
 .rodata.blanks.6589
                0x0000c3a8       0x10 c:/nxp/lpcxpresso_5.1.2_2065/lpcxpresso/tools/bin/../lib/gcc/arm-none-eabi/4.6.2/../../../../arm-none-eabi/lib/armv7-m\libc.a(lib_a-svfprintf.o)
 .rodata.zeroes.6605
                0x0000c3b8       0x10 c:/nxp/lpcxpresso_5.1.2_2065/lpcxpresso/tools/bin/../lib/gcc/arm-none-eabi/4.6.2/../../../../arm-none-eabi/lib/armv7-m\libc.a(lib_a-vfprintf.o)
 .rodata.str1.4
                0x00000000       0x44 c:/nxp/lpcxpresso_5.1.2_2065/lpcxpresso/tools/bin/../lib/gcc/arm-none-eabi/4.6.2/../../../../arm-none-eabi/lib/armv7-m\libc.a(lib_a-vfprintf.o)
 .rodata.blanks.6604
                0x0000c3c8       0x10 c:/nxp/lpcxpresso_5.1.2_2065/lpcxpresso/tools/bin/../lib/gcc/arm-none-eabi/4.6.2/../../../../arm-none-eabi/lib/armv7-m\libc.a(lib_a-vfprintf.o)
 .rodata.str1.4
                0x0000c3d8       0x10 c:/nxp/lpcxpresso_5.1.2_2065/lpcxpresso/tools/bin/../lib/gcc/arm-none-eabi/4.6.2/../../../../arm-none-eabi/lib/armv7-m\libc.a(lib_a-dtoa.o)
                                 0x14 (size before relaxing)
 .rodata.str1.4
                0x0000c3e8        0x2 c:/nxp/lpcxpresso_5.1.2_2065/lpcxpresso/tools/bin/../lib/gcc/arm-none-eabi/4.6.2/../../../../arm-none-eabi/lib/armv7-m\libc.a(lib_a-impure.o)
                                  0x4 (size before relaxing)
 *fill*         0x0000c3ea        0x2 00
 .rodata._global_impure_ptr
                0x0000c3ec        0x4 c:/nxp/lpcxpresso_5.1.2_2065/lpcxpresso/tools/bin/../lib/gcc/arm-none-eabi/4.6.2/../../../../arm-none-eabi/lib/armv7-m\libc.a(lib_a-impure.o)
                0x0000c3ec                _global_impure_ptr
 .rodata.str1.4
                0x0000c3f0        0xc c:/nxp/lpcxpresso_5.1.2_2065/lpcxpresso/tools/bin/../lib/gcc/arm-none-eabi/4.6.2/../../../../arm-none-eabi/lib/armv7-m\libc.a(lib_a-locale.o)
                                 0x14 (size before relaxing)
 *fill*         0x0000c3fc        0x4 00
 .rodata.__mprec_tens
                0x0000c400       0xc8 c:/nxp/lpcxpresso_5.1.2_2065/lpcxpresso/tools/bin/../lib/gcc/arm-none-eabi/4.6.2/../../../../arm-none-eabi/lib/armv7-m\libc.a(lib_a-mprec.o)
                0x0000c400                __mprec_tens
 .rodata.__mprec_bigtens
                0x0000c4c8       0x28 c:/nxp/lpcxpresso_5.1.2_2065/lpcxpresso/tools/bin/../lib/gcc/arm-none-eabi/4.6.2/../../../../arm-none-eabi/lib/armv7-m\libc.a(lib_a-mprec.o)
                0x0000c4c8                __mprec_bigtens
 .rodata.__mprec_tinytens
                0x0000c4f0       0x28 c:/nxp/lpcxpresso_5.1.2_2065/lpcxpresso/tools/bin/../lib/gcc/arm-none-eabi/4.6.2/../../../../arm-none-eabi/lib/armv7-m\libc.a(lib_a-mprec.o)
                0x0000c4f0                __mprec_tinytens
 .rodata.p05.5111
                0x0000c518        0xc c:/nxp/lpcxpresso_5.1.2_2065/lpcxpresso/tools/bin/../lib/gcc/arm-none-eabi/4.6.2/../../../../arm-none-eabi/lib/armv7-m\libc.a(lib_a-mprec.o)
 .rodata.zeroes.6534
                0x0000c524       0x10 c:/nxp/lpcxpresso_5.1.2_2065/lpcxpresso/tools/bin/../lib/gcc/arm-none-eabi/4.6.2/../../../../arm-none-eabi/lib/armv7-m\libc.a(lib_a-svfiprintf.o)
 .rodata.str1.4
                0x00000000       0x30 c:/nxp/lpcxpresso_5.1.2_2065/lpcxpresso/tools/bin/../lib/gcc/arm-none-eabi/4.6.2/../../../../arm-none-eabi/lib/armv7-m\libc.a(lib_a-svfiprintf.o)
 .rodata.blanks.6533
                0x0000c534       0x10 c:/nxp/lpcxpresso_5.1.2_2065/lpcxpresso/tools/bin/../lib/gcc/arm-none-eabi/4.6.2/../../../../arm-none-eabi/lib/armv7-m\libc.a(lib_a-svfiprintf.o)
 .rodata.zeroes.6548
                0x0000c544       0x10 c:/nxp/lpcxpresso_5.1.2_2065/lpcxpresso/tools/bin/../lib/gcc/arm-none-eabi/4.6.2/../../../../arm-none-eabi/lib/armv7-m\libc.a(lib_a-vfiprintf.o)
 .rodata.str1.4
                0x00000000       0x30 c:/nxp/lpcxpresso_5.1.2_2065/lpcxpresso/tools/bin/../lib/gcc/arm-none-eabi/4.6.2/../../../../arm-none-eabi/lib/armv7-m\libc.a(lib_a-vfiprintf.o)
 .rodata.blanks.6547
                0x0000c554       0x10 c:/nxp/lpcxpresso_5.1.2_2065/lpcxpresso/tools/bin/../lib/gcc/arm-none-eabi/4.6.2/../../../../arm-none-eabi/lib/armv7-m\libc.a(lib_a-vfiprintf.o)
 .rodata.str1.1
                0x0000c564        0x4 c:/nxp/lpcxpresso_5.1.2_2065/lpcxpresso/tools/bin/../lib/gcc/arm-none-eabi/4.6.2/../../../../arm-none-eabi/lib/armv7-m\libcr_newlib_semihost.a(syscalls.o)
                0x0000c568                . = ALIGN (0x4)

.glue_7         0x0000c568        0x0
 .glue_7        0x00000000        0x0 linker stubs

.glue_7t        0x0000c568        0x0
 .glue_7t       0x00000000        0x0 linker stubs

.vfp11_veneer   0x0000c568        0x0
 .vfp11_veneer  0x00000000        0x0 linker stubs

.v4_bx          0x0000c568        0x0
 .v4_bx         0x00000000        0x0 linker stubs

.ARM.extab      0x0000c568        0x0
 *(.ARM.extab* .gnu.linkonce.armextab.*)
 .ARM.extab     0x0000c568        0x0 c:/nxp/lpcxpresso_5.1.2_2065/lpcxpresso/tools/bin/../lib/gcc/arm-none-eabi/4.6.2/armv7-m\libgcc.a(_divdi3.o)
 .ARM.extab     0x0000c568        0x0 c:/nxp/lpcxpresso_5.1.2_2065/lpcxpresso/tools/bin/../lib/gcc/arm-none-eabi/4.6.2/armv7-m\libgcc.a(_udivdi3.o)
                0x0000c568                __exidx_start = .

.ARM.exidx      0x0000c568        0x8
 *(.ARM.exidx* .gnu.linkonce.armexidx.*)
 .ARM.exidx     0x0000c568        0x8 c:/nxp/lpcxpresso_5.1.2_2065/lpcxpresso/tools/bin/../lib/gcc/arm-none-eabi/4.6.2/armv7-m\libgcc.a(_divdi3.o)
 .ARM.exidx     0x0000c570        0x0 c:/nxp/lpcxpresso_5.1.2_2065/lpcxpresso/tools/bin/../lib/gcc/arm-none-eabi/4.6.2/armv7-m\libgcc.a(_udivdi3.o)
                                  0x8 (size before relaxing)
                0x0000c570                __exidx_end = .
                0x0000c570                _etext = .

.data_RAM2      0x2007c000        0x0 load address 0x0000c570
 FILL mask 0xff
 *(.data.$RAM2*)
 *(.data.$RamAHB32*)
                0x2007c000                . = ALIGN (0x4)

.uninit_RESERVED
                0x10000000        0x0
 *(.bss.$RESERVED*)
                0x10000000                . = ALIGN (0x4)
                0x10000000                _end_uninit_RESERVED = .

.data           0x10000000      0x4cc load address 0x0000c570
 FILL mask 0xff
                0x10000000                _data = .
 *(vtable)
 *(.data*)
 .data          0x10000000        0x0 ./src/uart/uart.o
 .data.UART0TxEmpty
                0x10000000        0x1 ./src/uart/uart.o
                0x10000000                UART0TxEmpty
 .data.UART1TxEmpty
                0x10000001        0x1 ./src/uart/uart.o
                0x10000001                UART1TxEmpty
 .data          0x10000002        0x0 ./src/pwm/pwm.o
 .data          0x10000002        0x0 ./src/ledonboard/leds.o
 .data          0x10000002        0x0 ./src/console/alloc.o
 .data          0x10000002        0x0 ./src/console/basic_io.o
 .data          0x10000002        0x0 ./src/console/consoleprint.o
 .data          0x10000002        0x0 ./src/cr_startup_lpc17.o
 .data          0x10000002        0x0 ./src/main.o
 *fill*         0x10000002        0x2 00
 .data.texto    0x10000004        0x4 ./src/main.o
                0x10000004                texto
 .data          0x10000008        0x0 ./FreeRTOS_src/croutine.o
 .data          0x10000008        0x0 ./FreeRTOS_src/list.o
 .data          0x10000008        0x0 ./FreeRTOS_src/queue.o
 .data          0x10000008        0x0 ./FreeRTOS_src/tasks.o
 .data.xNextTaskUnblockTime
                0x10000008        0x4 ./FreeRTOS_src/tasks.o
 .data.uxPreviousTask
                0x1000000c        0x4 ./FreeRTOS_src/tasks.o
 .data          0x10000010        0x0 ./FreeRTOS_src/timers.o
 .data          0x10000010        0x0 ./FreeRTOS_portable/MemMang/heap_2.o
 .data.xFreeBytesRemaining
                0x10000010        0x4 ./FreeRTOS_portable/MemMang/heap_2.o
 .data          0x10000014        0x0 ./FreeRTOS_portable/port.o
 .data.uxCriticalNesting
                0x10000014        0x4 ./FreeRTOS_portable/port.o
 .data          0x10000018        0x4 ../Libraries\libCMSISv2_LPC17xx.a(system_LPC17xx.o)
                0x10000018                SystemFrequency
 .data          0x1000001c        0x0 c:/nxp/lpcxpresso_5.1.2_2065/lpcxpresso/tools/bin/../lib/gcc/arm-none-eabi/4.6.2/../../../../arm-none-eabi/lib/armv7-m\libc.a(lib_a-memcpy.o)
 .data          0x1000001c        0x0 c:/nxp/lpcxpresso_5.1.2_2065/lpcxpresso/tools/bin/../lib/gcc/arm-none-eabi/4.6.2/../../../../arm-none-eabi/lib/armv7-m\libc.a(lib_a-memset.o)
 .data          0x1000001c        0x0 c:/nxp/lpcxpresso_5.1.2_2065/lpcxpresso/tools/bin/../lib/gcc/arm-none-eabi/4.6.2/../../../../arm-none-eabi/lib/armv7-m\libc.a(lib_a-printf.o)
 .data          0x1000001c        0x0 c:/nxp/lpcxpresso_5.1.2_2065/lpcxpresso/tools/bin/../lib/gcc/arm-none-eabi/4.6.2/../../../../arm-none-eabi/lib/armv7-m\libc.a(lib_a-sprintf.o)
 .data          0x1000001c        0x0 c:/nxp/lpcxpresso_5.1.2_2065/lpcxpresso/tools/bin/../lib/gcc/arm-none-eabi/4.6.2/../../../../arm-none-eabi/lib/armv7-m\libc.a(lib_a-strcat.o)
 .data          0x1000001c        0x0 c:/nxp/lpcxpresso_5.1.2_2065/lpcxpresso/tools/bin/../lib/gcc/arm-none-eabi/4.6.2/../../../../arm-none-eabi/lib/armv7-m\libc.a(lib_a-strcpy.o)
 .data          0x1000001c        0x0 c:/nxp/lpcxpresso_5.1.2_2065/lpcxpresso/tools/bin/../lib/gcc/arm-none-eabi/4.6.2/../../../../arm-none-eabi/lib/armv7-m\libc.a(lib_a-strlen.o)
 .data          0x1000001c        0x0 c:/nxp/lpcxpresso_5.1.2_2065/lpcxpresso/tools/bin/../lib/gcc/arm-none-eabi/4.6.2/../../../../arm-none-eabi/lib/armv7-m\libc.a(lib_a-strncpy.o)
 .data          0x1000001c        0x0 c:/nxp/lpcxpresso_5.1.2_2065/lpcxpresso/tools/bin/../lib/gcc/arm-none-eabi/4.6.2/../../../../arm-none-eabi/lib/armv7-m\libc.a(lib_a-svfprintf.o)
 .data          0x1000001c        0x0 c:/nxp/lpcxpresso_5.1.2_2065/lpcxpresso/tools/bin/../lib/gcc/arm-none-eabi/4.6.2/../../../../arm-none-eabi/lib/armv7-m\libc.a(lib_a-vfprintf.o)
 .data          0x1000001c        0x0 c:/nxp/lpcxpresso_5.1.2_2065/lpcxpresso/tools/bin/../lib/gcc/arm-none-eabi/4.6.2/../../../../arm-none-eabi/lib/armv7-m\libc.a(lib_a-wsetup.o)
 .data          0x1000001c        0x0 c:/nxp/lpcxpresso_5.1.2_2065/lpcxpresso/tools/bin/../lib/gcc/arm-none-eabi/4.6.2/../../../../arm-none-eabi/lib/armv7-m\libc.a(lib_a-dtoa.o)
 .data          0x1000001c        0x0 c:/nxp/lpcxpresso_5.1.2_2065/lpcxpresso/tools/bin/../lib/gcc/arm-none-eabi/4.6.2/../../../../arm-none-eabi/lib/armv7-m\libc.a(lib_a-fflush.o)
 .data          0x1000001c        0x0 c:/nxp/lpcxpresso_5.1.2_2065/lpcxpresso/tools/bin/../lib/gcc/arm-none-eabi/4.6.2/../../../../arm-none-eabi/lib/armv7-m\libc.a(lib_a-findfp.o)
 .data          0x1000001c        0x0 c:/nxp/lpcxpresso_5.1.2_2065/lpcxpresso/tools/bin/../lib/gcc/arm-none-eabi/4.6.2/../../../../arm-none-eabi/lib/armv7-m\libc.a(lib_a-fwalk.o)
 .data          0x1000001c        0x0 c:/nxp/lpcxpresso_5.1.2_2065/lpcxpresso/tools/bin/../lib/gcc/arm-none-eabi/4.6.2/../../../../arm-none-eabi/lib/armv7-m\libc.a(lib_a-impure.o)
 *fill*         0x1000001c        0x4 00
 .data.impure_data
                0x10000020      0x428 c:/nxp/lpcxpresso_5.1.2_2065/lpcxpresso/tools/bin/../lib/gcc/arm-none-eabi/4.6.2/../../../../arm-none-eabi/lib/armv7-m\libc.a(lib_a-impure.o)
 .data._impure_ptr
                0x10000448        0x4 c:/nxp/lpcxpresso_5.1.2_2065/lpcxpresso/tools/bin/../lib/gcc/arm-none-eabi/4.6.2/../../../../arm-none-eabi/lib/armv7-m\libc.a(lib_a-impure.o)
                0x10000448                _impure_ptr
 .data          0x1000044c        0x0 c:/nxp/lpcxpresso_5.1.2_2065/lpcxpresso/tools/bin/../lib/gcc/arm-none-eabi/4.6.2/../../../../arm-none-eabi/lib/armv7-m\libc.a(lib_a-locale.o)
 .data.lc_message_charset
                0x1000044c       0x20 c:/nxp/lpcxpresso_5.1.2_2065/lpcxpresso/tools/bin/../lib/gcc/arm-none-eabi/4.6.2/../../../../arm-none-eabi/lib/armv7-m\libc.a(lib_a-locale.o)
 .data.lconv    0x1000046c       0x38 c:/nxp/lpcxpresso_5.1.2_2065/lpcxpresso/tools/bin/../lib/gcc/arm-none-eabi/4.6.2/../../../../arm-none-eabi/lib/armv7-m\libc.a(lib_a-locale.o)
 .data.lc_ctype_charset
                0x100004a4       0x20 c:/nxp/lpcxpresso_5.1.2_2065/lpcxpresso/tools/bin/../lib/gcc/arm-none-eabi/4.6.2/../../../../arm-none-eabi/lib/armv7-m\libc.a(lib_a-locale.o)
 .data.__mb_cur_max
                0x100004c4        0x4 c:/nxp/lpcxpresso_5.1.2_2065/lpcxpresso/tools/bin/../lib/gcc/arm-none-eabi/4.6.2/../../../../arm-none-eabi/lib/armv7-m\libc.a(lib_a-locale.o)
                0x100004c4                __mb_cur_max
 .data          0x100004c8        0x0 c:/nxp/lpcxpresso_5.1.2_2065/lpcxpresso/tools/bin/../lib/gcc/arm-none-eabi/4.6.2/../../../../arm-none-eabi/lib/armv7-m\libc.a(lib_a-makebuf.o)
 .data          0x100004c8        0x0 c:/nxp/lpcxpresso_5.1.2_2065/lpcxpresso/tools/bin/../lib/gcc/arm-none-eabi/4.6.2/../../../../arm-none-eabi/lib/armv7-m\libc.a(lib_a-memchr.o)
 .data          0x100004c8        0x0 c:/nxp/lpcxpresso_5.1.2_2065/lpcxpresso/tools/bin/../lib/gcc/arm-none-eabi/4.6.2/../../../../arm-none-eabi/lib/armv7-m\libc.a(lib_a-mprec.o)
 .data          0x100004c8        0x0 c:/nxp/lpcxpresso_5.1.2_2065/lpcxpresso/tools/bin/../lib/gcc/arm-none-eabi/4.6.2/../../../../arm-none-eabi/lib/armv7-m\libc.a(lib_a-s_fpclassify.o)
 .data          0x100004c8        0x0 c:/nxp/lpcxpresso_5.1.2_2065/lpcxpresso/tools/bin/../lib/gcc/arm-none-eabi/4.6.2/../../../../arm-none-eabi/lib/armv7-m\libc.a(lib_a-stdio.o)
 .data          0x100004c8        0x0 c:/nxp/lpcxpresso_5.1.2_2065/lpcxpresso/tools/bin/../lib/gcc/arm-none-eabi/4.6.2/../../../../arm-none-eabi/lib/armv7-m\libc.a(lib_a-strcmp.o)
 .data          0x100004c8        0x0 c:/nxp/lpcxpresso_5.1.2_2065/lpcxpresso/tools/bin/../lib/gcc/arm-none-eabi/4.6.2/../../../../arm-none-eabi/lib/armv7-m\libc.a(lib_a-svfiprintf.o)
 .data          0x100004c8        0x0 c:/nxp/lpcxpresso_5.1.2_2065/lpcxpresso/tools/bin/../lib/gcc/arm-none-eabi/4.6.2/../../../../arm-none-eabi/lib/armv7-m\libc.a(lib_a-vfiprintf.o)
 .data          0x100004c8        0x0 c:/nxp/lpcxpresso_5.1.2_2065/lpcxpresso/tools/bin/../lib/gcc/arm-none-eabi/4.6.2/../../../../arm-none-eabi/lib/armv7-m\libc.a(lib_a-writer.o)
 .data          0x100004c8        0x0 c:/nxp/lpcxpresso_5.1.2_2065/lpcxpresso/tools/bin/../lib/gcc/arm-none-eabi/4.6.2/../../../../arm-none-eabi/lib/armv7-m\libc.a(lib_a-closer.o)
 .data          0x100004c8        0x0 c:/nxp/lpcxpresso_5.1.2_2065/lpcxpresso/tools/bin/../lib/gcc/arm-none-eabi/4.6.2/../../../../arm-none-eabi/lib/armv7-m\libc.a(lib_a-fclose.o)
 .data          0x100004c8        0x0 c:/nxp/lpcxpresso_5.1.2_2065/lpcxpresso/tools/bin/../lib/gcc/arm-none-eabi/4.6.2/../../../../arm-none-eabi/lib/armv7-m\libc.a(lib_a-fputwc.o)
 .data          0x100004c8        0x0 c:/nxp/lpcxpresso_5.1.2_2065/lpcxpresso/tools/bin/../lib/gcc/arm-none-eabi/4.6.2/../../../../arm-none-eabi/lib/armv7-m\libc.a(lib_a-fstatr.o)
 .data          0x100004c8        0x0 c:/nxp/lpcxpresso_5.1.2_2065/lpcxpresso/tools/bin/../lib/gcc/arm-none-eabi/4.6.2/../../../../arm-none-eabi/lib/armv7-m\libc.a(lib_a-fvwrite.o)
 .data          0x100004c8        0x0 c:/nxp/lpcxpresso_5.1.2_2065/lpcxpresso/tools/bin/../lib/gcc/arm-none-eabi/4.6.2/../../../../arm-none-eabi/lib/armv7-m\libc.a(lib_a-isattyr.o)
 .data          0x100004c8        0x0 c:/nxp/lpcxpresso_5.1.2_2065/lpcxpresso/tools/bin/../lib/gcc/arm-none-eabi/4.6.2/../../../../arm-none-eabi/lib/armv7-m\libc.a(lib_a-lseekr.o)
 .data          0x100004c8        0x0 c:/nxp/lpcxpresso_5.1.2_2065/lpcxpresso/tools/bin/../lib/gcc/arm-none-eabi/4.6.2/../../../../arm-none-eabi/lib/armv7-m\libc.a(lib_a-memmove.o)
 .data          0x100004c8        0x0 c:/nxp/lpcxpresso_5.1.2_2065/lpcxpresso/tools/bin/../lib/gcc/arm-none-eabi/4.6.2/../../../../arm-none-eabi/lib/armv7-m\libc.a(lib_a-readr.o)
 .data          0x100004c8        0x0 c:/nxp/lpcxpresso_5.1.2_2065/lpcxpresso/tools/bin/../lib/gcc/arm-none-eabi/4.6.2/../../../../arm-none-eabi/lib/armv7-m\libc.a(lib_a-reent.o)
 .data          0x100004c8        0x0 c:/nxp/lpcxpresso_5.1.2_2065/lpcxpresso/tools/bin/../lib/gcc/arm-none-eabi/4.6.2/../../../../arm-none-eabi/lib/armv7-m\libc.a(lib_a-wbuf.o)
 .data          0x100004c8        0x0 c:/nxp/lpcxpresso_5.1.2_2065/lpcxpresso/tools/bin/../lib/gcc/arm-none-eabi/4.6.2/../../../../arm-none-eabi/lib/armv7-m\libc.a(lib_a-wcrtomb.o)
 .data          0x100004c8        0x0 c:/nxp/lpcxpresso_5.1.2_2065/lpcxpresso/tools/bin/../lib/gcc/arm-none-eabi/4.6.2/../../../../arm-none-eabi/lib/armv7-m\libc.a(lib_a-wctomb_r.o)
 .data.__wctomb
                0x100004c8        0x4 c:/nxp/lpcxpresso_5.1.2_2065/lpcxpresso/tools/bin/../lib/gcc/arm-none-eabi/4.6.2/../../../../arm-none-eabi/lib/armv7-m\libc.a(lib_a-wctomb_r.o)
                0x100004c8                __wctomb
 .data          0x100004cc        0x0 c:/nxp/lpcxpresso_5.1.2_2065/lpcxpresso/tools/bin/../lib/gcc/arm-none-eabi/4.6.2/../../../../arm-none-eabi/lib/armv7-m\libcr_newlib_semihost.a(syscalls.o)
 .data          0x100004cc        0x0 c:/nxp/lpcxpresso_5.1.2_2065/lpcxpresso/tools/bin/../lib/gcc/arm-none-eabi/4.6.2/armv7-m\libgcc.a(_arm_addsubdf3.o)
 .data          0x100004cc        0x0 c:/nxp/lpcxpresso_5.1.2_2065/lpcxpresso/tools/bin/../lib/gcc/arm-none-eabi/4.6.2/armv7-m\libgcc.a(_arm_muldivdf3.o)
 .data          0x100004cc        0x0 c:/nxp/lpcxpresso_5.1.2_2065/lpcxpresso/tools/bin/../lib/gcc/arm-none-eabi/4.6.2/armv7-m\libgcc.a(_arm_cmpdf2.o)
 .data          0x100004cc        0x0 c:/nxp/lpcxpresso_5.1.2_2065/lpcxpresso/tools/bin/../lib/gcc/arm-none-eabi/4.6.2/armv7-m\libgcc.a(_arm_fixdfsi.o)
 .data          0x100004cc        0x0 c:/nxp/lpcxpresso_5.1.2_2065/lpcxpresso/tools/bin/../lib/gcc/arm-none-eabi/4.6.2/armv7-m\libgcc.a(_aeabi_uldivmod.o)
 .data          0x100004cc        0x0 c:/nxp/lpcxpresso_5.1.2_2065/lpcxpresso/tools/bin/../lib/gcc/arm-none-eabi/4.6.2/armv7-m\libgcc.a(bpabi.o)
 .data          0x100004cc        0x0 c:/nxp/lpcxpresso_5.1.2_2065/lpcxpresso/tools/bin/../lib/gcc/arm-none-eabi/4.6.2/armv7-m\libgcc.a(_dvmd_tls.o)
 .data          0x100004cc        0x0 c:/nxp/lpcxpresso_5.1.2_2065/lpcxpresso/tools/bin/../lib/gcc/arm-none-eabi/4.6.2/armv7-m\libgcc.a(_divdi3.o)
 .data          0x100004cc        0x0 c:/nxp/lpcxpresso_5.1.2_2065/lpcxpresso/tools/bin/../lib/gcc/arm-none-eabi/4.6.2/armv7-m\libgcc.a(_udivdi3.o)
 .data          0x100004cc        0x0 c:/nxp/lpcxpresso_5.1.2_2065/lpcxpresso/tools/bin/../lib/gcc/arm-none-eabi/4.6.2/../../../../arm-none-eabi/lib/armv7-m\libc.a(lib_a-errno.o)
                0x100004cc                . = ALIGN (0x4)
                0x100004cc                _edata = .

.bss_RAM2       0x2007c000        0x0
 *(.bss.$RAM2*)
 *(.bss.$RamAHB32*)
                0x2007c000                . = ALIGN (0x4)

.bss            0x100004d0     0x4f3c
                0x100004d0                _bss = .
 *(.bss*)
 .bss           0x100004d0        0x0 ./src/uart/uart.o
 .bss.UART0Count
                0x100004d0        0x4 ./src/uart/uart.o
                0x100004d0                UART0Count
 .bss.UART1Count
                0x100004d4        0x4 ./src/uart/uart.o
                0x100004d4                UART1Count
 .bss           0x100004d8        0x0 ./src/pwm/pwm.o
 .bss           0x100004d8        0x0 ./src/ledonboard/leds.o
 .bss           0x100004d8        0x0 ./src/console/alloc.o
 .bss           0x100004d8        0x0 ./src/console/basic_io.o
 .bss.cBuffer   0x100004d8       0x34 ./src/console/basic_io.o
 .bss           0x1000050c        0x0 ./src/console/consoleprint.o
 .bss           0x1000050c        0x0 ./src/cr_startup_lpc17.o
 .bss           0x1000050c        0x0 ./src/main.o
 .bss           0x1000050c        0x0 ./FreeRTOS_src/croutine.o
 .bss.pxReadyCoRoutineLists
                0x1000050c       0x28 ./FreeRTOS_src/croutine.o
 .bss.xDelayedCoRoutineList1
                0x10000534       0x14 ./FreeRTOS_src/croutine.o
 .bss.xDelayedCoRoutineList2
                0x10000548       0x14 ./FreeRTOS_src/croutine.o
 .bss.pxDelayedCoRoutineList
                0x1000055c        0x4 ./FreeRTOS_src/croutine.o
 .bss.pxOverflowDelayedCoRoutineList
                0x10000560        0x4 ./FreeRTOS_src/croutine.o
 .bss.xPendingReadyCoRoutineList
                0x10000564       0x14 ./FreeRTOS_src/croutine.o
 .bss.pxCurrentCoRoutine
                0x10000578        0x4 ./FreeRTOS_src/croutine.o
                0x10000578                pxCurrentCoRoutine
 .bss.uxTopCoRoutineReadyPriority
                0x1000057c        0x4 ./FreeRTOS_src/croutine.o
 .bss.xCoRoutineTickCount
                0x10000580        0x4 ./FreeRTOS_src/croutine.o
 .bss.xLastTickCount
                0x10000584        0x4 ./FreeRTOS_src/croutine.o
 .bss.xPassedTicks
                0x10000588        0x4 ./FreeRTOS_src/croutine.o
 .bss           0x1000058c        0x0 ./FreeRTOS_src/list.o
 .bss           0x1000058c        0x0 ./FreeRTOS_src/queue.o
 .bss           0x1000058c        0x0 ./FreeRTOS_src/tasks.o
 .bss.pxCurrentTCB
                0x1000058c        0x4 ./FreeRTOS_src/tasks.o
                0x1000058c                pxCurrentTCB
 .bss.pxReadyTasksLists
                0x10000590       0x64 ./FreeRTOS_src/tasks.o
 .bss.xDelayedTaskList1
                0x100005f4       0x14 ./FreeRTOS_src/tasks.o
 .bss.xDelayedTaskList2
                0x10000608       0x14 ./FreeRTOS_src/tasks.o
 .bss.pxDelayedTaskList
                0x1000061c        0x4 ./FreeRTOS_src/tasks.o
 .bss.pxOverflowDelayedTaskList
                0x10000620        0x4 ./FreeRTOS_src/tasks.o
 .bss.xPendingReadyList
                0x10000624       0x14 ./FreeRTOS_src/tasks.o
 .bss.xTasksWaitingTermination
                0x10000638       0x14 ./FreeRTOS_src/tasks.o
 .bss.uxTasksDeleted
                0x1000064c        0x4 ./FreeRTOS_src/tasks.o
 .bss.xSuspendedTaskList
                0x10000650       0x14 ./FreeRTOS_src/tasks.o
 .bss.uxCurrentNumberOfTasks
                0x10000664        0x4 ./FreeRTOS_src/tasks.o
 .bss.xTickCount
                0x10000668        0x4 ./FreeRTOS_src/tasks.o
 .bss.uxTopUsedPriority
                0x1000066c        0x4 ./FreeRTOS_src/tasks.o
 .bss.uxTopReadyPriority
                0x10000670        0x4 ./FreeRTOS_src/tasks.o
 .bss.xSchedulerRunning
                0x10000674        0x4 ./FreeRTOS_src/tasks.o
 .bss.uxSchedulerSuspended
                0x10000678        0x4 ./FreeRTOS_src/tasks.o
 .bss.uxMissedTicks
                0x1000067c        0x4 ./FreeRTOS_src/tasks.o
 .bss.xMissedYield
                0x10000680        0x4 ./FreeRTOS_src/tasks.o
 .bss.xNumOfOverflows
                0x10000684        0x4 ./FreeRTOS_src/tasks.o
 .bss.uxTaskNumber
                0x10000688        0x4 ./FreeRTOS_src/tasks.o
 .bss.pcTraceBuffer
                0x1000068c        0x4 ./FreeRTOS_src/tasks.o
 .bss.pcTraceBufferStart
                0x10000690        0x4 ./FreeRTOS_src/tasks.o
 .bss.pcTraceBufferEnd
                0x10000694        0x4 ./FreeRTOS_src/tasks.o
 .bss.xTracing  0x10000698        0x4 ./FreeRTOS_src/tasks.o
 .bss.pcStatusString
                0x1000069c       0x34 ./FreeRTOS_src/tasks.o
 .bss           0x100006d0        0x0 ./FreeRTOS_src/timers.o
 .bss           0x100006d0        0x0 ./FreeRTOS_portable/MemMang/heap_2.o
 .bss.xHeap     0x100006d0     0x4c00 ./FreeRTOS_portable/MemMang/heap_2.o
 .bss.xStart    0x100052d0        0x8 ./FreeRTOS_portable/MemMang/heap_2.o
 .bss.xEnd      0x100052d8        0x8 ./FreeRTOS_portable/MemMang/heap_2.o
 .bss.xHeapHasBeenInitialised.4238
                0x100052e0        0x4 ./FreeRTOS_portable/MemMang/heap_2.o
 .bss           0x100052e4        0x0 ./FreeRTOS_portable/port.o
 .bss           0x100052e4        0x0 ../Libraries\libCMSISv2_LPC17xx.a(system_LPC17xx.o)
 .bss           0x100052e4        0x0 c:/nxp/lpcxpresso_5.1.2_2065/lpcxpresso/tools/bin/../lib/gcc/arm-none-eabi/4.6.2/../../../../arm-none-eabi/lib/armv7-m\libc.a(lib_a-memcpy.o)
 .bss           0x100052e4        0x0 c:/nxp/lpcxpresso_5.1.2_2065/lpcxpresso/tools/bin/../lib/gcc/arm-none-eabi/4.6.2/../../../../arm-none-eabi/lib/armv7-m\libc.a(lib_a-memset.o)
 .bss           0x100052e4        0x0 c:/nxp/lpcxpresso_5.1.2_2065/lpcxpresso/tools/bin/../lib/gcc/arm-none-eabi/4.6.2/../../../../arm-none-eabi/lib/armv7-m\libc.a(lib_a-printf.o)
 .bss           0x100052e4        0x0 c:/nxp/lpcxpresso_5.1.2_2065/lpcxpresso/tools/bin/../lib/gcc/arm-none-eabi/4.6.2/../../../../arm-none-eabi/lib/armv7-m\libc.a(lib_a-sprintf.o)
 .bss           0x100052e4        0x0 c:/nxp/lpcxpresso_5.1.2_2065/lpcxpresso/tools/bin/../lib/gcc/arm-none-eabi/4.6.2/../../../../arm-none-eabi/lib/armv7-m\libc.a(lib_a-strcat.o)
 .bss           0x100052e4        0x0 c:/nxp/lpcxpresso_5.1.2_2065/lpcxpresso/tools/bin/../lib/gcc/arm-none-eabi/4.6.2/../../../../arm-none-eabi/lib/armv7-m\libc.a(lib_a-strcpy.o)
 .bss           0x100052e4        0x0 c:/nxp/lpcxpresso_5.1.2_2065/lpcxpresso/tools/bin/../lib/gcc/arm-none-eabi/4.6.2/../../../../arm-none-eabi/lib/armv7-m\libc.a(lib_a-strlen.o)
 .bss           0x100052e4        0x0 c:/nxp/lpcxpresso_5.1.2_2065/lpcxpresso/tools/bin/../lib/gcc/arm-none-eabi/4.6.2/../../../../arm-none-eabi/lib/armv7-m\libc.a(lib_a-strncpy.o)
 .bss           0x100052e4        0x0 c:/nxp/lpcxpresso_5.1.2_2065/lpcxpresso/tools/bin/../lib/gcc/arm-none-eabi/4.6.2/../../../../arm-none-eabi/lib/armv7-m\libc.a(lib_a-svfprintf.o)
 .bss           0x100052e4        0x0 c:/nxp/lpcxpresso_5.1.2_2065/lpcxpresso/tools/bin/../lib/gcc/arm-none-eabi/4.6.2/../../../../arm-none-eabi/lib/armv7-m\libc.a(lib_a-vfprintf.o)
 .bss           0x100052e4        0x0 c:/nxp/lpcxpresso_5.1.2_2065/lpcxpresso/tools/bin/../lib/gcc/arm-none-eabi/4.6.2/../../../../arm-none-eabi/lib/armv7-m\libc.a(lib_a-wsetup.o)
 .bss           0x100052e4        0x0 c:/nxp/lpcxpresso_5.1.2_2065/lpcxpresso/tools/bin/../lib/gcc/arm-none-eabi/4.6.2/../../../../arm-none-eabi/lib/armv7-m\libc.a(lib_a-dtoa.o)
 .bss           0x100052e4        0x0 c:/nxp/lpcxpresso_5.1.2_2065/lpcxpresso/tools/bin/../lib/gcc/arm-none-eabi/4.6.2/../../../../arm-none-eabi/lib/armv7-m\libc.a(lib_a-fflush.o)
 .bss           0x100052e4        0x0 c:/nxp/lpcxpresso_5.1.2_2065/lpcxpresso/tools/bin/../lib/gcc/arm-none-eabi/4.6.2/../../../../arm-none-eabi/lib/armv7-m\libc.a(lib_a-findfp.o)
 .bss           0x100052e4        0x0 c:/nxp/lpcxpresso_5.1.2_2065/lpcxpresso/tools/bin/../lib/gcc/arm-none-eabi/4.6.2/../../../../arm-none-eabi/lib/armv7-m\libc.a(lib_a-fwalk.o)
 .bss           0x100052e4        0x0 c:/nxp/lpcxpresso_5.1.2_2065/lpcxpresso/tools/bin/../lib/gcc/arm-none-eabi/4.6.2/../../../../arm-none-eabi/lib/armv7-m\libc.a(lib_a-impure.o)
 .bss           0x100052e4        0x0 c:/nxp/lpcxpresso_5.1.2_2065/lpcxpresso/tools/bin/../lib/gcc/arm-none-eabi/4.6.2/../../../../arm-none-eabi/lib/armv7-m\libc.a(lib_a-locale.o)
 .bss._PathLocale
                0x100052e4        0x4 c:/nxp/lpcxpresso_5.1.2_2065/lpcxpresso/tools/bin/../lib/gcc/arm-none-eabi/4.6.2/../../../../arm-none-eabi/lib/armv7-m\libc.a(lib_a-locale.o)
                0x100052e4                _PathLocale
 .bss.__nlocale_changed
                0x100052e8        0x4 c:/nxp/lpcxpresso_5.1.2_2065/lpcxpresso/tools/bin/../lib/gcc/arm-none-eabi/4.6.2/../../../../arm-none-eabi/lib/armv7-m\libc.a(lib_a-locale.o)
                0x100052e8                __nlocale_changed
 .bss.__mlocale_changed
                0x100052ec        0x4 c:/nxp/lpcxpresso_5.1.2_2065/lpcxpresso/tools/bin/../lib/gcc/arm-none-eabi/4.6.2/../../../../arm-none-eabi/lib/armv7-m\libc.a(lib_a-locale.o)
                0x100052ec                __mlocale_changed
 .bss           0x100052f0        0x0 c:/nxp/lpcxpresso_5.1.2_2065/lpcxpresso/tools/bin/../lib/gcc/arm-none-eabi/4.6.2/../../../../arm-none-eabi/lib/armv7-m\libc.a(lib_a-makebuf.o)
 .bss           0x100052f0        0x0 c:/nxp/lpcxpresso_5.1.2_2065/lpcxpresso/tools/bin/../lib/gcc/arm-none-eabi/4.6.2/../../../../arm-none-eabi/lib/armv7-m\libc.a(lib_a-memchr.o)
 .bss           0x100052f0        0x0 c:/nxp/lpcxpresso_5.1.2_2065/lpcxpresso/tools/bin/../lib/gcc/arm-none-eabi/4.6.2/../../../../arm-none-eabi/lib/armv7-m\libc.a(lib_a-mprec.o)
 .bss           0x100052f0        0x0 c:/nxp/lpcxpresso_5.1.2_2065/lpcxpresso/tools/bin/../lib/gcc/arm-none-eabi/4.6.2/../../../../arm-none-eabi/lib/armv7-m\libc.a(lib_a-s_fpclassify.o)
 .bss           0x100052f0        0x0 c:/nxp/lpcxpresso_5.1.2_2065/lpcxpresso/tools/bin/../lib/gcc/arm-none-eabi/4.6.2/../../../../arm-none-eabi/lib/armv7-m\libc.a(lib_a-stdio.o)
 .bss           0x100052f0        0x0 c:/nxp/lpcxpresso_5.1.2_2065/lpcxpresso/tools/bin/../lib/gcc/arm-none-eabi/4.6.2/../../../../arm-none-eabi/lib/armv7-m\libc.a(lib_a-strcmp.o)
 .bss           0x100052f0        0x0 c:/nxp/lpcxpresso_5.1.2_2065/lpcxpresso/tools/bin/../lib/gcc/arm-none-eabi/4.6.2/../../../../arm-none-eabi/lib/armv7-m\libc.a(lib_a-svfiprintf.o)
 .bss           0x100052f0        0x0 c:/nxp/lpcxpresso_5.1.2_2065/lpcxpresso/tools/bin/../lib/gcc/arm-none-eabi/4.6.2/../../../../arm-none-eabi/lib/armv7-m\libc.a(lib_a-vfiprintf.o)
 .bss           0x100052f0        0x0 c:/nxp/lpcxpresso_5.1.2_2065/lpcxpresso/tools/bin/../lib/gcc/arm-none-eabi/4.6.2/../../../../arm-none-eabi/lib/armv7-m\libc.a(lib_a-writer.o)
 .bss           0x100052f0        0x0 c:/nxp/lpcxpresso_5.1.2_2065/lpcxpresso/tools/bin/../lib/gcc/arm-none-eabi/4.6.2/../../../../arm-none-eabi/lib/armv7-m\libc.a(lib_a-closer.o)
 .bss           0x100052f0        0x0 c:/nxp/lpcxpresso_5.1.2_2065/lpcxpresso/tools/bin/../lib/gcc/arm-none-eabi/4.6.2/../../../../arm-none-eabi/lib/armv7-m\libc.a(lib_a-fclose.o)
 .bss           0x100052f0        0x0 c:/nxp/lpcxpresso_5.1.2_2065/lpcxpresso/tools/bin/../lib/gcc/arm-none-eabi/4.6.2/../../../../arm-none-eabi/lib/armv7-m\libc.a(lib_a-fputwc.o)
 .bss           0x100052f0        0x0 c:/nxp/lpcxpresso_5.1.2_2065/lpcxpresso/tools/bin/../lib/gcc/arm-none-eabi/4.6.2/../../../../arm-none-eabi/lib/armv7-m\libc.a(lib_a-fstatr.o)